市场为 NASDAQ，实际加载股票数量更新为: 561
总交易天数: 1148
根据 60%/20%/_ 分割比例 (已调整为满足最小数据集要求):
训练集天数 (0-indexed, up to valid_index-1): 688 (实际比例: 59.9%)
验证集天数 (valid_index to test_index-1): 230 (实际比例: 20.0%)
测试集天数 (test_index to end): 230 (实际比例: 20.0%)
验证集起始索引 (valid_index): 688
测试集起始索引 (test_index): 918
✅ 数据集分割检查通过
✅ EOD数据已使用训练集的均值和标准差进行标准化
C:\ProgramData\anaconda3\envs\mypytorch\lib\site-packages\torch\optim\lr_scheduler.py:62: UserWarning: The verbose parameter is deprecated. Please use get_last_lr() to access the learning rate.
  warnings.warn(
epoch1##########################################################
Train : loss:1.46e-01  =  1.45e-01 + alpha*3.51e-03
train.py:205: DeprecationWarning: __array__ implementation doesn't accept a copy keyword, so passing copy=False failed. __array__ must implement 'dtype' and 'copy' keyword arguments.
  cur_valid_pred[:, cur_offset - (start_index - lookback_length - steps + 1)] = cur_rr[:, 0].cpu()
train.py:206: DeprecationWarning: __array__ implementation doesn't accept a copy keyword, so passing copy=False failed. __array__ must implement 'dtype' and 'copy' keyword arguments.
  cur_valid_gt[:, cur_offset - (start_index - lookback_length - steps + 1)] = gt_batch[:, 0].cpu()
train.py:207: DeprecationWarning: __array__ implementation doesn't accept a copy keyword, so passing copy=False failed. __array__ must implement 'dtype' and 'copy' keyword arguments.
  cur_valid_mask[:, cur_offset - (start_index - lookback_length - steps + 1)] = mask_batch[:, 0].cpu()
Valid : loss:3.64e-01  =  3.61e-01 + alpha*6.19e-03
Test: loss:1.28e+00  =  1.27e+00 + alpha*1.10e-02
Valid performance:
 mse:3.61e-01, IC:-1.20e-02, RIC:-9.62e-02, prec@10:6.65e-01, SR:1.79e-01
Test performance:
 mse:1.27e+00, IC:-2.64e-03, RIC:-2.43e-02, prec@10:5.77e-01, SR:-3.68e-01 


epoch2##########################################################
Train : loss:3.33e-02  =  3.23e-02 + alpha*1.97e-03
Valid : loss:5.25e-02  =  5.13e-02 + alpha*2.53e-03
Test: loss:2.38e-01  =  2.35e-01 + alpha*4.84e-03
Valid performance:
 mse:5.13e-02, IC:-1.21e-03, RIC:-1.16e-02, prec@10:5.78e-01, SR:6.18e-01
Test performance:
 mse:2.35e-01, IC:3.03e-03, RIC:2.93e-02, prec@10:5.50e-01, SR:1.47e+00 


epoch3##########################################################
Train : loss:2.23e-02  =  2.15e-02 + alpha*1.66e-03
Valid : loss:5.65e-02  =  5.53e-02 + alpha*2.29e-03
Test: loss:5.34e-02  =  5.22e-02 + alpha*2.50e-03
Valid performance:
 mse:5.53e-02, IC:1.74e-02, RIC:1.66e-01, prec@10:4.96e-01, SR:3.54e+00
Test performance:
 mse:5.22e-02, IC:8.64e-03, RIC:9.78e-02, prec@10:4.89e-01, SR:1.54e+00 


epoch4##########################################################
Train : loss:1.54e-02  =  1.47e-02 + alpha*1.33e-03
Valid : loss:3.07e-02  =  2.98e-02 + alpha*1.82e-03
Test: loss:3.56e-02  =  3.45e-02 + alpha*2.18e-03
Valid performance:
 mse:2.98e-02, IC:1.29e-02, RIC:1.32e-01, prec@10:5.24e-01, SR:2.81e+00
Test performance:
 mse:3.45e-02, IC:5.96e-04, RIC:6.20e-03, prec@10:4.91e-01, SR:1.64e+00 


epoch5##########################################################
Train : loss:1.32e-02  =  1.26e-02 + alpha*1.21e-03
Valid : loss:1.87e-02  =  1.80e-02 + alpha*1.59e-03
Test: loss:6.72e-02  =  6.59e-02 + alpha*2.66e-03
Valid performance:
 mse:1.80e-02, IC:-4.41e-03, RIC:-4.34e-02, prec@10:6.73e-01, SR:5.09e-01
Test performance:
 mse:6.59e-02, IC:5.75e-03, RIC:5.64e-02, prec@10:5.85e-01, SR:1.85e+00 


epoch6##########################################################
Train : loss:1.11e-02  =  1.05e-02 + alpha*1.19e-03
Valid : loss:1.28e-02  =  1.22e-02 + alpha*1.32e-03
Test: loss:6.17e-02  =  6.04e-02 + alpha*2.54e-03
Valid performance:
 mse:1.22e-02, IC:-2.45e-03, RIC:-2.37e-02, prec@10:6.48e-01, SR:1.51e+00
Test performance:
 mse:6.04e-02, IC:3.93e-03, RIC:3.69e-02, prec@10:6.02e-01, SR:2.08e+00 


epoch7##########################################################
Train : loss:1.00e-02  =  9.46e-03 + alpha*1.09e-03
Valid : loss:1.82e-02  =  1.75e-02 + alpha*1.42e-03
Test: loss:2.07e-02  =  1.99e-02 + alpha*1.65e-03
Valid performance:
 mse:1.75e-02, IC:1.26e-02, RIC:1.09e-01, prec@10:5.31e-01, SR:2.04e+00
Test performance:
 mse:1.99e-02, IC:4.39e-03, RIC:4.16e-02, prec@10:4.97e-01, SR:1.74e+00 


epoch8##########################################################
Train : loss:8.94e-03  =  8.45e-03 + alpha*9.82e-04
Valid : loss:5.78e-02  =  5.66e-02 + alpha*2.48e-03
Test: loss:1.76e-01  =  1.74e-01 + alpha*4.22e-03
Valid performance:
 mse:5.66e-02, IC:-1.16e-02, RIC:-9.45e-02, prec@10:7.95e-01, SR:3.86e-01
Test performance:
 mse:1.74e-01, IC:-8.30e-05, RIC:-7.56e-04, prec@10:6.20e-01, SR:1.59e+00 


epoch9##########################################################
Train : loss:7.56e-03  =  7.10e-03 + alpha*9.25e-04
Valid : loss:9.89e-03  =  9.34e-03 + alpha*1.09e-03
Test: loss:2.17e-02  =  2.10e-02 + alpha*1.58e-03
Valid performance:
 mse:9.34e-03, IC:1.38e-02, RIC:1.32e-01, prec@10:5.43e-01, SR:8.24e-01
Test performance:
 mse:2.10e-02, IC:7.67e-03, RIC:7.53e-02, prec@10:5.31e-01, SR:2.19e+00 


epoch10##########################################################
Train : loss:6.34e-03  =  5.92e-03 + alpha*8.32e-04
Valid : loss:2.27e-02  =  2.19e-02 + alpha*1.49e-03
Test: loss:1.50e-02  =  1.43e-02 + alpha*1.38e-03
Valid performance:
 mse:2.19e-02, IC:1.72e-02, RIC:1.50e-01, prec@10:4.89e-01, SR:2.45e+00
Test performance:
 mse:1.43e-02, IC:8.61e-03, RIC:8.65e-02, prec@10:4.90e-01, SR:1.65e+00 


epoch11##########################################################
Train : loss:6.47e-03  =  6.03e-03 + alpha*8.84e-04
Valid : loss:1.21e-02  =  1.15e-02 + alpha*1.17e-03
Test: loss:1.47e-02  =  1.40e-02 + alpha*1.37e-03
Valid performance:
 mse:1.15e-02, IC:1.54e-02, RIC:1.25e-01, prec@10:5.02e-01, SR:1.66e+00
Test performance:
 mse:1.40e-02, IC:6.80e-03, RIC:6.42e-02, prec@10:5.10e-01, SR:1.92e+00 


epoch12##########################################################
Train : loss:5.99e-03  =  5.58e-03 + alpha*8.21e-04
Valid : loss:6.49e-03  =  6.03e-03 + alpha*9.38e-04
Test: loss:2.97e-02  =  2.89e-02 + alpha*1.73e-03
Valid performance:
 mse:6.03e-03, IC:6.99e-03, RIC:6.62e-02, prec@10:5.70e-01, SR:1.13e+00
Test performance:
 mse:2.89e-02, IC:5.22e-03, RIC:4.71e-02, prec@10:5.36e-01, SR:1.90e+00 


epoch13##########################################################
Train : loss:5.85e-03  =  5.44e-03 + alpha*8.34e-04
Valid : loss:1.24e-02  =  1.19e-02 + alpha*1.14e-03
Test: loss:1.50e-02  =  1.44e-02 + alpha*1.32e-03
Valid performance:
 mse:1.19e-02, IC:1.96e-02, RIC:1.67e-01, prec@10:4.87e-01, SR:1.54e+00
Test performance:
 mse:1.44e-02, IC:1.65e-03, RIC:1.67e-02, prec@10:4.97e-01, SR:1.48e+00 


epoch14##########################################################
Train : loss:5.73e-03  =  5.33e-03 + alpha*7.88e-04
Valid : loss:1.15e-02  =  1.09e-02 + alpha*1.10e-03
Test: loss:1.39e-02  =  1.32e-02 + alpha*1.30e-03
Valid performance:
 mse:1.09e-02, IC:1.68e-02, RIC:1.50e-01, prec@10:4.97e-01, SR:2.13e+00
Test performance:
 mse:1.32e-02, IC:2.57e-03, RIC:2.47e-02, prec@10:4.94e-01, SR:1.89e+00 


epoch15##########################################################
Train : loss:5.45e-03  =  5.08e-03 + alpha*7.54e-04
Valid : loss:1.00e-02  =  9.48e-03 + alpha*1.12e-03
Test: loss:4.80e-02  =  4.69e-02 + alpha*2.22e-03
Valid performance:
 mse:9.48e-03, IC:-6.54e-03, RIC:-5.71e-02, prec@10:6.01e-01, SR:8.31e-01
Test performance:
 mse:4.69e-02, IC:1.89e-03, RIC:1.75e-02, prec@10:5.43e-01, SR:1.99e+00 


epoch16##########################################################
Train : loss:5.40e-03  =  5.02e-03 + alpha*7.59e-04
Valid : loss:7.25e-03  =  6.76e-03 + alpha*9.77e-04
Test: loss:4.42e-02  =  4.31e-02 + alpha*2.13e-03
Valid performance:
 mse:6.76e-03, IC:1.41e-03, RIC:1.33e-02, prec@10:5.69e-01, SR:1.47e+00
Test performance:
 mse:4.31e-02, IC:3.76e-03, RIC:3.47e-02, prec@10:5.38e-01, SR:1.77e+00 


epoch17##########################################################
Train : loss:5.08e-03  =  4.71e-03 + alpha*7.43e-04
Valid : loss:7.44e-03  =  6.98e-03 + alpha*9.18e-04
Test: loss:1.73e-02  =  1.66e-02 + alpha*1.37e-03
Valid performance:
 mse:6.98e-03, IC:1.15e-02, RIC:1.09e-01, prec@10:5.03e-01, SR:1.24e+00
Test performance:
 mse:1.66e-02, IC:6.48e-03, RIC:5.75e-02, prec@10:5.10e-01, SR:2.00e+00 


epoch18##########################################################
Train : loss:4.40e-03  =  4.03e-03 + alpha*7.21e-04
Valid : loss:6.02e-03  =  5.59e-03 + alpha*8.53e-04
Test: loss:2.24e-02  =  2.16e-02 + alpha*1.53e-03
Valid performance:
 mse:5.59e-03, IC:1.35e-02, RIC:1.39e-01, prec@10:5.16e-01, SR:1.90e+00
Test performance:
 mse:2.16e-02, IC:5.65e-03, RIC:5.24e-02, prec@10:5.20e-01, SR:2.17e+00 


epoch19##########################################################
Train : loss:4.76e-03  =  4.41e-03 + alpha*7.02e-04
Valid : loss:7.13e-03  =  6.68e-03 + alpha*9.01e-04
Test: loss:1.48e-02  =  1.41e-02 + alpha*1.30e-03
Valid performance:
 mse:6.68e-03, IC:7.95e-03, RIC:7.68e-02, prec@10:4.93e-01, SR:1.04e+00
Test performance:
 mse:1.41e-02, IC:8.62e-03, RIC:8.07e-02, prec@10:5.16e-01, SR:2.15e+00 


epoch20##########################################################
Train : loss:4.56e-03  =  4.21e-03 + alpha*6.89e-04
Valid : loss:5.70e-03  =  5.28e-03 + alpha*8.41e-04
Test: loss:2.81e-02  =  2.72e-02 + alpha*1.71e-03
Valid performance:
 mse:5.28e-03, IC:1.10e-02, RIC:1.13e-01, prec@10:5.40e-01, SR:1.35e+00
Test performance:
 mse:2.72e-02, IC:3.62e-03, RIC:3.36e-02, prec@10:5.32e-01, SR:2.23e+00 


epoch21##########################################################
Train : loss:4.51e-03  =  4.17e-03 + alpha*6.87e-04
Valid : loss:1.29e-02  =  1.23e-02 + alpha*1.12e-03
Test: loss:9.37e-03  =  8.82e-03 + alpha*1.10e-03
Valid performance:
 mse:1.23e-02, IC:1.90e-02, RIC:1.62e-01, prec@10:5.06e-01, SR:2.48e+00
Test performance:
 mse:8.82e-03, IC:1.12e-02, RIC:1.07e-01, prec@10:4.84e-01, SR:1.97e+00 


epoch22##########################################################
Train : loss:4.65e-03  =  4.31e-03 + alpha*6.87e-04
Valid : loss:5.73e-03  =  5.32e-03 + alpha*8.34e-04
Test: loss:1.61e-02  =  1.54e-02 + alpha*1.29e-03
Valid performance:
 mse:5.32e-03, IC:7.46e-03, RIC:6.84e-02, prec@10:5.06e-01, SR:1.07e+00
Test performance:
 mse:1.54e-02, IC:3.71e-03, RIC:3.44e-02, prec@10:4.97e-01, SR:1.57e+00 


epoch23##########################################################
Train : loss:4.35e-03  =  4.02e-03 + alpha*6.68e-04
Valid : loss:6.12e-03  =  5.70e-03 + alpha*8.40e-04
Test: loss:1.12e-02  =  1.06e-02 + alpha*1.13e-03
Valid performance:
 mse:5.70e-03, IC:1.02e-02, RIC:1.00e-01, prec@10:4.87e-01, SR:2.17e-01
Test performance:
 mse:1.06e-02, IC:7.59e-03, RIC:7.39e-02, prec@10:5.00e-01, SR:1.83e+00 


epoch24##########################################################
Train : loss:4.23e-03  =  3.90e-03 + alpha*6.64e-04
Valid : loss:9.17e-03  =  8.67e-03 + alpha*1.01e-03
Test: loss:8.82e-03  =  8.29e-03 + alpha*1.07e-03
Valid performance:
 mse:8.67e-03, IC:1.38e-02, RIC:1.18e-01, prec@10:4.95e-01, SR:1.81e+00
Test performance:
 mse:8.29e-03, IC:8.53e-03, RIC:8.26e-02, prec@10:4.91e-01, SR:1.48e+00 


epoch25##########################################################
Train : loss:4.25e-03  =  3.92e-03 + alpha*6.60e-04
Valid : loss:4.83e-03  =  4.44e-03 + alpha*7.85e-04
Test: loss:1.67e-02  =  1.60e-02 + alpha*1.35e-03
Valid performance:
 mse:4.44e-03, IC:2.67e-03, RIC:2.66e-02, prec@10:5.18e-01, SR:1.57e+00
Test performance:
 mse:1.60e-02, IC:6.86e-03, RIC:6.54e-02, prec@10:5.13e-01, SR:2.15e+00 


epoch26##########################################################
Train : loss:4.06e-03  =  3.74e-03 + alpha*6.34e-04
Valid : loss:4.73e-03  =  4.35e-03 + alpha*7.74e-04
Test: loss:1.34e-02  =  1.28e-02 + alpha*1.23e-03
Valid performance:
 mse:4.35e-03, IC:6.82e-03, RIC:6.84e-02, prec@10:4.97e-01, SR:1.37e+00
Test performance:
 mse:1.28e-02, IC:1.09e-02, RIC:9.79e-02, prec@10:5.12e-01, SR:2.30e+00 


epoch27##########################################################
Train : loss:4.07e-03  =  3.75e-03 + alpha*6.42e-04
Valid : loss:4.80e-03  =  4.41e-03 + alpha*7.71e-04
Test: loss:1.54e-02  =  1.48e-02 + alpha*1.30e-03
Valid performance:
 mse:4.41e-03, IC:1.08e-02, RIC:1.02e-01, prec@10:5.08e-01, SR:2.14e+00
Test performance:
 mse:1.48e-02, IC:3.59e-03, RIC:3.43e-02, prec@10:5.04e-01, SR:1.65e+00 


epoch28##########################################################
Train : loss:3.93e-03  =  3.62e-03 + alpha*6.32e-04
Valid : loss:4.81e-03  =  4.43e-03 + alpha*7.76e-04
Test: loss:1.54e-02  =  1.48e-02 + alpha*1.31e-03
Valid performance:
 mse:4.43e-03, IC:6.92e-03, RIC:6.39e-02, prec@10:5.07e-01, SR:9.47e-01
Test performance:
 mse:1.48e-02, IC:6.09e-03, RIC:5.56e-02, prec@10:5.10e-01, SR:2.39e+00 


epoch29##########################################################
Train : loss:4.07e-03  =  3.74e-03 + alpha*6.54e-04
Valid : loss:6.23e-03  =  5.81e-03 + alpha*8.32e-04
Test: loss:9.38e-03  =  8.86e-03 + alpha*1.05e-03
Valid performance:
 mse:5.81e-03, IC:1.55e-02, RIC:1.41e-01, prec@10:4.83e-01, SR:1.33e+00
Test performance:
 mse:8.86e-03, IC:1.02e-02, RIC:9.75e-02, prec@10:4.96e-01, SR:2.06e+00 


epoch30##########################################################
Train : loss:3.99e-03  =  3.67e-03 + alpha*6.38e-04
Valid : loss:4.58e-03  =  4.21e-03 + alpha*7.41e-04
Test: loss:1.36e-02  =  1.30e-02 + alpha*1.23e-03
Valid performance:
 mse:4.21e-03, IC:1.22e-02, RIC:1.20e-01, prec@10:5.13e-01, SR:2.42e+00
Test performance:
 mse:1.30e-02, IC:5.26e-03, RIC:5.05e-02, prec@10:5.11e-01, SR:1.91e+00 


epoch31##########################################################
Train : loss:3.99e-03  =  3.67e-03 + alpha*6.25e-04
Valid : loss:5.29e-03  =  4.89e-03 + alpha*7.91e-04
Test: loss:1.08e-02  =  1.02e-02 + alpha*1.13e-03
Valid performance:
 mse:4.89e-03, IC:9.51e-03, RIC:8.95e-02, prec@10:4.85e-01, SR:8.97e-01
Test performance:
 mse:1.02e-02, IC:1.90e-03, RIC:1.80e-02, prec@10:5.00e-01, SR:1.60e+00 


epoch32##########################################################
Train : loss:3.87e-03  =  3.56e-03 + alpha*6.23e-04
Valid : loss:6.20e-03  =  5.79e-03 + alpha*8.24e-04
Test: loss:9.51e-03  =  8.98e-03 + alpha*1.05e-03
Valid performance:
 mse:5.79e-03, IC:2.26e-02, RIC:1.99e-01, prec@10:4.98e-01, SR:2.59e+00
Test performance:
 mse:8.98e-03, IC:6.31e-03, RIC:5.90e-02, prec@10:4.93e-01, SR:1.56e+00 


epoch33##########################################################
Train : loss:3.91e-03  =  3.60e-03 + alpha*6.25e-04
Valid : loss:4.61e-03  =  4.24e-03 + alpha*7.45e-04
Test: loss:1.25e-02  =  1.19e-02 + alpha*1.20e-03
Valid performance:
 mse:4.24e-03, IC:9.55e-03, RIC:8.92e-02, prec@10:5.09e-01, SR:1.23e+00
Test performance:
 mse:1.19e-02, IC:6.35e-03, RIC:5.90e-02, prec@10:5.11e-01, SR:2.29e+00 


epoch34##########################################################
Train : loss:3.88e-03  =  3.57e-03 + alpha*6.19e-04
Valid : loss:4.53e-03  =  4.16e-03 + alpha*7.37e-04
Test: loss:1.40e-02  =  1.34e-02 + alpha*1.24e-03
Valid performance:
 mse:4.16e-03, IC:1.41e-02, RIC:1.41e-01, prec@10:5.09e-01, SR:2.25e+00
Test performance:
 mse:1.34e-02, IC:4.19e-03, RIC:3.88e-02, prec@10:5.02e-01, SR:2.09e+00 


epoch35##########################################################
Train : loss:3.87e-03  =  3.56e-03 + alpha*6.22e-04
Valid : loss:4.55e-03  =  4.17e-03 + alpha*7.62e-04
Test: loss:1.78e-02  =  1.71e-02 + alpha*1.38e-03
Valid performance:
 mse:4.17e-03, IC:4.20e-03, RIC:4.36e-02, prec@10:5.20e-01, SR:1.09e+00
Test performance:
 mse:1.71e-02, IC:3.82e-03, RIC:3.46e-02, prec@10:5.11e-01, SR:2.06e+00 


epoch36##########################################################
Train : loss:3.82e-03  =  3.52e-03 + alpha*6.08e-04
Valid : loss:4.92e-03  =  4.54e-03 + alpha*7.66e-04
Test: loss:1.13e-02  =  1.08e-02 + alpha*1.14e-03
Valid performance:
 mse:4.54e-03, IC:8.18e-03, RIC:8.11e-02, prec@10:4.86e-01, SR:5.05e-01
Test performance:
 mse:1.08e-02, IC:7.90e-04, RIC:7.19e-03, prec@10:5.01e-01, SR:1.84e+00 


epoch37##########################################################
Train : loss:3.26e-03  =  2.96e-03 + alpha*6.01e-04
Valid : loss:4.64e-03  =  4.26e-03 + alpha*7.53e-04
Test: loss:1.25e-02  =  1.19e-02 + alpha*1.20e-03
Valid performance:
 mse:4.26e-03, IC:9.94e-03, RIC:9.50e-02, prec@10:5.11e-01, SR:1.53e+00
Test performance:
 mse:1.19e-02, IC:4.04e-03, RIC:3.60e-02, prec@10:5.06e-01, SR:1.85e+00 


epoch38##########################################################
Train : loss:3.83e-03  =  3.52e-03 + alpha*6.15e-04
Valid : loss:4.76e-03  =  4.37e-03 + alpha*7.83e-04
Test: loss:1.94e-02  =  1.87e-02 + alpha*1.45e-03
Valid performance:
 mse:4.37e-03, IC:2.95e-03, RIC:2.85e-02, prec@10:5.30e-01, SR:1.01e+00
Test performance:
 mse:1.87e-02, IC:7.00e-03, RIC:6.67e-02, prec@10:5.23e-01, SR:2.11e+00 


epoch39##########################################################
Train : loss:3.78e-03  =  3.48e-03 + alpha*5.99e-04
Valid : loss:4.64e-03  =  4.26e-03 + alpha*7.59e-04
Test: loss:1.24e-02  =  1.18e-02 + alpha*1.20e-03
Valid performance:
 mse:4.26e-03, IC:7.57e-03, RIC:7.58e-02, prec@10:5.07e-01, SR:1.38e+00
Test performance:
 mse:1.18e-02, IC:2.55e-03, RIC:2.29e-02, prec@10:5.06e-01, SR:1.86e+00 


epoch40##########################################################
Train : loss:3.85e-03  =  3.54e-03 + alpha*6.12e-04
Valid : loss:4.50e-03  =  4.12e-03 + alpha*7.60e-04
Test: loss:1.70e-02  =  1.63e-02 + alpha*1.37e-03
Valid performance:
 mse:4.12e-03, IC:3.71e-03, RIC:3.67e-02, prec@10:5.12e-01, SR:1.49e+00
Test performance:
 mse:1.63e-02, IC:-7.20e-04, RIC:-6.50e-03, prec@10:5.12e-01, SR:1.94e+00 


epoch41##########################################################
Train : loss:3.27e-03  =  2.97e-03 + alpha*6.00e-04
Valid : loss:4.89e-03  =  4.52e-03 + alpha*7.54e-04
Test: loss:1.15e-02  =  1.09e-02 + alpha*1.12e-03
Valid performance:
 mse:4.52e-03, IC:1.18e-02, RIC:1.19e-01, prec@10:4.90e-01, SR:1.20e+00
Test performance:
 mse:1.09e-02, IC:8.40e-03, RIC:7.82e-02, prec@10:5.15e-01, SR:1.99e+00 


epoch42##########################################################
Train : loss:3.81e-03  =  3.51e-03 + alpha*6.14e-04
Valid : loss:4.44e-03  =  4.06e-03 + alpha*7.60e-04
Test: loss:1.45e-02  =  1.39e-02 + alpha*1.25e-03
Valid performance:
 mse:4.06e-03, IC:1.05e-03, RIC:9.78e-03, prec@10:4.92e-01, SR:9.26e-01
Test performance:
 mse:1.39e-02, IC:2.24e-03, RIC:2.15e-02, prec@10:5.10e-01, SR:1.82e+00 


epoch43##########################################################
Train : loss:3.75e-03  =  3.45e-03 + alpha*6.01e-04
Valid : loss:4.42e-03  =  4.05e-03 + alpha*7.32e-04
Test: loss:1.32e-02  =  1.26e-02 + alpha*1.22e-03
Valid performance:
 mse:4.05e-03, IC:1.26e-02, RIC:1.17e-01, prec@10:4.97e-01, SR:2.13e+00
Test performance:
 mse:1.26e-02, IC:4.00e-03, RIC:3.50e-02, prec@10:5.06e-01, SR:1.85e+00 


epoch44##########################################################
Train : loss:3.23e-03  =  2.93e-03 + alpha*5.97e-04
Valid : loss:4.30e-03  =  3.92e-03 + alpha*7.49e-04
Test: loss:1.45e-02  =  1.39e-02 + alpha*1.23e-03
Valid performance:
 mse:3.92e-03, IC:3.60e-03, RIC:3.46e-02, prec@10:5.04e-01, SR:9.14e-01
Test performance:
 mse:1.39e-02, IC:6.75e-03, RIC:6.58e-02, prec@10:5.13e-01, SR:2.19e+00 


epoch45##########################################################
Train : loss:3.75e-03  =  3.45e-03 + alpha*6.00e-04
Valid : loss:4.25e-03  =  3.88e-03 + alpha*7.35e-04
Test: loss:1.37e-02  =  1.31e-02 + alpha*1.22e-03
Valid performance:
 mse:3.88e-03, IC:2.73e-03, RIC:2.71e-02, prec@10:5.10e-01, SR:8.79e-01
Test performance:
 mse:1.31e-02, IC:5.05e-03, RIC:4.86e-02, prec@10:4.96e-01, SR:2.02e+00 


epoch46##########################################################
Train : loss:3.74e-03  =  3.44e-03 + alpha*6.06e-04
Valid : loss:4.47e-03  =  4.11e-03 + alpha*7.30e-04
Test: loss:1.24e-02  =  1.18e-02 + alpha*1.15e-03
Valid performance:
 mse:4.11e-03, IC:1.38e-02, RIC:1.35e-01, prec@10:4.89e-01, SR:1.75e+00
Test performance:
 mse:1.18e-02, IC:1.09e-02, RIC:9.89e-02, prec@10:5.07e-01, SR:1.88e+00 


epoch47##########################################################
Train : loss:3.74e-03  =  3.44e-03 + alpha*6.09e-04
Valid : loss:4.96e-03  =  4.58e-03 + alpha*7.59e-04
Test: loss:1.06e-02  =  1.01e-02 + alpha*1.09e-03
Valid performance:
 mse:4.58e-03, IC:1.32e-02, RIC:1.26e-01, prec@10:4.93e-01, SR:1.32e+00
Test performance:
 mse:1.01e-02, IC:2.51e-03, RIC:2.30e-02, prec@10:5.08e-01, SR:2.11e+00 


epoch48##########################################################
Train : loss:3.77e-03  =  3.47e-03 + alpha*6.11e-04
Valid : loss:4.28e-03  =  3.91e-03 + alpha*7.24e-04
Test: loss:1.45e-02  =  1.39e-02 + alpha*1.27e-03
Valid performance:
 mse:3.91e-03, IC:9.13e-03, RIC:9.34e-02, prec@10:5.08e-01, SR:2.47e-01
Test performance:
 mse:1.39e-02, IC:2.85e-03, RIC:2.60e-02, prec@10:5.12e-01, SR:2.07e+00 


epoch49##########################################################
Train : loss:3.73e-03  =  3.43e-03 + alpha*5.99e-04
Valid : loss:4.45e-03  =  4.08e-03 + alpha*7.34e-04
Test: loss:1.24e-02  =  1.18e-02 + alpha*1.17e-03
Valid performance:
 mse:4.08e-03, IC:1.18e-02, RIC:1.11e-01, prec@10:5.08e-01, SR:1.47e+00
Test performance:
 mse:1.18e-02, IC:4.02e-03, RIC:3.60e-02, prec@10:5.12e-01, SR:2.16e+00 


epoch50##########################################################
Train : loss:3.70e-03  =  3.40e-03 + alpha*6.06e-04
Valid : loss:4.26e-03  =  3.90e-03 + alpha*7.22e-04
Test: loss:1.45e-02  =  1.39e-02 + alpha*1.25e-03
Valid performance:
 mse:3.90e-03, IC:1.24e-02, RIC:1.27e-01, prec@10:4.97e-01, SR:1.62e+00
Test performance:
 mse:1.39e-02, IC:4.80e-03, RIC:4.39e-02, prec@10:5.07e-01, SR:1.94e+00 


epoch51##########################################################
Train : loss:3.75e-03  =  3.45e-03 + alpha*5.96e-04
Valid : loss:4.43e-03  =  4.07e-03 + alpha*7.32e-04
Test: loss:1.31e-02  =  1.25e-02 + alpha*1.21e-03
Valid performance:
 mse:4.07e-03, IC:6.90e-03, RIC:6.79e-02, prec@10:4.91e-01, SR:6.29e-01
Test performance:
 mse:1.25e-02, IC:6.06e-03, RIC:5.57e-02, prec@10:5.14e-01, SR:2.31e+00 


epoch52##########################################################
Train : loss:3.76e-03  =  3.45e-03 + alpha*6.10e-04
Valid : loss:4.37e-03  =  4.01e-03 + alpha*7.22e-04
Test: loss:1.35e-02  =  1.29e-02 + alpha*1.22e-03
Valid performance:
 mse:4.01e-03, IC:7.29e-03, RIC:7.59e-02, prec@10:5.03e-01, SR:1.18e+00
Test performance:
 mse:1.29e-02, IC:2.97e-03, RIC:2.73e-02, prec@10:5.04e-01, SR:2.02e+00 


epoch53##########################################################
Train : loss:3.73e-03  =  3.43e-03 + alpha*6.14e-04
Valid : loss:4.28e-03  =  3.92e-03 + alpha*7.22e-04
Test: loss:1.33e-02  =  1.27e-02 + alpha*1.20e-03
Valid performance:
 mse:3.92e-03, IC:9.86e-03, RIC:1.00e-01, prec@10:5.10e-01, SR:9.05e-01
Test performance:
 mse:1.27e-02, IC:8.02e-03, RIC:7.66e-02, prec@10:5.11e-01, SR:1.98e+00 


epoch54##########################################################
Train : loss:3.73e-03  =  3.43e-03 + alpha*6.00e-04
Valid : loss:4.22e-03  =  3.86e-03 + alpha*7.27e-04
Test: loss:1.26e-02  =  1.20e-02 + alpha*1.21e-03
Valid performance:
 mse:3.86e-03, IC:8.91e-03, RIC:8.88e-02, prec@10:5.06e-01, SR:9.75e-01
Test performance:
 mse:1.20e-02, IC:4.25e-03, RIC:3.84e-02, prec@10:5.16e-01, SR:1.89e+00 


epoch55##########################################################
Train : loss:3.76e-03  =  3.46e-03 + alpha*6.01e-04
Valid : loss:4.35e-03  =  3.98e-03 + alpha*7.35e-04
Test: loss:1.34e-02  =  1.28e-02 + alpha*1.23e-03
Valid performance:
 mse:3.98e-03, IC:5.05e-03, RIC:4.95e-02, prec@10:5.04e-01, SR:9.59e-01
Test performance:
 mse:1.28e-02, IC:4.52e-03, RIC:4.21e-02, prec@10:5.09e-01, SR:1.72e+00 


epoch56##########################################################
Train : loss:3.72e-03  =  3.42e-03 + alpha*6.00e-04
Valid : loss:4.38e-03  =  4.01e-03 + alpha*7.41e-04
Test: loss:1.40e-02  =  1.33e-02 + alpha*1.27e-03
Valid performance:
 mse:4.01e-03, IC:6.86e-03, RIC:7.03e-02, prec@10:5.07e-01, SR:1.33e+00
Test performance:
 mse:1.33e-02, IC:-6.50e-04, RIC:-5.94e-03, prec@10:5.07e-01, SR:2.03e+00 


epoch57##########################################################
Train : loss:3.71e-03  =  3.41e-03 + alpha*6.01e-04
Valid : loss:4.28e-03  =  3.91e-03 + alpha*7.37e-04
Test: loss:1.30e-02  =  1.24e-02 + alpha*1.22e-03
Valid performance:
 mse:3.91e-03, IC:2.66e-03, RIC:2.69e-02, prec@10:5.08e-01, SR:1.18e+00
Test performance:
 mse:1.24e-02, IC:6.36e-03, RIC:5.72e-02, prec@10:5.13e-01, SR:1.82e+00 


epoch58##########################################################
Train : loss:3.68e-03  =  3.39e-03 + alpha*5.95e-04
Valid : loss:4.24e-03  =  3.88e-03 + alpha*7.19e-04
Test: loss:1.42e-02  =  1.36e-02 + alpha*1.23e-03
Valid performance:
 mse:3.88e-03, IC:6.94e-03, RIC:6.84e-02, prec@10:5.05e-01, SR:1.25e+00
Test performance:
 mse:1.36e-02, IC:6.98e-03, RIC:6.37e-02, prec@10:5.10e-01, SR:1.99e+00 


epoch59##########################################################
Train : loss:3.76e-03  =  3.46e-03 + alpha*5.98e-04
Valid : loss:4.42e-03  =  4.05e-03 + alpha*7.29e-04
Test: loss:1.20e-02  =  1.14e-02 + alpha*1.15e-03
Valid performance:
 mse:4.05e-03, IC:1.08e-02, RIC:1.05e-01, prec@10:4.93e-01, SR:1.41e+00
Test performance:
 mse:1.14e-02, IC:8.52e-03, RIC:7.88e-02, prec@10:5.04e-01, SR:2.15e+00 


epoch60##########################################################
Train : loss:3.68e-03  =  3.38e-03 + alpha*5.98e-04
Valid : loss:4.36e-03  =  3.99e-03 + alpha*7.38e-04
Test: loss:1.40e-02  =  1.34e-02 + alpha*1.24e-03
Valid performance:
 mse:3.99e-03, IC:7.32e-03, RIC:6.97e-02, prec@10:4.98e-01, SR:7.87e-01
Test performance:
 mse:1.34e-02, IC:2.32e-03, RIC:2.15e-02, prec@10:5.02e-01, SR:1.97e+00 


epoch61##########################################################
Train : loss:3.74e-03  =  3.44e-03 + alpha*5.98e-04
Valid : loss:4.35e-03  =  3.99e-03 + alpha*7.23e-04
Test: loss:1.30e-02  =  1.24e-02 + alpha*1.18e-03
Valid performance:
 mse:3.99e-03, IC:1.19e-02, RIC:1.18e-01, prec@10:5.05e-01, SR:1.85e+00
Test performance:
 mse:1.24e-02, IC:7.85e-03, RIC:7.12e-02, prec@10:4.99e-01, SR:2.05e+00 


epoch62##########################################################
Train : loss:3.67e-03  =  3.37e-03 + alpha*5.96e-04
Valid : loss:4.31e-03  =  3.95e-03 + alpha*7.26e-04
Test: loss:1.44e-02  =  1.38e-02 + alpha*1.27e-03
Valid performance:
 mse:3.95e-03, IC:1.08e-02, RIC:1.06e-01, prec@10:5.13e-01, SR:1.36e+00
Test performance:
 mse:1.38e-02, IC:1.00e-03, RIC:8.89e-03, prec@10:5.19e-01, SR:2.27e+00 


epoch63##########################################################
Train : loss:3.71e-03  =  3.41e-03 + alpha*6.01e-04
Valid : loss:4.40e-03  =  4.04e-03 + alpha*7.20e-04
Test: loss:1.37e-02  =  1.31e-02 + alpha*1.21e-03
Valid performance:
 mse:4.04e-03, IC:1.15e-02, RIC:1.10e-01, prec@10:5.13e-01, SR:1.89e+00
Test performance:
 mse:1.31e-02, IC:6.07e-03, RIC:5.80e-02, prec@10:5.14e-01, SR:1.93e+00 


epoch64##########################################################
Train : loss:3.14e-03  =  2.84e-03 + alpha*5.90e-04
Valid : loss:4.38e-03  =  4.02e-03 + alpha*7.27e-04
Test: loss:1.26e-02  =  1.20e-02 + alpha*1.18e-03
Valid performance:
 mse:4.02e-03, IC:6.79e-03, RIC:6.78e-02, prec@10:4.95e-01, SR:1.52e+00
Test performance:
 mse:1.20e-02, IC:7.64e-03, RIC:6.94e-02, prec@10:5.00e-01, SR:2.01e+00 


epoch65##########################################################
Train : loss:3.77e-03  =  3.47e-03 + alpha*6.06e-04
Valid : loss:4.21e-03  =  3.85e-03 + alpha*7.20e-04
Test: loss:1.40e-02  =  1.33e-02 + alpha*1.24e-03
Valid performance:
 mse:3.85e-03, IC:7.83e-03, RIC:7.76e-02, prec@10:5.05e-01, SR:1.26e+00
Test performance:
 mse:1.33e-02, IC:1.03e-03, RIC:9.57e-03, prec@10:5.16e-01, SR:1.80e+00 


epoch66##########################################################
Train : loss:3.74e-03  =  3.44e-03 + alpha*6.03e-04
Valid : loss:4.31e-03  =  3.95e-03 + alpha*7.19e-04
Test: loss:1.30e-02  =  1.24e-02 + alpha*1.20e-03
Valid performance:
 mse:3.95e-03, IC:8.78e-03, RIC:8.51e-02, prec@10:5.10e-01, SR:8.62e-01
Test performance:
 mse:1.24e-02, IC:4.79e-03, RIC:4.35e-02, prec@10:5.07e-01, SR:2.06e+00 


epoch67##########################################################
Train : loss:3.67e-03  =  3.37e-03 + alpha*5.99e-04
Valid : loss:4.30e-03  =  3.93e-03 + alpha*7.30e-04
Test: loss:1.41e-02  =  1.35e-02 + alpha*1.24e-03
Valid performance:
 mse:3.93e-03, IC:7.12e-03, RIC:6.95e-02, prec@10:5.10e-01, SR:1.85e+00
Test performance:
 mse:1.35e-02, IC:5.16e-04, RIC:4.78e-03, prec@10:5.10e-01, SR:1.90e+00 


epoch68##########################################################
Train : loss:3.66e-03  =  3.36e-03 + alpha*6.00e-04
Valid : loss:4.43e-03  =  4.06e-03 + alpha*7.29e-04
Test: loss:1.28e-02  =  1.22e-02 + alpha*1.19e-03
Valid performance:
 mse:4.06e-03, IC:8.51e-03, RIC:8.81e-02, prec@10:4.95e-01, SR:1.17e+00
Test performance:
 mse:1.22e-02, IC:5.61e-03, RIC:5.16e-02, prec@10:5.00e-01, SR:1.96e+00 


epoch69##########################################################
Train : loss:3.71e-03  =  3.40e-03 + alpha*6.19e-04
Valid : loss:4.35e-03  =  3.99e-03 + alpha*7.24e-04
Test: loss:1.36e-02  =  1.30e-02 + alpha*1.19e-03
Valid performance:
 mse:3.99e-03, IC:1.02e-02, RIC:1.03e-01, prec@10:5.10e-01, SR:1.32e+00
Test performance:
 mse:1.30e-02, IC:6.50e-03, RIC:6.26e-02, prec@10:5.16e-01, SR:1.90e+00 


epoch70##########################################################
Train : loss:3.72e-03  =  3.42e-03 + alpha*6.04e-04
Valid : loss:4.29e-03  =  3.92e-03 + alpha*7.32e-04
Test: loss:1.42e-02  =  1.36e-02 + alpha*1.26e-03
Valid performance:
 mse:3.92e-03, IC:1.08e-02, RIC:1.02e-01, prec@10:4.90e-01, SR:1.59e+00
Test performance:
 mse:1.36e-02, IC:-2.70e-05, RIC:-2.46e-04, prec@10:5.08e-01, SR:1.68e+00 


epoch71##########################################################
Train : loss:3.54e-03  =  3.25e-03 + alpha*5.90e-04
Valid : loss:4.22e-03  =  3.86e-03 + alpha*7.26e-04
Test: loss:1.40e-02  =  1.34e-02 + alpha*1.23e-03
Valid performance:
 mse:3.86e-03, IC:5.13e-03, RIC:5.12e-02, prec@10:5.06e-01, SR:1.54e+00
Test performance:
 mse:1.34e-02, IC:4.67e-03, RIC:4.38e-02, prec@10:5.07e-01, SR:2.22e+00 


epoch72##########################################################
Train : loss:3.72e-03  =  3.42e-03 + alpha*6.01e-04
Valid : loss:4.37e-03  =  4.01e-03 + alpha*7.22e-04
Test: loss:1.30e-02  =  1.24e-02 + alpha*1.22e-03
Valid performance:
 mse:4.01e-03, IC:1.29e-02, RIC:1.31e-01, prec@10:4.97e-01, SR:1.81e+00
Test performance:
 mse:1.24e-02, IC:4.33e-03, RIC:3.84e-02, prec@10:4.97e-01, SR:1.90e+00 


epoch73##########################################################
Train : loss:3.71e-03  =  3.41e-03 + alpha*5.97e-04
Valid : loss:4.28e-03  =  3.91e-03 + alpha*7.29e-04
Test: loss:1.39e-02  =  1.33e-02 + alpha*1.24e-03
Valid performance:
 mse:3.91e-03, IC:6.64e-03, RIC:6.68e-02, prec@10:5.10e-01, SR:1.27e+00
Test performance:
 mse:1.33e-02, IC:1.46e-03, RIC:1.32e-02, prec@10:5.06e-01, SR:1.66e+00 


epoch74##########################################################
Train : loss:3.71e-03  =  3.41e-03 + alpha*5.97e-04
Valid : loss:4.22e-03  =  3.86e-03 + alpha*7.19e-04
Test: loss:1.35e-02  =  1.29e-02 + alpha*1.22e-03
Valid performance:
 mse:3.86e-03, IC:1.09e-02, RIC:1.08e-01, prec@10:5.09e-01, SR:2.55e+00
Test performance:
 mse:1.29e-02, IC:3.97e-03, RIC:3.61e-02, prec@10:5.10e-01, SR:1.87e+00 


epoch75##########################################################
Train : loss:3.71e-03  =  3.41e-03 + alpha*6.01e-04
Valid : loss:4.49e-03  =  4.12e-03 + alpha*7.28e-04
Test: loss:1.39e-02  =  1.33e-02 + alpha*1.21e-03
Valid performance:
 mse:4.12e-03, IC:6.51e-03, RIC:7.03e-02, prec@10:4.94e-01, SR:9.59e-01
Test performance:
 mse:1.33e-02, IC:6.10e-03, RIC:5.32e-02, prec@10:5.09e-01, SR:2.21e+00 


epoch76##########################################################
Train : loss:3.67e-03  =  3.38e-03 + alpha*5.97e-04
Valid : loss:4.31e-03  =  3.95e-03 + alpha*7.13e-04
Test: loss:1.32e-02  =  1.26e-02 + alpha*1.22e-03
Valid performance:
 mse:3.95e-03, IC:1.06e-02, RIC:1.10e-01, prec@10:4.98e-01, SR:7.58e-01
Test performance:
 mse:1.26e-02, IC:3.14e-03, RIC:2.90e-02, prec@10:5.09e-01, SR:1.87e+00 


epoch77##########################################################
Train : loss:3.68e-03  =  3.38e-03 + alpha*5.96e-04
Valid : loss:4.34e-03  =  3.98e-03 + alpha*7.26e-04
Test: loss:1.39e-02  =  1.33e-02 + alpha*1.23e-03
Valid performance:
 mse:3.98e-03, IC:8.60e-03, RIC:8.51e-02, prec@10:5.01e-01, SR:5.51e-01
Test performance:
 mse:1.33e-02, IC:4.20e-03, RIC:3.87e-02, prec@10:5.01e-01, SR:2.08e+00 


epoch78##########################################################
Train : loss:3.72e-03  =  3.40e-03 + alpha*6.23e-04
Valid : loss:4.29e-03  =  3.93e-03 + alpha*7.21e-04
Test: loss:1.31e-02  =  1.25e-02 + alpha*1.22e-03
Valid performance:
 mse:3.93e-03, IC:1.15e-02, RIC:1.16e-01, prec@10:4.92e-01, SR:2.23e+00
Test performance:
 mse:1.25e-02, IC:4.84e-03, RIC:4.31e-02, prec@10:5.14e-01, SR:2.30e+00 


epoch79##########################################################
Train : loss:3.68e-03  =  3.38e-03 + alpha*6.01e-04
Valid : loss:4.30e-03  =  3.94e-03 + alpha*7.16e-04
Test: loss:1.39e-02  =  1.33e-02 + alpha*1.23e-03
Valid performance:
 mse:3.94e-03, IC:1.65e-02, RIC:1.53e-01, prec@10:5.07e-01, SR:2.33e+00
Test performance:
 mse:1.33e-02, IC:2.11e-03, RIC:1.93e-02, prec@10:5.14e-01, SR:1.97e+00 


epoch80##########################################################
Train : loss:3.58e-03  =  3.29e-03 + alpha*5.94e-04
Valid : loss:4.39e-03  =  4.02e-03 + alpha*7.35e-04
Test: loss:1.36e-02  =  1.30e-02 + alpha*1.22e-03
Valid performance:
 mse:4.02e-03, IC:8.59e-03, RIC:8.35e-02, prec@10:5.00e-01, SR:4.74e-01
Test performance:
 mse:1.30e-02, IC:6.73e-03, RIC:6.08e-02, prec@10:5.00e-01, SR:2.18e+00 


epoch81##########################################################
Train : loss:3.79e-03  =  3.48e-03 + alpha*6.11e-04
Valid : loss:4.32e-03  =  3.96e-03 + alpha*7.19e-04
Test: loss:1.29e-02  =  1.23e-02 + alpha*1.20e-03
Valid performance:
 mse:3.96e-03, IC:1.60e-02, RIC:1.60e-01, prec@10:5.06e-01, SR:1.69e+00
Test performance:
 mse:1.23e-02, IC:7.47e-03, RIC:6.66e-02, prec@10:5.10e-01, SR:2.26e+00 


epoch82##########################################################
Train : loss:3.73e-03  =  3.43e-03 + alpha*5.91e-04
Valid : loss:4.33e-03  =  3.97e-03 + alpha*7.32e-04
Test: loss:1.34e-02  =  1.28e-02 + alpha*1.20e-03
Valid performance:
 mse:3.97e-03, IC:3.94e-03, RIC:3.93e-02, prec@10:4.96e-01, SR:7.98e-02
Test performance:
 mse:1.28e-02, IC:8.66e-03, RIC:8.34e-02, prec@10:5.13e-01, SR:1.97e+00 


epoch83##########################################################
Train : loss:3.63e-03  =  3.33e-03 + alpha*5.94e-04
Valid : loss:4.27e-03  =  3.91e-03 + alpha*7.31e-04
Test: loss:1.35e-02  =  1.29e-02 + alpha*1.22e-03
Valid performance:
 mse:3.91e-03, IC:7.56e-03, RIC:7.65e-02, prec@10:4.95e-01, SR:1.16e+00
Test performance:
 mse:1.29e-02, IC:5.38e-03, RIC:4.92e-02, prec@10:5.17e-01, SR:2.00e+00 


epoch84##########################################################
Train : loss:3.73e-03  =  3.44e-03 + alpha*5.97e-04
Valid : loss:4.38e-03  =  4.01e-03 + alpha*7.33e-04
Test: loss:1.35e-02  =  1.29e-02 + alpha*1.21e-03
Valid performance:
 mse:4.01e-03, IC:1.15e-02, RIC:1.08e-01, prec@10:5.06e-01, SR:1.74e+00
Test performance:
 mse:1.29e-02, IC:4.88e-03, RIC:4.71e-02, prec@10:5.08e-01, SR:1.84e+00 


epoch85##########################################################
Train : loss:3.68e-03  =  3.38e-03 + alpha*5.97e-04
Valid : loss:4.31e-03  =  3.94e-03 + alpha*7.35e-04
Test: loss:1.29e-02  =  1.23e-02 + alpha*1.21e-03
Valid performance:
 mse:3.94e-03, IC:8.20e-03, RIC:7.51e-02, prec@10:5.06e-01, SR:1.57e+00
Test performance:
 mse:1.23e-02, IC:9.11e-03, RIC:8.31e-02, prec@10:5.14e-01, SR:2.26e+00 


epoch86##########################################################
Train : loss:3.74e-03  =  3.44e-03 + alpha*6.10e-04
Valid : loss:4.25e-03  =  3.89e-03 + alpha*7.13e-04
Test: loss:1.35e-02  =  1.29e-02 + alpha*1.22e-03
Valid performance:
 mse:3.89e-03, IC:1.43e-02, RIC:1.42e-01, prec@10:5.06e-01, SR:1.14e+00
Test performance:
 mse:1.29e-02, IC:6.40e-03, RIC:5.84e-02, prec@10:5.21e-01, SR:2.36e+00 


epoch87##########################################################
Train : loss:3.70e-03  =  3.40e-03 + alpha*6.01e-04
Valid : loss:4.26e-03  =  3.90e-03 + alpha*7.27e-04
Test: loss:1.39e-02  =  1.33e-02 + alpha*1.22e-03
Valid performance:
 mse:3.90e-03, IC:9.07e-03, RIC:9.39e-02, prec@10:5.07e-01, SR:9.73e-01
Test performance:
 mse:1.33e-02, IC:3.33e-03, RIC:3.08e-02, prec@10:5.01e-01, SR:1.78e+00 


epoch88##########################################################
Train : loss:3.68e-03  =  3.38e-03 + alpha*5.97e-04
Valid : loss:4.36e-03  =  4.00e-03 + alpha*7.14e-04
Test: loss:1.37e-02  =  1.30e-02 + alpha*1.24e-03
Valid performance:
 mse:4.00e-03, IC:1.11e-02, RIC:1.11e-01, prec@10:4.98e-01, SR:1.20e+00
Test performance:
 mse:1.30e-02, IC:-2.03e-03, RIC:-1.87e-02, prec@10:5.04e-01, SR:2.02e+00 


epoch89##########################################################
Train : loss:3.69e-03  =  3.39e-03 + alpha*5.99e-04
Valid : loss:4.29e-03  =  3.93e-03 + alpha*7.27e-04
Test: loss:1.41e-02  =  1.35e-02 + alpha*1.22e-03
Valid performance:
 mse:3.93e-03, IC:7.26e-03, RIC:7.55e-02, prec@10:5.07e-01, SR:1.37e+00
Test performance:
 mse:1.35e-02, IC:6.39e-03, RIC:5.94e-02, prec@10:4.98e-01, SR:1.98e+00 


epoch90##########################################################
Train : loss:3.67e-03  =  3.38e-03 + alpha*5.95e-04
Valid : loss:4.36e-03  =  3.99e-03 + alpha*7.36e-04
Test: loss:1.36e-02  =  1.30e-02 + alpha*1.24e-03
Valid performance:
 mse:3.99e-03, IC:1.02e-02, RIC:1.00e-01, prec@10:5.02e-01, SR:1.15e+00
Test performance:
 mse:1.30e-02, IC:5.66e-03, RIC:4.96e-02, prec@10:5.09e-01, SR:2.34e+00 


epoch91##########################################################
Train : loss:3.66e-03  =  3.37e-03 + alpha*5.88e-04
Valid : loss:4.35e-03  =  3.99e-03 + alpha*7.18e-04
Test: loss:1.31e-02  =  1.25e-02 + alpha*1.19e-03
Valid performance:
 mse:3.99e-03, IC:1.66e-02, RIC:1.68e-01, prec@10:5.00e-01, SR:2.04e+00
Test performance:
 mse:1.25e-02, IC:7.77e-03, RIC:7.28e-02, prec@10:5.01e-01, SR:1.96e+00 


epoch92##########################################################
Train : loss:3.72e-03  =  3.42e-03 + alpha*6.03e-04
Valid : loss:4.25e-03  =  3.90e-03 + alpha*7.11e-04
Test: loss:1.41e-02  =  1.34e-02 + alpha*1.24e-03
Valid performance:
 mse:3.90e-03, IC:1.38e-02, RIC:1.48e-01, prec@10:5.03e-01, SR:4.43e-01
Test performance:
 mse:1.34e-02, IC:4.42e-03, RIC:3.97e-02, prec@10:5.01e-01, SR:1.92e+00 


epoch93##########################################################
Train : loss:3.69e-03  =  3.39e-03 + alpha*5.98e-04
Valid : loss:4.37e-03  =  4.00e-03 + alpha*7.45e-04
Test: loss:1.35e-02  =  1.29e-02 + alpha*1.23e-03
Valid performance:
 mse:4.00e-03, IC:9.36e-03, RIC:9.01e-02, prec@10:4.98e-01, SR:2.00e+00
Test performance:
 mse:1.29e-02, IC:5.00e-03, RIC:4.50e-02, prec@10:5.08e-01, SR:2.07e+00 


epoch94##########################################################
Train : loss:3.68e-03  =  3.38e-03 + alpha*6.02e-04
Valid : loss:4.23e-03  =  3.87e-03 + alpha*7.31e-04
Test: loss:1.44e-02  =  1.38e-02 + alpha*1.24e-03
Valid performance:
 mse:3.87e-03, IC:6.49e-03, RIC:6.13e-02, prec@10:5.00e-01, SR:2.27e+00
Test performance:
 mse:1.38e-02, IC:5.97e-03, RIC:5.51e-02, prec@10:5.10e-01, SR:1.74e+00 


epoch95##########################################################
Train : loss:3.75e-03  =  3.45e-03 + alpha*5.99e-04
Valid : loss:4.26e-03  =  3.90e-03 + alpha*7.19e-04
Test: loss:1.36e-02  =  1.30e-02 + alpha*1.22e-03
Valid performance:
 mse:3.90e-03, IC:1.00e-02, RIC:1.00e-01, prec@10:4.94e-01, SR:1.75e+00
Test performance:
 mse:1.30e-02, IC:2.16e-03, RIC:1.95e-02, prec@10:5.04e-01, SR:1.83e+00 


epoch96##########################################################
Train : loss:3.68e-03  =  3.39e-03 + alpha*5.90e-04
Valid : loss:4.31e-03  =  3.94e-03 + alpha*7.29e-04
Test: loss:1.32e-02  =  1.26e-02 + alpha*1.20e-03
Valid performance:
 mse:3.94e-03, IC:8.63e-03, RIC:8.68e-02, prec@10:5.02e-01, SR:1.16e+00
Test performance:
 mse:1.26e-02, IC:7.17e-03, RIC:6.38e-02, prec@10:5.10e-01, SR:1.69e+00 


epoch97##########################################################
Train : loss:3.76e-03  =  3.46e-03 + alpha*6.01e-04
Valid : loss:4.32e-03  =  3.96e-03 + alpha*7.37e-04
Test: loss:1.35e-02  =  1.29e-02 + alpha*1.23e-03
Valid performance:
 mse:3.96e-03, IC:6.67e-03, RIC:6.24e-02, prec@10:5.01e-01, SR:1.32e+00
Test performance:
 mse:1.29e-02, IC:-1.42e-03, RIC:-1.29e-02, prec@10:4.93e-01, SR:1.86e+00 


epoch98##########################################################
Train : loss:3.67e-03  =  3.37e-03 + alpha*6.05e-04
Valid : loss:4.28e-03  =  3.91e-03 + alpha*7.26e-04
Test: loss:1.32e-02  =  1.25e-02 + alpha*1.23e-03
Valid performance:
 mse:3.91e-03, IC:1.34e-02, RIC:1.31e-01, prec@10:5.03e-01, SR:1.10e+00
Test performance:
 mse:1.25e-02, IC:-3.97e-04, RIC:-3.60e-03, prec@10:5.06e-01, SR:2.08e+00 


epoch99##########################################################
Train : loss:3.70e-03  =  3.40e-03 + alpha*5.95e-04
Valid : loss:4.18e-03  =  3.82e-03 + alpha*7.34e-04
Test: loss:1.36e-02  =  1.29e-02 + alpha*1.25e-03
Valid performance:
 mse:3.82e-03, IC:5.10e-03, RIC:4.72e-02, prec@10:4.97e-01, SR:1.57e+00
Test performance:
 mse:1.29e-02, IC:1.34e-03, RIC:1.20e-02, prec@10:5.05e-01, SR:1.43e+00 


epoch100##########################################################
Train : loss:3.69e-03  =  3.40e-03 + alpha*5.95e-04
Valid : loss:4.26e-03  =  3.90e-03 + alpha*7.21e-04
Test: loss:1.34e-02  =  1.28e-02 + alpha*1.25e-03
Valid performance:
 mse:3.90e-03, IC:9.87e-03, RIC:1.03e-01, prec@10:5.06e-01, SR:8.06e-01
Test performance:
 mse:1.28e-02, IC:2.78e-03, RIC:2.54e-02, prec@10:5.11e-01, SR:1.88e+00 


Training finished.
Best Validation Performance (based on highest validation IC):
mse:5.79e-03, IC:2.26e-02, RIC:1.99e-01, prec@10:4.98e-01, SR:2.59e+00
Corresponding Test Performance:
mse:8.98e-03, IC:6.31e-03, RIC:5.90e-02, prec@10:4.93e-01, SR:1.56e+00
Results for StockPredict appended to ../training_results.xlsx (active sheet: Training Results)
