2025-06-12 00:14:54,757 - INFO - 🎯 股票预测模型批量训练系统
2025-06-12 00:14:54,757 - INFO - ================================================================================
2025-06-12 00:14:54,758 - INFO - 📊 目标数据集: SP500
2025-06-12 00:14:54,758 - INFO - 🔧 运行模式: parallel
2025-06-12 00:14:54,759 - INFO - 📝 要运行的模型: ['StockPredict', 'GCN', 'LSTM', 'LinearModel', 'STHAN-SR']
2025-06-12 00:14:54,759 - INFO - 📝 总模型数量: 5
2025-06-12 00:14:54,759 - INFO - 📁 工作目录: C:\Users\Administrator\Desktop\Stock\src
2025-06-12 00:14:54,759 - INFO - ================================================================================
2025-06-12 00:14:54,759 - INFO - 
🔍 步骤0: 环境检查
2025-06-12 00:14:54,759 - INFO - 🔍 检查运行环境...
2025-06-12 00:14:59,144 - INFO - ✅ 检测到 1 个GPU
2025-06-12 00:14:59,144 - INFO - ✅ 环境检查通过
2025-06-12 00:14:59,144 - INFO - 
📝 步骤1: 更新数据集设置
2025-06-12 00:14:59,144 - INFO - 🔄 开始更新脚本的数据集设置为: SP500
2025-06-12 00:14:59,144 - INFO - 📁 已备份: train.py -> ../backup_original_files\train.py.backup_20250612_001459
2025-06-12 00:14:59,160 - INFO - 📁 已备份: gcn_train.py -> ../backup_original_files\gcn_train.py.backup_20250612_001459
2025-06-12 00:14:59,160 - INFO - 📁 已备份: lstm_train.py -> ../backup_original_files\lstm_train.py.backup_20250612_001459
2025-06-12 00:14:59,162 - INFO - 📁 已备份: linear_train.py -> ../backup_original_files\linear_train.py.backup_20250612_001459
2025-06-12 00:14:59,164 - INFO - 📁 已备份: sthan_sr_train.py -> ../backup_original_files\sthan_sr_train.py.backup_20250612_001459
2025-06-12 00:14:59,166 - INFO - ✅ 已更新 train.py 中的market_name为: SP500
2025-06-12 00:14:59,168 - INFO - ✅ 已更新 gcn_train.py 中的market_name为: SP500
2025-06-12 00:14:59,170 - INFO - ✅ 已更新 lstm_train.py 中的market_name为: SP500
2025-06-12 00:14:59,171 - INFO - ✅ 已更新 linear_train.py 中的market_name为: SP500
2025-06-12 00:14:59,172 - INFO - ✅ 已更新 sthan_sr_train.py 中的market_name为: SP500
2025-06-12 00:14:59,173 - INFO - ✅ 成功更新 5/5 个脚本
2025-06-12 00:14:59,174 - INFO - 
🚀 步骤2: 开始parallel训练
2025-06-12 00:15:00,180 - INFO - 🚀 开始并行训练所有模型...
2025-06-12 00:15:00,180 - WARNING - ⚠️  并行模式可能需要大量GPU内存!
2025-06-12 00:15:00,184 - INFO - 🚀 启动 StockPredict 训练线程...
2025-06-12 00:15:00,185 - INFO - 🚀 开始训练 StockPredict...
2025-06-12 00:15:01,204 - INFO - 🚀 启动 GCN 训练线程...
2025-06-12 00:15:01,204 - INFO - 🚀 开始训练 GCN...
2025-06-12 00:15:02,209 - INFO - 🚀 启动 LSTM 训练线程...
2025-06-12 00:15:02,209 - INFO - 🚀 开始训练 LSTM...
2025-06-12 00:15:03,211 - INFO - 🚀 启动 LinearModel 训练线程...
2025-06-12 00:15:03,211 - INFO - 🚀 开始训练 LinearModel...
2025-06-12 00:15:04,214 - INFO - 🚀 启动 STHAN-SR 训练线程...
2025-06-12 00:15:04,214 - INFO - 🚀 开始训练 STHAN-SR...
2025-06-12 00:23:48,394 - INFO - ✅ LinearModel 训练完成! 耗时: 525.2秒
2025-06-12 00:23:48,394 - INFO - 📄 详细日志: ../logs\batch_training_SP500_20250612_001454_LinearModel.log
2025-06-12 00:24:21,035 - INFO - ✅ GCN 训练完成! 耗时: 559.8秒
2025-06-12 00:24:21,036 - INFO - 📄 详细日志: ../logs\batch_training_SP500_20250612_001454_GCN.log
2025-06-12 00:26:07,659 - INFO - ✅ STHAN-SR 训练完成! 耗时: 663.4秒
2025-06-12 00:26:07,659 - INFO - 📄 详细日志: ../logs\batch_training_SP500_20250612_001454_STHAN-SR.log
2025-06-12 00:26:47,892 - INFO - ✅ LSTM 训练完成! 耗时: 705.7秒
2025-06-12 00:26:47,892 - INFO - 📄 详细日志: ../logs\batch_training_SP500_20250612_001454_LSTM.log
2025-06-12 01:35:31,540 - INFO - ✅ StockPredict 训练完成! 耗时: 4831.4秒
2025-06-12 01:35:31,540 - INFO - 📄 详细日志: ../logs\batch_training_SP500_20250612_001454_StockPredict.log
2025-06-12 01:35:31,541 - INFO - 
🏁 所有模型训练完成! 总耗时: 4831.4秒
2025-06-12 01:35:31,541 - INFO - 
📊 步骤3: 汇总结果
2025-06-12 01:35:31,541 - INFO - 
================================================================================
2025-06-12 01:35:31,542 - INFO - 📊 训练结果汇总
2025-06-12 01:35:31,542 - INFO - ================================================================================
2025-06-12 01:35:31,542 - INFO - StockPredict   : ✅ 成功 (耗时: 4831.4s)
2025-06-12 01:35:31,542 - INFO - GCN            : ✅ 成功 (耗时: 559.8s)
2025-06-12 01:35:31,542 - INFO - LSTM           : ✅ 成功 (耗时: 705.7s)
2025-06-12 01:35:31,542 - INFO - LinearModel    : ✅ 成功 (耗时: 525.2s)
2025-06-12 01:35:31,543 - INFO - STHAN-SR       : ✅ 成功 (耗时: 663.4s)
2025-06-12 01:35:31,543 - INFO - --------------------------------------------------------------------------------
2025-06-12 01:35:31,543 - INFO - 总计: 5/5 个模型训练成功
2025-06-12 01:35:31,543 - INFO - 🎉 所有模型训练完成！
2025-06-12 01:35:31,543 - INFO - 📈 结果文件: ../training_results.xlsx
2025-06-12 01:35:31,544 - INFO -    文件大小: 5857 bytes
2025-06-12 01:35:31,544 - INFO -    修改时间: 2025-06-12 01:35:30
2025-06-12 01:35:31,563 - INFO -    记录数量: 5 条
2025-06-12 01:35:31,563 - INFO -    最近结果:
2025-06-12 01:35:31,564 - INFO -      LinearModel: IC=-0.0018
2025-06-12 01:35:31,564 - INFO -      GCN: IC=-0.0064
2025-06-12 01:35:31,565 - INFO -      STHAN-SR: IC=-0.0064
2025-06-12 01:35:31,565 - INFO -      LSTM: IC=-0.0064
2025-06-12 01:35:31,565 - INFO -      StockPredict: IC=0.0080
2025-06-12 01:35:31,566 - INFO - 
🎉 批量训练任务完成!
2025-06-12 01:35:31,566 - INFO - 📄 完整日志保存在: ../logs\batch_training_SP500_20250612_001454.log
