市场为 NYSE，实际加载股票数量更新为: 1008
总交易天数: 1148
根据 60%/20%/_ 分割比例 (已调整为满足最小数据集要求):
训练集天数 (0-indexed, up to valid_index-1): 688 (实际比例: 59.9%)
验证集天数 (valid_index to test_index-1): 230 (实际比例: 20.0%)
测试集天数 (test_index to end): 230 (实际比例: 20.0%)
验证集起始索引 (valid_index): 688
测试集起始索引 (test_index): 918
✅ 数据集分割检查通过
✅ EOD数据已使用训练集的均值和标准差进行标准化
C:\ProgramData\anaconda3\envs\mypytorch\lib\site-packages\torch\optim\lr_scheduler.py:62: UserWarning: The verbose parameter is deprecated. Please use get_last_lr() to access the learning rate.
  warnings.warn(
epoch1##########################################################
Train : loss:8.31e-01  =  8.28e-01 + alpha*3.33e-03
train.py:208: DeprecationWarning: __array__ implementation doesn't accept a copy keyword, so passing copy=False failed. __array__ must implement 'dtype' and 'copy' keyword arguments.
  cur_valid_pred[:, cur_offset - (start_index - lookback_length - steps + 1)] = cur_rr[:, 0].cpu()
train.py:209: DeprecationWarning: __array__ implementation doesn't accept a copy keyword, so passing copy=False failed. __array__ must implement 'dtype' and 'copy' keyword arguments.
  cur_valid_gt[:, cur_offset - (start_index - lookback_length - steps + 1)] = gt_batch[:, 0].cpu()
train.py:210: DeprecationWarning: __array__ implementation doesn't accept a copy keyword, so passing copy=False failed. __array__ must implement 'dtype' and 'copy' keyword arguments.
  cur_valid_mask[:, cur_offset - (start_index - lookback_length - steps + 1)] = mask_batch[:, 0].cpu()
Valid : loss:8.22e-01  =  8.20e-01 + alpha*2.75e-03
Test: loss:1.25e+00  =  1.24e+00 + alpha*3.78e-03
Valid performance:
 mse:8.20e-01, IC:4.10e-03, RIC:7.03e-02, prec@10:5.51e-01, SR:8.96e-01
Test performance:
 mse:1.24e+00, IC:8.04e-03, RIC:1.14e-01, prec@10:5.28e-01, SR:2.61e+00 


epoch2##########################################################
Train : loss:2.12e-01  =  2.11e-01 + alpha*2.09e-03
Valid : loss:6.52e-01  =  6.51e-01 + alpha*2.26e-03
Test: loss:7.94e-01  =  7.91e-01 + alpha*3.36e-03
Valid performance:
 mse:6.51e-01, IC:3.99e-03, RIC:6.86e-02, prec@10:5.60e-01, SR:5.70e-01
Test performance:
 mse:7.91e-01, IC:-1.16e-02, RIC:-1.54e-01, prec@10:5.13e-01, SR:-4.30e-02 


epoch3##########################################################
Train : loss:1.57e-01  =  1.56e-01 + alpha*1.76e-03
Valid : loss:4.95e-01  =  4.93e-01 + alpha*1.97e-03
Test: loss:5.25e-01  =  5.23e-01 + alpha*2.55e-03
Valid performance:
 mse:4.93e-01, IC:2.97e-03, RIC:5.30e-02, prec@10:5.69e-01, SR:1.33e+00
Test performance:
 mse:5.23e-01, IC:-4.92e-04, RIC:-6.70e-03, prec@10:5.27e-01, SR:4.10e-01 


epoch4##########################################################
Train : loss:1.18e-01  =  1.17e-01 + alpha*1.55e-03
Valid : loss:3.90e-01  =  3.88e-01 + alpha*1.77e-03
Test: loss:4.00e-01  =  3.98e-01 + alpha*2.32e-03
Valid performance:
 mse:3.88e-01, IC:4.40e-03, RIC:7.05e-02, prec@10:5.71e-01, SR:8.83e-01
Test performance:
 mse:3.98e-01, IC:3.89e-03, RIC:5.51e-02, prec@10:5.17e-01, SR:1.08e+00 


epoch5##########################################################
Train : loss:1.21e-01  =  1.20e-01 + alpha*1.42e-03
Valid : loss:3.43e-01  =  3.42e-01 + alpha*1.75e-03
Test: loss:3.89e-01  =  3.87e-01 + alpha*2.12e-03
Valid performance:
 mse:3.42e-01, IC:2.33e-03, RIC:4.09e-02, prec@10:5.72e-01, SR:5.07e-01
Test performance:
 mse:3.87e-01, IC:1.00e-02, RIC:1.38e-01, prec@10:5.33e-01, SR:1.94e+00 


epoch6##########################################################
Train : loss:9.42e-02  =  9.31e-02 + alpha*1.40e-03
Valid : loss:2.24e-01  =  2.23e-01 + alpha*1.42e-03
Test: loss:2.76e-01  =  2.74e-01 + alpha*2.07e-03
Valid performance:
 mse:2.23e-01, IC:1.71e-03, RIC:2.52e-02, prec@10:5.68e-01, SR:3.51e-01
Test performance:
 mse:2.74e-01, IC:2.30e-03, RIC:2.84e-02, prec@10:5.19e-01, SR:4.89e-01 


epoch7##########################################################
Train : loss:6.24e-02  =  6.14e-02 + alpha*1.20e-03
Valid : loss:3.34e-01  =  3.33e-01 + alpha*1.60e-03
Test: loss:4.24e-01  =  4.22e-01 + alpha*2.18e-03
Valid performance:
 mse:3.33e-01, IC:1.61e-03, RIC:2.65e-02, prec@10:5.69e-01, SR:-1.61e-02
Test performance:
 mse:4.22e-01, IC:6.26e-03, RIC:6.77e-02, prec@10:5.27e-01, SR:9.50e-01 


epoch8##########################################################
Train : loss:6.20e-02  =  6.11e-02 + alpha*1.09e-03
Valid : loss:1.50e-01  =  1.49e-01 + alpha*1.23e-03
Test: loss:2.23e-01  =  2.21e-01 + alpha*1.69e-03
Valid performance:
 mse:1.49e-01, IC:5.87e-04, RIC:9.86e-03, prec@10:5.69e-01, SR:9.62e-01
Test performance:
 mse:2.21e-01, IC:-2.64e-03, RIC:-3.38e-02, prec@10:5.28e-01, SR:8.11e-01 


epoch9##########################################################
Train : loss:5.25e-02  =  5.16e-02 + alpha*1.04e-03
Valid : loss:1.47e-01  =  1.46e-01 + alpha*1.17e-03
Test: loss:1.59e-01  =  1.57e-01 + alpha*1.50e-03
Valid performance:
 mse:1.46e-01, IC:2.40e-03, RIC:4.03e-02, prec@10:5.81e-01, SR:8.80e-01
Test performance:
 mse:1.57e-01, IC:6.64e-03, RIC:8.28e-02, prec@10:5.22e-01, SR:1.29e+00 


epoch10##########################################################
Train : loss:5.08e-02  =  5.00e-02 + alpha*1.03e-03
Valid : loss:1.18e-01  =  1.17e-01 + alpha*1.08e-03
Test: loss:1.38e-01  =  1.37e-01 + alpha*1.45e-03
Valid performance:
 mse:1.17e-01, IC:1.87e-03, RIC:3.22e-02, prec@10:5.75e-01, SR:7.40e-01
Test performance:
 mse:1.37e-01, IC:5.52e-03, RIC:7.63e-02, prec@10:5.20e-01, SR:1.29e+00 


epoch11##########################################################
Train : loss:3.74e-02  =  3.65e-02 + alpha*1.12e-03
Valid : loss:1.08e-01  =  1.08e-01 + alpha*1.03e-03
Test: loss:1.50e-01  =  1.49e-01 + alpha*1.40e-03
Valid performance:
 mse:1.08e-01, IC:4.36e-03, RIC:6.66e-02, prec@10:5.63e-01, SR:3.98e-01
Test performance:
 mse:1.49e-01, IC:1.13e-02, RIC:1.61e-01, prec@10:5.18e-01, SR:2.10e+00 


epoch12##########################################################
Train : loss:3.63e-02  =  3.56e-02 + alpha*9.01e-04
Valid : loss:9.90e-02  =  9.82e-02 + alpha*1.02e-03
Test: loss:1.14e-01  =  1.13e-01 + alpha*1.39e-03
Valid performance:
 mse:9.82e-02, IC:2.79e-03, RIC:4.24e-02, prec@10:5.71e-01, SR:7.35e-01
Test performance:
 mse:1.13e-01, IC:-4.38e-03, RIC:-5.15e-02, prec@10:5.19e-01, SR:3.82e-01 


epoch13##########################################################
Train : loss:3.82e-02  =  3.75e-02 + alpha*8.94e-04
Valid : loss:9.36e-02  =  9.28e-02 + alpha*9.93e-04
Test: loss:1.02e-01  =  1.01e-01 + alpha*1.33e-03
Valid performance:
 mse:9.28e-02, IC:-3.65e-03, RIC:-5.81e-02, prec@10:5.75e-01, SR:-4.09e-01
Test performance:
 mse:1.01e-01, IC:1.99e-03, RIC:2.43e-02, prec@10:5.27e-01, SR:5.88e-01 


epoch14##########################################################
Train : loss:3.61e-02  =  3.53e-02 + alpha*9.53e-04
Valid : loss:8.28e-02  =  8.20e-02 + alpha*9.69e-04
Test: loss:9.99e-02  =  9.89e-02 + alpha*1.27e-03
Valid performance:
 mse:8.20e-02, IC:-2.85e-03, RIC:-4.67e-02, prec@10:5.71e-01, SR:-4.38e-01
Test performance:
 mse:9.89e-02, IC:4.37e-03, RIC:6.06e-02, prec@10:5.07e-01, SR:1.62e-01 


epoch15##########################################################
Train : loss:3.23e-02  =  3.17e-02 + alpha*8.52e-04
Valid : loss:8.92e-02  =  8.84e-02 + alpha*9.38e-04
Test: loss:9.13e-02  =  9.04e-02 + alpha*1.20e-03
Valid performance:
 mse:8.84e-02, IC:-3.13e-04, RIC:-5.10e-03, prec@10:5.70e-01, SR:8.71e-01
Test performance:
 mse:9.04e-02, IC:4.09e-03, RIC:5.21e-02, prec@10:5.17e-01, SR:1.36e+00 


epoch16##########################################################
Train : loss:3.15e-02  =  3.09e-02 + alpha*8.20e-04
Valid : loss:8.11e-02  =  8.04e-02 + alpha*9.18e-04
Test: loss:1.03e-01  =  1.02e-01 + alpha*1.18e-03
Valid performance:
 mse:8.04e-02, IC:6.94e-04, RIC:1.12e-02, prec@10:5.75e-01, SR:1.61e-01
Test performance:
 mse:1.02e-01, IC:6.46e-03, RIC:8.90e-02, prec@10:5.32e-01, SR:2.16e+00 


epoch17##########################################################
Train : loss:2.78e-02  =  2.71e-02 + alpha*8.00e-04
Valid : loss:7.36e-02  =  7.29e-02 + alpha*8.94e-04
Test: loss:9.17e-02  =  9.07e-02 + alpha*1.13e-03
Valid performance:
 mse:7.29e-02, IC:-7.23e-03, RIC:-1.18e-01, prec@10:5.67e-01, SR:-1.12e+00
Test performance:
 mse:9.07e-02, IC:3.83e-03, RIC:4.97e-02, prec@10:5.26e-01, SR:1.25e+00 


epoch18##########################################################
Train : loss:2.78e-02  =  2.71e-02 + alpha*8.85e-04
Valid : loss:6.38e-02  =  6.31e-02 + alpha*8.72e-04
Test: loss:7.70e-02  =  7.60e-02 + alpha*1.13e-03
Valid performance:
 mse:6.31e-02, IC:-5.20e-03, RIC:-8.11e-02, prec@10:5.70e-01, SR:6.20e-01
Test performance:
 mse:7.60e-02, IC:-1.23e-04, RIC:-1.83e-03, prec@10:4.98e-01, SR:-2.63e-01 


epoch19##########################################################
Train : loss:2.62e-02  =  2.55e-02 + alpha*8.38e-04
Valid : loss:7.21e-02  =  7.14e-02 + alpha*8.52e-04
Test: loss:7.42e-02  =  7.33e-02 + alpha*1.11e-03
Valid performance:
 mse:7.14e-02, IC:5.27e-03, RIC:8.46e-02, prec@10:5.77e-01, SR:-3.39e-01
Test performance:
 mse:7.33e-02, IC:3.19e-03, RIC:4.01e-02, prec@10:5.25e-01, SR:1.41e+00 


epoch20##########################################################
Train : loss:2.71e-02  =  2.64e-02 + alpha*8.60e-04
Valid : loss:6.47e-02  =  6.40e-02 + alpha*8.57e-04
Test: loss:8.39e-02  =  8.30e-02 + alpha*1.19e-03
Valid performance:
 mse:6.40e-02, IC:-2.33e-03, RIC:-3.48e-02, prec@10:5.60e-01, SR:-7.44e-01
Test performance:
 mse:8.30e-02, IC:-2.05e-03, RIC:-2.33e-02, prec@10:5.23e-01, SR:1.84e+00 


epoch21##########################################################
Train : loss:2.41e-02  =  2.34e-02 + alpha*8.67e-04
Valid : loss:5.49e-02  =  5.42e-02 + alpha*8.20e-04
Test: loss:7.30e-02  =  7.21e-02 + alpha*1.12e-03
Valid performance:
 mse:5.42e-02, IC:-4.97e-04, RIC:-7.97e-03, prec@10:5.74e-01, SR:-4.05e-01
Test performance:
 mse:7.21e-02, IC:1.60e-03, RIC:2.30e-02, prec@10:5.15e-01, SR:-2.46e-01 


epoch22##########################################################
Train : loss:2.48e-02  =  2.40e-02 + alpha*9.35e-04
Valid : loss:5.27e-02  =  5.21e-02 + alpha*8.17e-04
Test: loss:7.01e-02  =  6.93e-02 + alpha*1.07e-03
Valid performance:
 mse:5.21e-02, IC:-2.32e-03, RIC:-3.49e-02, prec@10:5.79e-01, SR:2.41e-02
Test performance:
 mse:6.93e-02, IC:2.04e-03, RIC:2.53e-02, prec@10:5.20e-01, SR:8.33e-01 


epoch23##########################################################
Train : loss:2.31e-02  =  2.25e-02 + alpha*7.56e-04
Valid : loss:6.10e-02  =  6.03e-02 + alpha*8.24e-04
Test: loss:8.80e-02  =  8.71e-02 + alpha*1.15e-03
Valid performance:
 mse:6.03e-02, IC:-3.67e-04, RIC:-5.77e-03, prec@10:5.89e-01, SR:2.88e-01
Test performance:
 mse:8.71e-02, IC:1.71e-03, RIC:2.22e-02, prec@10:5.35e-01, SR:1.41e+00 


epoch24##########################################################
Train : loss:2.20e-02  =  2.14e-02 + alpha*7.51e-04
Valid : loss:6.14e-02  =  6.08e-02 + alpha*8.12e-04
Test: loss:6.51e-02  =  6.43e-02 + alpha*1.01e-03
Valid performance:
 mse:6.08e-02, IC:6.16e-04, RIC:9.28e-03, prec@10:5.73e-01, SR:-6.78e-01
Test performance:
 mse:6.43e-02, IC:7.60e-03, RIC:9.87e-02, prec@10:5.31e-01, SR:1.38e+00 


epoch25##########################################################
Train : loss:2.24e-02  =  2.19e-02 + alpha*7.37e-04
Valid : loss:4.73e-02  =  4.67e-02 + alpha*7.91e-04
Test: loss:6.36e-02  =  6.27e-02 + alpha*1.05e-03
Valid performance:
 mse:4.67e-02, IC:-1.91e-03, RIC:-3.01e-02, prec@10:5.74e-01, SR:4.22e-01
Test performance:
 mse:6.27e-02, IC:6.35e-03, RIC:7.31e-02, prec@10:5.26e-01, SR:1.95e+00 


epoch26##########################################################
Train : loss:2.17e-02  =  2.11e-02 + alpha*7.24e-04
Valid : loss:6.11e-02  =  6.05e-02 + alpha*7.90e-04
Test: loss:6.68e-02  =  6.60e-02 + alpha*1.04e-03
Valid performance:
 mse:6.05e-02, IC:-1.63e-03, RIC:-2.55e-02, prec@10:5.76e-01, SR:4.82e-01
Test performance:
 mse:6.60e-02, IC:2.97e-03, RIC:3.63e-02, prec@10:5.23e-01, SR:1.08e+00 


epoch27##########################################################
Train : loss:2.04e-02  =  1.98e-02 + alpha*7.24e-04
Valid : loss:4.83e-02  =  4.76e-02 + alpha*7.90e-04
Test: loss:6.54e-02  =  6.46e-02 + alpha*1.00e-03
Valid performance:
 mse:4.76e-02, IC:-2.34e-04, RIC:-3.44e-03, prec@10:5.61e-01, SR:-1.20e-01
Test performance:
 mse:6.46e-02, IC:4.55e-03, RIC:6.76e-02, prec@10:5.26e-01, SR:-8.52e-02 


epoch28##########################################################
Train : loss:2.12e-02  =  2.06e-02 + alpha*7.14e-04
Valid : loss:5.10e-02  =  5.04e-02 + alpha*7.79e-04
Test: loss:6.05e-02  =  5.97e-02 + alpha*9.73e-04
Valid performance:
 mse:5.04e-02, IC:-3.10e-03, RIC:-5.18e-02, prec@10:5.66e-01, SR:-7.59e-01
Test performance:
 mse:5.97e-02, IC:5.50e-03, RIC:7.50e-02, prec@10:5.29e-01, SR:1.29e+00 


epoch29##########################################################
Train : loss:2.14e-02  =  2.08e-02 + alpha*7.27e-04
Valid : loss:5.29e-02  =  5.23e-02 + alpha*7.76e-04
Test: loss:6.58e-02  =  6.50e-02 + alpha*9.85e-04
Valid performance:
 mse:5.23e-02, IC:4.82e-03, RIC:7.79e-02, prec@10:5.81e-01, SR:-8.28e-01
Test performance:
 mse:6.50e-02, IC:1.40e-03, RIC:1.91e-02, prec@10:5.15e-01, SR:7.35e-01 


epoch30##########################################################
Train : loss:2.03e-02  =  1.97e-02 + alpha*7.77e-04
Valid : loss:6.19e-02  =  6.12e-02 + alpha*8.09e-04
Test: loss:6.38e-02  =  6.30e-02 + alpha*1.00e-03
Valid performance:
 mse:6.12e-02, IC:-6.47e-04, RIC:-9.78e-03, prec@10:5.74e-01, SR:-1.16e-01
Test performance:
 mse:6.30e-02, IC:2.76e-03, RIC:3.92e-02, prec@10:5.15e-01, SR:7.73e-01 


epoch31##########################################################
Train : loss:1.93e-02  =  1.87e-02 + alpha*8.11e-04
Valid : loss:5.11e-02  =  5.05e-02 + alpha*7.39e-04
Test: loss:5.52e-02  =  5.44e-02 + alpha*1.02e-03
Valid performance:
 mse:5.05e-02, IC:5.33e-03, RIC:8.01e-02, prec@10:5.84e-01, SR:1.45e+00
Test performance:
 mse:5.44e-02, IC:2.41e-03, RIC:2.91e-02, prec@10:5.24e-01, SR:2.49e+00 


epoch32##########################################################
Train : loss:2.03e-02  =  1.97e-02 + alpha*7.15e-04
Valid : loss:5.33e-02  =  5.27e-02 + alpha*7.58e-04
Test: loss:5.26e-02  =  5.19e-02 + alpha*9.61e-04
Valid performance:
 mse:5.27e-02, IC:1.98e-03, RIC:3.17e-02, prec@10:5.80e-01, SR:7.36e-01
Test performance:
 mse:5.19e-02, IC:-2.12e-03, RIC:-2.94e-02, prec@10:5.18e-01, SR:9.15e-01 


epoch33##########################################################
Train : loss:1.88e-02  =  1.82e-02 + alpha*7.14e-04
Valid : loss:4.34e-02  =  4.28e-02 + alpha*7.44e-04
Test: loss:5.67e-02  =  5.59e-02 + alpha*9.79e-04
Valid performance:
 mse:4.28e-02, IC:-2.40e-03, RIC:-3.88e-02, prec@10:5.77e-01, SR:-6.92e-01
Test performance:
 mse:5.59e-02, IC:7.28e-04, RIC:9.04e-03, prec@10:5.28e-01, SR:9.20e-01 


epoch34##########################################################
Train : loss:1.86e-02  =  1.81e-02 + alpha*6.95e-04
Valid : loss:5.31e-02  =  5.25e-02 + alpha*7.43e-04
Test: loss:5.68e-02  =  5.61e-02 + alpha*9.79e-04
Valid performance:
 mse:5.25e-02, IC:-1.70e-03, RIC:-3.21e-02, prec@10:5.62e-01, SR:-7.43e-01
Test performance:
 mse:5.61e-02, IC:-1.93e-03, RIC:-2.50e-02, prec@10:5.32e-01, SR:1.50e+00 


epoch35##########################################################
Train : loss:1.73e-02  =  1.68e-02 + alpha*6.79e-04
Valid : loss:4.83e-02  =  4.77e-02 + alpha*7.41e-04
Test: loss:5.07e-02  =  4.99e-02 + alpha*9.35e-04
Valid performance:
 mse:4.77e-02, IC:-1.03e-03, RIC:-1.83e-02, prec@10:5.64e-01, SR:-1.30e+00
Test performance:
 mse:4.99e-02, IC:4.44e-03, RIC:6.10e-02, prec@10:5.10e-01, SR:7.81e-01 


epoch36##########################################################
Train : loss:1.81e-02  =  1.76e-02 + alpha*6.88e-04
Valid : loss:5.37e-02  =  5.31e-02 + alpha*7.53e-04
Test: loss:5.13e-02  =  5.05e-02 + alpha*9.57e-04
Valid performance:
 mse:5.31e-02, IC:1.84e-03, RIC:3.07e-02, prec@10:5.77e-01, SR:-7.19e-02
Test performance:
 mse:5.05e-02, IC:2.95e-03, RIC:3.79e-02, prec@10:5.21e-01, SR:7.56e-01 


epoch37##########################################################
Train : loss:1.82e-02  =  1.76e-02 + alpha*6.98e-04
Valid : loss:4.46e-02  =  4.40e-02 + alpha*7.32e-04
Test: loss:5.40e-02  =  5.33e-02 + alpha*9.06e-04
Valid performance:
 mse:4.40e-02, IC:3.24e-04, RIC:5.22e-03, prec@10:5.80e-01, SR:1.43e+00
Test performance:
 mse:5.33e-02, IC:9.18e-03, RIC:1.21e-01, prec@10:5.32e-01, SR:2.34e+00 


epoch38##########################################################
Train : loss:1.85e-02  =  1.79e-02 + alpha*7.35e-04
Valid : loss:4.86e-02  =  4.81e-02 + alpha*7.33e-04
Test: loss:5.00e-02  =  4.92e-02 + alpha*9.28e-04
Valid performance:
 mse:4.81e-02, IC:1.20e-03, RIC:1.84e-02, prec@10:5.65e-01, SR:-5.41e-01
Test performance:
 mse:4.92e-02, IC:6.52e-03, RIC:9.10e-02, prec@10:5.23e-01, SR:1.45e+00 


epoch39##########################################################
Train : loss:1.84e-02  =  1.79e-02 + alpha*6.72e-04
Valid : loss:4.15e-02  =  4.10e-02 + alpha*7.23e-04
Test: loss:5.08e-02  =  5.00e-02 + alpha*9.34e-04
Valid performance:
 mse:4.10e-02, IC:-1.85e-03, RIC:-2.99e-02, prec@10:5.67e-01, SR:7.21e-01
Test performance:
 mse:5.00e-02, IC:2.96e-03, RIC:3.84e-02, prec@10:5.20e-01, SR:8.31e-01 


epoch40##########################################################
Train : loss:1.76e-02  =  1.70e-02 + alpha*6.83e-04
Valid : loss:4.52e-02  =  4.46e-02 + alpha*7.12e-04
Test: loss:5.07e-02  =  4.99e-02 + alpha*9.47e-04
Valid performance:
 mse:4.46e-02, IC:7.35e-03, RIC:1.25e-01, prec@10:5.81e-01, SR:2.72e-01
Test performance:
 mse:4.99e-02, IC:6.56e-04, RIC:7.65e-03, prec@10:5.21e-01, SR:9.52e-01 


epoch41##########################################################
Train : loss:1.85e-02  =  1.80e-02 + alpha*6.71e-04
Valid : loss:4.75e-02  =  4.70e-02 + alpha*7.23e-04
Test: loss:5.11e-02  =  5.04e-02 + alpha*9.14e-04
Valid performance:
 mse:4.70e-02, IC:-3.70e-04, RIC:-7.14e-03, prec@10:5.74e-01, SR:-2.49e-01
Test performance:
 mse:5.04e-02, IC:7.90e-03, RIC:1.10e-01, prec@10:5.26e-01, SR:1.38e+00 


epoch42##########################################################
Train : loss:1.70e-02  =  1.65e-02 + alpha*7.20e-04
Valid : loss:3.83e-02  =  3.77e-02 + alpha*7.04e-04
Test: loss:5.39e-02  =  5.32e-02 + alpha*9.21e-04
Valid performance:
 mse:3.77e-02, IC:7.20e-03, RIC:1.14e-01, prec@10:5.79e-01, SR:7.98e-01
Test performance:
 mse:5.32e-02, IC:2.93e-03, RIC:3.96e-02, prec@10:5.33e-01, SR:1.41e+00 


epoch43##########################################################
Train : loss:1.80e-02  =  1.75e-02 + alpha*6.96e-04
Valid : loss:5.15e-02  =  5.09e-02 + alpha*7.17e-04
Test: loss:5.61e-02  =  5.53e-02 + alpha*9.81e-04
Valid performance:
 mse:5.09e-02, IC:4.53e-03, RIC:7.68e-02, prec@10:5.75e-01, SR:9.02e-01
Test performance:
 mse:5.53e-02, IC:-9.18e-03, RIC:-1.29e-01, prec@10:5.00e-01, SR:-7.29e-01 


epoch44##########################################################
Train : loss:1.45e-02  =  1.40e-02 + alpha*6.66e-04
Valid : loss:3.91e-02  =  3.86e-02 + alpha*6.95e-04
Test: loss:4.91e-02  =  4.83e-02 + alpha*9.66e-04
Valid performance:
 mse:3.86e-02, IC:2.44e-04, RIC:4.16e-03, prec@10:5.67e-01, SR:4.50e-01
Test performance:
 mse:4.83e-02, IC:-5.05e-03, RIC:-6.10e-02, prec@10:5.18e-01, SR:6.50e-01 


epoch45##########################################################
Train : loss:1.60e-02  =  1.54e-02 + alpha*7.23e-04
Valid : loss:3.83e-02  =  3.77e-02 + alpha*7.25e-04
Test: loss:4.81e-02  =  4.74e-02 + alpha*9.58e-04
Valid performance:
 mse:3.77e-02, IC:-6.27e-03, RIC:-1.05e-01, prec@10:5.65e-01, SR:-1.58e+00
Test performance:
 mse:4.74e-02, IC:-7.44e-04, RIC:-8.65e-03, prec@10:5.13e-01, SR:1.67e+00 


epoch46##########################################################
Train : loss:1.88e-02  =  1.83e-02 + alpha*6.85e-04
Valid : loss:3.83e-02  =  3.77e-02 + alpha*6.99e-04
Test: loss:4.47e-02  =  4.40e-02 + alpha*8.74e-04
Valid performance:
 mse:3.77e-02, IC:3.59e-03, RIC:5.60e-02, prec@10:5.63e-01, SR:7.26e-02
Test performance:
 mse:4.40e-02, IC:1.25e-02, RIC:1.62e-01, prec@10:5.38e-01, SR:2.08e+00 


epoch47##########################################################
Train : loss:1.62e-02  =  1.57e-02 + alpha*6.67e-04
Valid : loss:3.59e-02  =  3.53e-02 + alpha*7.01e-04
Test: loss:5.32e-02  =  5.25e-02 + alpha*9.35e-04
Valid performance:
 mse:3.53e-02, IC:-5.12e-03, RIC:-8.12e-02, prec@10:5.81e-01, SR:-4.56e-01
Test performance:
 mse:5.25e-02, IC:5.55e-03, RIC:7.21e-02, prec@10:5.15e-01, SR:1.85e+00 


epoch48##########################################################
Train : loss:1.68e-02  =  1.62e-02 + alpha*6.88e-04
Valid : loss:4.14e-02  =  4.09e-02 + alpha*7.07e-04
Test: loss:4.91e-02  =  4.84e-02 + alpha*9.15e-04
Valid performance:
 mse:4.09e-02, IC:-1.49e-03, RIC:-2.38e-02, prec@10:5.70e-01, SR:3.83e-01
Test performance:
 mse:4.84e-02, IC:7.32e-03, RIC:8.96e-02, prec@10:5.19e-01, SR:1.61e+00 


epoch49##########################################################
Train : loss:1.70e-02  =  1.65e-02 + alpha*6.89e-04
Valid : loss:3.88e-02  =  3.82e-02 + alpha*6.89e-04
Test: loss:4.56e-02  =  4.48e-02 + alpha*8.84e-04
Valid performance:
 mse:3.82e-02, IC:2.18e-03, RIC:3.65e-02, prec@10:5.75e-01, SR:2.37e-01
Test performance:
 mse:4.48e-02, IC:4.61e-03, RIC:6.32e-02, prec@10:5.14e-01, SR:1.81e+00 


epoch50##########################################################
Train : loss:1.66e-02  =  1.60e-02 + alpha*6.65e-04
Valid : loss:3.67e-02  =  3.61e-02 + alpha*7.09e-04
Test: loss:4.77e-02  =  4.70e-02 + alpha*9.24e-04
Valid performance:
 mse:3.61e-02, IC:-3.78e-03, RIC:-6.06e-02, prec@10:5.62e-01, SR:-7.21e-01
Test performance:
 mse:4.70e-02, IC:3.03e-03, RIC:4.42e-02, prec@10:5.21e-01, SR:1.12e+00 


epoch51##########################################################
Train : loss:1.86e-02  =  1.81e-02 + alpha*7.18e-04
Valid : loss:4.09e-02  =  4.04e-02 + alpha*7.12e-04
Test: loss:5.67e-02  =  5.59e-02 + alpha*9.53e-04
Valid performance:
 mse:4.04e-02, IC:-4.16e-03, RIC:-5.32e-02, prec@10:5.62e-01, SR:-1.94e-01
Test performance:
 mse:5.59e-02, IC:3.50e-03, RIC:4.64e-02, prec@10:5.26e-01, SR:6.95e-01 


epoch52##########################################################
Train : loss:1.63e-02  =  1.58e-02 + alpha*6.61e-04
Valid : loss:3.64e-02  =  3.58e-02 + alpha*7.02e-04
Test: loss:4.65e-02  =  4.58e-02 + alpha*8.94e-04
Valid performance:
 mse:3.58e-02, IC:-2.62e-03, RIC:-4.04e-02, prec@10:5.62e-01, SR:-5.19e-01
Test performance:
 mse:4.58e-02, IC:5.17e-03, RIC:6.77e-02, prec@10:5.30e-01, SR:1.37e+00 


epoch53##########################################################
Train : loss:1.66e-02  =  1.61e-02 + alpha*6.55e-04
Valid : loss:3.57e-02  =  3.51e-02 + alpha*6.95e-04
Test: loss:4.31e-02  =  4.24e-02 + alpha*8.95e-04
Valid performance:
 mse:3.51e-02, IC:-3.40e-03, RIC:-4.98e-02, prec@10:5.82e-01, SR:-8.83e-01
Test performance:
 mse:4.24e-02, IC:4.95e-03, RIC:6.47e-02, prec@10:5.30e-01, SR:1.94e+00 


epoch54##########################################################
Train : loss:1.79e-02  =  1.73e-02 + alpha*7.54e-04
Valid : loss:4.35e-02  =  4.29e-02 + alpha*7.07e-04
Test: loss:3.82e-02  =  3.75e-02 + alpha*9.05e-04
Valid performance:
 mse:4.29e-02, IC:-2.64e-03, RIC:-4.69e-02, prec@10:5.61e-01, SR:-5.60e-01
Test performance:
 mse:3.75e-02, IC:-2.44e-03, RIC:-3.10e-02, prec@10:5.30e-01, SR:3.98e-01 


epoch55##########################################################
Train : loss:1.57e-02  =  1.52e-02 + alpha*7.32e-04
Valid : loss:3.99e-02  =  3.93e-02 + alpha*6.84e-04
Test: loss:4.70e-02  =  4.63e-02 + alpha*8.98e-04
Valid performance:
 mse:3.93e-02, IC:4.53e-03, RIC:7.37e-02, prec@10:5.72e-01, SR:7.05e-01
Test performance:
 mse:4.63e-02, IC:2.87e-03, RIC:3.70e-02, prec@10:5.21e-01, SR:9.96e-01 


epoch56##########################################################
Train : loss:1.62e-02  =  1.56e-02 + alpha*6.84e-04
Valid : loss:4.36e-02  =  4.31e-02 + alpha*7.13e-04
Test: loss:4.49e-02  =  4.41e-02 + alpha*9.12e-04
Valid performance:
 mse:4.31e-02, IC:-4.02e-03, RIC:-6.55e-02, prec@10:5.57e-01, SR:-4.19e-01
Test performance:
 mse:4.41e-02, IC:7.61e-03, RIC:1.02e-01, prec@10:5.24e-01, SR:1.36e+00 


epoch57##########################################################
Train : loss:1.73e-02  =  1.67e-02 + alpha*7.68e-04
Valid : loss:3.65e-02  =  3.59e-02 + alpha*6.96e-04
Test: loss:4.60e-02  =  4.53e-02 + alpha*9.19e-04
Valid performance:
 mse:3.59e-02, IC:-2.24e-03, RIC:-3.64e-02, prec@10:5.70e-01, SR:-1.67e+00
Test performance:
 mse:4.53e-02, IC:-3.80e-03, RIC:-4.47e-02, prec@10:5.26e-01, SR:1.24e+00 


epoch58##########################################################
Train : loss:1.81e-02  =  1.75e-02 + alpha*6.68e-04
Valid : loss:4.26e-02  =  4.20e-02 + alpha*6.88e-04
Test: loss:4.71e-02  =  4.64e-02 + alpha*9.27e-04
Valid performance:
 mse:4.20e-02, IC:1.75e-03, RIC:2.94e-02, prec@10:5.91e-01, SR:7.68e-01
Test performance:
 mse:4.64e-02, IC:-5.66e-03, RIC:-8.28e-02, prec@10:5.13e-01, SR:7.37e-02 


epoch59##########################################################
Train : loss:1.78e-02  =  1.73e-02 + alpha*6.57e-04
Valid : loss:3.55e-02  =  3.50e-02 + alpha*7.09e-04
Test: loss:4.45e-02  =  4.38e-02 + alpha*8.70e-04
Valid performance:
 mse:3.50e-02, IC:-6.48e-03, RIC:-8.63e-02, prec@10:5.55e-01, SR:-1.45e+00
Test performance:
 mse:4.38e-02, IC:8.22e-03, RIC:1.01e-01, prec@10:5.12e-01, SR:1.48e+00 


epoch60##########################################################
Train : loss:1.69e-02  =  1.64e-02 + alpha*6.81e-04
Valid : loss:4.74e-02  =  4.68e-02 + alpha*6.94e-04
Test: loss:4.05e-02  =  3.98e-02 + alpha*9.26e-04
Valid performance:
 mse:4.68e-02, IC:5.27e-03, RIC:9.57e-02, prec@10:5.72e-01, SR:1.41e+00
Test performance:
 mse:3.98e-02, IC:-3.05e-04, RIC:-3.47e-03, prec@10:5.30e-01, SR:1.32e+00 


epoch61##########################################################
Train : loss:1.71e-02  =  1.65e-02 + alpha*6.92e-04
Valid : loss:3.83e-02  =  3.77e-02 + alpha*7.07e-04
Test: loss:4.31e-02  =  4.24e-02 + alpha*9.10e-04
Valid performance:
 mse:3.77e-02, IC:-4.31e-03, RIC:-6.53e-02, prec@10:5.66e-01, SR:-1.66e+00
Test performance:
 mse:4.24e-02, IC:1.77e-03, RIC:2.38e-02, prec@10:5.34e-01, SR:1.26e+00 


epoch62##########################################################
Train : loss:1.57e-02  =  1.52e-02 + alpha*6.58e-04
Valid : loss:4.06e-02  =  4.01e-02 + alpha*7.06e-04
Test: loss:4.40e-02  =  4.33e-02 + alpha*9.09e-04
Valid performance:
 mse:4.01e-02, IC:1.54e-03, RIC:2.43e-02, prec@10:5.60e-01, SR:-1.86e-01
Test performance:
 mse:4.33e-02, IC:-1.21e-03, RIC:-1.71e-02, prec@10:5.27e-01, SR:1.29e+00 


epoch63##########################################################
Train : loss:1.57e-02  =  1.51e-02 + alpha*6.51e-04
Valid : loss:4.34e-02  =  4.29e-02 + alpha*7.09e-04
Test: loss:4.57e-02  =  4.50e-02 + alpha*8.71e-04
Valid performance:
 mse:4.29e-02, IC:-5.83e-03, RIC:-9.03e-02, prec@10:5.71e-01, SR:-3.34e-01
Test performance:
 mse:4.50e-02, IC:6.25e-03, RIC:8.30e-02, prec@10:5.31e-01, SR:1.32e+00 


epoch64##########################################################
Train : loss:1.71e-02  =  1.65e-02 + alpha*7.66e-04
Valid : loss:3.82e-02  =  3.77e-02 + alpha*6.80e-04
Test: loss:4.91e-02  =  4.84e-02 + alpha*8.89e-04
Valid performance:
 mse:3.77e-02, IC:2.08e-03, RIC:3.21e-02, prec@10:5.69e-01, SR:-1.17e+00
Test performance:
 mse:4.84e-02, IC:-1.67e-03, RIC:-2.28e-02, prec@10:5.17e-01, SR:5.68e-01 


epoch65##########################################################
Train : loss:1.54e-02  =  1.49e-02 + alpha*6.60e-04
Valid : loss:3.25e-02  =  3.20e-02 + alpha*6.79e-04
Test: loss:4.06e-02  =  4.00e-02 + alpha*8.67e-04
Valid performance:
 mse:3.20e-02, IC:-2.06e-04, RIC:-3.34e-03, prec@10:5.67e-01, SR:-8.48e-01
Test performance:
 mse:4.00e-02, IC:4.99e-03, RIC:7.77e-02, prec@10:5.29e-01, SR:2.05e+00 


epoch66##########################################################
Train : loss:1.64e-02  =  1.58e-02 + alpha*7.12e-04
Valid : loss:4.11e-02  =  4.05e-02 + alpha*7.00e-04
Test: loss:4.63e-02  =  4.56e-02 + alpha*8.89e-04
Valid performance:
 mse:4.05e-02, IC:-3.17e-03, RIC:-4.47e-02, prec@10:5.72e-01, SR:-2.20e-01
Test performance:
 mse:4.56e-02, IC:4.38e-03, RIC:6.07e-02, prec@10:5.25e-01, SR:1.71e+00 


epoch67##########################################################
Train : loss:1.63e-02  =  1.57e-02 + alpha*6.83e-04
Valid : loss:3.99e-02  =  3.94e-02 + alpha*6.82e-04
Test: loss:4.57e-02  =  4.49e-02 + alpha*9.34e-04
Valid performance:
 mse:3.94e-02, IC:3.00e-03, RIC:4.59e-02, prec@10:5.83e-01, SR:2.33e-01
Test performance:
 mse:4.49e-02, IC:4.54e-03, RIC:5.11e-02, prec@10:5.15e-01, SR:1.47e+00 


epoch68##########################################################
Train : loss:1.75e-02  =  1.70e-02 + alpha*6.56e-04
Valid : loss:4.22e-02  =  4.16e-02 + alpha*6.97e-04
Test: loss:4.58e-02  =  4.50e-02 + alpha*9.22e-04
Valid performance:
 mse:4.16e-02, IC:-5.16e-04, RIC:-8.76e-03, prec@10:5.65e-01, SR:-3.26e-01
Test performance:
 mse:4.50e-02, IC:4.28e-03, RIC:6.43e-02, prec@10:5.29e-01, SR:8.24e-01 


epoch69##########################################################
Train : loss:1.68e-02  =  1.63e-02 + alpha*6.85e-04
Valid : loss:3.42e-02  =  3.36e-02 + alpha*6.89e-04
Test: loss:4.46e-02  =  4.39e-02 + alpha*8.95e-04
Valid performance:
 mse:3.36e-02, IC:7.10e-04, RIC:1.15e-02, prec@10:5.75e-01, SR:-5.56e-01
Test performance:
 mse:4.39e-02, IC:1.25e-03, RIC:1.68e-02, prec@10:5.18e-01, SR:1.05e+00 


epoch70##########################################################
Train : loss:1.67e-02  =  1.62e-02 + alpha*6.78e-04
Valid : loss:3.41e-02  =  3.36e-02 + alpha*6.84e-04
Test: loss:4.38e-02  =  4.31e-02 + alpha*9.07e-04
Valid performance:
 mse:3.36e-02, IC:3.20e-03, RIC:4.84e-02, prec@10:5.62e-01, SR:-8.30e-01
Test performance:
 mse:4.31e-02, IC:2.24e-03, RIC:2.77e-02, prec@10:5.23e-01, SR:1.53e+00 


epoch71##########################################################
Train : loss:1.65e-02  =  1.59e-02 + alpha*6.99e-04
Valid : loss:3.57e-02  =  3.51e-02 + alpha*6.88e-04
Test: loss:4.84e-02  =  4.77e-02 + alpha*9.37e-04
Valid performance:
 mse:3.51e-02, IC:-4.19e-03, RIC:-6.81e-02, prec@10:5.67e-01, SR:-8.03e-01
Test performance:
 mse:4.77e-02, IC:7.52e-04, RIC:9.97e-03, prec@10:5.19e-01, SR:7.27e-01 


epoch72##########################################################
Train : loss:1.84e-02  =  1.79e-02 + alpha*6.74e-04
Valid : loss:3.91e-02  =  3.85e-02 + alpha*6.90e-04
Test: loss:4.71e-02  =  4.64e-02 + alpha*9.03e-04
Valid performance:
 mse:3.85e-02, IC:-1.49e-03, RIC:-2.33e-02, prec@10:5.67e-01, SR:-5.08e-01
Test performance:
 mse:4.64e-02, IC:3.24e-03, RIC:4.10e-02, prec@10:5.18e-01, SR:1.36e+00 


epoch73##########################################################
Train : loss:1.65e-02  =  1.58e-02 + alpha*8.33e-04
Valid : loss:3.92e-02  =  3.86e-02 + alpha*6.93e-04
Test: loss:4.38e-02  =  4.30e-02 + alpha*9.16e-04
Valid performance:
 mse:3.86e-02, IC:8.80e-04, RIC:1.43e-02, prec@10:5.57e-01, SR:6.39e-01
Test performance:
 mse:4.30e-02, IC:1.48e-04, RIC:2.20e-03, prec@10:5.10e-01, SR:1.56e-01 


epoch74##########################################################
Train : loss:1.58e-02  =  1.51e-02 + alpha*8.55e-04
Valid : loss:3.83e-02  =  3.78e-02 + alpha*6.88e-04
Test: loss:4.38e-02  =  4.31e-02 + alpha*9.31e-04
Valid performance:
 mse:3.78e-02, IC:1.33e-03, RIC:2.39e-02, prec@10:5.72e-01, SR:3.12e-01
Test performance:
 mse:4.31e-02, IC:-5.96e-03, RIC:-7.59e-02, prec@10:5.19e-01, SR:5.52e-01 


epoch75##########################################################
Train : loss:1.80e-02  =  1.74e-02 + alpha*7.61e-04
Valid : loss:3.64e-02  =  3.59e-02 + alpha*6.98e-04
Test: loss:4.28e-02  =  4.21e-02 + alpha*9.55e-04
Valid performance:
 mse:3.59e-02, IC:4.72e-04, RIC:6.94e-03, prec@10:5.82e-01, SR:-6.94e-01
Test performance:
 mse:4.21e-02, IC:-7.28e-04, RIC:-8.02e-03, prec@10:5.23e-01, SR:5.89e-01 


epoch76##########################################################
Train : loss:1.73e-02  =  1.67e-02 + alpha*7.49e-04
Valid : loss:3.80e-02  =  3.75e-02 + alpha*7.01e-04
Test: loss:4.52e-02  =  4.44e-02 + alpha*9.33e-04
Valid performance:
 mse:3.75e-02, IC:-3.38e-03, RIC:-5.38e-02, prec@10:5.65e-01, SR:-1.01e+00
Test performance:
 mse:4.44e-02, IC:4.15e-04, RIC:4.94e-03, prec@10:5.14e-01, SR:5.03e-01 


epoch77##########################################################
Train : loss:1.69e-02  =  1.63e-02 + alpha*6.74e-04
Valid : loss:3.64e-02  =  3.59e-02 + alpha*6.82e-04
Test: loss:4.26e-02  =  4.18e-02 + alpha*9.47e-04
Valid performance:
 mse:3.59e-02, IC:5.24e-04, RIC:8.79e-03, prec@10:5.63e-01, SR:-5.41e-02
Test performance:
 mse:4.18e-02, IC:-2.54e-03, RIC:-3.15e-02, prec@10:5.11e-01, SR:1.62e-01 


epoch78##########################################################
Train : loss:1.71e-02  =  1.66e-02 + alpha*6.74e-04
Valid : loss:3.61e-02  =  3.55e-02 + alpha*6.96e-04
Test: loss:4.50e-02  =  4.42e-02 + alpha*9.09e-04
Valid performance:
 mse:3.55e-02, IC:1.65e-04, RIC:2.62e-03, prec@10:5.69e-01, SR:-7.44e-01
Test performance:
 mse:4.42e-02, IC:-1.61e-03, RIC:-2.03e-02, prec@10:5.24e-01, SR:4.82e-01 


epoch79##########################################################
Train : loss:1.49e-02  =  1.44e-02 + alpha*6.61e-04
Valid : loss:3.85e-02  =  3.79e-02 + alpha*6.98e-04
Test: loss:5.36e-02  =  5.29e-02 + alpha*8.71e-04
Valid performance:
 mse:3.79e-02, IC:-2.66e-03, RIC:-5.07e-02, prec@10:5.69e-01, SR:3.27e-01
Test performance:
 mse:5.29e-02, IC:7.54e-03, RIC:1.08e-01, prec@10:5.30e-01, SR:1.61e+00 


epoch80##########################################################
Train : loss:1.66e-02  =  1.60e-02 + alpha*6.95e-04
Valid : loss:3.88e-02  =  3.82e-02 + alpha*7.12e-04
Test: loss:4.89e-02  =  4.82e-02 + alpha*9.06e-04
Valid performance:
 mse:3.82e-02, IC:-2.61e-03, RIC:-4.17e-02, prec@10:5.79e-01, SR:-1.02e+00
Test performance:
 mse:4.82e-02, IC:-1.54e-04, RIC:-2.06e-03, prec@10:5.25e-01, SR:1.25e+00 


epoch81##########################################################
Train : loss:1.85e-02  =  1.79e-02 + alpha*7.33e-04
Valid : loss:3.94e-02  =  3.88e-02 + alpha*7.04e-04
Test: loss:4.70e-02  =  4.63e-02 + alpha*9.06e-04
Valid performance:
 mse:3.88e-02, IC:1.19e-04, RIC:2.14e-03, prec@10:5.77e-01, SR:-6.63e-02
Test performance:
 mse:4.63e-02, IC:3.07e-03, RIC:3.70e-02, prec@10:5.21e-01, SR:4.51e-01 


epoch82##########################################################
Train : loss:1.67e-02  =  1.61e-02 + alpha*6.60e-04
Valid : loss:3.63e-02  =  3.57e-02 + alpha*6.91e-04
Test: loss:4.53e-02  =  4.45e-02 + alpha*9.28e-04
Valid performance:
 mse:3.57e-02, IC:1.43e-03, RIC:2.24e-02, prec@10:5.70e-01, SR:-1.03e+00
Test performance:
 mse:4.45e-02, IC:-3.76e-04, RIC:-4.80e-03, prec@10:5.28e-01, SR:4.29e-01 


epoch83##########################################################
Train : loss:1.57e-02  =  1.51e-02 + alpha*7.45e-04
Valid : loss:3.65e-02  =  3.59e-02 + alpha*6.94e-04
Test: loss:4.16e-02  =  4.09e-02 + alpha*9.01e-04
Valid performance:
 mse:3.59e-02, IC:-1.65e-03, RIC:-2.80e-02, prec@10:5.72e-01, SR:5.91e-01
Test performance:
 mse:4.09e-02, IC:3.18e-03, RIC:4.01e-02, prec@10:5.23e-01, SR:6.96e-01 


epoch84##########################################################
Train : loss:1.50e-02  =  1.45e-02 + alpha*6.43e-04
Valid : loss:3.84e-02  =  3.79e-02 + alpha*6.91e-04
Test: loss:4.30e-02  =  4.23e-02 + alpha*9.09e-04
Valid performance:
 mse:3.79e-02, IC:2.77e-03, RIC:4.45e-02, prec@10:5.71e-01, SR:1.82e-01
Test performance:
 mse:4.23e-02, IC:3.23e-03, RIC:4.15e-02, prec@10:5.19e-01, SR:1.29e+00 


epoch85##########################################################
Train : loss:1.68e-02  =  1.61e-02 + alpha*8.12e-04
Valid : loss:4.00e-02  =  3.94e-02 + alpha*6.81e-04
Test: loss:4.33e-02  =  4.26e-02 + alpha*8.82e-04
Valid performance:
 mse:3.94e-02, IC:2.94e-03, RIC:4.63e-02, prec@10:5.78e-01, SR:1.25e+00
Test performance:
 mse:4.26e-02, IC:1.36e-03, RIC:1.97e-02, prec@10:5.23e-01, SR:1.02e+00 


epoch86##########################################################
Train : loss:1.46e-02  =  1.41e-02 + alpha*6.77e-04
Valid : loss:3.75e-02  =  3.70e-02 + alpha*6.79e-04
Test: loss:4.58e-02  =  4.51e-02 + alpha*9.11e-04
Valid performance:
 mse:3.70e-02, IC:3.36e-03, RIC:6.06e-02, prec@10:5.90e-01, SR:6.05e-01
Test performance:
 mse:4.51e-02, IC:5.58e-03, RIC:7.32e-02, prec@10:5.21e-01, SR:1.75e+00 


epoch87##########################################################
Train : loss:1.68e-02  =  1.62e-02 + alpha*7.16e-04
Valid : loss:4.23e-02  =  4.17e-02 + alpha*7.00e-04
Test: loss:4.59e-02  =  4.52e-02 + alpha*9.25e-04
Valid performance:
 mse:4.17e-02, IC:-1.14e-03, RIC:-1.81e-02, prec@10:5.73e-01, SR:-1.50e+00
Test performance:
 mse:4.52e-02, IC:1.85e-03, RIC:2.20e-02, prec@10:5.20e-01, SR:1.14e+00 


epoch88##########################################################
Train : loss:1.80e-02  =  1.74e-02 + alpha*6.86e-04
Valid : loss:3.75e-02  =  3.69e-02 + alpha*6.88e-04
Test: loss:4.84e-02  =  4.77e-02 + alpha*9.15e-04
Valid performance:
 mse:3.69e-02, IC:-1.56e-04, RIC:-2.33e-03, prec@10:5.83e-01, SR:6.78e-02
Test performance:
 mse:4.77e-02, IC:3.12e-03, RIC:4.40e-02, prec@10:5.30e-01, SR:1.19e+00 


epoch89##########################################################
Train : loss:1.65e-02  =  1.60e-02 + alpha*6.49e-04
Valid : loss:3.88e-02  =  3.83e-02 + alpha*6.94e-04
Test: loss:4.15e-02  =  4.08e-02 + alpha*8.98e-04
Valid performance:
 mse:3.83e-02, IC:2.85e-03, RIC:4.81e-02, prec@10:5.67e-01, SR:8.08e-01
Test performance:
 mse:4.08e-02, IC:1.46e-04, RIC:1.76e-03, prec@10:5.27e-01, SR:1.35e+00 


epoch90##########################################################
Train : loss:1.57e-02  =  1.52e-02 + alpha*7.17e-04
Valid : loss:3.96e-02  =  3.90e-02 + alpha*7.01e-04
Test: loss:4.10e-02  =  4.03e-02 + alpha*8.76e-04
Valid performance:
 mse:3.90e-02, IC:-2.66e-03, RIC:-4.45e-02, prec@10:5.58e-01, SR:5.40e-02
Test performance:
 mse:4.03e-02, IC:3.16e-03, RIC:4.03e-02, prec@10:5.20e-01, SR:1.99e+00 


epoch91##########################################################
Train : loss:1.65e-02  =  1.59e-02 + alpha*7.53e-04
Valid : loss:3.85e-02  =  3.80e-02 + alpha*6.98e-04
Test: loss:4.09e-02  =  4.02e-02 + alpha*9.18e-04
Valid performance:
 mse:3.80e-02, IC:-2.79e-03, RIC:-4.59e-02, prec@10:5.70e-01, SR:7.19e-01
Test performance:
 mse:4.02e-02, IC:-2.07e-03, RIC:-2.55e-02, prec@10:5.20e-01, SR:5.90e-01 


epoch92##########################################################
Train : loss:1.49e-02  =  1.44e-02 + alpha*6.52e-04
Valid : loss:3.98e-02  =  3.92e-02 + alpha*7.05e-04
Test: loss:4.45e-02  =  4.38e-02 + alpha*8.98e-04
Valid performance:
 mse:3.92e-02, IC:-4.18e-03, RIC:-7.35e-02, prec@10:5.65e-01, SR:-2.53e-01
Test performance:
 mse:4.38e-02, IC:1.70e-03, RIC:2.18e-02, prec@10:5.37e-01, SR:8.12e-01 


epoch93##########################################################
Train : loss:1.67e-02  =  1.62e-02 + alpha*6.45e-04
Valid : loss:4.07e-02  =  4.02e-02 + alpha*6.93e-04
Test: loss:4.13e-02  =  4.06e-02 + alpha*8.83e-04
Valid performance:
 mse:4.02e-02, IC:1.44e-03, RIC:2.41e-02, prec@10:5.72e-01, SR:2.00e-01
Test performance:
 mse:4.06e-02, IC:5.72e-03, RIC:6.59e-02, prec@10:5.29e-01, SR:1.03e+00 


epoch94##########################################################
Train : loss:1.64e-02  =  1.59e-02 + alpha*6.58e-04
Valid : loss:3.98e-02  =  3.93e-02 + alpha*6.88e-04
Test: loss:4.12e-02  =  4.05e-02 + alpha*8.81e-04
Valid performance:
 mse:3.93e-02, IC:1.89e-04, RIC:3.16e-03, prec@10:5.70e-01, SR:5.99e-01
Test performance:
 mse:4.05e-02, IC:3.74e-04, RIC:4.91e-03, prec@10:5.17e-01, SR:7.22e-01 


epoch95##########################################################
Train : loss:1.49e-02  =  1.44e-02 + alpha*6.45e-04
Valid : loss:3.56e-02  =  3.51e-02 + alpha*6.94e-04
Test: loss:4.12e-02  =  4.06e-02 + alpha*8.71e-04
Valid performance:
 mse:3.51e-02, IC:-4.16e-03, RIC:-6.70e-02, prec@10:5.61e-01, SR:-8.80e-01
Test performance:
 mse:4.06e-02, IC:2.47e-03, RIC:3.35e-02, prec@10:5.24e-01, SR:1.07e+00 


epoch96##########################################################
Train : loss:1.69e-02  =  1.64e-02 + alpha*6.55e-04
Valid : loss:4.27e-02  =  4.22e-02 + alpha*6.89e-04
Test: loss:4.35e-02  =  4.28e-02 + alpha*9.00e-04
Valid performance:
 mse:4.22e-02, IC:1.26e-03, RIC:2.03e-02, prec@10:5.77e-01, SR:9.75e-01
Test performance:
 mse:4.28e-02, IC:2.76e-03, RIC:3.52e-02, prec@10:5.18e-01, SR:1.13e+00 


epoch97##########################################################
Train : loss:1.58e-02  =  1.52e-02 + alpha*6.87e-04
Valid : loss:3.77e-02  =  3.72e-02 + alpha*6.89e-04
Test: loss:4.72e-02  =  4.65e-02 + alpha*9.09e-04
Valid performance:
 mse:3.72e-02, IC:-1.42e-03, RIC:-2.48e-02, prec@10:5.69e-01, SR:-5.39e-01
Test performance:
 mse:4.65e-02, IC:2.53e-03, RIC:3.26e-02, prec@10:5.25e-01, SR:2.20e-01 


epoch98##########################################################
Train : loss:1.68e-02  =  1.63e-02 + alpha*6.46e-04
Valid : loss:3.77e-02  =  3.71e-02 + alpha*6.84e-04
Test: loss:4.38e-02  =  4.31e-02 + alpha*8.90e-04
Valid performance:
 mse:3.71e-02, IC:4.00e-03, RIC:6.30e-02, prec@10:5.66e-01, SR:6.24e-01
Test performance:
 mse:4.31e-02, IC:1.68e-03, RIC:2.27e-02, prec@10:5.17e-01, SR:1.57e+00 


epoch99##########################################################
Train : loss:1.62e-02  =  1.57e-02 + alpha*6.59e-04
Valid : loss:3.82e-02  =  3.77e-02 + alpha*6.84e-04
Test: loss:3.98e-02  =  3.91e-02 + alpha*8.88e-04
Valid performance:
 mse:3.77e-02, IC:1.48e-03, RIC:2.33e-02, prec@10:5.63e-01, SR:1.04e+00
Test performance:
 mse:3.91e-02, IC:3.08e-03, RIC:4.11e-02, prec@10:5.22e-01, SR:9.40e-01 


epoch100##########################################################
Train : loss:1.62e-02  =  1.57e-02 + alpha*6.52e-04
Valid : loss:3.73e-02  =  3.68e-02 + alpha*6.93e-04
Test: loss:4.28e-02  =  4.21e-02 + alpha*9.15e-04
Valid performance:
 mse:3.68e-02, IC:-2.97e-04, RIC:-4.93e-03, prec@10:5.69e-01, SR:-8.64e-01
Test performance:
 mse:4.21e-02, IC:3.66e-03, RIC:4.64e-02, prec@10:5.21e-01, SR:1.43e+00 


Training finished.
Best Validation Performance (based on highest validation IC):
mse:4.46e-02, IC:7.35e-03, RIC:1.25e-01, prec@10:5.81e-01, SR:2.72e-01
Corresponding Test Performance:
mse:4.99e-02, IC:6.56e-04, RIC:7.65e-03, prec@10:5.21e-01, SR:9.52e-01
Results for StockPredict appended to ../training_results.xlsx (active sheet: Training Results)
