2025-06-13 06:46:28,225 - INFO - 🎯 股票预测模型批量训练系统
2025-06-13 06:46:28,226 - INFO - ================================================================================
2025-06-13 06:46:28,226 - INFO - 📊 目标数据集: NASDAQ
2025-06-13 06:46:28,227 - INFO - 🔧 运行模式: parallel
2025-06-13 06:46:28,227 - INFO - 📝 要运行的模型: ['StockPredict', 'GCN', 'LSTM', 'LinearModel', 'STHAN-SR']
2025-06-13 06:46:28,227 - INFO - 📝 总模型数量: 5
2025-06-13 06:46:28,227 - INFO - 📁 工作目录: C:\Users\Administrator\Desktop\Stock\src
2025-06-13 06:46:28,228 - INFO - ================================================================================
2025-06-13 06:46:28,229 - INFO - 
🔍 步骤0: 环境检查
2025-06-13 06:46:28,230 - INFO - 🔍 检查运行环境...
2025-06-13 06:46:32,700 - INFO - ✅ 检测到 1 个GPU
2025-06-13 06:46:32,700 - INFO - ✅ 环境检查通过
2025-06-13 06:46:32,700 - INFO - 
📝 步骤1: 更新数据集设置
2025-06-13 06:46:32,700 - INFO - 🔄 开始更新脚本的数据集设置为: NASDAQ
2025-06-13 06:46:32,700 - INFO - 📁 已备份: train.py -> ../backup_original_files\train.py.backup_20250613_064632
2025-06-13 06:46:32,700 - INFO - 📁 已备份: gcn_train.py -> ../backup_original_files\gcn_train.py.backup_20250613_064632
2025-06-13 06:46:32,700 - INFO - 📁 已备份: lstm_train.py -> ../backup_original_files\lstm_train.py.backup_20250613_064632
2025-06-13 06:46:32,709 - INFO - 📁 已备份: linear_train.py -> ../backup_original_files\linear_train.py.backup_20250613_064632
2025-06-13 06:46:32,711 - INFO - 📁 已备份: sthan_sr_train.py -> ../backup_original_files\sthan_sr_train.py.backup_20250613_064632
2025-06-13 06:46:32,713 - INFO - ✅ 已更新 train.py 中的market_name为: NASDAQ
2025-06-13 06:46:32,714 - INFO - ✅ 已更新 gcn_train.py 中的market_name为: NASDAQ
2025-06-13 06:46:32,715 - INFO - ✅ 已更新 lstm_train.py 中的market_name为: NASDAQ
2025-06-13 06:46:32,717 - INFO - ✅ 已更新 linear_train.py 中的market_name为: NASDAQ
2025-06-13 06:46:32,719 - INFO - ✅ 已更新 sthan_sr_train.py 中的market_name为: NASDAQ
2025-06-13 06:46:32,719 - INFO - ✅ 成功更新 5/5 个脚本
2025-06-13 06:46:32,719 - INFO - 
🚀 步骤2: 开始parallel训练
2025-06-13 06:46:33,729 - INFO - 🚀 开始并行训练所有模型...
2025-06-13 06:46:33,729 - WARNING - ⚠️  并行模式可能需要大量GPU内存!
2025-06-13 06:46:33,729 - INFO - 🚀 启动 StockPredict 训练线程...
2025-06-13 06:46:33,729 - INFO - 🚀 开始训练 StockPredict...
2025-06-13 06:46:34,734 - INFO - 🚀 启动 GCN 训练线程...
2025-06-13 06:46:34,734 - INFO - 🚀 开始训练 GCN...
2025-06-13 06:46:35,735 - INFO - 🚀 启动 LSTM 训练线程...
2025-06-13 06:46:35,735 - INFO - 🚀 开始训练 LSTM...
2025-06-13 06:46:36,742 - INFO - 🚀 启动 LinearModel 训练线程...
2025-06-13 06:46:36,743 - INFO - 🚀 开始训练 LinearModel...
2025-06-13 06:46:37,744 - INFO - 🚀 启动 STHAN-SR 训练线程...
2025-06-13 06:46:37,744 - INFO - 🚀 开始训练 STHAN-SR...
2025-06-13 06:55:56,086 - INFO - ✅ LinearModel 训练完成! 耗时: 559.3秒
2025-06-13 06:55:56,086 - INFO - 📄 详细日志: ../logs\batch_training_NASDAQ_20250613_064628_LinearModel.log
2025-06-13 06:56:28,364 - INFO - ✅ GCN 训练完成! 耗时: 593.6秒
2025-06-13 06:56:28,364 - INFO - 📄 详细日志: ../logs\batch_training_NASDAQ_20250613_064628_GCN.log
2025-06-13 06:57:47,903 - INFO - ✅ STHAN-SR 训练完成! 耗时: 670.2秒
2025-06-13 06:57:47,903 - INFO - 📄 详细日志: ../logs\batch_training_NASDAQ_20250613_064628_STHAN-SR.log
2025-06-13 06:59:20,375 - INFO - ✅ LSTM 训练完成! 耗时: 764.6秒
2025-06-13 06:59:20,375 - INFO - 📄 详细日志: ../logs\batch_training_NASDAQ_20250613_064628_LSTM.log
2025-06-13 07:30:03,014 - INFO - ✅ StockPredict 训练完成! 耗时: 2609.3秒
2025-06-13 07:30:03,014 - INFO - 📄 详细日志: ../logs\batch_training_NASDAQ_20250613_064628_StockPredict.log
2025-06-13 07:30:03,015 - INFO - 
🏁 所有模型训练完成! 总耗时: 2609.3秒
2025-06-13 07:30:03,015 - INFO - 
📊 步骤3: 汇总结果
2025-06-13 07:30:03,015 - INFO - 
================================================================================
2025-06-13 07:30:03,015 - INFO - 📊 训练结果汇总
2025-06-13 07:30:03,016 - INFO - ================================================================================
2025-06-13 07:30:03,016 - INFO - StockPredict   : ✅ 成功 (耗时: 2609.3s)
2025-06-13 07:30:03,016 - INFO - GCN            : ✅ 成功 (耗时: 593.6s)
2025-06-13 07:30:03,016 - INFO - LSTM           : ✅ 成功 (耗时: 764.6s)
2025-06-13 07:30:03,016 - INFO - LinearModel    : ✅ 成功 (耗时: 559.3s)
2025-06-13 07:30:03,016 - INFO - STHAN-SR       : ✅ 成功 (耗时: 670.2s)
2025-06-13 07:30:03,016 - INFO - --------------------------------------------------------------------------------
2025-06-13 07:30:03,016 - INFO - 总计: 5/5 个模型训练成功
2025-06-13 07:30:03,016 - INFO - 🎉 所有模型训练完成！
2025-06-13 07:30:03,017 - INFO - 📈 结果文件: ../training_results.xlsx
2025-06-13 07:30:03,017 - INFO -    文件大小: 7922 bytes
2025-06-13 07:30:03,017 - INFO -    修改时间: 2025-06-13 07:30:02
2025-06-13 07:30:03,045 - INFO -    记录数量: 17 条
2025-06-13 07:30:03,046 - INFO -    最近结果:
2025-06-13 07:30:03,048 - INFO -      LinearModel: IC=0.0152
2025-06-13 07:30:03,049 - INFO -      GCN: IC=0.0157
2025-06-13 07:30:03,049 - INFO -      STHAN-SR: IC=0.0068
2025-06-13 07:30:03,049 - INFO -      LSTM: IC=0.0079
2025-06-13 07:30:03,049 - INFO -      StockPredict: IC=0.0226
2025-06-13 07:30:03,050 - INFO - 
🎉 批量训练任务完成!
2025-06-13 07:30:03,050 - INFO - 📄 完整日志保存在: ../logs\batch_training_NASDAQ_20250613_064628.log
