2025-06-16 06:33:37,801 - INFO - 🎯 股票预测模型批量训练系统
2025-06-16 06:33:37,801 - INFO - ================================================================================
2025-06-16 06:33:37,801 - INFO - 📊 目标数据集: NYSE
2025-06-16 06:33:37,802 - INFO - 🔧 运行模式: parallel
2025-06-16 06:33:37,802 - INFO - 📝 要运行的模型: ['StockPredict', 'GCN', 'LSTM', 'LinearModel', 'STHAN-SR']
2025-06-16 06:33:37,802 - INFO - 📝 总模型数量: 5
2025-06-16 06:33:37,802 - INFO - 📁 工作目录: C:\Users\Administrator\Desktop\Stock\src
2025-06-16 06:33:37,802 - INFO - ================================================================================
2025-06-16 06:33:37,803 - INFO - 
🔍 步骤0: 环境检查
2025-06-16 06:33:37,803 - INFO - 🔍 检查运行环境...
2025-06-16 06:33:42,155 - INFO - ✅ 检测到 1 个GPU
2025-06-16 06:33:42,155 - INFO - ✅ 环境检查通过
2025-06-16 06:33:42,155 - INFO - 
📝 步骤1: 更新数据集设置
2025-06-16 06:33:42,155 - INFO - 🔄 开始更新脚本的数据集设置为: NYSE
2025-06-16 06:33:42,156 - INFO - 📁 已备份: train.py -> ../backup_original_files\train.py.backup_20250616_063342
2025-06-16 06:33:42,159 - INFO - 📁 已备份: gcn_train.py -> ../backup_original_files\gcn_train.py.backup_20250616_063342
2025-06-16 06:33:42,160 - INFO - 📁 已备份: lstm_train.py -> ../backup_original_files\lstm_train.py.backup_20250616_063342
2025-06-16 06:33:42,162 - INFO - 📁 已备份: linear_train.py -> ../backup_original_files\linear_train.py.backup_20250616_063342
2025-06-16 06:33:42,164 - INFO - 📁 已备份: sthan_sr_train.py -> ../backup_original_files\sthan_sr_train.py.backup_20250616_063342
2025-06-16 06:33:42,166 - INFO - ✅ 已更新 train.py 中的market_name为: NYSE
2025-06-16 06:33:42,167 - INFO - ✅ 已更新 gcn_train.py 中的market_name为: NYSE
2025-06-16 06:33:42,169 - INFO - ✅ 已更新 lstm_train.py 中的market_name为: NYSE
2025-06-16 06:33:42,170 - INFO - ✅ 已更新 linear_train.py 中的market_name为: NYSE
2025-06-16 06:33:42,172 - INFO - ✅ 已更新 sthan_sr_train.py 中的market_name为: NYSE
2025-06-16 06:33:42,172 - INFO - ✅ 成功更新 5/5 个脚本
2025-06-16 06:33:42,172 - INFO - 
🚀 步骤2: 开始parallel训练
2025-06-16 06:33:43,175 - INFO - 🚀 开始并行训练所有模型...
2025-06-16 06:33:43,175 - WARNING - ⚠️  并行模式可能需要大量GPU内存!
2025-06-16 06:33:43,178 - INFO - 🚀 启动 StockPredict 训练线程...
2025-06-16 06:33:43,179 - INFO - 🚀 开始训练 StockPredict...
2025-06-16 06:33:44,189 - INFO - 🚀 启动 GCN 训练线程...
2025-06-16 06:33:44,189 - INFO - 🚀 开始训练 GCN...
2025-06-16 06:33:45,195 - INFO - 🚀 启动 LSTM 训练线程...
2025-06-16 06:33:45,196 - INFO - 🚀 开始训练 LSTM...
2025-06-16 06:33:46,210 - INFO - 🚀 启动 LinearModel 训练线程...
2025-06-16 06:33:46,210 - INFO - 🚀 开始训练 LinearModel...
2025-06-16 06:33:47,217 - INFO - 🚀 启动 STHAN-SR 训练线程...
2025-06-16 06:33:47,218 - INFO - 🚀 开始训练 STHAN-SR...
2025-06-16 06:47:53,885 - INFO - ✅ LinearModel 训练完成! 耗时: 847.7秒
2025-06-16 06:47:53,885 - INFO - 📄 详细日志: ../logs\batch_training_NYSE_20250616_063337_LinearModel.log
2025-06-16 06:48:46,347 - INFO - ✅ GCN 训练完成! 耗时: 902.1秒
2025-06-16 06:48:46,347 - INFO - 📄 详细日志: ../logs\batch_training_NYSE_20250616_063337_GCN.log
2025-06-16 06:50:02,691 - INFO - ✅ STHAN-SR 训练完成! 耗时: 975.5秒
2025-06-16 06:50:02,691 - INFO - 📄 详细日志: ../logs\batch_training_NYSE_20250616_063337_STHAN-SR.log
2025-06-16 06:52:55,223 - INFO - ✅ LSTM 训练完成! 耗时: 1150.0秒
2025-06-16 06:52:55,223 - INFO - 📄 详细日志: ../logs\batch_training_NYSE_20250616_063337_LSTM.log
2025-06-16 07:48:06,762 - INFO - ✅ StockPredict 训练完成! 耗时: 4463.6秒
2025-06-16 07:48:06,778 - INFO - 📄 详细日志: ../logs\batch_training_NYSE_20250616_063337_StockPredict.log
2025-06-16 07:48:06,778 - INFO - 
🏁 所有模型训练完成! 总耗时: 4463.6秒
2025-06-16 07:48:06,778 - INFO - 
📊 步骤3: 汇总结果
2025-06-16 07:48:06,778 - INFO - 
================================================================================
2025-06-16 07:48:06,778 - INFO - 📊 训练结果汇总
2025-06-16 07:48:06,778 - INFO - ================================================================================
2025-06-16 07:48:06,778 - INFO - StockPredict   : ✅ 成功 (耗时: 4463.6s)
2025-06-16 07:48:06,778 - INFO - GCN            : ✅ 成功 (耗时: 902.1s)
2025-06-16 07:48:06,778 - INFO - LSTM           : ✅ 成功 (耗时: 1150.0s)
2025-06-16 07:48:06,778 - INFO - LinearModel    : ✅ 成功 (耗时: 847.7s)
2025-06-16 07:48:06,778 - INFO - STHAN-SR       : ✅ 成功 (耗时: 975.5s)
2025-06-16 07:48:06,778 - INFO - --------------------------------------------------------------------------------
2025-06-16 07:48:06,778 - INFO - 总计: 5/5 个模型训练成功
2025-06-16 07:48:06,778 - INFO - 🎉 所有模型训练完成！
2025-06-16 07:48:06,778 - INFO - 📈 结果文件: ../training_results.xlsx
2025-06-16 07:48:06,778 - INFO -    文件大小: 10587 bytes
2025-06-16 07:48:06,778 - INFO -    修改时间: 2025-06-16 07:48:05
2025-06-16 07:48:06,809 - INFO -    记录数量: 32 条
2025-06-16 07:48:06,809 - INFO -    最近结果:
2025-06-16 07:48:06,809 - INFO -      LinearModel: IC=0.0101
2025-06-16 07:48:06,809 - INFO -      GCN: IC=0.0003
2025-06-16 07:48:06,809 - INFO -      STHAN-SR: IC=0.0048
2025-06-16 07:48:06,809 - INFO -      LSTM: IC=0.0024
2025-06-16 07:48:06,809 - INFO -      StockPredict: IC=0.0074
2025-06-16 07:48:06,809 - INFO - 
🎉 批量训练任务完成!
2025-06-16 07:48:06,809 - INFO - 📄 完整日志保存在: ../logs\batch_training_NYSE_20250616_063337.log
