原始SP500数据形状: (464, 1148, 5) (股票数: 464, 天数: 1148, 特征数: 5)
使用全部5年数据 (2020-2024)，数据形状: (464, 1148, 5)
市场为 SP500，实际加载股票数量更新为: 464
市场为 SP500，实际加载股票数量更新为: 464
总交易天数: 1148
根据 60%/20%/_ 分割比例 (已调整为满足最小数据集要求):
训练集天数 (0-indexed, up to valid_index-1): 688 (实际比例: 59.9%)
验证集天数 (valid_index to test_index-1): 230 (实际比例: 20.0%)
测试集天数 (test_index to end): 230 (实际比例: 20.0%)
验证集起始索引 (valid_index): 688
测试集起始索引 (test_index): 918
✅ 数据集分割检查通过
epoch1##########################################################
Train : loss:8.40e+09  =  8.40e+09 + alpha*2.00e+02
Valid : loss:1.17e+09  =  1.17e+09 + alpha*9.07e+01
Test: loss:4.96e+08  =  4.96e+08 + alpha*7.52e+01
Valid performance:
 mse:1.17e+09, IC:-1.67e-03, RIC:-2.07e-02, prec@10:5.23e-01, SR:1.19e+00
Test performance:
 mse:4.96e+08, IC:-4.98e-03, RIC:-6.98e-02, prec@10:5.20e-01, SR:1.30e+00 


epoch2##########################################################
Train : loss:1.51e+09  =  1.51e+09 + alpha*8.01e+01
Valid : loss:1.43e+08  =  1.43e+08 + alpha*3.27e+01
Test: loss:7.20e+07  =  7.20e+07 + alpha*2.85e+01
Valid performance:
 mse:1.43e+08, IC:-3.29e-03, RIC:-3.80e-02, prec@10:5.24e-01, SR:5.09e-01
Test performance:
 mse:7.20e+07, IC:-8.09e-04, RIC:-1.08e-02, prec@10:5.23e-01, SR:2.06e+00 


epoch3##########################################################
Train : loss:2.97e+08  =  2.97e+08 + alpha*3.52e+01
Valid : loss:3.06e+07  =  3.06e+07 + alpha*1.45e+01
Test: loss:1.44e+07  =  1.44e+07 + alpha*1.27e+01
Valid performance:
 mse:3.06e+07, IC:3.31e-03, RIC:3.56e-02, prec@10:5.08e-01, SR:1.53e-01
Test performance:
 mse:1.44e+07, IC:1.42e-03, RIC:1.92e-02, prec@10:5.18e-01, SR:1.57e+00 


epoch4##########################################################
Train : loss:5.05e+07  =  5.05e+07 + alpha*1.45e+01
Valid : loss:3.41e+06  =  3.41e+06 + alpha*4.82e+00
Test: loss:1.61e+06  =  1.61e+06 + alpha*4.11e+00
Valid performance:
 mse:3.41e+06, IC:-4.37e-03, RIC:-5.31e-02, prec@10:5.11e-01, SR:5.32e-01
Test performance:
 mse:1.61e+06, IC:-4.54e-03, RIC:-6.02e-02, prec@10:5.23e-01, SR:1.19e+00 


epoch5##########################################################
Train : loss:5.25e+06  =  5.25e+06 + alpha*4.60e+00
Valid : loss:3.98e+05  =  3.98e+05 + alpha*1.55e+00
Test: loss:1.61e+05  =  1.61e+05 + alpha*1.31e+00
Valid performance:
 mse:3.98e+05, IC:6.78e-03, RIC:7.79e-02, prec@10:5.10e-01, SR:3.79e-01
Test performance:
 mse:1.61e+05, IC:4.78e-03, RIC:6.44e-02, prec@10:5.20e-01, SR:9.90e-01 


epoch6##########################################################
Train : loss:2.21e+05  =  2.21e+05 + alpha*8.96e-01
Valid : loss:6.72e+03  =  6.72e+03 + alpha*2.11e-01
Test: loss:2.74e+03  =  2.74e+03 + alpha*1.78e-01
Valid performance:
 mse:6.72e+03, IC:7.38e-03, RIC:8.23e-02, prec@10:5.09e-01, SR:5.53e-01
Test performance:
 mse:2.74e+03, IC:4.21e-03, RIC:5.48e-02, prec@10:5.17e-01, SR:1.43e+00 


epoch7##########################################################
Train : loss:7.92e+03  =  7.92e+03 + alpha*1.42e-01
Valid : loss:5.79e+00  =  5.79e+00 + alpha*5.69e-03
Test: loss:3.45e+00  =  3.45e+00 + alpha*5.01e-03
Valid performance:
 mse:5.79e+00, IC:1.51e-03, RIC:1.91e-02, prec@10:5.13e-01, SR:5.76e-01
Test performance:
 mse:3.45e+00, IC:-3.39e-03, RIC:-4.62e-02, prec@10:5.20e-01, SR:1.19e+00 


epoch8##########################################################
Train : loss:1.95e+01  =  1.95e+01 + alpha*8.48e-03
Valid : loss:1.10e+00  =  1.10e+00 + alpha*1.12e-03
Test: loss:9.76e-01  =  9.75e-01 + alpha*8.97e-04
Valid performance:
 mse:1.10e+00, IC:-1.81e-03, RIC:-2.33e-02, prec@10:5.17e-01, SR:1.05e+00
Test performance:
 mse:9.75e-01, IC:-4.76e-04, RIC:-6.80e-03, prec@10:5.31e-01, SR:1.59e+00 


epoch9##########################################################
Train : loss:1.29e+00  =  1.29e+00 + alpha*1.47e-03
Valid : loss:1.14e+00  =  1.14e+00 + alpha*1.52e-03
Test: loss:9.40e-01  =  9.40e-01 + alpha*1.15e-03
Valid performance:
 mse:1.14e+00, IC:-8.97e-03, RIC:-1.06e-01, prec@10:5.17e-01, SR:9.46e-02
Test performance:
 mse:9.40e-01, IC:-8.61e-03, RIC:-1.11e-01, prec@10:5.21e-01, SR:2.98e-01 


epoch10##########################################################
Train : loss:1.28e+05  =  1.28e+05 + alpha*4.20e-01
Valid : loss:3.43e+04  =  3.43e+04 + alpha*4.91e-01
Test: loss:1.57e+04  =  1.57e+04 + alpha*4.25e-01
Valid performance:
 mse:3.43e+04, IC:-1.74e-03, RIC:-2.19e-02, prec@10:5.23e-01, SR:1.43e+00
Test performance:
 mse:1.57e+04, IC:-3.67e-03, RIC:-5.25e-02, prec@10:5.32e-01, SR:1.49e+00 


epoch11##########################################################
Train : loss:1.32e+08  =  1.32e+08 + alpha*1.46e+01
Valid : loss:1.96e+07  =  1.96e+07 + alpha*1.15e+01
Test: loss:7.18e+06  =  7.18e+06 + alpha*9.20e+00
Valid performance:
 mse:1.96e+07, IC:6.37e-03, RIC:7.12e-02, prec@10:5.24e-01, SR:1.14e+00
Test performance:
 mse:7.18e+06, IC:8.25e-03, RIC:1.04e-01, prec@10:5.25e-01, SR:1.38e+00 


epoch12##########################################################
Train : loss:7.61e+06  =  7.61e+06 + alpha*5.18e+00
Valid : loss:1.64e+04  =  1.64e+04 + alpha*3.49e-01
Test: loss:8.36e+03  =  8.36e+03 + alpha*2.88e-01
Valid performance:
 mse:1.64e+04, IC:-5.06e-03, RIC:-6.41e-02, prec@10:5.21e-01, SR:1.28e+00
Test performance:
 mse:8.36e+03, IC:2.31e-03, RIC:3.39e-02, prec@10:5.30e-01, SR:1.45e+00 


epoch13##########################################################
Train : loss:2.43e+06  =  2.43e+06 + alpha*2.11e+00
Valid : loss:4.38e+05  =  4.38e+05 + alpha*1.84e+00
Test: loss:1.90e+05  =  1.90e+05 + alpha*1.52e+00
Valid performance:
 mse:4.38e+05, IC:-2.92e-03, RIC:-3.44e-02, prec@10:5.17e-01, SR:4.21e-01
Test performance:
 mse:1.90e+05, IC:-4.20e-03, RIC:-5.94e-02, prec@10:5.23e-01, SR:1.95e+00 


epoch14##########################################################
Train : loss:1.45e+08  =  1.45e+08 + alpha*1.47e+01
Valid : loss:4.22e+07  =  4.22e+07 + alpha*1.88e+01
Test: loss:1.69e+07  =  1.69e+07 + alpha*1.48e+01
Valid performance:
 mse:4.22e+07, IC:-6.99e-03, RIC:-7.93e-02, prec@10:5.19e-01, SR:6.66e-01
Test performance:
 mse:1.69e+07, IC:-3.67e-03, RIC:-4.57e-02, prec@10:5.21e-01, SR:4.00e-01 


epoch15##########################################################
Train : loss:3.22e+07  =  3.22e+07 + alpha*8.96e+00
Valid : loss:1.32e+05  =  1.32e+05 + alpha*1.01e+00
Test: loss:4.63e+04  =  4.63e+04 + alpha*7.82e-01
Valid performance:
 mse:1.32e+05, IC:-7.58e-03, RIC:-9.42e-02, prec@10:5.13e-01, SR:5.85e-01
Test performance:
 mse:4.63e+04, IC:-6.54e-03, RIC:-8.58e-02, prec@10:5.25e-01, SR:1.30e+00 


epoch16##########################################################
Train : loss:4.78e+04  =  4.78e+04 + alpha*4.23e-01
Valid : loss:3.58e+02  =  3.58e+02 + alpha*4.73e-02
Test: loss:1.50e+02  =  1.50e+02 + alpha*4.28e-02
Valid performance:
 mse:3.58e+02, IC:9.99e-03, RIC:1.29e-01, prec@10:5.29e-01, SR:2.31e+00
Test performance:
 mse:1.50e+02, IC:3.88e-03, RIC:4.90e-02, prec@10:5.13e-01, SR:1.07e+00 


epoch17##########################################################
Train : loss:5.56e+03  =  5.56e+03 + alpha*1.27e-01
Valid : loss:1.48e+03  =  1.48e+03 + alpha*9.95e-02
Test: loss:5.12e+02  =  5.12e+02 + alpha*8.06e-02
Valid performance:
 mse:1.48e+03, IC:8.10e-03, RIC:9.23e-02, prec@10:5.18e-01, SR:1.65e+00
Test performance:
 mse:5.12e+02, IC:8.18e-03, RIC:1.09e-01, prec@10:5.20e-01, SR:1.28e+00 


epoch18##########################################################
Train : loss:4.68e+05  =  4.68e+05 + alpha*1.04e+00
Valid : loss:2.40e+06  =  2.40e+06 + alpha*4.55e+00
Test: loss:7.92e+05  =  7.92e+05 + alpha*3.43e+00
Valid performance:
 mse:2.40e+06, IC:-9.48e-03, RIC:-1.11e-01, prec@10:5.45e-01, SR:4.84e-01
Test performance:
 mse:7.92e+05, IC:-8.88e-03, RIC:-1.11e-01, prec@10:5.36e-01, SR:2.53e+00 


epoch19##########################################################
Train : loss:1.77e+08  =  1.77e+08 + alpha*1.73e+01
Valid : loss:4.67e+05  =  4.67e+05 + alpha*1.91e+00
Test: loss:1.99e+05  =  1.99e+05 + alpha*1.49e+00
Valid performance:
 mse:4.67e+05, IC:-6.13e-03, RIC:-6.75e-02, prec@10:5.11e-01, SR:8.52e-01
Test performance:
 mse:1.99e+05, IC:3.52e-03, RIC:4.86e-02, prec@10:5.15e-01, SR:1.32e+00 


epoch20##########################################################
Train : loss:4.30e+05  =  4.30e+05 + alpha*1.28e+00
Valid : loss:1.06e+04  =  1.06e+04 + alpha*2.70e-01
Test: loss:3.68e+03  =  3.68e+03 + alpha*2.20e-01
Valid performance:
 mse:1.06e+04, IC:1.33e-02, RIC:1.51e-01, prec@10:5.22e-01, SR:1.65e+00
Test performance:
 mse:3.68e+03, IC:7.83e-03, RIC:1.02e-01, prec@10:5.14e-01, SR:1.07e+00 


epoch21##########################################################
Train : loss:2.25e+05  =  2.25e+05 + alpha*6.21e-01
Valid : loss:1.24e+06  =  1.24e+06 + alpha*3.38e+00
Test: loss:4.27e+05  =  4.27e+05 + alpha*2.46e+00
Valid performance:
 mse:1.24e+06, IC:-8.26e-03, RIC:-9.14e-02, prec@10:5.36e-01, SR:-5.50e-01
Test performance:
 mse:4.27e+05, IC:-1.04e-02, RIC:-1.31e-01, prec@10:5.33e-01, SR:1.85e+00 


epoch22##########################################################
Train : loss:1.67e+08  =  1.67e+08 + alpha*1.76e+01
Valid : loss:4.03e+07  =  4.03e+07 + alpha*1.91e+01
Test: loss:1.41e+07  =  1.41e+07 + alpha*1.43e+01
Valid performance:
 mse:4.03e+07, IC:-1.08e-02, RIC:-1.17e-01, prec@10:5.25e-01, SR:1.22e+00
Test performance:
 mse:1.41e+07, IC:-7.94e-03, RIC:-9.68e-02, prec@10:5.15e-01, SR:5.69e-01 


epoch23##########################################################
Train : loss:1.48e+07  =  1.48e+07 + alpha*5.59e+00
Valid : loss:2.26e+04  =  2.26e+04 + alpha*3.96e-01
Test: loss:9.11e+03  =  9.11e+03 + alpha*3.10e-01
Valid performance:
 mse:2.26e+04, IC:-9.60e-03, RIC:-1.09e-01, prec@10:5.18e-01, SR:9.92e-01
Test performance:
 mse:9.11e+03, IC:-4.62e-03, RIC:-6.11e-02, prec@10:5.27e-01, SR:1.38e+00 


epoch24##########################################################
Train : loss:3.86e+05  =  3.86e+05 + alpha*5.29e-01
Valid : loss:8.38e+06  =  8.38e+06 + alpha*7.60e+00
Test: loss:2.77e+06  =  2.77e+06 + alpha*6.12e+00
Valid performance:
 mse:8.38e+06, IC:1.03e-02, RIC:1.20e-01, prec@10:5.19e-01, SR:1.71e+00
Test performance:
 mse:2.77e+06, IC:9.31e-03, RIC:1.17e-01, prec@10:5.14e-01, SR:1.24e+00 


epoch25##########################################################
Train : loss:3.29e+07  =  3.29e+07 + alpha*8.56e+00
Valid : loss:1.56e+08  =  1.56e+08 + alpha*3.34e+01
Test: loss:5.21e+07  =  5.21e+07 + alpha*2.68e+01
Valid performance:
 mse:1.56e+08, IC:9.05e-03, RIC:1.04e-01, prec@10:5.15e-01, SR:1.67e+00
Test performance:
 mse:5.21e+07, IC:8.93e-03, RIC:1.13e-01, prec@10:5.26e-01, SR:4.89e-01 


epoch26##########################################################
Train : loss:6.43e+07  =  6.43e+07 + alpha*1.02e+01
Valid : loss:2.03e+05  =  2.03e+05 + alpha*1.12e+00
Test: loss:7.86e+04  =  7.86e+04 + alpha*9.43e-01
Valid performance:
 mse:2.03e+05, IC:6.68e-03, RIC:7.33e-02, prec@10:5.13e-01, SR:1.70e+00
Test performance:
 mse:7.86e+04, IC:4.47e-03, RIC:5.85e-02, prec@10:5.28e-01, SR:1.17e+00 


epoch27##########################################################
Train : loss:5.50e+06  =  5.50e+06 + alpha*4.44e+00
Valid : loss:1.73e+05  =  1.73e+05 + alpha*1.09e+00
Test: loss:6.59e+04  =  6.59e+04 + alpha*8.93e-01
Valid performance:
 mse:1.73e+05, IC:-2.14e-03, RIC:-2.74e-02, prec@10:5.19e-01, SR:1.08e+00
Test performance:
 mse:6.59e+04, IC:-6.90e-03, RIC:-1.02e-01, prec@10:5.23e-01, SR:1.44e+00 


epoch28##########################################################
Train : loss:6.50e+07  =  6.50e+07 + alpha*1.56e+01
Valid : loss:1.56e+07  =  1.56e+07 + alpha*1.03e+01
