原始SP500数据形状: (464, 1148, 5) (股票数: 464, 天数: 1148, 特征数: 5)
使用全部5年数据 (2020-2024)，数据形状: (464, 1148, 5)
市场为 SP500，实际加载股票数量更新为: 464
市场为 SP500，实际加载股票数量更新为: 464
总交易天数: 1148
根据 60%/20%/_ 分割比例 (已调整为满足最小数据集要求):
训练集天数 (0-indexed, up to valid_index-1): 688 (实际比例: 59.9%)
验证集天数 (valid_index to test_index-1): 230 (实际比例: 20.0%)
测试集天数 (test_index to end): 230 (实际比例: 20.0%)
验证集起始索引 (valid_index): 688
测试集起始索引 (test_index): 918
✅ 数据集分割检查通过
epoch1##########################################################
Train : loss:5.78e+09  =  5.78e+09 + alpha*1.13e+02
Valid : loss:1.96e+06  =  1.96e+06 + alpha*3.96e+00
Test: loss:7.11e+05  =  7.11e+05 + alpha*3.02e+00
Valid performance:
 mse:1.96e+06, IC:-1.29e-02, RIC:-1.58e-01, prec@10:5.18e-01, SR:4.61e-01
Test performance:
 mse:7.11e+05, IC:-4.15e-03, RIC:-5.13e-02, prec@10:5.29e-01, SR:1.54e+00 


epoch2##########################################################
Train : loss:8.35e+08  =  8.35e+08 + alpha*4.72e+01
Valid : loss:3.37e+07  =  3.37e+07 + alpha*1.39e+01
Test: loss:1.33e+07  =  1.33e+07 + alpha*1.14e+01
Valid performance:
 mse:3.37e+07, IC:9.61e-04, RIC:1.19e-02, prec@10:5.26e-01, SR:1.51e+00
Test performance:
 mse:1.33e+07, IC:9.51e-03, RIC:1.16e-01, prec@10:5.07e-01, SR:7.70e-01 


epoch3##########################################################
Train : loss:3.32e+10  =  3.32e+10 + alpha*2.97e+02
Valid : loss:3.79e+08  =  3.79e+08 + alpha*4.94e+01
Test: loss:1.65e+08  =  1.65e+08 + alpha*4.27e+01
Valid performance:
 mse:3.79e+08, IC:4.65e-03, RIC:6.07e-02, prec@10:5.06e-01, SR:1.05e+00
Test performance:
 mse:1.65e+08, IC:-1.00e-03, RIC:-1.28e-02, prec@10:5.22e-01, SR:1.01e+00 


epoch4##########################################################
Train : loss:5.04e+08  =  5.04e+08 + alpha*4.67e+01
Valid : loss:1.23e+07  =  1.23e+07 + alpha*1.03e+01
Test: loss:4.31e+06  =  4.31e+06 + alpha*7.82e+00
Valid performance:
 mse:1.23e+07, IC:-9.27e-03, RIC:-1.00e-01, prec@10:5.21e-01, SR:1.10e+00
Test performance:
 mse:4.31e+06, IC:-8.58e-03, RIC:-1.03e-01, prec@10:5.24e-01, SR:7.09e-01 


epoch5##########################################################
Train : loss:1.27e+07  =  1.27e+07 + alpha*5.90e+00
Valid : loss:2.47e+04  =  2.47e+04 + alpha*4.29e-01
Test: loss:1.18e+04  =  1.18e+04 + alpha*3.52e-01
Valid performance:
 mse:2.47e+04, IC:1.59e-03, RIC:1.95e-02, prec@10:5.32e-01, SR:1.26e+00
Test performance:
 mse:1.18e+04, IC:-8.59e-03, RIC:-1.19e-01, prec@10:5.34e-01, SR:6.83e-01 


epoch6##########################################################
Train : loss:5.31e+06  =  5.31e+06 + alpha*3.32e+00
Valid : loss:2.98e+06  =  2.98e+06 + alpha*4.76e+00
Test: loss:1.06e+06  =  1.06e+06 + alpha*3.64e+00
Valid performance:
 mse:2.98e+06, IC:-6.94e-03, RIC:-7.91e-02, prec@10:5.17e-01, SR:-5.26e-02
Test performance:
 mse:1.06e+06, IC:-7.24e-03, RIC:-9.44e-02, prec@10:5.19e-01, SR:5.75e-01 


epoch7##########################################################
Train : loss:6.34e+08  =  6.34e+08 + alpha*1.40e+01
Valid : loss:2.05e+09  =  2.05e+09 + alpha*1.20e+02
Test: loss:7.44e+08  =  7.44e+08 + alpha*9.90e+01
Valid performance:
 mse:2.05e+09, IC:9.36e-03, RIC:1.03e-01, prec@10:5.20e-01, SR:1.28e+00
Test performance:
 mse:7.44e+08, IC:6.44e-03, RIC:7.94e-02, prec@10:5.16e-01, SR:8.70e-01 


epoch8##########################################################
Train : loss:5.37e+09  =  5.37e+09 + alpha*1.46e+02
Valid : loss:1.94e+09  =  1.94e+09 + alpha*1.12e+02
Test: loss:6.59e+08  =  6.59e+08 + alpha*9.29e+01
Valid performance:
 mse:1.94e+09, IC:8.42e-03, RIC:1.02e-01, prec@10:5.24e-01, SR:1.98e+00
Test performance:
 mse:6.59e+08, IC:8.45e-03, RIC:1.13e-01, prec@10:5.21e-01, SR:6.81e-01 


epoch9##########################################################
Train : loss:2.26e+09  =  2.26e+09 + alpha*8.22e+01
Valid : loss:4.09e+09  =  4.09e+09 + alpha*1.69e+02
Test: loss:1.40e+09  =  1.40e+09 + alpha*1.34e+02
Valid performance:
 mse:4.09e+09, IC:8.85e-03, RIC:1.05e-01, prec@10:5.18e-01, SR:1.89e+00
Test performance:
 mse:1.40e+09, IC:8.81e-03, RIC:1.18e-01, prec@10:5.19e-01, SR:1.20e+00 


epoch10##########################################################
Train : loss:1.44e+10  =  1.44e+10 + alpha*1.68e+02
Valid : loss:6.00e+07  =  6.00e+07 + alpha*2.33e+01
Test: loss:2.20e+07  =  2.20e+07 + alpha*1.70e+01
Valid performance:
 mse:6.00e+07, IC:-9.18e-03, RIC:-1.01e-01, prec@10:5.26e-01, SR:-2.04e-01
Test performance:
 mse:2.20e+07, IC:-5.88e-03, RIC:-7.40e-02, prec@10:5.24e-01, SR:8.42e-01 


epoch11##########################################################
Train : loss:1.53e+07  =  1.53e+07 + alpha*7.55e+00
Valid : loss:3.93e+06  =  3.93e+06 + alpha*5.51e+00
Test: loss:1.38e+06  =  1.38e+06 + alpha*4.23e+00
Valid performance:
 mse:3.93e+06, IC:-3.74e-03, RIC:-4.34e-02, prec@10:5.13e-01, SR:6.70e-01
Test performance:
 mse:1.38e+06, IC:-8.42e-03, RIC:-1.11e-01, prec@10:5.22e-01, SR:1.77e+00 


epoch12##########################################################
Train : loss:2.50e+08  =  2.50e+08 + alpha*2.36e+01
Valid : loss:6.30e+08  =  6.30e+08 + alpha*6.73e+01
Test: loss:2.18e+08  =  2.18e+08 + alpha*5.38e+01
Valid performance:
 mse:6.30e+08, IC:9.54e-03, RIC:1.07e-01, prec@10:5.23e-01, SR:1.57e+00
Test performance:
 mse:2.18e+08, IC:9.39e-03, RIC:1.20e-01, prec@10:5.17e-01, SR:1.29e+00 


epoch13##########################################################
Train : loss:3.12e+10  =  3.12e+10 + alpha*2.20e+02
Valid : loss:6.37e+09  =  6.37e+09 + alpha*2.05e+02
Test: loss:2.31e+09  =  2.31e+09 + alpha*1.68e+02
Valid performance:
 mse:6.37e+09, IC:7.91e-03, RIC:9.16e-02, prec@10:5.14e-01, SR:1.78e+00
Test performance:
 mse:2.31e+09, IC:9.23e-03, RIC:1.18e-01, prec@10:5.27e-01, SR:1.07e+00 


epoch14##########################################################
Train : loss:1.10e+09  =  1.10e+09 + alpha*6.25e+01
Valid : loss:2.54e+07  =  2.54e+07 + alpha*1.19e+01
Test: loss:9.75e+06  =  9.75e+06 + alpha*9.56e+00
Valid performance:
 mse:2.54e+07, IC:2.40e-03, RIC:2.90e-02, prec@10:5.13e-01, SR:1.16e+00
Test performance:
 mse:9.75e+06, IC:1.09e-02, RIC:1.49e-01, prec@10:5.30e-01, SR:1.30e+00 


epoch15##########################################################
Train : loss:2.80e+07  =  2.80e+07 + alpha*9.01e+00
Valid : loss:3.33e+05  =  3.33e+05 + alpha*1.40e+00
Test: loss:1.22e+05  =  1.22e+05 + alpha*1.15e+00
Valid performance:
 mse:3.33e+05, IC:3.31e-03, RIC:4.08e-02, prec@10:5.06e-01, SR:1.25e+00
Test performance:
 mse:1.22e+05, IC:9.16e-03, RIC:1.38e-01, prec@10:5.25e-01, SR:1.58e+00 


epoch16##########################################################
Train : loss:1.74e+05  =  1.74e+05 + alpha*7.73e-01
Valid : loss:3.86e+03  =  3.86e+03 + alpha*1.55e-01
Test: loss:1.81e+03  =  1.81e+03 + alpha*1.36e-01
Valid performance:
 mse:3.86e+03, IC:1.22e-03, RIC:1.44e-02, prec@10:5.27e-01, SR:7.08e-01
Test performance:
 mse:1.81e+03, IC:8.92e-04, RIC:1.17e-02, prec@10:5.31e-01, SR:1.23e+00 


epoch17##########################################################
Train : loss:3.20e+09  =  3.20e+09 + alpha*5.17e+01
Valid : loss:3.24e+08  =  3.24e+08 + alpha*4.50e+01
Test: loss:1.53e+08  =  1.53e+08 + alpha*3.97e+01
Valid performance:
 mse:3.24e+08, IC:3.68e-03, RIC:4.00e-02, prec@10:5.07e-01, SR:1.72e+00
Test performance:
 mse:1.53e+08, IC:2.34e-03, RIC:2.95e-02, prec@10:5.28e-01, SR:5.99e-01 


epoch18##########################################################
Train : loss:7.16e+09  =  7.16e+09 + alpha*1.39e+02
Valid : loss:5.32e+07  =  5.32e+07 + alpha*2.12e+01
Test: loss:1.98e+07  =  1.98e+07 + alpha*1.58e+01
Valid performance:
 mse:5.32e+07, IC:-8.07e-03, RIC:-8.78e-02, prec@10:5.20e-01, SR:1.99e-01
Test performance:
 mse:1.98e+07, IC:-9.48e-03, RIC:-1.17e-01, prec@10:5.41e-01, SR:1.37e+00 


epoch19##########################################################
Train : loss:5.99e+07  =  5.99e+07 + alpha*1.27e+01
Valid : loss:2.16e+07  =  2.16e+07 + alpha*1.29e+01
Test: loss:9.08e+06  =  9.08e+06 + alpha*1.03e+01
Valid performance:
 mse:2.16e+07, IC:-2.48e-03, RIC:-3.25e-02, prec@10:5.07e-01, SR:5.88e-01
Test performance:
 mse:9.08e+06, IC:-1.48e-03, RIC:-1.89e-02, prec@10:5.26e-01, SR:3.81e-01 


epoch20##########################################################
Train : loss:6.16e+09  =  6.16e+09 + alpha*1.38e+02
Valid : loss:5.46e+07  =  5.46e+07 + alpha*1.99e+01
Test: loss:2.30e+07  =  2.30e+07 + alpha*1.54e+01
Valid performance:
 mse:5.46e+07, IC:-1.08e-02, RIC:-1.27e-01, prec@10:5.19e-01, SR:3.17e-01
Test performance:
 mse:2.30e+07, IC:-5.48e-03, RIC:-7.15e-02, prec@10:5.27e-01, SR:1.71e+00 


epoch21##########################################################
Train : loss:7.64e+08  =  7.64e+08 + alpha*4.43e+01
Valid : loss:3.57e+09  =  3.57e+09 + alpha*1.76e+02
Test: loss:1.20e+09  =  1.20e+09 + alpha*1.30e+02
Valid performance:
 mse:3.57e+09, IC:-7.60e-03, RIC:-8.65e-02, prec@10:5.40e-01, SR:-4.54e-01
Test performance:
 mse:1.20e+09, IC:-1.03e-02, RIC:-1.33e-01, prec@10:5.47e-01, SR:2.16e+00 


epoch22##########################################################
Train : loss:2.15e+10  =  2.15e+10 + alpha*1.92e+02
Valid : loss:1.34e+08  =  1.34e+08 + alpha*2.91e+01
Test: loss:4.65e+07  =  4.65e+07 + alpha*2.38e+01
Valid performance:
 mse:1.34e+08, IC:9.16e-03, RIC:1.05e-01, prec@10:5.16e-01, SR:1.83e+00
Test performance:
 mse:4.65e+07, IC:9.99e-03, RIC:1.21e-01, prec@10:5.13e-01, SR:1.01e+00 


epoch23##########################################################
Train : loss:3.38e+07  =  3.38e+07 + alpha*8.90e+00
Valid : loss:2.63e+05  =  2.63e+05 + alpha*1.29e+00
Test: loss:8.86e+04  =  8.86e+04 + alpha*1.04e+00
Valid performance:
 mse:2.63e+05, IC:8.27e-03, RIC:9.97e-02, prec@10:5.17e-01, SR:1.44e+00
Test performance:
 mse:8.86e+04, IC:8.67e-03, RIC:1.16e-01, prec@10:5.17e-01, SR:1.10e+00 


epoch24##########################################################
Train : loss:2.10e+06  =  2.10e+06 + alpha*1.27e+00
Valid : loss:4.69e+07  =  4.69e+07 + alpha*1.80e+01
Test: loss:1.55e+07  =  1.55e+07 + alpha*1.45e+01
Valid performance:
 mse:4.69e+07, IC:1.04e-02, RIC:1.20e-01, prec@10:5.17e-01, SR:1.76e+00
Test performance:
 mse:1.55e+07, IC:9.22e-03, RIC:1.16e-01, prec@10:5.15e-01, SR:1.21e+00 


epoch25##########################################################
Train : loss:2.34e+09  =  2.34e+09 + alpha*7.95e+01
Valid : loss:1.30e+08  =  1.30e+08 + alpha*3.18e+01
Test: loss:5.55e+07  =  5.55e+07 + alpha*2.49e+01
Valid performance:
 mse:1.30e+08, IC:-6.57e-03, RIC:-8.17e-02, prec@10:5.28e-01, SR:7.31e-01
Test performance:
 mse:5.55e+07, IC:-2.63e-04, RIC:-3.61e-03, prec@10:5.44e-01, SR:1.87e+00 


epoch26##########################################################
Train : loss:1.41e+10  =  1.41e+10 + alpha*1.64e+02
Valid : loss:1.40e+07  =  1.40e+07 + alpha*9.69e+00
Test: loss:5.79e+06  =  5.79e+06 + alpha*7.92e+00
Valid performance:
 mse:1.40e+07, IC:-3.56e-03, RIC:-4.91e-02, prec@10:5.12e-01, SR:1.26e+00
Test performance:
 mse:5.79e+06, IC:2.78e-03, RIC:3.80e-02, prec@10:5.27e-01, SR:1.04e+00 


epoch27##########################################################
Train : loss:4.66e+07  =  4.66e+07 + alpha*1.22e+01
Valid : loss:2.47e+06  =  2.47e+06 + alpha*4.22e+00
Test: loss:8.67e+05  =  8.67e+05 + alpha*3.30e+00
Valid performance:
 mse:2.47e+06, IC:-8.30e-03, RIC:-1.05e-01, prec@10:5.26e-01, SR:1.09e+00
Test performance:
 mse:8.67e+05, IC:-8.05e-03, RIC:-1.10e-01, prec@10:5.12e-01, SR:5.17e-01 


epoch28##########################################################
Train : loss:2.44e+08  =  2.44e+08 + alpha*2.34e+01
Valid : loss:4.69e+07  =  4.69e+07 + alpha*1.76e+01
Test: loss:1.87e+07  =  1.87e+07 + alpha*1.49e+01
Valid performance:
 mse:4.69e+07, IC:1.18e-02, RIC:1.31e-01, prec@10:5.14e-01, SR:9.04e-01
Test performance:
 mse:1.87e+07, IC:6.44e-03, RIC:8.07e-02, prec@10:5.30e-01, SR:1.51e+00 


epoch29##########################################################
Train : loss:6.28e+09  =  6.28e+09 + alpha*1.12e+02
Valid : loss:4.36e+09  =  4.36e+09 + alpha*1.74e+02
Test: loss:1.49e+09  =  1.49e+09 + alpha*1.41e+02
Valid performance:
 mse:4.36e+09, IC:1.03e-02, RIC:1.18e-01, prec@10:5.14e-01, SR:1.99e+00
Test performance:
 mse:1.49e+09, IC:8.99e-03, RIC:1.13e-01, prec@10:5.22e-01, SR:6.90e-01 


epoch30##########################################################
Train : loss:5.36e+09  =  5.36e+09 + alpha*1.06e+02
Valid : loss:7.09e+07  =  7.09e+07 + alpha*2.30e+01
Test: loss:2.59e+07  =  2.59e+07 + alpha*1.83e+01
Valid performance:
 mse:7.09e+07, IC:-8.55e-03, RIC:-1.15e-01, prec@10:5.06e-01, SR:-5.22e-01
Test performance:
 mse:2.59e+07, IC:-7.42e-03, RIC:-1.00e-01, prec@10:5.27e-01, SR:1.94e+00 


epoch31##########################################################
Train : loss:1.61e+09  =  1.61e+09 + alpha*6.54e+01
Valid : loss:1.32e+10  =  1.32e+10 + alpha*3.09e+02
Test: loss:4.39e+09  =  4.39e+09 + alpha*2.49e+02
Valid performance:
 mse:1.32e+10, IC:1.04e-02, RIC:1.18e-01, prec@10:5.17e-01, SR:1.82e+00
Test performance:
 mse:4.39e+09, IC:8.90e-03, RIC:1.11e-01, prec@10:5.20e-01, SR:5.87e-01 


epoch32##########################################################
Train : loss:3.15e+10  =  3.15e+10 + alpha*2.74e+02
Valid : loss:1.05e+08  =  1.05e+08 + alpha*2.49e+01
Test: loss:4.15e+07  =  4.15e+07 + alpha*2.14e+01
Valid performance:
 mse:1.05e+08, IC:5.84e-03, RIC:7.39e-02, prec@10:5.23e-01, SR:2.58e+00
Test performance:
 mse:4.15e+07, IC:5.56e-03, RIC:7.54e-02, prec@10:5.25e-01, SR:9.20e-01 


epoch33##########################################################
Train : loss:1.27e+08  =  1.27e+08 + alpha*1.94e+01
Valid : loss:1.36e+05  =  1.36e+05 + alpha*1.03e+00
Test: loss:7.13e+04  =  7.13e+04 + alpha*8.66e-01
Valid performance:
 mse:1.36e+05, IC:5.87e-04, RIC:7.79e-03, prec@10:5.14e-01, SR:1.19e+00
Test performance:
 mse:7.13e+04, IC:-4.02e-03, RIC:-5.62e-02, prec@10:5.29e-01, SR:9.68e-01 


epoch34##########################################################
Train : loss:3.34e+05  =  3.34e+05 + alpha*1.24e+00
Valid : loss:8.54e+03  =  8.54e+03 + alpha*2.60e-01
Test: loss:3.56e+03  =  3.56e+03 + alpha*1.96e-01
Valid performance:
 mse:8.54e+03, IC:-1.03e-02, RIC:-1.10e-01, prec@10:5.10e-01, SR:8.92e-01
Test performance:
 mse:3.56e+03, IC:-4.26e-03, RIC:-5.40e-02, prec@10:5.28e-01, SR:1.10e+00 


epoch35##########################################################
Train : loss:8.10e+04  =  8.10e+04 + alpha*5.38e-01
Valid : loss:6.66e+03  =  6.66e+03 + alpha*2.14e-01
Test: loss:2.24e+03  =  2.24e+03 + alpha*1.75e-01
Valid performance:
 mse:6.66e+03, IC:1.07e-02, RIC:1.19e-01, prec@10:5.17e-01, SR:1.89e+00
Test performance:
 mse:2.24e+03, IC:7.77e-03, RIC:1.01e-01, prec@10:5.28e-01, SR:9.47e-01 


epoch36##########################################################
Train : loss:2.82e+09  =  2.82e+09 + alpha*5.20e+01
Valid : loss:2.38e+10  =  2.38e+10 + alpha*4.06e+02
Test: loss:7.89e+09  =  7.89e+09 + alpha*3.32e+02
Valid performance:
 mse:2.38e+10, IC:1.20e-02, RIC:1.36e-01, prec@10:5.15e-01, SR:1.56e+00
Test performance:
 mse:7.89e+09, IC:8.45e-03, RIC:1.03e-01, prec@10:5.21e-01, SR:6.62e-01 


epoch37##########################################################
Train : loss:2.32e+10  =  2.32e+10 + alpha*2.11e+02
Valid : loss:1.31e+07  =  1.31e+07 + alpha*9.99e+00
Test: loss:6.29e+06  =  6.29e+06 + alpha*8.47e+00
Valid performance:
 mse:1.31e+07, IC:-7.55e-03, RIC:-9.69e-02, prec@10:5.10e-01, SR:2.89e-01
Test performance:
 mse:6.29e+06, IC:3.94e-03, RIC:5.71e-02, prec@10:5.33e-01, SR:1.09e+00 


epoch38##########################################################
Train : loss:3.43e+07  =  3.43e+07 + alpha*1.07e+01
Valid : loss:7.96e+05  =  7.96e+05 + alpha*2.35e+00
Test: loss:2.82e+05  =  2.82e+05 + alpha*1.87e+00
Valid performance:
 mse:7.96e+05, IC:-7.47e-03, RIC:-9.92e-02, prec@10:5.16e-01, SR:4.51e-01
Test performance:
 mse:2.82e+05, IC:-6.08e-03, RIC:-9.05e-02, prec@10:5.26e-01, SR:3.67e-01 


epoch39##########################################################
Train : loss:3.90e+06  =  3.90e+06 + alpha*3.04e+00
Valid : loss:3.77e+06  =  3.77e+06 + alpha*4.78e+00
Test: loss:1.37e+06  =  1.37e+06 + alpha*3.74e+00
Valid performance:
 mse:3.77e+06, IC:-3.40e-03, RIC:-4.13e-02, prec@10:5.17e-01, SR:6.55e-01
Test performance:
 mse:1.37e+06, IC:-5.05e-03, RIC:-7.45e-02, prec@10:5.19e-01, SR:4.40e-01 


epoch40##########################################################
Train : loss:8.51e+09  =  8.51e+09 + alpha*1.17e+02
Valid : loss:3.51e+09  =  3.51e+09 + alpha*1.52e+02
Test: loss:1.24e+09  =  1.24e+09 + alpha*1.26e+02
Valid performance:
 mse:3.51e+09, IC:1.43e-02, RIC:1.70e-01, prec@10:5.18e-01, SR:1.77e+00
Test performance:
 mse:1.24e+09, IC:9.63e-03, RIC:1.21e-01, prec@10:5.07e-01, SR:1.37e+00 


epoch41##########################################################
Train : loss:2.70e+09  =  2.70e+09 + alpha*8.72e+01
Valid : loss:1.79e+08  =  1.79e+08 + alpha*3.89e+01
Test: loss:6.90e+07  =  6.90e+07 + alpha*2.94e+01
Valid performance:
 mse:1.79e+08, IC:-1.22e-02, RIC:-1.40e-01, prec@10:5.08e-01, SR:7.02e-01
Test performance:
 mse:6.90e+07, IC:-7.84e-03, RIC:-1.01e-01, prec@10:5.18e-01, SR:8.42e-01 


epoch42##########################################################
Train : loss:5.66e+09  =  5.66e+09 + alpha*1.48e+02
Valid : loss:3.70e+09  =  3.70e+09 + alpha*1.71e+02
Test: loss:1.28e+09  =  1.28e+09 + alpha*1.28e+02
Valid performance:
 mse:3.70e+09, IC:-1.20e-02, RIC:-1.44e-01, prec@10:5.15e-01, SR:3.52e-01
Test performance:
 mse:1.28e+09, IC:-2.93e-03, RIC:-3.79e-02, prec@10:5.19e-01, SR:9.41e-01 


epoch43##########################################################
Train : loss:7.89e+09  =  7.89e+09 + alpha*1.31e+02
Valid : loss:2.08e+08  =  2.08e+08 + alpha*3.88e+01
Test: loss:8.84e+07  =  8.84e+07 + alpha*3.24e+01
Valid performance:
 mse:2.08e+08, IC:-5.61e-03, RIC:-7.38e-02, prec@10:5.26e-01, SR:4.09e-01
Test performance:
 mse:8.84e+07, IC:-2.71e-03, RIC:-3.66e-02, prec@10:5.21e-01, SR:1.50e+00 


epoch44##########################################################
Train : loss:1.18e+09  =  1.18e+09 + alpha*6.67e+01
Valid : loss:1.72e+08  =  1.72e+08 + alpha*4.03e+01
Test: loss:5.86e+07  =  5.86e+07 + alpha*2.96e+01
Valid performance:
 mse:1.72e+08, IC:-1.06e-02, RIC:-1.24e-01, prec@10:5.47e-01, SR:8.05e-01
Test performance:
 mse:5.86e+07, IC:-7.85e-03, RIC:-9.92e-02, prec@10:5.31e-01, SR:2.41e+00 


epoch45##########################################################
Train : loss:5.69e+09  =  5.69e+09 + alpha*1.29e+02
Valid : loss:4.98e+07  =  4.98e+07 + alpha*1.71e+01
Test: loss:2.03e+07  =  2.03e+07 + alpha*1.46e+01
Valid performance:
 mse:4.98e+07, IC:6.53e-03, RIC:7.23e-02, prec@10:5.14e-01, SR:1.16e+00
Test performance:
 mse:2.03e+07, IC:9.14e-03, RIC:1.09e-01, prec@10:5.24e-01, SR:1.27e+00 


epoch46##########################################################
Train : loss:4.47e+09  =  4.47e+09 + alpha*1.11e+02
Valid : loss:2.27e+09  =  2.27e+09 + alpha*1.50e+02
Test: loss:7.77e+08  =  7.77e+08 + alpha*1.09e+02
Valid performance:
 mse:2.27e+09, IC:-1.02e-02, RIC:-1.15e-01, prec@10:5.41e-01, SR:5.82e-01
Test performance:
 mse:7.77e+08, IC:-8.08e-03, RIC:-9.94e-02, prec@10:5.34e-01, SR:1.83e+00 


epoch47##########################################################
Train : loss:3.95e+09  =  3.95e+09 + alpha*1.03e+02
Valid : loss:1.97e+07  =  1.97e+07 + alpha*1.22e+01
Test: loss:7.97e+06  =  7.97e+06 + alpha*9.47e+00
Valid performance:
 mse:1.97e+07, IC:-3.30e-03, RIC:-4.20e-02, prec@10:5.16e-01, SR:1.66e+00
Test performance:
 mse:7.97e+06, IC:-4.52e-03, RIC:-6.04e-02, prec@10:5.23e-01, SR:1.33e+00 


epoch48##########################################################
Train : loss:7.69e+07  =  7.69e+07 + alpha*1.64e+01
Valid : loss:7.96e+07  =  7.96e+07 + alpha*2.28e+01
Test: loss:2.66e+07  =  2.66e+07 + alpha*1.84e+01
Valid performance:
 mse:7.96e+07, IC:8.18e-03, RIC:9.77e-02, prec@10:5.24e-01, SR:1.84e+00
Test performance:
 mse:2.66e+07, IC:8.52e-03, RIC:1.18e-01, prec@10:5.17e-01, SR:9.37e-01 


epoch49##########################################################
Train : loss:3.58e+09  =  3.58e+09 + alpha*9.77e+01
Valid : loss:8.73e+08  =  8.73e+08 + alpha*7.28e+01
Test: loss:3.61e+08  =  3.61e+08 + alpha*6.45e+01
Valid performance:
 mse:8.73e+08, IC:8.87e-03, RIC:1.09e-01, prec@10:5.38e-01, SR:2.49e+00
Test performance:
 mse:3.61e+08, IC:1.43e-03, RIC:1.80e-02, prec@10:5.25e-01, SR:1.89e+00 


epoch50##########################################################
Train : loss:5.60e+09  =  5.60e+09 + alpha*1.33e+02
Valid : loss:6.51e+08  =  6.51e+08 + alpha*6.29e+01
Test: loss:2.24e+08  =  2.24e+08 + alpha*5.20e+01
Valid performance:
 mse:6.51e+08, IC:7.68e-03, RIC:8.83e-02, prec@10:5.13e-01, SR:1.98e+00
Test performance:
 mse:2.24e+08, IC:9.41e-03, RIC:1.22e-01, prec@10:5.31e-01, SR:1.08e+00 


epoch51##########################################################
Train : loss:4.27e+09  =  4.27e+09 + alpha*1.20e+02
Valid : loss:1.13e+08  =  1.13e+08 + alpha*2.96e+01
Test: loss:5.44e+07  =  5.44e+07 + alpha*2.45e+01
Valid performance:
 mse:1.13e+08, IC:-2.63e-03, RIC:-3.05e-02, prec@10:5.18e-01, SR:1.47e+00
Test performance:
 mse:5.44e+07, IC:-3.44e-03, RIC:-4.83e-02, prec@10:5.38e-01, SR:1.58e-01 


epoch52##########################################################
Train : loss:1.60e+09  =  1.60e+09 + alpha*6.84e+01
Valid : loss:4.29e+07  =  4.29e+07 + alpha*1.77e+01
Test: loss:1.73e+07  =  1.73e+07 + alpha*1.42e+01
Valid performance:
 mse:4.29e+07, IC:-8.31e-03, RIC:-9.81e-02, prec@10:5.18e-01, SR:4.91e-01
Test performance:
 mse:1.73e+07, IC:-7.31e-03, RIC:-1.00e-01, prec@10:5.15e-01, SR:7.20e-01 


epoch53##########################################################
Train : loss:1.05e+10  =  1.05e+10 + alpha*1.34e+02
Valid : loss:1.21e+09  =  1.21e+09 + alpha*8.78e+01
Test: loss:4.98e+08  =  4.98e+08 + alpha*7.41e+01
Valid performance:
 mse:1.21e+09, IC:5.14e-03, RIC:5.96e-02, prec@10:5.17e-01, SR:1.29e+00
Test performance:
 mse:4.98e+08, IC:8.77e-03, RIC:1.12e-01, prec@10:5.23e-01, SR:1.54e+00 


epoch54##########################################################
Train : loss:5.17e+08  =  5.17e+08 + alpha*3.96e+01
Valid : loss:1.61e+07  =  1.61e+07 + alpha*1.02e+01
Test: loss:5.50e+06  =  5.50e+06 + alpha*8.34e+00
Valid performance:
 mse:1.61e+07, IC:9.62e-03, RIC:1.16e-01, prec@10:5.17e-01, SR:1.95e+00
Test performance:
 mse:5.50e+06, IC:9.01e-03, RIC:1.17e-01, prec@10:5.17e-01, SR:9.88e-01 


epoch55##########################################################
Train : loss:2.01e+09  =  2.01e+09 + alpha*7.41e+01
Valid : loss:3.29e+08  =  3.29e+08 + alpha*4.66e+01
Test: loss:1.21e+08  =  1.21e+08 + alpha*3.77e+01
Valid performance:
 mse:3.29e+08, IC:5.33e-03, RIC:5.84e-02, prec@10:5.17e-01, SR:8.41e-01
Test performance:
 mse:1.21e+08, IC:6.12e-03, RIC:8.25e-02, prec@10:5.30e-01, SR:1.57e+00 


epoch56##########################################################
Train : loss:2.68e+09  =  2.68e+09 + alpha*8.61e+01
Valid : loss:6.86e+08  =  6.86e+08 + alpha*6.67e+01
Test: loss:3.14e+08  =  3.14e+08 + alpha*6.25e+01
Valid performance:
 mse:6.86e+08, IC:5.23e-03, RIC:6.45e-02, prec@10:5.25e-01, SR:1.58e+00
Test performance:
 mse:3.14e+08, IC:-2.00e-03, RIC:-2.59e-02, prec@10:5.13e-01, SR:8.82e-01 


epoch57##########################################################
Train : loss:1.14e+10  =  1.14e+10 + alpha*1.61e+02
Valid : loss:9.23e+07  =  9.23e+07 + alpha*2.49e+01
Test: loss:3.96e+07  =  3.96e+07 + alpha*2.08e+01
Valid performance:
 mse:9.23e+07, IC:6.25e-03, RIC:7.73e-02, prec@10:5.22e-01, SR:1.49e+00
Test performance:
 mse:3.96e+07, IC:2.08e-03, RIC:2.83e-02, prec@10:5.17e-01, SR:1.24e+00 


epoch58##########################################################
Train : loss:1.85e+08  =  1.85e+08 + alpha*2.48e+01
Valid : loss:5.47e+07  =  5.47e+07 + alpha*1.91e+01
Test: loss:1.89e+07  =  1.89e+07 + alpha*1.56e+01
Valid performance:
 mse:5.47e+07, IC:9.31e-03, RIC:1.13e-01, prec@10:5.25e-01, SR:2.30e+00
Test performance:
 mse:1.89e+07, IC:7.02e-03, RIC:9.75e-02, prec@10:5.20e-01, SR:1.21e+00 


epoch59##########################################################
Train : loss:2.80e+09  =  2.80e+09 + alpha*9.64e+01
Valid : loss:8.97e+09  =  8.97e+09 + alpha*2.56e+02
Test: loss:3.09e+09  =  3.09e+09 + alpha*2.05e+02
Valid performance:
 mse:8.97e+09, IC:9.84e-03, RIC:1.10e-01, prec@10:5.23e-01, SR:1.34e+00
Test performance:
 mse:3.09e+09, IC:8.74e-03, RIC:1.10e-01, prec@10:5.21e-01, SR:1.65e+00 


epoch60##########################################################
Train : loss:4.11e+09  =  4.11e+09 + alpha*8.92e+01
Valid : loss:1.02e+07  =  1.02e+07 + alpha*9.91e+00
Test: loss:3.63e+06  =  3.63e+06 + alpha*7.28e+00
Valid performance:
 mse:1.02e+07, IC:-8.78e-03, RIC:-9.66e-02, prec@10:5.30e-01, SR:-2.04e-02
Test performance:
 mse:3.63e+06, IC:-9.06e-03, RIC:-1.12e-01, prec@10:5.31e-01, SR:9.16e-01 


epoch61##########################################################
Train : loss:1.16e+10  =  1.16e+10 + alpha*1.40e+02
Valid : loss:1.91e+08  =  1.91e+08 + alpha*3.58e+01
Test: loss:8.93e+07  =  8.93e+07 + alpha*3.16e+01
Valid performance:
 mse:1.91e+08, IC:2.61e-03, RIC:3.25e-02, prec@10:5.03e-01, SR:6.57e-01
Test performance:
 mse:8.93e+07, IC:7.97e-04, RIC:1.07e-02, prec@10:5.23e-01, SR:3.11e-01 


epoch62##########################################################
Train : loss:1.30e+09  =  1.30e+09 + alpha*5.84e+01
Valid : loss:4.47e+07  =  4.47e+07 + alpha*1.90e+01
Test: loss:1.55e+07  =  1.55e+07 + alpha*1.44e+01
Valid performance:
 mse:4.47e+07, IC:-1.24e-02, RIC:-1.52e-01, prec@10:5.18e-01, SR:2.09e-01
Test performance:
 mse:1.55e+07, IC:-7.24e-03, RIC:-9.31e-02, prec@10:5.19e-01, SR:2.07e+00 


epoch63##########################################################
Train : loss:2.26e+07  =  2.26e+07 + alpha*9.02e+00
Valid : loss:1.41e+08  =  1.41e+08 + alpha*3.69e+01
Test: loss:4.70e+07  =  4.70e+07 + alpha*2.70e+01
Valid performance:
 mse:1.41e+08, IC:-1.05e-02, RIC:-1.20e-01, prec@10:5.50e-01, SR:7.63e-01
Test performance:
 mse:4.70e+07, IC:-9.00e-03, RIC:-1.12e-01, prec@10:5.42e-01, SR:2.00e+00 


epoch64##########################################################
Train : loss:7.36e+09  =  7.36e+09 + alpha*1.00e+02
Valid : loss:4.69e+06  =  4.69e+06 + alpha*5.65e+00
Test: loss:2.24e+06  =  2.24e+06 + alpha*4.94e+00
Valid performance:
 mse:4.69e+06, IC:6.70e-04, RIC:8.29e-03, prec@10:5.14e-01, SR:1.60e+00
Test performance:
 mse:2.24e+06, IC:-3.25e-03, RIC:-4.59e-02, prec@10:5.36e-01, SR:1.45e+00 


epoch65##########################################################
Train : loss:1.60e+08  =  1.60e+08 + alpha*2.43e+01
Valid : loss:2.01e+06  =  2.01e+06 + alpha*3.59e+00
Test: loss:7.53e+05  =  7.53e+05 + alpha*3.07e+00
Valid performance:
 mse:2.01e+06, IC:8.45e-03, RIC:9.73e-02, prec@10:5.27e-01, SR:2.24e+00
Test performance:
 mse:7.53e+05, IC:9.42e-03, RIC:1.18e-01, prec@10:5.16e-01, SR:1.28e+00 


epoch66##########################################################
Train : loss:2.07e+09  =  2.07e+09 + alpha*7.64e+01
Valid : loss:1.47e+09  =  1.47e+09 + alpha*1.16e+02
Test: loss:5.07e+08  =  5.07e+08 + alpha*8.44e+01
Valid performance:
 mse:1.47e+09, IC:-1.37e-02, RIC:-1.56e-01, prec@10:5.33e-01, SR:-2.04e-01
Test performance:
 mse:5.07e+08, IC:-8.76e-03, RIC:-1.07e-01, prec@10:5.31e-01, SR:1.51e+00 


epoch67##########################################################
Train : loss:1.70e+10  =  1.70e+10 + alpha*1.99e+02
Valid : loss:6.94e+07  =  6.94e+07 + alpha*2.03e+01
Test: loss:2.83e+07  =  2.83e+07 + alpha*1.68e+01
Valid performance:
 mse:6.94e+07, IC:2.01e-03, RIC:2.54e-02, prec@10:5.22e-01, SR:1.63e+00
Test performance:
 mse:2.83e+07, IC:1.25e-02, RIC:1.71e-01, prec@10:5.32e-01, SR:9.47e-01 


epoch68##########################################################
Train : loss:8.65e+07  =  8.65e+07 + alpha*1.48e+01
Valid : loss:2.20e+07  =  2.20e+07 + alpha*1.40e+01
Test: loss:8.28e+06  =  8.28e+06 + alpha*1.05e+01
Valid performance:
 mse:2.20e+07, IC:-6.92e-03, RIC:-7.62e-02, prec@10:5.11e-01, SR:1.17e+00
Test performance:
 mse:8.28e+06, IC:-5.34e-03, RIC:-6.99e-02, prec@10:5.19e-01, SR:5.77e-01 


epoch69##########################################################
Train : loss:4.84e+08  =  4.84e+08 + alpha*3.87e+01
Valid : loss:4.21e+07  =  4.21e+07 + alpha*1.58e+01
Test: loss:1.71e+07  =  1.71e+07 + alpha*1.29e+01
Valid performance:
 mse:4.21e+07, IC:3.60e-04, RIC:4.36e-03, prec@10:5.26e-01, SR:1.79e+00
Test performance:
 mse:1.71e+07, IC:4.87e-03, RIC:7.34e-02, prec@10:4.99e-01, SR:9.51e-01 


epoch70##########################################################
Train : loss:1.95e+09  =  1.95e+09 + alpha*7.98e+01
Valid : loss:1.83e+08  =  1.83e+08 + alpha*3.75e+01
Test: loss:7.98e+07  =  7.98e+07 + alpha*3.09e+01
Valid performance:
 mse:1.83e+08, IC:-3.16e-03, RIC:-3.80e-02, prec@10:5.03e-01, SR:2.31e-01
Test performance:
 mse:7.98e+07, IC:-1.17e-03, RIC:-1.52e-02, prec@10:5.22e-01, SR:5.72e-01 


epoch71##########################################################
Train : loss:1.38e+10  =  1.38e+10 + alpha*1.71e+02
Valid : loss:8.09e+07  =  8.09e+07 + alpha*2.39e+01
Test: loss:3.29e+07  =  3.29e+07 + alpha*1.90e+01
Valid performance:
 mse:8.09e+07, IC:-9.66e-03, RIC:-1.19e-01, prec@10:5.11e-01, SR:-1.28e-01
Test performance:
 mse:3.29e+07, IC:-2.99e-03, RIC:-3.98e-02, prec@10:5.27e-01, SR:2.17e+00 


epoch72##########################################################
Train : loss:9.05e+08  =  9.05e+08 + alpha*5.14e+01
Valid : loss:2.15e+08  =  2.15e+08 + alpha*3.74e+01
Test: loss:7.88e+07  =  7.88e+07 + alpha*3.13e+01
Valid performance:
 mse:2.15e+08, IC:1.25e-02, RIC:1.42e-01, prec@10:5.11e-01, SR:2.14e+00
Test performance:
 mse:7.88e+07, IC:9.31e-03, RIC:1.14e-01, prec@10:5.13e-01, SR:1.05e+00 


epoch73##########################################################
Train : loss:5.73e+08  =  5.73e+08 + alpha*4.17e+01
Valid : loss:7.22e+08  =  7.22e+08 + alpha*7.02e+01
Test: loss:2.48e+08  =  2.48e+08 + alpha*5.74e+01
Valid performance:
 mse:7.22e+08, IC:1.04e-02, RIC:1.18e-01, prec@10:5.21e-01, SR:1.78e+00
Test performance:
 mse:2.48e+08, IC:9.07e-03, RIC:1.12e-01, prec@10:5.23e-01, SR:8.26e-01 


epoch74##########################################################
Train : loss:3.33e+09  =  3.33e+09 + alpha*1.00e+02
Valid : loss:1.53e+07  =  1.53e+07 + alpha*1.05e+01
Test: loss:7.17e+06  =  7.17e+06 + alpha*8.91e+00
Valid performance:
 mse:1.53e+07, IC:-7.28e-04, RIC:-8.41e-03, prec@10:5.17e-01, SR:9.33e-01
Test performance:
 mse:7.17e+06, IC:4.49e-03, RIC:6.23e-02, prec@10:5.34e-01, SR:6.86e-01 


epoch75##########################################################
Train : loss:1.75e+10  =  1.75e+10 + alpha*1.85e+02
Valid : loss:1.51e+08  =  1.51e+08 + alpha*3.28e+01
Test: loss:6.86e+07  =  6.86e+07 + alpha*2.83e+01
Valid performance:
 mse:1.51e+08, IC:-6.81e-04, RIC:-9.14e-03, prec@10:5.27e-01, SR:1.17e+00
Test performance:
 mse:6.86e+07, IC:-5.27e-03, RIC:-7.39e-02, prec@10:5.20e-01, SR:-1.06e-01 


epoch76##########################################################
Train : loss:2.59e+08  =  2.59e+08 + alpha*2.35e+01
Valid : loss:2.14e+05  =  2.14e+05 + alpha*1.15e+00
Test: loss:9.31e+04  =  9.31e+04 + alpha*9.21e-01
Valid performance:
 mse:2.14e+05, IC:1.85e-03, RIC:2.25e-02, prec@10:5.16e-01, SR:5.26e-01
Test performance:
 mse:9.31e+04, IC:3.59e-03, RIC:4.83e-02, prec@10:5.18e-01, SR:3.09e-01 


epoch77##########################################################
Train : loss:3.29e+05  =  3.29e+05 + alpha*1.15e+00
Valid : loss:1.09e+04  =  1.09e+04 + alpha*2.71e-01
Test: loss:4.30e+03  =  4.30e+03 + alpha*2.16e-01
Valid performance:
 mse:1.09e+04, IC:7.52e-03, RIC:8.48e-02, prec@10:5.18e-01, SR:9.01e-01
Test performance:
 mse:4.30e+03, IC:8.26e-03, RIC:1.06e-01, prec@10:5.22e-01, SR:1.46e+00 


epoch78##########################################################
Train : loss:9.21e+04  =  9.21e+04 + alpha*4.94e-01
Valid : loss:3.80e+04  =  3.80e+04 + alpha*4.95e-01
Test: loss:2.06e+04  =  2.06e+04 + alpha*4.51e-01
Valid performance:
 mse:3.80e+04, IC:6.32e-03, RIC:8.00e-02, prec@10:5.08e-01, SR:1.89e+00
Test performance:
 mse:2.06e+04, IC:4.91e-03, RIC:6.97e-02, prec@10:5.34e-01, SR:1.09e+00 


epoch79##########################################################
Train : loss:6.10e+09  =  6.10e+09 + alpha*9.85e+01
Valid : loss:1.78e+07  =  1.78e+07 + alpha*1.15e+01
Test: loss:7.92e+06  =  7.92e+06 + alpha*9.41e+00
Valid performance:
 mse:1.78e+07, IC:-5.71e-03, RIC:-7.15e-02, prec@10:5.23e-01, SR:-2.34e-01
Test performance:
 mse:7.92e+06, IC:-4.73e-03, RIC:-6.27e-02, prec@10:5.06e-01, SR:1.42e+00 


epoch80##########################################################
Train : loss:7.82e+08  =  7.82e+08 + alpha*4.77e+01
Valid : loss:1.10e+09  =  1.10e+09 + alpha*9.21e+01
Test: loss:3.61e+08  =  3.61e+08 + alpha*6.97e+01
Valid performance:
 mse:1.10e+09, IC:-1.08e-02, RIC:-1.31e-01, prec@10:5.40e-01, SR:-1.09e-01
Test performance:
 mse:3.61e+08, IC:-8.46e-03, RIC:-1.11e-01, prec@10:5.13e-01, SR:1.01e+00 


epoch81##########################################################
Train : loss:7.88e+09  =  7.88e+09 + alpha*1.81e+02
Valid : loss:1.27e+09  =  1.27e+09 + alpha*1.04e+02
Test: loss:4.20e+08  =  4.20e+08 + alpha*7.72e+01
Valid performance:
 mse:1.27e+09, IC:-1.24e-02, RIC:-1.42e-01, prec@10:5.24e-01, SR:-1.36e-01
Test performance:
 mse:4.20e+08, IC:-6.73e-03, RIC:-8.59e-02, prec@10:5.12e-01, SR:8.00e-01 


epoch82##########################################################
Train : loss:1.38e+09  =  1.38e+09 + alpha*4.77e+01
Valid : loss:7.68e+05  =  7.68e+05 + alpha*2.28e+00
Test: loss:2.58e+05  =  2.58e+05 + alpha*1.81e+00
Valid performance:
 mse:7.68e+05, IC:8.59e-03, RIC:9.92e-02, prec@10:5.23e-01, SR:1.08e+00
Test performance:
 mse:2.58e+05, IC:8.44e-03, RIC:1.08e-01, prec@10:5.25e-01, SR:1.06e+00 


epoch83##########################################################
Train : loss:1.46e+10  =  1.46e+10 + alpha*1.62e+02
Valid : loss:5.55e+09  =  5.55e+09 + alpha*2.11e+02
Test: loss:2.15e+09  =  2.15e+09 + alpha*1.57e+02
Valid performance:
 mse:5.55e+09, IC:-5.60e-03, RIC:-5.95e-02, prec@10:5.27e-01, SR:1.18e+00
Test performance:
 mse:2.15e+09, IC:-8.40e-03, RIC:-1.05e-01, prec@10:5.20e-01, SR:3.36e-01 


epoch84##########################################################
Train : loss:2.29e+09  =  2.29e+09 + alpha*7.20e+01
Valid : loss:1.20e+07  =  1.20e+07 + alpha*1.01e+01
Test: loss:4.46e+06  =  4.46e+06 + alpha*7.72e+00
Valid performance:
 mse:1.20e+07, IC:-7.93e-03, RIC:-9.14e-02, prec@10:5.24e-01, SR:3.52e-01
Test performance:
 mse:4.46e+06, IC:-9.66e-03, RIC:-1.24e-01, prec@10:5.20e-01, SR:1.93e+00 


epoch85##########################################################
Train : loss:4.00e+06  =  4.00e+06 + alpha*3.08e+00
Valid : loss:7.89e+03  =  7.89e+03 + alpha*2.03e-01
Test: loss:4.22e+03  =  4.22e+03 + alpha*1.73e-01
Valid performance:
 mse:7.89e+03, IC:7.49e-03, RIC:8.87e-02, prec@10:5.19e-01, SR:1.31e+00
Test performance:
 mse:4.22e+03, IC:4.12e-03, RIC:5.26e-02, prec@10:5.25e-01, SR:7.65e-01 


epoch86##########################################################
Train : loss:4.04e+07  =  4.04e+07 + alpha*6.05e+00
Valid : loss:1.32e+08  =  1.32e+08 + alpha*2.98e+01
Test: loss:4.60e+07  =  4.60e+07 + alpha*2.39e+01
Valid performance:
 mse:1.32e+08, IC:6.80e-03, RIC:8.07e-02, prec@10:5.19e-01, SR:1.32e+00
Test performance:
 mse:4.60e+07, IC:9.78e-03, RIC:1.29e-01, prec@10:5.17e-01, SR:1.15e+00 


epoch87##########################################################
Train : loss:1.06e+10  =  1.06e+10 + alpha*1.70e+02
Valid : loss:1.18e+08  =  1.18e+08 + alpha*3.18e+01
Test: loss:4.84e+07  =  4.84e+07 + alpha*2.49e+01
Valid performance:
 mse:1.18e+08, IC:-4.36e-03, RIC:-4.85e-02, prec@10:5.16e-01, SR:1.04e+00
Test performance:
 mse:4.84e+07, IC:-7.67e-03, RIC:-9.63e-02, prec@10:5.27e-01, SR:2.00e+00 


epoch88##########################################################
Train : loss:2.48e+09  =  2.48e+09 + alpha*9.46e+01
Valid : loss:3.55e+07  =  3.55e+07 + alpha*1.53e+01
Test: loss:1.61e+07  =  1.61e+07 + alpha*1.39e+01
Valid performance:
 mse:3.55e+07, IC:6.55e-03, RIC:8.08e-02, prec@10:5.18e-01, SR:1.92e+00
Test performance:
 mse:1.61e+07, IC:-3.71e-03, RIC:-4.87e-02, prec@10:5.16e-01, SR:7.78e-01 


epoch89##########################################################
Train : loss:1.02e+08  =  1.02e+08 + alpha*1.70e+01
Valid : loss:3.34e+05  =  3.34e+05 + alpha*1.53e+00
Test: loss:1.52e+05  =  1.52e+05 + alpha*1.29e+00
Valid performance:
 mse:3.34e+05, IC:-6.91e-03, RIC:-9.71e-02, prec@10:5.08e-01, SR:1.04e+00
Test performance:
 mse:1.52e+05, IC:-3.66e-03, RIC:-4.44e-02, prec@10:5.37e-01, SR:2.05e+00 


epoch90##########################################################
Train : loss:1.00e+10  =  1.00e+10 + alpha*1.56e+02
Valid : loss:6.37e+08  =  6.37e+08 + alpha*6.53e+01
Test: loss:2.33e+08  =  2.33e+08 + alpha*5.30e+01
Valid performance:
 mse:6.37e+08, IC:6.07e-03, RIC:7.19e-02, prec@10:5.09e-01, SR:1.27e+00
Test performance:
 mse:2.33e+08, IC:8.36e-03, RIC:1.06e-01, prec@10:5.20e-01, SR:1.18e+00 


epoch91##########################################################
Train : loss:5.63e+09  =  5.63e+09 + alpha*1.40e+02
Valid : loss:9.02e+08  =  9.02e+08 + alpha*7.82e+01
Test: loss:3.82e+08  =  3.82e+08 + alpha*6.43e+01
Valid performance:
 mse:9.02e+08, IC:1.52e-03, RIC:1.95e-02, prec@10:5.05e-01, SR:5.69e-01
Test performance:
 mse:3.82e+08, IC:-5.61e-04, RIC:-8.19e-03, prec@10:5.33e-01, SR:9.39e-01 


epoch92##########################################################
Train : loss:1.62e+09  =  1.62e+09 + alpha*8.14e+01
Valid : loss:2.60e+07  =  2.60e+07 + alpha*1.22e+01
Test: loss:1.07e+07  =  1.07e+07 + alpha*1.06e+01
Valid performance:
 mse:2.60e+07, IC:4.06e-03, RIC:4.96e-02, prec@10:5.27e-01, SR:1.86e+00
Test performance:
 mse:1.07e+07, IC:2.37e-03, RIC:3.10e-02, prec@10:5.19e-01, SR:1.06e+00 


epoch93##########################################################
Train : loss:2.50e+09  =  2.50e+09 + alpha*8.22e+01
Valid : loss:1.05e+08  =  1.05e+08 + alpha*2.59e+01
Test: loss:4.29e+07  =  4.29e+07 + alpha*2.17e+01
Valid performance:
 mse:1.05e+08, IC:8.03e-03, RIC:8.87e-02, prec@10:5.27e-01, SR:2.32e+00
Test performance:
 mse:4.29e+07, IC:1.01e-02, RIC:1.29e-01, prec@10:5.29e-01, SR:1.65e+00 


epoch94##########################################################
Train : loss:2.00e+09  =  2.00e+09 + alpha*8.29e+01
Valid : loss:1.93e+08  =  1.93e+08 + alpha*3.46e+01
Test: loss:7.73e+07  =  7.73e+07 + alpha*2.89e+01
Valid performance:
 mse:1.93e+08, IC:1.29e-02, RIC:1.49e-01, prec@10:5.08e-01, SR:1.43e+00
Test performance:
 mse:7.73e+07, IC:4.94e-03, RIC:6.23e-02, prec@10:5.29e-01, SR:1.24e+00 


epoch95##########################################################
Train : loss:8.02e+09  =  8.02e+09 + alpha*1.47e+02
Valid : loss:9.37e+08  =  9.37e+08 + alpha*8.51e+01
Test: loss:3.28e+08  =  3.28e+08 + alpha*6.41e+01
Valid performance:
 mse:9.37e+08, IC:-1.06e-02, RIC:-1.28e-01, prec@10:5.11e-01, SR:8.45e-02
Test performance:
 mse:3.28e+08, IC:-5.95e-03, RIC:-7.97e-02, prec@10:5.19e-01, SR:4.03e-01 


epoch96##########################################################
Train : loss:3.92e+08  =  3.92e+08 + alpha*3.60e+01
Valid : loss:4.05e+07  =  4.05e+07 + alpha*1.76e+01
Test: loss:1.41e+07  =  1.41e+07 + alpha*1.37e+01
Valid performance:
 mse:4.05e+07, IC:-8.40e-03, RIC:-9.85e-02, prec@10:5.17e-01, SR:2.54e-01
Test performance:
 mse:1.41e+07, IC:-7.40e-03, RIC:-9.53e-02, prec@10:5.17e-01, SR:6.69e-01 


epoch97##########################################################
Train : loss:1.21e+09  =  1.21e+09 + alpha*4.21e+01
Valid : loss:2.24e+09  =  2.24e+09 + alpha*1.25e+02
Test: loss:8.56e+08  =  8.56e+08 + alpha*1.02e+02
Valid performance:
 mse:2.24e+09, IC:1.00e-02, RIC:1.10e-01, prec@10:5.23e-01, SR:8.21e-01
Test performance:
 mse:8.56e+08, IC:5.40e-03, RIC:7.05e-02, prec@10:5.26e-01, SR:1.06e+00 


epoch98##########################################################
Train : loss:1.44e+10  =  1.44e+10 + alpha*2.01e+02
Valid : loss:4.08e+08  =  4.08e+08 + alpha*5.80e+01
Test: loss:1.44e+08  =  1.44e+08 + alpha*4.36e+01
Valid performance:
 mse:4.08e+08, IC:-1.18e-02, RIC:-1.34e-01, prec@10:5.32e-01, SR:5.58e-01
Test performance:
 mse:1.44e+08, IC:-7.49e-03, RIC:-9.56e-02, prec@10:5.43e-01, SR:2.11e+00 


epoch99##########################################################
Train : loss:1.64e+08  =  1.64e+08 + alpha*2.25e+01
Valid : loss:7.43e+05  =  7.43e+05 + alpha*2.45e+00
Test: loss:2.81e+05  =  2.81e+05 + alpha*1.88e+00
Valid performance:
 mse:7.43e+05, IC:-7.01e-03, RIC:-7.87e-02, prec@10:5.33e-01, SR:1.03e+00
Test performance:
 mse:2.81e+05, IC:-6.96e-03, RIC:-8.58e-02, prec@10:5.26e-01, SR:6.65e-01 


epoch100##########################################################
Train : loss:7.10e+07  =  7.10e+07 + alpha*1.34e+01
Valid : loss:5.11e+07  =  5.11e+07 + alpha*1.87e+01
Test: loss:1.76e+07  =  1.76e+07 + alpha*1.49e+01
Valid performance:
 mse:5.11e+07, IC:8.35e-03, RIC:9.68e-02, prec@10:5.22e-01, SR:1.41e+00
Test performance:
 mse:1.76e+07, IC:8.39e-03, RIC:1.08e-01, prec@10:5.18e-01, SR:1.09e+00 


Training finished.
Best Validation Performance (based on lowest validation loss for LinearModel):
mse:3.86e+03, IC:1.22e-03, RIC:1.44e-02, prec@10:5.27e-01, SR:7.08e-01
Corresponding Test Performance for LinearModel:
mse:1.81e+03, IC:8.92e-04, RIC:1.17e-02, prec@10:5.31e-01, SR:1.23e+00
Results for LinearModel appended to ../training_results.xlsx (active sheet: Training Results)
