原始SP500数据形状: (464, 1148, 5) (股票数: 464, 天数: 1148, 特征数: 5)
使用全部5年数据 (2020-2024)，数据形状: (464, 1148, 5)
Warning: stock_num (1026) does not match eod_data.shape[0] (464). Adjusting stock_num.
市场为 SP500，实际加载股票数量更新为: 464
总交易天数: 1148
根据 60%/20%/_ 分割比例 (已调整为满足最小数据集要求):
训练集天数 (0-indexed, up to valid_index-1): 688 (实际比例: 59.9%)
验证集天数 (valid_index to test_index-1): 230 (实际比例: 20.0%)
测试集天数 (test_index to end): 230 (实际比例: 20.0%)
验证集起始索引 (valid_index): 688
测试集起始索引 (test_index): 918
✅ 数据集分割检查通过
✅ EOD数据已使用训练集的均值和标准差进行标准化
C:\ProgramData\anaconda3\envs\mypytorch\lib\site-packages\torch\optim\lr_scheduler.py:62: UserWarning: The verbose parameter is deprecated. Please use get_last_lr() to access the learning rate.
  warnings.warn(
epoch1##########################################################
Train : loss:1.44e-01  =  1.43e-01 + alpha*2.89e-03
train.py:217: DeprecationWarning: __array__ implementation doesn't accept a copy keyword, so passing copy=False failed. __array__ must implement 'dtype' and 'copy' keyword arguments.
  cur_valid_pred[:, cur_offset - (start_index - lookback_length - steps + 1)] = cur_rr[:, 0].cpu()
train.py:218: DeprecationWarning: __array__ implementation doesn't accept a copy keyword, so passing copy=False failed. __array__ must implement 'dtype' and 'copy' keyword arguments.
  cur_valid_gt[:, cur_offset - (start_index - lookback_length - steps + 1)] = gt_batch[:, 0].cpu()
train.py:219: DeprecationWarning: __array__ implementation doesn't accept a copy keyword, so passing copy=False failed. __array__ must implement 'dtype' and 'copy' keyword arguments.
  cur_valid_mask[:, cur_offset - (start_index - lookback_length - steps + 1)] = mask_batch[:, 0].cpu()
Valid : loss:4.79e-02  =  4.76e-02 + alpha*1.70e-03
Test: loss:6.43e-02  =  6.39e-02 + alpha*1.74e-03
Valid performance:
 mse:4.76e-02, IC:2.98e-02, RIC:2.55e-01, prec@10:5.29e-01, SR:1.32e+00
Test performance:
 mse:6.39e-02, IC:2.14e-02, RIC:1.58e-01, prec@10:5.03e-01, SR:1.53e+00 


epoch2##########################################################
Train : loss:4.45e-02  =  4.42e-02 + alpha*1.88e-03
Valid : loss:2.56e-02  =  2.54e-02 + alpha*1.24e-03
Test: loss:3.02e-02  =  3.00e-02 + alpha*1.28e-03
Valid performance:
 mse:2.54e-02, IC:2.41e-02, RIC:2.30e-01, prec@10:5.27e-01, SR:1.79e+00
Test performance:
 mse:3.00e-02, IC:2.33e-02, RIC:1.75e-01, prec@10:5.15e-01, SR:3.95e-01 


epoch3##########################################################
Train : loss:2.37e-02  =  2.35e-02 + alpha*1.37e-03
Valid : loss:1.44e-02  =  1.42e-02 + alpha*9.01e-04
Test: loss:1.66e-02  =  1.64e-02 + alpha*9.45e-04
Valid performance:
 mse:1.42e-02, IC:2.08e-02, RIC:1.97e-01, prec@10:5.44e-01, SR:1.94e+00
Test performance:
 mse:1.64e-02, IC:2.28e-02, RIC:1.81e-01, prec@10:5.23e-01, SR:1.63e+00 


epoch4##########################################################
Train : loss:1.40e-02  =  1.38e-02 + alpha*1.04e-03
Valid : loss:8.76e-03  =  8.62e-03 + alpha*7.09e-04
Test: loss:9.62e-03  =  9.47e-03 + alpha*7.79e-04
Valid performance:
 mse:8.62e-03, IC:1.75e-02, RIC:1.52e-01, prec@10:5.39e-01, SR:2.11e+00
Test performance:
 mse:9.47e-03, IC:1.80e-02, RIC:1.37e-01, prec@10:5.20e-01, SR:1.82e+00 


epoch5##########################################################
Train : loss:9.52e-03  =  9.35e-03 + alpha*8.50e-04
Valid : loss:6.35e-03  =  6.23e-03 + alpha*5.92e-04
Test: loss:6.96e-03  =  6.83e-03 + alpha*6.45e-04
Valid performance:
 mse:6.23e-03, IC:1.19e-02, RIC:9.95e-02, prec@10:5.34e-01, SR:1.46e+00
Test performance:
 mse:6.83e-03, IC:1.74e-02, RIC:1.38e-01, prec@10:5.32e-01, SR:2.10e+00 


epoch6##########################################################
Train : loss:7.12e-03  =  6.98e-03 + alpha*7.24e-04
Valid : loss:5.08e-03  =  4.98e-03 + alpha*5.07e-04
Test: loss:5.78e-03  =  5.66e-03 + alpha*5.54e-04
Valid performance:
 mse:4.98e-03, IC:9.89e-03, RIC:8.01e-02, prec@10:5.44e-01, SR:1.25e+00
Test performance:
 mse:5.66e-03, IC:1.84e-02, RIC:1.44e-01, prec@10:5.27e-01, SR:2.41e+00 


epoch7##########################################################
Train : loss:5.61e-03  =  5.49e-03 + alpha*6.35e-04
Valid : loss:3.83e-03  =  3.74e-03 + alpha*4.44e-04
Test: loss:4.41e-03  =  4.31e-03 + alpha*4.98e-04
Valid performance:
 mse:3.74e-03, IC:8.54e-03, RIC:6.50e-02, prec@10:5.34e-01, SR:1.17e+00
Test performance:
 mse:4.31e-03, IC:1.68e-02, RIC:1.25e-01, prec@10:5.27e-01, SR:1.56e+00 


epoch8##########################################################
Train : loss:4.65e-03  =  4.54e-03 + alpha*5.75e-04
Valid : loss:3.40e-03  =  3.32e-03 + alpha*4.13e-04
Test: loss:4.09e-03  =  4.00e-03 + alpha*4.67e-04
Valid performance:
 mse:3.32e-03, IC:1.03e-02, RIC:7.63e-02, prec@10:5.28e-01, SR:1.58e+00
Test performance:
 mse:4.00e-03, IC:1.89e-02, RIC:1.40e-01, prec@10:5.26e-01, SR:1.77e+00 


epoch9##########################################################
Train : loss:4.24e-03  =  4.13e-03 + alpha*5.45e-04
Valid : loss:3.10e-03  =  3.02e-03 + alpha*3.90e-04
Test: loss:3.70e-03  =  3.61e-03 + alpha*4.40e-04
Valid performance:
 mse:3.02e-03, IC:6.28e-03, RIC:4.60e-02, prec@10:5.33e-01, SR:1.19e+00
Test performance:
 mse:3.61e-03, IC:1.76e-02, RIC:1.26e-01, prec@10:5.17e-01, SR:1.14e+00 


epoch10##########################################################
Train : loss:3.72e-03  =  3.62e-03 + alpha*5.05e-04
Valid : loss:2.77e-03  =  2.69e-03 + alpha*3.68e-04
Test: loss:3.28e-03  =  3.20e-03 + alpha*4.15e-04
Valid performance:
 mse:2.69e-03, IC:6.70e-03, RIC:4.80e-02, prec@10:5.40e-01, SR:1.17e+00
Test performance:
 mse:3.20e-03, IC:1.88e-02, RIC:1.36e-01, prec@10:5.25e-01, SR:9.72e-01 


epoch11##########################################################
Train : loss:3.45e-03  =  3.35e-03 + alpha*4.82e-04
Valid : loss:2.57e-03  =  2.50e-03 + alpha*3.49e-04
Test: loss:3.06e-03  =  2.98e-03 + alpha*3.91e-04
Valid performance:
 mse:2.50e-03, IC:7.25e-03, RIC:5.01e-02, prec@10:5.35e-01, SR:1.19e+00
Test performance:
 mse:2.98e-03, IC:2.04e-02, RIC:1.47e-01, prec@10:5.34e-01, SR:1.70e+00 


epoch12##########################################################
Train : loss:3.18e-03  =  3.09e-03 + alpha*4.58e-04
Valid : loss:2.24e-03  =  2.18e-03 + alpha*3.35e-04
Test: loss:2.62e-03  =  2.55e-03 + alpha*3.80e-04
Valid performance:
 mse:2.18e-03, IC:6.34e-03, RIC:4.26e-02, prec@10:5.27e-01, SR:1.11e+00
Test performance:
 mse:2.55e-03, IC:2.15e-02, RIC:1.49e-01, prec@10:5.34e-01, SR:1.78e+00 


epoch13##########################################################
Train : loss:2.97e-03  =  2.88e-03 + alpha*4.39e-04
Valid : loss:2.21e-03  =  2.15e-03 + alpha*3.20e-04
Test: loss:2.67e-03  =  2.60e-03 + alpha*3.59e-04
Valid performance:
 mse:2.15e-03, IC:4.89e-03, RIC:3.25e-02, prec@10:5.30e-01, SR:9.87e-01
Test performance:
 mse:2.60e-03, IC:2.19e-02, RIC:1.52e-01, prec@10:5.27e-01, SR:1.18e+00 


epoch14##########################################################
Train : loss:2.80e-03  =  2.72e-03 + alpha*4.21e-04
Valid : loss:2.25e-03  =  2.18e-03 + alpha*3.11e-04
Test: loss:2.81e-03  =  2.74e-03 + alpha*3.55e-04
Valid performance:
 mse:2.18e-03, IC:7.39e-03, RIC:4.91e-02, prec@10:5.27e-01, SR:4.37e-01
Test performance:
 mse:2.74e-03, IC:2.26e-02, RIC:1.57e-01, prec@10:5.27e-01, SR:1.89e+00 


epoch15##########################################################
Train : loss:2.72e-03  =  2.64e-03 + alpha*4.17e-04
Valid : loss:2.16e-03  =  2.10e-03 + alpha*3.10e-04
Test: loss:2.57e-03  =  2.50e-03 + alpha*3.46e-04
Valid performance:
 mse:2.10e-03, IC:3.26e-03, RIC:2.13e-02, prec@10:5.29e-01, SR:6.39e-01
Test performance:
 mse:2.50e-03, IC:1.94e-02, RIC:1.35e-01, prec@10:5.19e-01, SR:1.13e+00 


epoch16##########################################################
Train : loss:2.63e-03  =  2.55e-03 + alpha*4.07e-04
Valid : loss:1.96e-03  =  1.90e-03 + alpha*3.05e-04
Test: loss:2.35e-03  =  2.28e-03 + alpha*3.50e-04
Valid performance:
 mse:1.90e-03, IC:5.46e-03, RIC:3.54e-02, prec@10:5.36e-01, SR:3.75e-01
Test performance:
 mse:2.28e-03, IC:2.00e-02, RIC:1.37e-01, prec@10:5.17e-01, SR:2.87e-01 


epoch17##########################################################
Train : loss:2.60e-03  =  2.52e-03 + alpha*4.04e-04
Valid : loss:2.03e-03  =  1.97e-03 + alpha*2.99e-04
Test: loss:2.48e-03  =  2.42e-03 + alpha*3.37e-04
Valid performance:
 mse:1.97e-03, IC:5.76e-03, RIC:3.70e-02, prec@10:5.26e-01, SR:3.01e-01
Test performance:
 mse:2.42e-03, IC:2.14e-02, RIC:1.47e-01, prec@10:5.24e-01, SR:1.52e+00 


epoch18##########################################################
Train : loss:2.56e-03  =  2.48e-03 + alpha*3.96e-04
Valid : loss:1.95e-03  =  1.89e-03 + alpha*2.97e-04
Test: loss:2.36e-03  =  2.29e-03 + alpha*3.30e-04
Valid performance:
 mse:1.89e-03, IC:4.55e-03, RIC:2.92e-02, prec@10:5.30e-01, SR:6.33e-01
Test performance:
 mse:2.29e-03, IC:2.14e-02, RIC:1.46e-01, prec@10:5.16e-01, SR:1.30e+00 


epoch19##########################################################
Train : loss:2.52e-03  =  2.44e-03 + alpha*3.94e-04
Valid : loss:1.84e-03  =  1.78e-03 + alpha*2.95e-04
Test: loss:2.18e-03  =  2.12e-03 + alpha*3.33e-04
Valid performance:
 mse:1.78e-03, IC:6.01e-03, RIC:3.81e-02, prec@10:5.21e-01, SR:4.05e-01
Test performance:
 mse:2.12e-03, IC:2.20e-02, RIC:1.50e-01, prec@10:5.27e-01, SR:5.98e-01 


epoch20##########################################################
Train : loss:2.47e-03  =  2.39e-03 + alpha*3.90e-04
Valid : loss:1.86e-03  =  1.80e-03 + alpha*2.90e-04
Test: loss:2.28e-03  =  2.21e-03 + alpha*3.31e-04
Valid performance:
 mse:1.80e-03, IC:8.20e-03, RIC:5.22e-02, prec@10:5.24e-01, SR:9.84e-01
Test performance:
 mse:2.21e-03, IC:2.06e-02, RIC:1.40e-01, prec@10:5.17e-01, SR:1.25e+00 


epoch21##########################################################
Train : loss:2.46e-03  =  2.38e-03 + alpha*3.87e-04
Valid : loss:1.85e-03  =  1.79e-03 + alpha*2.91e-04
Test: loss:2.25e-03  =  2.18e-03 + alpha*3.30e-04
Valid performance:
 mse:1.79e-03, IC:5.39e-03, RIC:3.43e-02, prec@10:5.18e-01, SR:1.06e-01
Test performance:
 mse:2.18e-03, IC:2.13e-02, RIC:1.44e-01, prec@10:5.24e-01, SR:7.85e-01 


epoch22##########################################################
Train : loss:2.44e-03  =  2.36e-03 + alpha*3.87e-04
Valid : loss:1.82e-03  =  1.76e-03 + alpha*2.90e-04
Test: loss:2.17e-03  =  2.10e-03 + alpha*3.27e-04
Valid performance:
 mse:1.76e-03, IC:4.20e-03, RIC:2.71e-02, prec@10:5.34e-01, SR:4.25e-01
Test performance:
 mse:2.10e-03, IC:1.95e-02, RIC:1.34e-01, prec@10:5.24e-01, SR:1.24e+00 


epoch23##########################################################
Train : loss:2.41e-03  =  2.34e-03 + alpha*3.81e-04
Valid : loss:1.87e-03  =  1.81e-03 + alpha*2.88e-04
Test: loss:2.24e-03  =  2.18e-03 + alpha*3.21e-04
Valid performance:
 mse:1.81e-03, IC:4.81e-03, RIC:3.07e-02, prec@10:5.35e-01, SR:1.10e+00
Test performance:
 mse:2.18e-03, IC:2.26e-02, RIC:1.58e-01, prec@10:5.17e-01, SR:9.09e-01 


epoch24##########################################################
Train : loss:2.40e-03  =  2.33e-03 + alpha*3.82e-04
Valid : loss:1.86e-03  =  1.80e-03 + alpha*2.89e-04
Test: loss:2.22e-03  =  2.16e-03 + alpha*3.19e-04
Valid performance:
 mse:1.80e-03, IC:1.73e-03, RIC:1.10e-02, prec@10:5.31e-01, SR:5.12e-01
Test performance:
 mse:2.16e-03, IC:2.31e-02, RIC:1.58e-01, prec@10:5.21e-01, SR:7.20e-01 


epoch25##########################################################
Train : loss:2.40e-03  =  2.32e-03 + alpha*3.80e-04
Valid : loss:1.82e-03  =  1.76e-03 + alpha*2.86e-04
Test: loss:2.24e-03  =  2.17e-03 + alpha*3.24e-04
Valid performance:
 mse:1.76e-03, IC:5.32e-03, RIC:3.39e-02, prec@10:5.23e-01, SR:-1.82e-01
Test performance:
 mse:2.17e-03, IC:1.97e-02, RIC:1.36e-01, prec@10:5.23e-01, SR:8.32e-01 


epoch26##########################################################
Train : loss:2.36e-03  =  2.28e-03 + alpha*3.77e-04
Valid : loss:1.82e-03  =  1.76e-03 + alpha*2.86e-04
Test: loss:2.22e-03  =  2.15e-03 + alpha*3.20e-04
Valid performance:
 mse:1.76e-03, IC:4.58e-03, RIC:2.92e-02, prec@10:5.16e-01, SR:1.06e-01
Test performance:
 mse:2.15e-03, IC:2.34e-02, RIC:1.60e-01, prec@10:5.24e-01, SR:1.41e+00 


epoch27##########################################################
Train : loss:2.35e-03  =  2.28e-03 + alpha*3.73e-04
Valid : loss:1.82e-03  =  1.76e-03 + alpha*2.85e-04
Test: loss:2.18e-03  =  2.12e-03 + alpha*3.20e-04
Valid performance:
 mse:1.76e-03, IC:3.97e-03, RIC:2.51e-02, prec@10:5.24e-01, SR:2.84e-01
Test performance:
 mse:2.12e-03, IC:1.92e-02, RIC:1.32e-01, prec@10:5.24e-01, SR:7.30e-01 


epoch28##########################################################
Train : loss:2.34e-03  =  2.27e-03 + alpha*3.76e-04
Valid : loss:1.80e-03  =  1.74e-03 + alpha*2.85e-04
Test: loss:2.21e-03  =  2.14e-03 + alpha*3.21e-04
Valid performance:
 mse:1.74e-03, IC:4.61e-03, RIC:2.91e-02, prec@10:5.22e-01, SR:-1.11e-01
Test performance:
 mse:2.14e-03, IC:2.09e-02, RIC:1.44e-01, prec@10:5.11e-01, SR:8.59e-01 


epoch29##########################################################
Train : loss:2.35e-03  =  2.27e-03 + alpha*3.77e-04
Valid : loss:1.81e-03  =  1.76e-03 + alpha*2.85e-04
Test: loss:2.17e-03  =  2.10e-03 + alpha*3.16e-04
Valid performance:
 mse:1.76e-03, IC:2.88e-03, RIC:1.82e-02, prec@10:5.20e-01, SR:7.57e-01
Test performance:
 mse:2.10e-03, IC:2.19e-02, RIC:1.52e-01, prec@10:5.21e-01, SR:1.27e+00 


epoch30##########################################################
Train : loss:2.33e-03  =  2.26e-03 + alpha*3.72e-04
Valid : loss:1.77e-03  =  1.71e-03 + alpha*2.83e-04
Test: loss:2.18e-03  =  2.12e-03 + alpha*3.25e-04
Valid performance:
 mse:1.71e-03, IC:7.39e-03, RIC:4.63e-02, prec@10:5.24e-01, SR:8.57e-01
Test performance:
 mse:2.12e-03, IC:2.08e-02, RIC:1.42e-01, prec@10:5.17e-01, SR:7.28e-01 


epoch31##########################################################
Train : loss:2.33e-03  =  2.25e-03 + alpha*3.74e-04
Valid : loss:1.78e-03  =  1.73e-03 + alpha*2.83e-04
Test: loss:2.16e-03  =  2.10e-03 + alpha*3.18e-04
Valid performance:
 mse:1.73e-03, IC:4.07e-03, RIC:2.55e-02, prec@10:5.23e-01, SR:6.52e-01
Test performance:
 mse:2.10e-03, IC:2.11e-02, RIC:1.45e-01, prec@10:5.19e-01, SR:1.06e+00 


epoch32##########################################################
Train : loss:2.32e-03  =  2.25e-03 + alpha*3.72e-04
Valid : loss:1.78e-03  =  1.72e-03 + alpha*2.82e-04
Test: loss:2.18e-03  =  2.12e-03 + alpha*3.19e-04
Valid performance:
 mse:1.72e-03, IC:6.93e-03, RIC:4.37e-02, prec@10:5.27e-01, SR:1.18e+00
Test performance:
 mse:2.12e-03, IC:2.19e-02, RIC:1.49e-01, prec@10:5.24e-01, SR:5.20e-01 


epoch33##########################################################
Train : loss:2.32e-03  =  2.24e-03 + alpha*3.73e-04
Valid : loss:1.75e-03  =  1.69e-03 + alpha*2.82e-04
Test: loss:2.12e-03  =  2.06e-03 + alpha*3.20e-04
Valid performance:
 mse:1.69e-03, IC:7.58e-03, RIC:4.74e-02, prec@10:5.22e-01, SR:5.63e-01
Test performance:
 mse:2.06e-03, IC:2.29e-02, RIC:1.57e-01, prec@10:5.21e-01, SR:1.08e+00 


epoch34##########################################################
Train : loss:2.33e-03  =  2.25e-03 + alpha*3.74e-04
Valid : loss:1.79e-03  =  1.74e-03 + alpha*2.82e-04
Test: loss:2.16e-03  =  2.10e-03 + alpha*3.16e-04
Valid performance:
 mse:1.74e-03, IC:3.59e-03, RIC:2.27e-02, prec@10:5.23e-01, SR:1.05e+00
Test performance:
 mse:2.10e-03, IC:2.06e-02, RIC:1.42e-01, prec@10:5.24e-01, SR:1.24e+00 


epoch35##########################################################
Train : loss:2.32e-03  =  2.24e-03 + alpha*3.74e-04
Valid : loss:1.76e-03  =  1.70e-03 + alpha*2.81e-04
Test: loss:2.14e-03  =  2.08e-03 + alpha*3.18e-04
Valid performance:
 mse:1.70e-03, IC:6.44e-03, RIC:4.02e-02, prec@10:5.23e-01, SR:6.61e-01
Test performance:
 mse:2.08e-03, IC:2.27e-02, RIC:1.55e-01, prec@10:5.20e-01, SR:1.13e+00 


epoch36##########################################################
Train : loss:2.32e-03  =  2.25e-03 + alpha*3.74e-04
Valid : loss:1.77e-03  =  1.71e-03 + alpha*2.81e-04
Test: loss:2.15e-03  =  2.09e-03 + alpha*3.18e-04
Valid performance:
 mse:1.71e-03, IC:6.66e-03, RIC:4.23e-02, prec@10:5.28e-01, SR:3.96e-01
Test performance:
 mse:2.09e-03, IC:2.07e-02, RIC:1.41e-01, prec@10:5.07e-01, SR:1.32e+00 


epoch37##########################################################
Train : loss:2.31e-03  =  2.23e-03 + alpha*3.72e-04
Valid : loss:1.75e-03  =  1.69e-03 + alpha*2.81e-04
Test: loss:2.14e-03  =  2.07e-03 + alpha*3.20e-04
Valid performance:
 mse:1.69e-03, IC:5.78e-03, RIC:3.65e-02, prec@10:5.30e-01, SR:4.21e-01
Test performance:
 mse:2.07e-03, IC:2.05e-02, RIC:1.40e-01, prec@10:5.14e-01, SR:6.65e-01 


epoch38##########################################################
Train : loss:2.32e-03  =  2.24e-03 + alpha*3.73e-04
Valid : loss:1.77e-03  =  1.71e-03 + alpha*2.80e-04
Test: loss:2.15e-03  =  2.08e-03 + alpha*3.17e-04
Valid performance:
 mse:1.71e-03, IC:6.89e-03, RIC:4.29e-02, prec@10:5.23e-01, SR:5.50e-01
Test performance:
 mse:2.08e-03, IC:2.01e-02, RIC:1.37e-01, prec@10:5.27e-01, SR:1.51e+00 


epoch39##########################################################
Train : loss:2.31e-03  =  2.24e-03 + alpha*3.72e-04
Valid : loss:1.77e-03  =  1.71e-03 + alpha*2.80e-04
Test: loss:2.15e-03  =  2.09e-03 + alpha*3.17e-04
Valid performance:
 mse:1.71e-03, IC:5.62e-03, RIC:3.53e-02, prec@10:5.31e-01, SR:3.51e-01
Test performance:
 mse:2.09e-03, IC:2.12e-02, RIC:1.45e-01, prec@10:5.26e-01, SR:1.33e+00 


epoch40##########################################################
Train : loss:2.30e-03  =  2.23e-03 + alpha*3.69e-04
Valid : loss:1.75e-03  =  1.70e-03 + alpha*2.80e-04
Test: loss:2.14e-03  =  2.08e-03 + alpha*3.17e-04
Valid performance:
 mse:1.70e-03, IC:6.67e-03, RIC:4.19e-02, prec@10:5.33e-01, SR:5.50e-01
Test performance:
 mse:2.08e-03, IC:2.09e-02, RIC:1.44e-01, prec@10:5.22e-01, SR:1.15e+00 


epoch41##########################################################
Train : loss:2.31e-03  =  2.23e-03 + alpha*3.72e-04
Valid : loss:1.77e-03  =  1.71e-03 + alpha*2.81e-04
Test: loss:2.15e-03  =  2.09e-03 + alpha*3.16e-04
Valid performance:
 mse:1.71e-03, IC:6.06e-03, RIC:3.83e-02, prec@10:5.32e-01, SR:9.57e-01
Test performance:
 mse:2.09e-03, IC:2.11e-02, RIC:1.46e-01, prec@10:5.21e-01, SR:8.65e-01 


epoch42##########################################################
Train : loss:2.29e-03  =  2.22e-03 + alpha*3.71e-04
Valid : loss:1.77e-03  =  1.71e-03 + alpha*2.80e-04
Test: loss:2.14e-03  =  2.08e-03 + alpha*3.15e-04
Valid performance:
 mse:1.71e-03, IC:4.46e-03, RIC:2.78e-02, prec@10:5.28e-01, SR:1.06e+00
Test performance:
 mse:2.08e-03, IC:2.17e-02, RIC:1.49e-01, prec@10:5.16e-01, SR:6.97e-01 


epoch43##########################################################
Train : loss:2.29e-03  =  2.22e-03 + alpha*3.70e-04
Valid : loss:1.77e-03  =  1.71e-03 + alpha*2.81e-04
Test: loss:2.14e-03  =  2.08e-03 + alpha*3.16e-04
Valid performance:
 mse:1.71e-03, IC:5.39e-03, RIC:3.36e-02, prec@10:5.32e-01, SR:7.16e-01
Test performance:
 mse:2.08e-03, IC:1.96e-02, RIC:1.34e-01, prec@10:5.23e-01, SR:9.17e-01 


epoch44##########################################################
Train : loss:2.31e-03  =  2.23e-03 + alpha*3.72e-04
Valid : loss:1.75e-03  =  1.69e-03 + alpha*2.80e-04
Test: loss:2.13e-03  =  2.07e-03 + alpha*3.17e-04
Valid performance:
 mse:1.69e-03, IC:5.77e-03, RIC:3.60e-02, prec@10:5.20e-01, SR:4.80e-01
Test performance:
 mse:2.07e-03, IC:2.00e-02, RIC:1.37e-01, prec@10:5.15e-01, SR:5.52e-01 


epoch45##########################################################
Train : loss:2.30e-03  =  2.23e-03 + alpha*3.72e-04
Valid : loss:1.77e-03  =  1.71e-03 + alpha*2.80e-04
Test: loss:2.16e-03  =  2.09e-03 + alpha*3.15e-04
Valid performance:
 mse:1.71e-03, IC:4.73e-03, RIC:2.97e-02, prec@10:5.27e-01, SR:1.02e+00
Test performance:
 mse:2.09e-03, IC:2.07e-02, RIC:1.41e-01, prec@10:5.18e-01, SR:1.36e+00 


epoch46##########################################################
Train : loss:2.28e-03  =  2.20e-03 + alpha*3.71e-04
Valid : loss:1.75e-03  =  1.70e-03 + alpha*2.80e-04
Test: loss:2.14e-03  =  2.07e-03 + alpha*3.17e-04
Valid performance:
 mse:1.70e-03, IC:6.21e-03, RIC:3.90e-02, prec@10:5.31e-01, SR:5.58e-01
Test performance:
 mse:2.07e-03, IC:2.18e-02, RIC:1.50e-01, prec@10:5.17e-01, SR:7.32e-01 


epoch47##########################################################
Train : loss:2.29e-03  =  2.22e-03 + alpha*3.70e-04
Valid : loss:1.75e-03  =  1.70e-03 + alpha*2.79e-04
Test: loss:2.14e-03  =  2.08e-03 + alpha*3.16e-04
Valid performance:
 mse:1.70e-03, IC:6.33e-03, RIC:4.00e-02, prec@10:5.22e-01, SR:1.12e-01
Test performance:
 mse:2.08e-03, IC:2.17e-02, RIC:1.47e-01, prec@10:5.18e-01, SR:1.26e+00 


epoch48##########################################################
Train : loss:2.29e-03  =  2.22e-03 + alpha*3.72e-04
Valid : loss:1.75e-03  =  1.69e-03 + alpha*2.80e-04
Test: loss:2.13e-03  =  2.07e-03 + alpha*3.15e-04
Valid performance:
 mse:1.69e-03, IC:5.71e-03, RIC:3.63e-02, prec@10:5.20e-01, SR:5.87e-01
Test performance:
 mse:2.07e-03, IC:2.26e-02, RIC:1.54e-01, prec@10:5.17e-01, SR:1.11e+00 


epoch49##########################################################
Train : loss:2.29e-03  =  2.22e-03 + alpha*3.69e-04
Valid : loss:1.76e-03  =  1.70e-03 + alpha*2.80e-04
Test: loss:2.14e-03  =  2.08e-03 + alpha*3.15e-04
Valid performance:
 mse:1.70e-03, IC:5.26e-03, RIC:3.31e-02, prec@10:5.30e-01, SR:7.08e-01
Test performance:
 mse:2.08e-03, IC:2.09e-02, RIC:1.43e-01, prec@10:5.22e-01, SR:1.18e+00 


epoch50##########################################################
Train : loss:2.30e-03  =  2.22e-03 + alpha*3.71e-04
Valid : loss:1.76e-03  =  1.70e-03 + alpha*2.82e-04
Test: loss:2.14e-03  =  2.08e-03 + alpha*3.16e-04
Valid performance:
 mse:1.70e-03, IC:3.72e-03, RIC:2.35e-02, prec@10:5.23e-01, SR:-7.78e-02
Test performance:
 mse:2.08e-03, IC:2.29e-02, RIC:1.57e-01, prec@10:5.13e-01, SR:1.33e+00 


epoch51##########################################################
Train : loss:2.29e-03  =  2.22e-03 + alpha*3.69e-04
Valid : loss:1.76e-03  =  1.70e-03 + alpha*2.81e-04
Test: loss:2.14e-03  =  2.08e-03 + alpha*3.16e-04
Valid performance:
 mse:1.70e-03, IC:3.56e-03, RIC:2.26e-02, prec@10:5.20e-01, SR:4.18e-01
Test performance:
 mse:2.08e-03, IC:2.14e-02, RIC:1.47e-01, prec@10:5.15e-01, SR:1.31e+00 


epoch52##########################################################
Train : loss:2.30e-03  =  2.23e-03 + alpha*3.73e-04
Valid : loss:1.75e-03  =  1.70e-03 + alpha*2.79e-04
Test: loss:2.14e-03  =  2.08e-03 + alpha*3.17e-04
Valid performance:
 mse:1.70e-03, IC:7.18e-03, RIC:4.54e-02, prec@10:5.18e-01, SR:4.16e-01
Test performance:
 mse:2.08e-03, IC:2.10e-02, RIC:1.45e-01, prec@10:5.13e-01, SR:6.82e-01 


epoch53##########################################################
Train : loss:2.28e-03  =  2.21e-03 + alpha*3.69e-04
Valid : loss:1.75e-03  =  1.70e-03 + alpha*2.80e-04
Test: loss:2.14e-03  =  2.08e-03 + alpha*3.16e-04
Valid performance:
 mse:1.70e-03, IC:4.61e-03, RIC:2.90e-02, prec@10:5.17e-01, SR:8.61e-01
Test performance:
 mse:2.08e-03, IC:2.03e-02, RIC:1.39e-01, prec@10:5.17e-01, SR:5.01e-01 


epoch54##########################################################
Train : loss:2.29e-03  =  2.22e-03 + alpha*3.70e-04
Valid : loss:1.76e-03  =  1.70e-03 + alpha*2.81e-04
Test: loss:2.15e-03  =  2.08e-03 + alpha*3.16e-04
Valid performance:
 mse:1.70e-03, IC:3.71e-03, RIC:2.32e-02, prec@10:5.22e-01, SR:1.64e-01
Test performance:
 mse:2.08e-03, IC:2.09e-02, RIC:1.43e-01, prec@10:5.24e-01, SR:1.42e+00 


epoch55##########################################################
Train : loss:2.30e-03  =  2.22e-03 + alpha*3.71e-04
Valid : loss:1.76e-03  =  1.70e-03 + alpha*2.80e-04
Test: loss:2.13e-03  =  2.07e-03 + alpha*3.16e-04
Valid performance:
 mse:1.70e-03, IC:6.03e-03, RIC:3.81e-02, prec@10:5.20e-01, SR:4.16e-01
Test performance:
 mse:2.07e-03, IC:2.16e-02, RIC:1.46e-01, prec@10:5.17e-01, SR:8.32e-01 


epoch56##########################################################
Train : loss:2.30e-03  =  2.22e-03 + alpha*3.71e-04
Valid : loss:1.75e-03  =  1.69e-03 + alpha*2.79e-04
Test: loss:2.14e-03  =  2.08e-03 + alpha*3.16e-04
Valid performance:
 mse:1.69e-03, IC:6.26e-03, RIC:3.93e-02, prec@10:5.19e-01, SR:5.50e-01
Test performance:
 mse:2.08e-03, IC:2.07e-02, RIC:1.41e-01, prec@10:5.19e-01, SR:6.67e-01 


epoch57##########################################################
Train : loss:2.28e-03  =  2.20e-03 + alpha*3.69e-04
Valid : loss:1.76e-03  =  1.70e-03 + alpha*2.80e-04
Test: loss:2.13e-03  =  2.07e-03 + alpha*3.15e-04
Valid performance:
 mse:1.70e-03, IC:6.31e-03, RIC:3.96e-02, prec@10:5.28e-01, SR:1.22e+00
Test performance:
 mse:2.07e-03, IC:2.19e-02, RIC:1.49e-01, prec@10:5.23e-01, SR:6.55e-01 


epoch58##########################################################
Train : loss:2.30e-03  =  2.22e-03 + alpha*3.71e-04
Valid : loss:1.75e-03  =  1.70e-03 + alpha*2.80e-04
Test: loss:2.13e-03  =  2.07e-03 + alpha*3.15e-04
Valid performance:
 mse:1.70e-03, IC:4.55e-03, RIC:2.84e-02, prec@10:5.26e-01, SR:4.55e-01
Test performance:
 mse:2.07e-03, IC:2.20e-02, RIC:1.52e-01, prec@10:5.16e-01, SR:1.16e+00 


epoch59##########################################################
Train : loss:2.29e-03  =  2.22e-03 + alpha*3.70e-04
Valid : loss:1.75e-03  =  1.70e-03 + alpha*2.79e-04
Test: loss:2.13e-03  =  2.07e-03 + alpha*3.15e-04
Valid performance:
 mse:1.70e-03, IC:5.33e-03, RIC:3.38e-02, prec@10:5.27e-01, SR:3.55e-01
Test performance:
 mse:2.07e-03, IC:2.21e-02, RIC:1.51e-01, prec@10:5.23e-01, SR:4.89e-01 


epoch60##########################################################
Train : loss:2.29e-03  =  2.22e-03 + alpha*3.70e-04
Valid : loss:1.76e-03  =  1.70e-03 + alpha*2.80e-04
Test: loss:2.14e-03  =  2.08e-03 + alpha*3.16e-04
Valid performance:
 mse:1.70e-03, IC:5.77e-03, RIC:3.62e-02, prec@10:5.28e-01, SR:5.05e-01
Test performance:
 mse:2.08e-03, IC:1.98e-02, RIC:1.35e-01, prec@10:5.14e-01, SR:8.30e-01 


epoch61##########################################################
Train : loss:2.30e-03  =  2.23e-03 + alpha*3.72e-04
Valid : loss:1.76e-03  =  1.70e-03 + alpha*2.80e-04
Test: loss:2.14e-03  =  2.07e-03 + alpha*3.15e-04
Valid performance:
 mse:1.70e-03, IC:4.32e-03, RIC:2.71e-02, prec@10:5.26e-01, SR:4.71e-01
Test performance:
 mse:2.07e-03, IC:2.02e-02, RIC:1.38e-01, prec@10:5.23e-01, SR:6.32e-01 


epoch62##########################################################
Train : loss:2.29e-03  =  2.22e-03 + alpha*3.71e-04
Valid : loss:1.75e-03  =  1.70e-03 + alpha*2.80e-04
Test: loss:2.14e-03  =  2.08e-03 + alpha*3.16e-04
Valid performance:
 mse:1.70e-03, IC:5.68e-03, RIC:3.62e-02, prec@10:5.18e-01, SR:8.51e-01
Test performance:
 mse:2.08e-03, IC:1.91e-02, RIC:1.31e-01, prec@10:5.23e-01, SR:6.56e-01 


epoch63##########################################################
Train : loss:2.29e-03  =  2.22e-03 + alpha*3.71e-04
Valid : loss:1.76e-03  =  1.70e-03 + alpha*2.80e-04
Test: loss:2.13e-03  =  2.07e-03 + alpha*3.14e-04
Valid performance:
 mse:1.70e-03, IC:4.05e-03, RIC:2.55e-02, prec@10:5.24e-01, SR:4.12e-01
Test performance:
 mse:2.07e-03, IC:2.14e-02, RIC:1.48e-01, prec@10:5.19e-01, SR:8.84e-01 


epoch64##########################################################
Train : loss:2.29e-03  =  2.22e-03 + alpha*3.70e-04
Valid : loss:1.75e-03  =  1.69e-03 + alpha*2.79e-04
Test: loss:2.14e-03  =  2.07e-03 + alpha*3.15e-04
Valid performance:
 mse:1.69e-03, IC:5.07e-03, RIC:3.21e-02, prec@10:5.30e-01, SR:7.72e-01
Test performance:
 mse:2.07e-03, IC:2.07e-02, RIC:1.42e-01, prec@10:5.13e-01, SR:8.01e-01 


epoch65##########################################################
Train : loss:2.29e-03  =  2.21e-03 + alpha*3.70e-04
Valid : loss:1.75e-03  =  1.70e-03 + alpha*2.79e-04
Test: loss:2.14e-03  =  2.07e-03 + alpha*3.16e-04
Valid performance:
 mse:1.70e-03, IC:6.98e-03, RIC:4.40e-02, prec@10:5.23e-01, SR:3.15e-01
Test performance:
 mse:2.07e-03, IC:2.08e-02, RIC:1.43e-01, prec@10:5.21e-01, SR:1.55e+00 


epoch66##########################################################
Train : loss:2.29e-03  =  2.22e-03 + alpha*3.69e-04
Valid : loss:1.76e-03  =  1.70e-03 + alpha*2.81e-04
Test: loss:2.14e-03  =  2.08e-03 + alpha*3.16e-04
Valid performance:
 mse:1.70e-03, IC:4.11e-03, RIC:2.62e-02, prec@10:5.27e-01, SR:3.21e-01
Test performance:
 mse:2.08e-03, IC:2.07e-02, RIC:1.43e-01, prec@10:5.24e-01, SR:1.51e+00 


epoch67##########################################################
Train : loss:2.29e-03  =  2.22e-03 + alpha*3.72e-04
Valid : loss:1.75e-03  =  1.70e-03 + alpha*2.79e-04
Test: loss:2.13e-03  =  2.07e-03 + alpha*3.15e-04
Valid performance:
 mse:1.70e-03, IC:5.29e-03, RIC:3.34e-02, prec@10:5.18e-01, SR:3.70e-01
Test performance:
 mse:2.07e-03, IC:2.26e-02, RIC:1.54e-01, prec@10:5.18e-01, SR:1.18e+00 


epoch68##########################################################
Train : loss:2.28e-03  =  2.20e-03 + alpha*3.68e-04
Valid : loss:1.76e-03  =  1.70e-03 + alpha*2.80e-04
Test: loss:2.13e-03  =  2.07e-03 + alpha*3.15e-04
Valid performance:
 mse:1.70e-03, IC:6.14e-03, RIC:3.85e-02, prec@10:5.21e-01, SR:9.47e-01
Test performance:
 mse:2.07e-03, IC:2.15e-02, RIC:1.47e-01, prec@10:5.22e-01, SR:6.22e-01 


epoch69##########################################################
Train : loss:2.27e-03  =  2.19e-03 + alpha*3.67e-04
Valid : loss:1.76e-03  =  1.70e-03 + alpha*2.79e-04
Test: loss:2.14e-03  =  2.07e-03 + alpha*3.15e-04
Valid performance:
 mse:1.70e-03, IC:7.41e-03, RIC:4.71e-02, prec@10:5.29e-01, SR:6.90e-01
Test performance:
 mse:2.07e-03, IC:2.20e-02, RIC:1.52e-01, prec@10:5.12e-01, SR:1.20e+00 


epoch70##########################################################
Train : loss:2.30e-03  =  2.23e-03 + alpha*3.72e-04
Valid : loss:1.76e-03  =  1.70e-03 + alpha*2.80e-04
Test: loss:2.14e-03  =  2.08e-03 + alpha*3.17e-04
Valid performance:
 mse:1.70e-03, IC:6.18e-03, RIC:3.92e-02, prec@10:5.27e-01, SR:1.16e+00
Test performance:
 mse:2.08e-03, IC:1.94e-02, RIC:1.33e-01, prec@10:5.13e-01, SR:8.84e-01 


epoch71##########################################################
Train : loss:2.29e-03  =  2.22e-03 + alpha*3.71e-04
Valid : loss:1.75e-03  =  1.70e-03 + alpha*2.79e-04
Test: loss:2.13e-03  =  2.07e-03 + alpha*3.15e-04
Valid performance:
 mse:1.70e-03, IC:6.82e-03, RIC:4.24e-02, prec@10:5.27e-01, SR:8.38e-01
Test performance:
 mse:2.07e-03, IC:2.23e-02, RIC:1.53e-01, prec@10:5.14e-01, SR:6.33e-01 


epoch72##########################################################
Train : loss:2.30e-03  =  2.22e-03 + alpha*3.71e-04
Valid : loss:1.75e-03  =  1.70e-03 + alpha*2.80e-04
Test: loss:2.13e-03  =  2.07e-03 + alpha*3.15e-04
Valid performance:
 mse:1.70e-03, IC:5.20e-03, RIC:3.25e-02, prec@10:5.16e-01, SR:-1.05e-01
Test performance:
 mse:2.07e-03, IC:2.18e-02, RIC:1.50e-01, prec@10:5.20e-01, SR:9.31e-01 


epoch73##########################################################
Train : loss:2.29e-03  =  2.22e-03 + alpha*3.72e-04
Valid : loss:1.76e-03  =  1.70e-03 + alpha*2.80e-04
Test: loss:2.13e-03  =  2.07e-03 + alpha*3.15e-04
Valid performance:
 mse:1.70e-03, IC:5.20e-03, RIC:3.27e-02, prec@10:5.31e-01, SR:6.65e-01
Test performance:
 mse:2.07e-03, IC:2.03e-02, RIC:1.38e-01, prec@10:5.21e-01, SR:7.30e-01 


epoch74##########################################################
Train : loss:2.29e-03  =  2.21e-03 + alpha*3.70e-04
Valid : loss:1.76e-03  =  1.70e-03 + alpha*2.81e-04
Test: loss:2.14e-03  =  2.07e-03 + alpha*3.14e-04
Valid performance:
 mse:1.70e-03, IC:4.57e-03, RIC:2.85e-02, prec@10:5.18e-01, SR:3.97e-01
Test performance:
 mse:2.07e-03, IC:2.24e-02, RIC:1.55e-01, prec@10:5.14e-01, SR:1.21e+00 


epoch75##########################################################
Train : loss:2.29e-03  =  2.21e-03 + alpha*3.70e-04
Valid : loss:1.76e-03  =  1.70e-03 + alpha*2.80e-04
Test: loss:2.14e-03  =  2.07e-03 + alpha*3.15e-04
Valid performance:
 mse:1.70e-03, IC:5.41e-03, RIC:3.41e-02, prec@10:5.29e-01, SR:2.18e-01
Test performance:
 mse:2.07e-03, IC:2.10e-02, RIC:1.45e-01, prec@10:5.18e-01, SR:1.09e+00 


epoch76##########################################################
Train : loss:2.30e-03  =  2.22e-03 + alpha*3.71e-04
Valid : loss:1.75e-03  =  1.70e-03 + alpha*2.79e-04
Test: loss:2.14e-03  =  2.07e-03 + alpha*3.16e-04
Valid performance:
 mse:1.70e-03, IC:7.42e-03, RIC:4.66e-02, prec@10:5.17e-01, SR:1.13e+00
Test performance:
 mse:2.07e-03, IC:2.02e-02, RIC:1.39e-01, prec@10:5.14e-01, SR:9.62e-01 


epoch77##########################################################
Train : loss:2.29e-03  =  2.21e-03 + alpha*3.69e-04
Valid : loss:1.75e-03  =  1.69e-03 + alpha*2.80e-04
Test: loss:2.13e-03  =  2.07e-03 + alpha*3.16e-04
Valid performance:
 mse:1.69e-03, IC:3.82e-03, RIC:2.41e-02, prec@10:5.23e-01, SR:8.81e-01
Test performance:
 mse:2.07e-03, IC:2.04e-02, RIC:1.39e-01, prec@10:5.15e-01, SR:9.75e-01 


epoch78##########################################################
Train : loss:2.30e-03  =  2.22e-03 + alpha*3.72e-04
Valid : loss:1.76e-03  =  1.70e-03 + alpha*2.80e-04
Test: loss:2.13e-03  =  2.07e-03 + alpha*3.16e-04
Valid performance:
 mse:1.70e-03, IC:4.56e-03, RIC:2.88e-02, prec@10:5.21e-01, SR:4.41e-01
Test performance:
 mse:2.07e-03, IC:2.15e-02, RIC:1.48e-01, prec@10:5.25e-01, SR:9.29e-01 


epoch79##########################################################
Train : loss:2.29e-03  =  2.22e-03 + alpha*3.70e-04
Valid : loss:1.75e-03  =  1.69e-03 + alpha*2.78e-04
Test: loss:2.14e-03  =  2.07e-03 + alpha*3.15e-04
Valid performance:
 mse:1.69e-03, IC:7.52e-03, RIC:4.77e-02, prec@10:5.30e-01, SR:6.26e-01
Test performance:
 mse:2.07e-03, IC:2.17e-02, RIC:1.47e-01, prec@10:5.18e-01, SR:1.35e+00 


epoch80##########################################################
Train : loss:2.29e-03  =  2.22e-03 + alpha*3.72e-04
Valid : loss:1.76e-03  =  1.70e-03 + alpha*2.80e-04
Test: loss:2.14e-03  =  2.07e-03 + alpha*3.15e-04
Valid performance:
 mse:1.70e-03, IC:4.26e-03, RIC:2.68e-02, prec@10:5.19e-01, SR:4.33e-01
Test performance:
 mse:2.07e-03, IC:2.14e-02, RIC:1.48e-01, prec@10:5.20e-01, SR:8.60e-01 


epoch81##########################################################
Train : loss:2.30e-03  =  2.22e-03 + alpha*3.73e-04
Valid : loss:1.75e-03  =  1.70e-03 + alpha*2.79e-04
Test: loss:2.14e-03  =  2.07e-03 + alpha*3.14e-04
Valid performance:
 mse:1.70e-03, IC:6.40e-03, RIC:4.01e-02, prec@10:5.27e-01, SR:6.82e-01
Test performance:
 mse:2.07e-03, IC:2.26e-02, RIC:1.54e-01, prec@10:5.13e-01, SR:1.31e+00 


epoch82##########################################################
Train : loss:2.29e-03  =  2.21e-03 + alpha*3.70e-04
Valid : loss:1.76e-03  =  1.70e-03 + alpha*2.80e-04
Test: loss:2.13e-03  =  2.07e-03 + alpha*3.15e-04
Valid performance:
 mse:1.70e-03, IC:4.39e-03, RIC:2.79e-02, prec@10:5.20e-01, SR:7.07e-02
Test performance:
 mse:2.07e-03, IC:2.14e-02, RIC:1.48e-01, prec@10:5.17e-01, SR:1.25e+00 


epoch83##########################################################
Train : loss:2.29e-03  =  2.22e-03 + alpha*3.70e-04
Valid : loss:1.76e-03  =  1.70e-03 + alpha*2.80e-04
Test: loss:2.14e-03  =  2.07e-03 + alpha*3.15e-04
Valid performance:
 mse:1.70e-03, IC:5.60e-03, RIC:3.54e-02, prec@10:5.24e-01, SR:6.64e-01
Test performance:
 mse:2.07e-03, IC:2.11e-02, RIC:1.44e-01, prec@10:5.18e-01, SR:1.27e+00 


epoch84##########################################################
Train : loss:2.28e-03  =  2.20e-03 + alpha*3.70e-04
Valid : loss:1.76e-03  =  1.71e-03 + alpha*2.81e-04
Test: loss:2.14e-03  =  2.07e-03 + alpha*3.15e-04
Valid performance:
 mse:1.71e-03, IC:4.65e-03, RIC:2.94e-02, prec@10:5.26e-01, SR:4.97e-01
Test performance:
 mse:2.07e-03, IC:2.08e-02, RIC:1.44e-01, prec@10:5.03e-01, SR:8.79e-01 


epoch85##########################################################
Train : loss:2.28e-03  =  2.21e-03 + alpha*3.69e-04
Valid : loss:1.76e-03  =  1.70e-03 + alpha*2.79e-04
Test: loss:2.13e-03  =  2.07e-03 + alpha*3.15e-04
Valid performance:
 mse:1.70e-03, IC:7.47e-03, RIC:4.71e-02, prec@10:5.24e-01, SR:7.57e-01
Test performance:
 mse:2.07e-03, IC:2.06e-02, RIC:1.41e-01, prec@10:5.11e-01, SR:1.43e+00 


epoch86##########################################################
Train : loss:2.29e-03  =  2.21e-03 + alpha*3.70e-04
Valid : loss:1.75e-03  =  1.70e-03 + alpha*2.79e-04
Test: loss:2.13e-03  =  2.07e-03 + alpha*3.14e-04
Valid performance:
 mse:1.70e-03, IC:5.11e-03, RIC:3.24e-02, prec@10:5.35e-01, SR:1.58e-01
Test performance:
 mse:2.07e-03, IC:2.12e-02, RIC:1.45e-01, prec@10:5.30e-01, SR:1.02e+00 


epoch87##########################################################
Train : loss:2.29e-03  =  2.21e-03 + alpha*3.68e-04
Valid : loss:1.76e-03  =  1.70e-03 + alpha*2.80e-04
Test: loss:2.14e-03  =  2.08e-03 + alpha*3.16e-04
Valid performance:
 mse:1.70e-03, IC:4.82e-03, RIC:3.03e-02, prec@10:5.23e-01, SR:5.48e-01
Test performance:
 mse:2.08e-03, IC:2.12e-02, RIC:1.46e-01, prec@10:5.21e-01, SR:1.07e+00 


epoch88##########################################################
Train : loss:2.28e-03  =  2.21e-03 + alpha*3.68e-04
Valid : loss:1.76e-03  =  1.70e-03 + alpha*2.81e-04
Test: loss:2.14e-03  =  2.07e-03 + alpha*3.15e-04
Valid performance:
 mse:1.70e-03, IC:3.86e-03, RIC:2.41e-02, prec@10:5.21e-01, SR:-1.94e-01
Test performance:
 mse:2.07e-03, IC:2.15e-02, RIC:1.48e-01, prec@10:5.20e-01, SR:9.37e-01 


epoch89##########################################################
Train : loss:2.30e-03  =  2.22e-03 + alpha*3.72e-04
Valid : loss:1.75e-03  =  1.69e-03 + alpha*2.78e-04
Test: loss:2.14e-03  =  2.07e-03 + alpha*3.15e-04
Valid performance:
 mse:1.69e-03, IC:7.29e-03, RIC:4.57e-02, prec@10:5.20e-01, SR:4.76e-01
Test performance:
 mse:2.07e-03, IC:2.18e-02, RIC:1.48e-01, prec@10:5.23e-01, SR:1.34e+00 


epoch90##########################################################
Train : loss:2.30e-03  =  2.22e-03 + alpha*3.72e-04
Valid : loss:1.76e-03  =  1.70e-03 + alpha*2.80e-04
Test: loss:2.13e-03  =  2.07e-03 + alpha*3.14e-04
Valid performance:
 mse:1.70e-03, IC:4.70e-03, RIC:2.99e-02, prec@10:5.32e-01, SR:3.52e-01
Test performance:
 mse:2.07e-03, IC:2.19e-02, RIC:1.48e-01, prec@10:5.19e-01, SR:1.74e+00 


epoch91##########################################################
Train : loss:2.28e-03  =  2.21e-03 + alpha*3.68e-04
Valid : loss:1.76e-03  =  1.70e-03 + alpha*2.80e-04
Test: loss:2.14e-03  =  2.07e-03 + alpha*3.16e-04
Valid performance:
 mse:1.70e-03, IC:4.15e-03, RIC:2.63e-02, prec@10:5.19e-01, SR:5.33e-01
Test performance:
 mse:2.07e-03, IC:2.07e-02, RIC:1.42e-01, prec@10:5.09e-01, SR:7.73e-01 


epoch92##########################################################
Train : loss:2.28e-03  =  2.21e-03 + alpha*3.70e-04
Valid : loss:1.75e-03  =  1.70e-03 + alpha*2.79e-04
Test: loss:2.14e-03  =  2.07e-03 + alpha*3.15e-04
Valid performance:
 mse:1.70e-03, IC:5.10e-03, RIC:3.20e-02, prec@10:5.26e-01, SR:6.18e-01
Test performance:
 mse:2.07e-03, IC:2.23e-02, RIC:1.53e-01, prec@10:5.12e-01, SR:8.77e-01 


epoch93##########################################################
Train : loss:2.29e-03  =  2.21e-03 + alpha*3.69e-04
Valid : loss:1.75e-03  =  1.70e-03 + alpha*2.79e-04
Test: loss:2.14e-03  =  2.07e-03 + alpha*3.15e-04
Valid performance:
 mse:1.70e-03, IC:4.46e-03, RIC:2.81e-02, prec@10:5.10e-01, SR:4.62e-01
Test performance:
 mse:2.07e-03, IC:2.14e-02, RIC:1.46e-01, prec@10:5.22e-01, SR:1.18e+00 


epoch94##########################################################
Train : loss:2.29e-03  =  2.21e-03 + alpha*3.68e-04
Valid : loss:1.76e-03  =  1.70e-03 + alpha*2.80e-04
Test: loss:2.14e-03  =  2.08e-03 + alpha*3.15e-04
Valid performance:
 mse:1.70e-03, IC:5.58e-03, RIC:3.52e-02, prec@10:5.30e-01, SR:6.36e-01
Test performance:
 mse:2.08e-03, IC:2.17e-02, RIC:1.49e-01, prec@10:5.18e-01, SR:1.14e+00 


epoch95##########################################################
Train : loss:2.28e-03  =  2.20e-03 + alpha*3.69e-04
Valid : loss:1.75e-03  =  1.70e-03 + alpha*2.79e-04
Test: loss:2.14e-03  =  2.08e-03 + alpha*3.17e-04
Valid performance:
 mse:1.70e-03, IC:7.48e-03, RIC:4.74e-02, prec@10:5.31e-01, SR:7.27e-01
Test performance:
 mse:2.08e-03, IC:1.99e-02, RIC:1.37e-01, prec@10:5.21e-01, SR:8.88e-01 


epoch96##########################################################
Train : loss:2.27e-03  =  2.20e-03 + alpha*3.69e-04
Valid : loss:1.75e-03  =  1.70e-03 + alpha*2.80e-04
Test: loss:2.13e-03  =  2.07e-03 + alpha*3.16e-04
Valid performance:
 mse:1.70e-03, IC:4.43e-03, RIC:2.78e-02, prec@10:5.26e-01, SR:4.20e-01
Test performance:
 mse:2.07e-03, IC:2.00e-02, RIC:1.37e-01, prec@10:5.07e-01, SR:1.09e+00 


epoch97##########################################################
Train : loss:2.26e-03  =  2.19e-03 + alpha*3.69e-04
Valid : loss:1.76e-03  =  1.70e-03 + alpha*2.80e-04
Test: loss:2.13e-03  =  2.07e-03 + alpha*3.16e-04
Valid performance:
 mse:1.70e-03, IC:5.15e-03, RIC:3.22e-02, prec@10:5.18e-01, SR:3.47e-01
Test performance:
 mse:2.07e-03, IC:2.13e-02, RIC:1.45e-01, prec@10:5.30e-01, SR:1.42e+00 


epoch98##########################################################
Train : loss:2.29e-03  =  2.21e-03 + alpha*3.70e-04
Valid : loss:1.75e-03  =  1.70e-03 + alpha*2.80e-04
Test: loss:2.14e-03  =  2.07e-03 + alpha*3.15e-04
Valid performance:
 mse:1.70e-03, IC:5.90e-03, RIC:3.75e-02, prec@10:5.23e-01, SR:5.09e-01
Test performance:
 mse:2.07e-03, IC:2.21e-02, RIC:1.52e-01, prec@10:5.18e-01, SR:9.11e-01 


epoch99##########################################################
Train : loss:2.29e-03  =  2.21e-03 + alpha*3.71e-04
Valid : loss:1.75e-03  =  1.69e-03 + alpha*2.79e-04
Test: loss:2.13e-03  =  2.07e-03 + alpha*3.14e-04
Valid performance:
 mse:1.69e-03, IC:6.27e-03, RIC:3.94e-02, prec@10:5.16e-01, SR:-4.62e-03
Test performance:
 mse:2.07e-03, IC:2.22e-02, RIC:1.51e-01, prec@10:5.17e-01, SR:1.45e+00 


epoch100##########################################################
Train : loss:2.28e-03  =  2.21e-03 + alpha*3.71e-04
Valid : loss:1.75e-03  =  1.70e-03 + alpha*2.79e-04
Test: loss:2.13e-03  =  2.07e-03 + alpha*3.15e-04
Valid performance:
 mse:1.70e-03, IC:7.24e-03, RIC:4.55e-02, prec@10:5.33e-01, SR:1.31e+00
Test performance:
 mse:2.07e-03, IC:2.03e-02, RIC:1.40e-01, prec@10:5.23e-01, SR:1.10e+00 


Training finished.
Best Validation Performance (based on highest validation IC):
mse:4.76e-02, IC:2.98e-02, RIC:2.55e-01, prec@10:5.29e-01, SR:1.32e+00
Corresponding Test Performance:
mse:6.39e-02, IC:2.14e-02, RIC:1.58e-01, prec@10:5.03e-01, SR:1.53e+00
Results for StockPredict appended to ../training_results.xlsx (active sheet: Training Results)
