原始NYSE数据形状: (1008, 1148, 5) (股票数: 1008, 天数: 1148, 特征数: 5)
使用全部5年数据 (2020-2024)，数据形状: (1008, 1148, 5)
市场为 NYSE，实际加载股票数量更新为: 1008
市场为 NYSE，实际加载股票数量更新为: 1008
总交易天数: 1148
根据 60%/20%/_ 分割比例 (已调整为满足最小数据集要求):
训练集天数 (0-indexed, up to valid_index-1): 688 (实际比例: 59.9%)
验证集天数 (valid_index to test_index-1): 230 (实际比例: 20.0%)
测试集天数 (test_index to end): 230 (实际比例: 20.0%)
验证集起始索引 (valid_index): 688
测试集起始索引 (test_index): 918
✅ 数据集分割检查通过
epoch1##########################################################
Train : loss:2.75e-02  =  2.72e-02 + alpha*5.73e-04
Valid : loss:1.15e-03  =  1.03e-03 + alpha*2.32e-04
Test: loss:1.45e-03  =  1.31e-03 + alpha*2.82e-04
Valid performance:
 mse:1.03e-03, IC:3.08e-03, RIC:2.14e-02, prec@10:5.48e-01, SR:-3.36e-01
Test performance:
 mse:1.31e-03, IC:8.96e-03, RIC:5.96e-02, prec@10:5.13e-01, SR:6.35e-01 


epoch2##########################################################
Train : loss:1.11e-02  =  1.09e-02 + alpha*3.94e-04
Valid : loss:1.35e-03  =  1.25e-03 + alpha*2.02e-04
Test: loss:1.81e-03  =  1.68e-03 + alpha*2.68e-04
Valid performance:
 mse:1.25e-03, IC:2.90e-03, RIC:3.06e-02, prec@10:5.13e-01, SR:-3.30e-01
Test performance:
 mse:1.68e-03, IC:4.28e-03, RIC:3.96e-02, prec@10:5.18e-01, SR:1.23e+00 


epoch3##########################################################
Train : loss:9.21e-03  =  9.02e-03 + alpha*3.78e-04
Valid : loss:1.44e-03  =  1.36e-03 + alpha*1.70e-04
Test: loss:1.99e-03  =  1.87e-03 + alpha*2.38e-04
Valid performance:
 mse:1.36e-03, IC:6.80e-03, RIC:6.79e-02, prec@10:5.24e-01, SR:8.10e-01
Test performance:
 mse:1.87e-03, IC:2.73e-03, RIC:2.31e-02, prec@10:5.17e-01, SR:8.92e-01 


epoch4##########################################################
Train : loss:4.72e-03  =  4.62e-03 + alpha*2.04e-04
Valid : loss:1.52e-03  =  1.45e-03 + alpha*1.35e-04
Test: loss:1.80e-03  =  1.71e-03 + alpha*1.77e-04
Valid performance:
 mse:1.45e-03, IC:9.20e-03, RIC:9.29e-02, prec@10:5.40e-01, SR:8.05e-01
Test performance:
 mse:1.71e-03, IC:3.45e-03, RIC:3.04e-02, prec@10:5.37e-01, SR:5.71e-01 


epoch5##########################################################
Train : loss:5.16e-03  =  5.05e-03 + alpha*2.16e-04
Valid : loss:9.87e-04  =  9.26e-04 + alpha*1.22e-04
Test: loss:1.25e-03  =  1.17e-03 + alpha*1.64e-04
Valid performance:
 mse:9.26e-04, IC:5.65e-03, RIC:7.09e-02, prec@10:5.06e-01, SR:3.21e-01
Test performance:
 mse:1.17e-03, IC:-9.08e-04, RIC:-9.23e-03, prec@10:5.30e-01, SR:1.16e+00 


epoch6##########################################################
Train : loss:1.85e-02  =  1.83e-02 + alpha*3.90e-04
Valid : loss:7.39e-04  =  6.89e-04 + alpha*1.00e-04
Test: loss:9.79e-04  =  9.13e-04 + alpha*1.33e-04
Valid performance:
 mse:6.89e-04, IC:1.44e-02, RIC:1.18e-01, prec@10:5.42e-01, SR:1.64e+00
Test performance:
 mse:9.13e-04, IC:2.23e-03, RIC:1.77e-02, prec@10:5.51e-01, SR:1.36e+00 


epoch7##########################################################
Train : loss:5.45e-03  =  5.34e-03 + alpha*2.13e-04
Valid : loss:6.71e-03  =  6.64e-03 + alpha*1.34e-04
Test: loss:7.24e-03  =  7.15e-03 + alpha*1.92e-04
Valid performance:
 mse:6.64e-03, IC:3.80e-03, RIC:4.01e-02, prec@10:5.37e-01, SR:4.01e-01
Test performance:
 mse:7.15e-03, IC:3.54e-03, RIC:2.88e-02, prec@10:5.46e-01, SR:5.82e-01 


epoch8##########################################################
Train : loss:1.64e-02  =  1.63e-02 + alpha*2.76e-04
Valid : loss:4.86e-01  =  4.85e-01 + alpha*1.87e-03
Test: loss:6.62e-01  =  6.61e-01 + alpha*2.78e-03
Valid performance:
 mse:4.85e-01, IC:2.79e-03, RIC:6.52e-02, prec@10:5.70e-01, SR:1.86e+00
Test performance:
 mse:6.61e-01, IC:2.40e-03, RIC:3.05e-02, prec@10:5.17e-01, SR:8.32e-01 


epoch9##########################################################
Train : loss:8.61e-03  =  8.49e-03 + alpha*2.44e-04
Valid : loss:5.79e-04  =  5.38e-04 + alpha*8.25e-05
Test: loss:7.11e-04  =  6.58e-04 + alpha*1.05e-04
Valid performance:
 mse:5.38e-04, IC:1.25e-02, RIC:1.17e-01, prec@10:5.44e-01, SR:1.33e+00
Test performance:
 mse:6.58e-04, IC:3.84e-03, RIC:3.02e-02, prec@10:5.42e-01, SR:1.61e+00 


epoch10##########################################################
Train : loss:4.75e-03  =  4.65e-03 + alpha*1.96e-04
Valid : loss:2.66e-03  =  2.57e-03 + alpha*1.71e-04
Test: loss:3.79e-03  =  3.66e-03 + alpha*2.58e-04
Valid performance:
 mse:2.57e-03, IC:-3.67e-04, RIC:-7.60e-03, prec@10:5.20e-01, SR:-3.68e-01
Test performance:
 mse:3.66e-03, IC:-3.55e-03, RIC:-4.59e-02, prec@10:5.25e-01, SR:1.17e+00 


epoch11##########################################################
Train : loss:1.04e-02  =  1.02e-02 + alpha*2.93e-04
Valid : loss:4.64e-02  =  4.61e-02 + alpha*6.09e-04
Test: loss:6.39e-02  =  6.35e-02 + alpha*9.48e-04
Valid performance:
 mse:4.61e-02, IC:-9.07e-04, RIC:-2.03e-02, prec@10:5.20e-01, SR:6.49e-01
Test performance:
 mse:6.35e-02, IC:-3.24e-03, RIC:-4.16e-02, prec@10:5.29e-01, SR:1.12e+00 


epoch12##########################################################
Train : loss:4.96e-03  =  4.87e-03 + alpha*1.84e-04
Valid : loss:1.71e-03  =  1.65e-03 + alpha*1.29e-04
Test: loss:2.35e-03  =  2.26e-03 + alpha*1.83e-04
Valid performance:
 mse:1.65e-03, IC:6.13e-03, RIC:1.10e-01, prec@10:5.88e-01, SR:8.46e-01
Test performance:
 mse:2.26e-03, IC:1.02e-03, RIC:1.14e-02, prec@10:5.20e-01, SR:-1.30e-01 


epoch13##########################################################
Train : loss:4.85e-03  =  4.76e-03 + alpha*1.67e-04
Valid : loss:2.91e-03  =  2.86e-03 + alpha*9.49e-05
Test: loss:3.20e-03  =  3.13e-03 + alpha*1.29e-04
Valid performance:
 mse:2.86e-03, IC:7.20e-03, RIC:7.70e-02, prec@10:6.85e-01, SR:1.31e+00
Test performance:
 mse:3.13e-03, IC:-1.44e-03, RIC:-1.58e-02, prec@10:5.51e-01, SR:1.39e+00 


epoch14##########################################################
Train : loss:1.17e-02  =  1.16e-02 + alpha*2.47e-04
Valid : loss:2.57e-03  =  2.52e-03 + alpha*9.08e-05
Test: loss:2.85e-03  =  2.79e-03 + alpha*1.22e-04
Valid performance:
 mse:2.52e-03, IC:6.28e-04, RIC:7.66e-03, prec@10:5.03e-01, SR:5.30e-01
Test performance:
 mse:2.79e-03, IC:-3.65e-03, RIC:-3.61e-02, prec@10:5.19e-01, SR:1.74e+00 


epoch15##########################################################
Train : loss:5.46e-03  =  5.37e-03 + alpha*1.81e-04
Valid : loss:6.82e-04  =  6.41e-04 + alpha*8.34e-05
Test: loss:1.18e-03  =  1.12e-03 + alpha*1.28e-04
Valid performance:
 mse:6.41e-04, IC:1.01e-02, RIC:1.08e-01, prec@10:5.49e-01, SR:1.23e+00
Test performance:
 mse:1.12e-03, IC:-5.51e-03, RIC:-4.78e-02, prec@10:5.33e-01, SR:1.14e+00 


epoch16##########################################################
Train : loss:5.74e-03  =  5.66e-03 + alpha*1.70e-04
Valid : loss:3.31e-02  =  3.28e-02 + alpha*5.93e-04
Test: loss:4.97e-02  =  4.92e-02 + alpha*8.96e-04
Valid performance:
 mse:3.28e-02, IC:-2.53e-03, RIC:-5.71e-02, prec@10:5.55e-01, SR:5.64e-01
Test performance:
 mse:4.92e-02, IC:-2.67e-03, RIC:-3.52e-02, prec@10:5.33e-01, SR:9.20e-01 


epoch17##########################################################
Train : loss:1.78e-02  =  1.76e-02 + alpha*3.25e-04
Valid : loss:2.12e-03  =  2.03e-03 + alpha*1.88e-04
Test: loss:4.67e-03  =  4.53e-03 + alpha*2.78e-04
Valid performance:
 mse:2.03e-03, IC:2.42e-03, RIC:3.77e-02, prec@10:6.07e-01, SR:1.54e+00
Test performance:
 mse:4.53e-03, IC:-6.34e-04, RIC:-6.36e-03, prec@10:5.35e-01, SR:2.23e-01 


epoch18##########################################################
Train : loss:6.04e-03  =  5.95e-03 + alpha*1.74e-04
Valid : loss:4.07e-03  =  4.01e-03 + alpha*1.10e-04
Test: loss:4.76e-03  =  4.67e-03 + alpha*1.81e-04
Valid performance:
 mse:4.01e-03, IC:3.79e-03, RIC:6.37e-02, prec@10:5.31e-01, SR:1.67e+00
Test performance:
 mse:4.67e-03, IC:-4.21e-03, RIC:-4.50e-02, prec@10:5.25e-01, SR:1.23e+00 


epoch19##########################################################
Train : loss:4.31e-03  =  4.25e-03 + alpha*1.27e-04
Valid : loss:7.64e-03  =  7.57e-03 + alpha*1.40e-04
Test: loss:8.49e-03  =  8.38e-03 + alpha*2.09e-04
Valid performance:
 mse:7.57e-03, IC:-9.27e-04, RIC:-1.97e-02, prec@10:5.04e-01, SR:-7.64e-01
Test performance:
 mse:8.38e-03, IC:-3.84e-03, RIC:-4.96e-02, prec@10:5.23e-01, SR:4.94e-01 


epoch20##########################################################
Train : loss:6.38e-03  =  6.28e-03 + alpha*2.10e-04
Valid : loss:2.89e-03  =  2.81e-03 + alpha*1.54e-04
Test: loss:4.68e-03  =  4.56e-03 + alpha*2.33e-04
Valid performance:
 mse:2.81e-03, IC:1.08e-02, RIC:1.51e-01, prec@10:6.08e-01, SR:2.16e+00
Test performance:
 mse:4.56e-03, IC:4.05e-04, RIC:4.17e-03, prec@10:5.25e-01, SR:1.22e-01 


epoch21##########################################################
Train : loss:2.54e-02  =  2.52e-02 + alpha*4.08e-04
Valid : loss:2.30e-03  =  2.27e-03 + alpha*6.40e-05
Test: loss:2.48e-03  =  2.44e-03 + alpha*8.68e-05
Valid performance:
 mse:2.27e-03, IC:6.34e-03, RIC:5.95e-02, prec@10:5.12e-01, SR:6.83e-01
Test performance:
 mse:2.44e-03, IC:-1.54e-03, RIC:-1.28e-02, prec@10:5.05e-01, SR:3.82e-01 


epoch22##########################################################
Train : loss:4.23e-03  =  4.18e-03 + alpha*9.37e-05
Valid : loss:4.09e-03  =  4.06e-03 + alpha*6.96e-05
Test: loss:4.21e-03  =  4.16e-03 + alpha*9.03e-05
Valid performance:
 mse:4.06e-03, IC:6.69e-03, RIC:5.47e-02, prec@10:5.35e-01, SR:7.79e-01
Test performance:
 mse:4.16e-03, IC:-2.74e-03, RIC:-2.19e-02, prec@10:5.39e-01, SR:2.03e+00 


epoch23##########################################################
Train : loss:4.26e-03  =  4.20e-03 + alpha*1.23e-04
Valid : loss:1.88e-03  =  1.82e-03 + alpha*1.30e-04
Test: loss:2.70e-03  =  2.60e-03 + alpha*1.94e-04
Valid performance:
 mse:1.82e-03, IC:4.29e-03, RIC:9.42e-02, prec@10:5.67e-01, SR:1.67e+00
Test performance:
 mse:2.60e-03, IC:7.23e-04, RIC:8.68e-03, prec@10:5.13e-01, SR:5.04e-01 


epoch24##########################################################
Train : loss:2.14e-02  =  2.13e-02 + alpha*2.92e-04
Valid : loss:2.30e-03  =  2.21e-03 + alpha*1.81e-04
Test: loss:4.79e-03  =  4.65e-03 + alpha*2.81e-04
Valid performance:
 mse:2.21e-03, IC:5.82e-03, RIC:1.03e-01, prec@10:6.45e-01, SR:1.46e+00
Test performance:
 mse:4.65e-03, IC:1.62e-03, RIC:1.63e-02, prec@10:5.38e-01, SR:5.44e-01 


epoch25##########################################################
Train : loss:3.72e-03  =  3.67e-03 + alpha*1.12e-04
Valid : loss:6.39e-04  =  6.15e-04 + alpha*4.94e-05
Test: loss:7.64e-04  =  7.32e-04 + alpha*6.56e-05
Valid performance:
 mse:6.15e-04, IC:1.41e-02, RIC:1.15e-01, prec@10:5.07e-01, SR:5.27e-01
Test performance:
 mse:7.32e-04, IC:2.58e-03, RIC:2.00e-02, prec@10:5.08e-01, SR:1.26e+00 


epoch26##########################################################
Train : loss:5.28e-03  =  5.21e-03 + alpha*1.36e-04
Valid : loss:6.42e-03  =  6.38e-03 + alpha*7.59e-05
Test: loss:6.63e-03  =  6.58e-03 + alpha*1.04e-04
Valid performance:
 mse:6.38e-03, IC:1.16e-02, RIC:9.83e-02, prec@10:6.01e-01, SR:1.74e+00
Test performance:
 mse:6.58e-03, IC:-6.62e-03, RIC:-5.66e-02, prec@10:5.38e-01, SR:1.32e+00 


epoch27##########################################################
Train : loss:1.29e-02  =  1.28e-02 + alpha*1.74e-04
Valid : loss:5.50e-01  =  5.49e-01 + alpha*1.95e-03
Test: loss:7.49e-01  =  7.48e-01 + alpha*2.91e-03
Valid performance:
 mse:5.49e-01, IC:2.26e-03, RIC:5.39e-02, prec@10:5.52e-01, SR:1.81e+00
Test performance:
 mse:7.48e-01, IC:2.37e-03, RIC:3.17e-02, prec@10:5.15e-01, SR:1.01e+00 


epoch28##########################################################
Train : loss:7.98e-03  =  7.89e-03 + alpha*1.86e-04
Valid : loss:4.80e-03  =  4.77e-03 + alpha*6.00e-05
Test: loss:4.99e-03  =  4.95e-03 + alpha*8.07e-05
Valid performance:
 mse:4.77e-03, IC:2.87e-03, RIC:3.50e-02, prec@10:5.17e-01, SR:4.81e-01
Test performance:
 mse:4.95e-03, IC:-2.89e-03, RIC:-2.79e-02, prec@10:5.23e-01, SR:1.63e+00 


epoch29##########################################################
Train : loss:6.04e-03  =  5.96e-03 + alpha*1.54e-04
Valid : loss:1.61e-03  =  1.57e-03 + alpha*7.12e-05
Test: loss:1.86e-03  =  1.81e-03 + alpha*1.05e-04
Valid performance:
 mse:1.57e-03, IC:2.79e-03, RIC:5.81e-02, prec@10:5.31e-01, SR:9.07e-01
Test performance:
 mse:1.81e-03, IC:2.07e-04, RIC:2.52e-03, prec@10:5.16e-01, SR:6.07e-01 


epoch30##########################################################
Train : loss:4.72e-03  =  4.66e-03 + alpha*1.27e-04
Valid : loss:3.84e-03  =  3.81e-03 + alpha*5.30e-05
Test: loss:4.00e-03  =  3.96e-03 + alpha*7.04e-05
Valid performance:
 mse:3.81e-03, IC:4.01e-03, RIC:3.30e-02, prec@10:5.14e-01, SR:-4.11e-02
Test performance:
 mse:3.96e-03, IC:-4.23e-03, RIC:-3.78e-02, prec@10:5.05e-01, SR:7.78e-01 


epoch31##########################################################
Train : loss:1.77e-02  =  1.76e-02 + alpha*2.66e-04
Valid : loss:1.72e-03  =  1.68e-03 + alpha*9.04e-05
Test: loss:2.19e-03  =  2.13e-03 + alpha*1.37e-04
Valid performance:
 mse:1.68e-03, IC:3.49e-03, RIC:6.84e-02, prec@10:5.50e-01, SR:1.36e+00
Test performance:
 mse:2.13e-03, IC:1.27e-03, RIC:1.37e-02, prec@10:5.19e-01, SR:5.83e-01 


epoch32##########################################################
Train : loss:4.20e-03  =  4.15e-03 + alpha*1.04e-04
Valid : loss:3.41e-02  =  3.39e-02 + alpha*4.99e-04
Test: loss:4.71e-02  =  4.68e-02 + alpha*7.63e-04
Valid performance:
 mse:3.39e-02, IC:2.20e-03, RIC:5.28e-02, prec@10:5.46e-01, SR:1.76e+00
Test performance:
 mse:4.68e-02, IC:2.58e-03, RIC:3.27e-02, prec@10:5.13e-01, SR:7.89e-01 


epoch33##########################################################
Train : loss:4.71e-03  =  4.64e-03 + alpha*1.36e-04
Valid : loss:6.06e-04  =  5.78e-04 + alpha*5.63e-05
Test: loss:7.62e-04  =  7.23e-04 + alpha*7.76e-05
Valid performance:
 mse:5.78e-04, IC:2.64e-03, RIC:3.45e-02, prec@10:5.28e-01, SR:7.87e-01
Test performance:
 mse:7.23e-04, IC:1.37e-03, RIC:1.31e-02, prec@10:5.26e-01, SR:1.84e+00 


epoch34##########################################################
Train : loss:9.34e-03  =  9.21e-03 + alpha*2.56e-04
Valid : loss:2.29e-03  =  2.22e-03 + alpha*1.39e-04
Test: loss:3.27e-03  =  3.17e-03 + alpha*2.04e-04
Valid performance:
 mse:2.22e-03, IC:1.57e-03, RIC:3.43e-02, prec@10:5.56e-01, SR:1.91e+00
Test performance:
 mse:3.17e-03, IC:3.38e-03, RIC:4.09e-02, prec@10:5.21e-01, SR:1.77e+00 


epoch35##########################################################
Train : loss:7.73e-03  =  7.62e-03 + alpha*2.22e-04
Valid : loss:5.13e-02  =  5.10e-02 + alpha*6.07e-04
Test: loss:7.01e-02  =  6.97e-02 + alpha*9.15e-04
Valid performance:
 mse:5.10e-02, IC:2.41e-03, RIC:5.72e-02, prec@10:5.49e-01, SR:1.89e+00
Test performance:
 mse:6.97e-02, IC:2.81e-03, RIC:3.61e-02, prec@10:5.17e-01, SR:6.69e-01 


epoch36##########################################################
Train : loss:5.92e-03  =  5.84e-03 + alpha*1.61e-04
Valid : loss:1.66e-03  =  1.63e-03 + alpha*6.05e-05
Test: loss:1.83e-03  =  1.78e-03 + alpha*8.84e-05
Valid performance:
 mse:1.63e-03, IC:6.68e-03, RIC:9.15e-02, prec@10:5.40e-01, SR:1.57e+00
Test performance:
 mse:1.78e-03, IC:-1.27e-04, RIC:-1.22e-03, prec@10:5.07e-01, SR:7.48e-01 


epoch37##########################################################
Train : loss:2.17e-02  =  2.15e-02 + alpha*4.02e-04
Valid : loss:1.95e-01  =  1.94e-01 + alpha*1.26e-03
Test: loss:2.78e-01  =  2.77e-01 + alpha*1.92e-03
Valid performance:
 mse:1.94e-01, IC:2.31e-03, RIC:5.45e-02, prec@10:5.52e-01, SR:1.38e+00
Test performance:
 mse:2.77e-01, IC:2.75e-03, RIC:3.40e-02, prec@10:5.17e-01, SR:8.18e-01 


epoch38##########################################################
Train : loss:5.60e-03  =  5.51e-03 + alpha*1.94e-04
Valid : loss:9.42e-04  =  9.07e-04 + alpha*6.94e-05
Test: loss:1.14e-03  =  1.09e-03 + alpha*9.67e-05
Valid performance:
 mse:9.07e-04, IC:7.49e-03, RIC:9.45e-02, prec@10:6.17e-01, SR:2.27e+00
Test performance:
 mse:1.09e-03, IC:4.44e-04, RIC:4.35e-03, prec@10:5.26e-01, SR:1.32e+00 


epoch39##########################################################
Train : loss:3.78e-03  =  3.74e-03 + alpha*8.14e-05
Valid : loss:3.75e-03  =  3.67e-03 + alpha*1.57e-04
Test: loss:5.05e-03  =  4.93e-03 + alpha*2.39e-04
Valid performance:
 mse:3.67e-03, IC:3.60e-03, RIC:8.17e-02, prec@10:5.70e-01, SR:1.71e+00
Test performance:
 mse:4.93e-03, IC:1.69e-03, RIC:2.02e-02, prec@10:5.13e-01, SR:5.50e-01 


epoch40##########################################################
Train : loss:8.85e-03  =  8.73e-03 + alpha*2.30e-04
Valid : loss:9.97e-04  =  9.52e-04 + alpha*9.02e-05
Test: loss:1.46e-03  =  1.39e-03 + alpha*1.34e-04
Valid performance:
 mse:9.52e-04, IC:-1.56e-03, RIC:-3.15e-02, prec@10:5.28e-01, SR:6.99e-01
Test performance:
 mse:1.39e-03, IC:2.61e-04, RIC:3.26e-03, prec@10:5.21e-01, SR:1.18e+00 


epoch41##########################################################
Train : loss:9.58e-03  =  9.45e-03 + alpha*2.67e-04
Valid : loss:1.65e-03  =  1.61e-03 + alpha*9.06e-05
Test: loss:2.12e-03  =  2.06e-03 + alpha*1.22e-04
Valid performance:
 mse:1.61e-03, IC:-2.84e-03, RIC:-3.02e-02, prec@10:5.42e-01, SR:-7.31e-02
Test performance:
 mse:2.06e-03, IC:1.26e-02, RIC:1.25e-01, prec@10:5.09e-01, SR:2.35e+00 


epoch42##########################################################
Train : loss:4.08e-03  =  4.01e-03 + alpha*1.36e-04
Valid : loss:6.55e-04  =  6.19e-04 + alpha*7.27e-05
Test: loss:9.60e-04  =  9.10e-04 + alpha*1.00e-04
Valid performance:
 mse:6.19e-04, IC:1.17e-02, RIC:1.46e-01, prec@10:7.23e-01, SR:1.32e+00
Test performance:
 mse:9.10e-04, IC:2.31e-03, RIC:2.26e-02, prec@10:5.82e-01, SR:3.62e-01 


epoch43##########################################################
Train : loss:1.04e-02  =  1.03e-02 + alpha*2.31e-04
Valid : loss:3.86e-03  =  3.83e-03 + alpha*5.71e-05
Test: loss:4.01e-03  =  3.97e-03 + alpha*7.99e-05
Valid performance:
 mse:3.83e-03, IC:3.05e-03, RIC:5.45e-02, prec@10:5.85e-01, SR:1.32e+00
Test performance:
 mse:3.97e-03, IC:3.67e-03, RIC:4.09e-02, prec@10:5.30e-01, SR:1.67e+00 


epoch44##########################################################
Train : loss:5.29e-03  =  5.22e-03 + alpha*1.36e-04
Valid : loss:1.63e-02  =  1.61e-02 + alpha*4.45e-04
Test: loss:2.36e-02  =  2.33e-02 + alpha*5.93e-04
Valid performance:
 mse:1.61e-02, IC:-5.46e-03, RIC:-8.22e-02, prec@10:5.75e-01, SR:-9.29e-01
Test performance:
 mse:2.33e-02, IC:1.50e-03, RIC:1.63e-02, prec@10:5.35e-01, SR:8.16e-01 


epoch45##########################################################
Train : loss:1.02e-02  =  1.00e-02 + alpha*2.35e-04
Valid : loss:4.79e-03  =  4.67e-03 + alpha*2.24e-04
Test: loss:7.27e-03  =  7.10e-03 + alpha*3.38e-04
Valid performance:
 mse:4.67e-03, IC:-2.44e-03, RIC:-5.39e-02, prec@10:5.28e-01, SR:1.85e+00
Test performance:
 mse:7.10e-03, IC:-1.58e-03, RIC:-1.90e-02, prec@10:5.29e-01, SR:1.26e+00 


epoch46##########################################################
Train : loss:1.79e-02  =  1.77e-02 + alpha*3.56e-04
Valid : loss:4.81e-03  =  4.69e-03 + alpha*2.36e-04
Test: loss:9.75e-03  =  9.56e-03 + alpha*3.71e-04
Valid performance:
 mse:4.69e-03, IC:-3.35e-03, RIC:-6.33e-02, prec@10:5.16e-01, SR:2.28e-01
Test performance:
 mse:9.56e-03, IC:2.04e-03, RIC:2.27e-02, prec@10:5.13e-01, SR:9.03e-01 


epoch47##########################################################
Train : loss:3.76e-03  =  3.71e-03 + alpha*1.02e-04
Valid : loss:4.53e-03  =  4.45e-03 + alpha*1.56e-04
Test: loss:5.89e-03  =  5.76e-03 + alpha*2.42e-04
Valid performance:
 mse:4.45e-03, IC:1.13e-03, RIC:2.80e-02, prec@10:5.30e-01, SR:6.30e-01
Test performance:
 mse:5.76e-03, IC:1.70e-03, RIC:2.32e-02, prec@10:5.15e-01, SR:1.19e+00 


epoch48##########################################################
Train : loss:1.67e-02  =  1.65e-02 + alpha*3.24e-04
Valid : loss:3.01e-03  =  2.92e-03 + alpha*1.61e-04
Test: loss:5.51e-03  =  5.38e-03 + alpha*2.47e-04
Valid performance:
 mse:2.92e-03, IC:7.90e-05, RIC:1.17e-03, prec@10:5.57e-01, SR:7.45e-01
Test performance:
 mse:5.38e-03, IC:7.98e-04, RIC:8.38e-03, prec@10:5.27e-01, SR:-1.66e-01 


epoch49##########################################################
Train : loss:4.58e-03  =  4.52e-03 + alpha*1.23e-04
Valid : loss:7.17e-04  =  6.87e-04 + alpha*5.87e-05
Test: loss:9.54e-04  =  9.09e-04 + alpha*8.92e-05
Valid performance:
 mse:6.87e-04, IC:1.35e-03, RIC:2.65e-02, prec@10:5.28e-01, SR:1.40e+00
Test performance:
 mse:9.09e-04, IC:-4.01e-03, RIC:-4.79e-02, prec@10:5.20e-01, SR:8.13e-01 


epoch50##########################################################
Train : loss:4.41e-03  =  4.37e-03 + alpha*8.63e-05
Valid : loss:3.59e-03  =  3.57e-03 + alpha*5.22e-05
Test: loss:3.81e-03  =  3.77e-03 + alpha*7.78e-05
Valid performance:
 mse:3.57e-03, IC:2.66e-03, RIC:4.86e-02, prec@10:5.41e-01, SR:1.27e+00
Test performance:
 mse:3.77e-03, IC:2.91e-03, RIC:3.11e-02, prec@10:5.29e-01, SR:9.48e-01 


epoch51##########################################################
Train : loss:4.40e-03  =  4.34e-03 + alpha*1.21e-04
Valid : loss:1.27e-02  =  1.26e-02 + alpha*2.86e-04
Test: loss:1.77e-02  =  1.75e-02 + alpha*4.37e-04
Valid performance:
 mse:1.26e-02, IC:1.73e-03, RIC:4.33e-02, prec@10:5.36e-01, SR:7.19e-01
Test performance:
 mse:1.75e-02, IC:1.04e-03, RIC:1.38e-02, prec@10:5.15e-01, SR:5.75e-01 


epoch52##########################################################
Train : loss:1.05e-02  =  1.03e-02 + alpha*2.55e-04
Valid : loss:1.62e-03  =  1.57e-03 + alpha*1.03e-04
Test: loss:2.17e-03  =  2.09e-03 + alpha*1.53e-04
Valid performance:
 mse:1.57e-03, IC:-2.29e-03, RIC:-4.59e-02, prec@10:5.20e-01, SR:1.29e+00
Test performance:
 mse:2.09e-03, IC:-1.42e-03, RIC:-1.67e-02, prec@10:5.28e-01, SR:1.72e+00 


epoch53##########################################################
Train : loss:7.34e-03  =  7.27e-03 + alpha*1.55e-04
Valid : loss:5.08e-02  =  5.04e-02 + alpha*6.84e-04
Test: loss:7.50e-02  =  7.45e-02 + alpha*1.05e-03
Valid performance:
 mse:5.04e-02, IC:-2.47e-03, RIC:-5.28e-02, prec@10:5.17e-01, SR:5.87e-01
Test performance:
 mse:7.45e-02, IC:-1.15e-03, RIC:-1.49e-02, prec@10:5.40e-01, SR:2.31e+00 


epoch54##########################################################
Train : loss:5.15e-03  =  5.09e-03 + alpha*1.26e-04
Valid : loss:4.09e-03  =  4.00e-03 + alpha*1.88e-04
Test: loss:5.73e-03  =  5.59e-03 + alpha*2.86e-04
Valid performance:
 mse:4.00e-03, IC:-1.77e-03, RIC:-3.87e-02, prec@10:5.30e-01, SR:8.51e-01
Test performance:
 mse:5.59e-03, IC:-2.16e-03, RIC:-2.76e-02, prec@10:5.31e-01, SR:1.15e+00 


epoch55##########################################################
Train : loss:1.55e-02  =  1.53e-02 + alpha*2.73e-04
Valid : loss:1.43e-03  =  1.38e-03 + alpha*1.07e-04
Test: loss:2.52e-03  =  2.44e-03 + alpha*1.60e-04
Valid performance:
 mse:1.38e-03, IC:-4.13e-03, RIC:-6.08e-02, prec@10:5.15e-01, SR:1.79e+00
Test performance:
 mse:2.44e-03, IC:-1.48e-03, RIC:-1.57e-02, prec@10:5.17e-01, SR:1.75e+00 


epoch56##########################################################
Train : loss:3.99e-03  =  3.94e-03 + alpha*1.02e-04
Valid : loss:7.66e-04  =  7.41e-04 + alpha*5.01e-05
Test: loss:1.03e-03  =  9.92e-04 + alpha*7.83e-05
Valid performance:
 mse:7.41e-04, IC:3.73e-03, RIC:5.34e-02, prec@10:5.53e-01, SR:1.12e+00
Test performance:
 mse:9.92e-04, IC:1.23e-03, RIC:1.13e-02, prec@10:5.33e-01, SR:1.29e+00 


epoch57##########################################################
Train : loss:3.84e-03  =  3.79e-03 + alpha*9.98e-05
Valid : loss:2.59e-03  =  2.54e-03 + alpha*1.03e-04
Test: loss:3.15e-03  =  3.07e-03 + alpha*1.48e-04
Valid performance:
 mse:2.54e-03, IC:4.29e-03, RIC:9.26e-02, prec@10:6.06e-01, SR:1.49e+00
Test performance:
 mse:3.07e-03, IC:3.05e-03, RIC:3.75e-02, prec@10:5.17e-01, SR:4.55e-01 


epoch58##########################################################
Train : loss:1.44e-02  =  1.43e-02 + alpha*3.30e-04
Valid : loss:1.38e-03  =  1.35e-03 + alpha*5.44e-05
Test: loss:1.55e-03  =  1.51e-03 + alpha*7.51e-05
Valid performance:
 mse:1.35e-03, IC:2.84e-03, RIC:2.58e-02, prec@10:5.94e-01, SR:1.68e-01
Test performance:
 mse:1.51e-03, IC:4.91e-05, RIC:4.19e-04, prec@10:5.43e-01, SR:1.33e+00 


epoch59##########################################################
Train : loss:4.44e-03  =  4.40e-03 + alpha*7.98e-05
Valid : loss:5.41e-03  =  5.30e-03 + alpha*2.30e-04
Test: loss:8.13e-03  =  7.97e-03 + alpha*3.39e-04
Valid performance:
 mse:5.30e-03, IC:-4.20e-03, RIC:-8.72e-02, prec@10:5.38e-01, SR:8.42e-01
Test performance:
 mse:7.97e-03, IC:1.06e-03, RIC:1.36e-02, prec@10:5.24e-01, SR:3.55e-01 


epoch60##########################################################
Train : loss:9.39e-03  =  9.29e-03 + alpha*2.14e-04
Valid : loss:1.43e-03  =  1.40e-03 + alpha*5.78e-05
Test: loss:1.62e-03  =  1.58e-03 + alpha*8.37e-05
Valid performance:
 mse:1.40e-03, IC:8.27e-04, RIC:1.27e-02, prec@10:5.68e-01, SR:1.45e+00
Test performance:
 mse:1.58e-03, IC:1.74e-04, RIC:1.95e-03, prec@10:5.37e-01, SR:1.46e+00 


epoch61##########################################################
Train : loss:4.33e-03  =  4.29e-03 + alpha*9.29e-05
Valid : loss:3.29e-02  =  3.26e-02 + alpha*4.92e-04
Test: loss:4.52e-02  =  4.48e-02 + alpha*7.44e-04
Valid performance:
 mse:3.26e-02, IC:2.88e-03, RIC:6.59e-02, prec@10:5.75e-01, SR:1.75e+00
Test performance:
 mse:4.48e-02, IC:1.26e-03, RIC:1.60e-02, prec@10:5.14e-01, SR:9.62e-01 


epoch62##########################################################
Train : loss:1.33e-02  =  1.32e-02 + alpha*2.75e-04
Valid : loss:2.15e-03  =  2.12e-03 + alpha*4.50e-05
Test: loss:2.33e-03  =  2.30e-03 + alpha*6.93e-05
Valid performance:
 mse:2.12e-03, IC:5.71e-03, RIC:7.79e-02, prec@10:5.40e-01, SR:1.44e+00
Test performance:
 mse:2.30e-03, IC:-5.50e-03, RIC:-5.16e-02, prec@10:5.40e-01, SR:9.55e-01 


epoch63##########################################################
Train : loss:7.51e-03  =  7.42e-03 + alpha*1.95e-04
Valid : loss:1.35e-02  =  1.35e-02 + alpha*1.17e-04
Test: loss:1.39e-02  =  1.38e-02 + alpha*1.57e-04
Valid performance:
 mse:1.35e-02, IC:4.77e-03, RIC:4.60e-02, prec@10:6.53e-01, SR:-8.82e-02
Test performance:
 mse:1.38e-02, IC:1.24e-02, RIC:1.08e-01, prec@10:5.40e-01, SR:1.26e+00 


epoch64##########################################################
Train : loss:1.95e-02  =  1.93e-02 + alpha*3.82e-04
Valid : loss:1.43e-03  =  1.38e-03 + alpha*1.01e-04
Test: loss:2.37e-03  =  2.29e-03 + alpha*1.70e-04
Valid performance:
 mse:1.38e-03, IC:5.11e-03, RIC:9.58e-02, prec@10:5.57e-01, SR:1.48e+00
Test performance:
 mse:2.29e-03, IC:-2.02e-03, RIC:-2.19e-02, prec@10:5.17e-01, SR:4.56e-02 


epoch65##########################################################
Train : loss:4.56e-03  =  4.50e-03 + alpha*1.14e-04
Valid : loss:1.85e-03  =  1.83e-03 + alpha*3.83e-05
Test: loss:2.00e-03  =  1.97e-03 + alpha*5.56e-05
Valid performance:
 mse:1.83e-03, IC:3.85e-04, RIC:4.06e-03, prec@10:5.35e-01, SR:1.41e+00
Test performance:
 mse:1.97e-03, IC:-3.53e-03, RIC:-2.92e-02, prec@10:5.45e-01, SR:8.52e-01 


epoch66##########################################################
Train : loss:7.27e-03  =  7.20e-03 + alpha*1.45e-04
Valid : loss:3.15e-03  =  3.12e-03 + alpha*6.33e-05
Test: loss:3.54e-03  =  3.49e-03 + alpha*9.82e-05
Valid performance:
 mse:3.12e-03, IC:7.56e-03, RIC:7.92e-02, prec@10:6.09e-01, SR:1.01e+00
Test performance:
 mse:3.49e-03, IC:-5.41e-03, RIC:-4.79e-02, prec@10:5.41e-01, SR:-4.21e-01 


epoch67##########################################################
Train : loss:4.86e-03  =  4.79e-03 + alpha*1.40e-04
Valid : loss:8.24e-03  =  8.12e-03 + alpha*2.56e-04
Test: loss:1.18e-02  =  1.16e-02 + alpha*3.81e-04
Valid performance:
 mse:8.12e-03, IC:3.95e-03, RIC:8.50e-02, prec@10:6.03e-01, SR:1.90e+00
Test performance:
 mse:1.16e-02, IC:1.62e-03, RIC:1.85e-02, prec@10:5.20e-01, SR:4.66e-01 


epoch68##########################################################
Train : loss:6.23e-03  =  6.14e-03 + alpha*1.89e-04
Valid : loss:1.53e-03  =  1.49e-03 + alpha*8.79e-05
Test: loss:2.14e-03  =  2.08e-03 + alpha*1.32e-04
Valid performance:
 mse:1.49e-03, IC:-1.14e-03, RIC:-1.35e-02, prec@10:5.79e-01, SR:7.44e-01
Test performance:
 mse:2.08e-03, IC:-3.01e-03, RIC:-2.83e-02, prec@10:5.33e-01, SR:5.27e-01 


epoch69##########################################################
Train : loss:8.97e-03  =  8.84e-03 + alpha*2.64e-04
Valid : loss:3.12e-03  =  3.05e-03 + alpha*1.25e-04
Test: loss:4.69e-03  =  4.59e-03 + alpha*1.96e-04
Valid performance:
 mse:3.05e-03, IC:-1.20e-03, RIC:-2.13e-02, prec@10:5.10e-01, SR:8.08e-01
Test performance:
 mse:4.59e-03, IC:3.22e-03, RIC:4.08e-02, prec@10:5.17e-01, SR:1.03e+00 


epoch70##########################################################
Train : loss:5.07e-03  =  4.98e-03 + alpha*1.74e-04
Valid : loss:8.32e-04  =  8.10e-04 + alpha*4.30e-05
Test: loss:9.85e-04  =  9.54e-04 + alpha*6.12e-05
Valid performance:
 mse:8.10e-04, IC:-1.67e-03, RIC:-1.70e-02, prec@10:5.57e-01, SR:1.40e+00
Test performance:
 mse:9.54e-04, IC:3.37e-03, RIC:2.99e-02, prec@10:5.04e-01, SR:1.02e+00 


epoch71##########################################################
Train : loss:1.02e-02  =  1.02e-02 + alpha*1.58e-04
Valid : loss:4.42e-03  =  4.34e-03 + alpha*1.72e-04
Test: loss:5.65e-03  =  5.52e-03 + alpha*2.49e-04
Valid performance:
 mse:4.34e-03, IC:-2.51e-03, RIC:-4.66e-02, prec@10:5.49e-01, SR:-6.16e-01
Test performance:
 mse:5.52e-03, IC:-1.16e-03, RIC:-1.52e-02, prec@10:5.33e-01, SR:2.51e+00 


epoch72##########################################################
Train : loss:5.14e-03  =  5.07e-03 + alpha*1.46e-04
Valid : loss:4.71e-03  =  4.67e-03 + alpha*7.79e-05
Test: loss:5.09e-03  =  5.03e-03 + alpha*1.23e-04
Valid performance:
 mse:4.67e-03, IC:8.27e-04, RIC:1.73e-02, prec@10:5.41e-01, SR:2.89e-01
Test performance:
 mse:5.03e-03, IC:-4.44e-03, RIC:-6.05e-02, prec@10:5.36e-01, SR:1.34e+00 


epoch73##########################################################
Train : loss:2.57e-02  =  2.55e-02 + alpha*3.71e-04
Valid : loss:3.89e-03  =  3.74e-03 + alpha*2.96e-04
Test: loss:1.29e-02  =  1.27e-02 + alpha*4.82e-04
Valid performance:
 mse:3.74e-03, IC:1.67e-03, RIC:2.26e-02, prec@10:5.13e-01, SR:1.79e+00
Test performance:
 mse:1.27e-02, IC:-2.25e-03, RIC:-2.25e-02, prec@10:5.00e-01, SR:2.17e-01 


epoch74##########################################################
Train : loss:3.97e-03  =  3.91e-03 + alpha*1.16e-04
Valid : loss:1.00e-03  =  9.85e-04 + alpha*3.45e-05
Test: loss:1.09e-03  =  1.07e-03 + alpha*4.68e-05
Valid performance:
 mse:9.85e-04, IC:6.79e-03, RIC:9.00e-02, prec@10:5.91e-01, SR:1.40e+00
Test performance:
 mse:1.07e-03, IC:6.17e-03, RIC:5.67e-02, prec@10:5.40e-01, SR:9.01e-01 


epoch75##########################################################
Train : loss:3.86e-03  =  3.82e-03 + alpha*6.75e-05
Valid : loss:6.93e-04  =  6.74e-04 + alpha*3.68e-05
Test: loss:7.98e-04  =  7.74e-04 + alpha*4.74e-05
Valid performance:
 mse:6.74e-04, IC:-8.33e-04, RIC:-6.59e-03, prec@10:5.51e-01, SR:6.03e-01
Test performance:
 mse:7.74e-04, IC:5.23e-03, RIC:4.41e-02, prec@10:5.06e-01, SR:1.47e+00 


epoch76##########################################################
Train : loss:1.36e-02  =  1.35e-02 + alpha*2.18e-04
Valid : loss:1.20e-02  =  1.18e-02 + alpha*3.54e-04
Test: loss:2.17e-02  =  2.14e-02 + alpha*5.81e-04
Valid performance:
 mse:1.18e-02, IC:1.60e-03, RIC:3.22e-02, prec@10:5.33e-01, SR:8.33e-01
Test performance:
 mse:2.14e-02, IC:1.18e-03, RIC:1.30e-02, prec@10:5.25e-01, SR:1.09e+00 


epoch77##########################################################
Train : loss:4.17e-03  =  4.12e-03 + alpha*1.07e-04
Valid : loss:8.64e-03  =  8.60e-03 + alpha*8.66e-05
Test: loss:8.96e-03  =  8.90e-03 + alpha*1.26e-04
Valid performance:
 mse:8.60e-03, IC:-2.60e-04, RIC:-4.07e-03, prec@10:5.33e-01, SR:9.93e-01
Test performance:
 mse:8.90e-03, IC:-1.85e-03, RIC:-2.17e-02, prec@10:5.29e-01, SR:8.13e-01 


epoch78##########################################################
Train : loss:5.05e-03  =  4.98e-03 + alpha*1.31e-04
Valid : loss:5.60e-04  =  5.33e-04 + alpha*5.35e-05
Test: loss:8.84e-04  =  8.42e-04 + alpha*8.43e-05
Valid performance:
 mse:5.33e-04, IC:4.94e-04, RIC:5.61e-03, prec@10:5.07e-01, SR:8.85e-01
Test performance:
 mse:8.42e-04, IC:-5.74e-03, RIC:-5.54e-02, prec@10:5.07e-01, SR:4.26e-01 


epoch79##########################################################
Train : loss:7.37e-03  =  7.27e-03 + alpha*2.08e-04
Valid : loss:1.18e-03  =  1.14e-03 + alpha*7.73e-05
Test: loss:1.55e-03  =  1.48e-03 + alpha*1.23e-04
Valid performance:
 mse:1.14e-03, IC:-3.64e-04, RIC:-8.31e-03, prec@10:5.31e-01, SR:6.26e-01
Test performance:
 mse:1.48e-03, IC:-3.71e-03, RIC:-4.74e-02, prec@10:5.31e-01, SR:1.85e+00 


epoch80##########################################################
Train : loss:4.48e-03  =  4.42e-03 + alpha*1.21e-04
Valid : loss:5.00e-03  =  4.91e-03 + alpha*1.82e-04
Test: loss:6.36e-03  =  6.23e-03 + alpha*2.71e-04
Valid performance:
 mse:4.91e-03, IC:4.69e-03, RIC:8.08e-02, prec@10:8.77e-01, SR:1.29e+00
Test performance:
 mse:6.23e-03, IC:-3.63e-03, RIC:-4.78e-02, prec@10:7.74e-01, SR:9.53e-01 


epoch81##########################################################
Train : loss:8.87e-03  =  8.74e-03 + alpha*2.72e-04
Valid : loss:2.53e-02  =  2.51e-02 + alpha*4.27e-04
Test: loss:3.42e-02  =  3.39e-02 + alpha*6.46e-04
Valid performance:
 mse:2.51e-02, IC:-3.09e-03, RIC:-6.97e-02, prec@10:6.23e-01, SR:-1.65e+00
Test performance:
 mse:3.39e-02, IC:-2.59e-03, RIC:-3.10e-02, prec@10:5.52e-01, SR:-6.60e-02 


epoch82##########################################################
Train : loss:1.06e-02  =  1.05e-02 + alpha*3.15e-04
Valid : loss:8.00e-03  =  7.91e-03 + alpha*1.75e-04
Test: loss:9.99e-03  =  9.86e-03 + alpha*2.56e-04
Valid performance:
 mse:7.91e-03, IC:2.65e-03, RIC:4.90e-02, prec@10:6.44e-01, SR:8.79e-01
Test performance:
 mse:9.86e-03, IC:5.57e-04, RIC:6.84e-03, prec@10:5.24e-01, SR:8.42e-01 


epoch83##########################################################
Train : loss:6.71e-03  =  6.61e-03 + alpha*2.00e-04
Valid : loss:4.96e-03  =  4.91e-03 + alpha*1.17e-04
Test: loss:5.60e-03  =  5.52e-03 + alpha*1.73e-04
Valid performance:
 mse:4.91e-03, IC:3.03e-03, RIC:6.95e-02, prec@10:5.69e-01, SR:1.65e+00
Test performance:
 mse:5.52e-03, IC:1.82e-03, RIC:2.35e-02, prec@10:5.13e-01, SR:3.94e-01 


epoch84##########################################################
Train : loss:1.21e-02  =  1.20e-02 + alpha*2.54e-04
Valid : loss:1.04e-03  =  1.02e-03 + alpha*3.86e-05
Test: loss:1.19e-03  =  1.16e-03 + alpha*5.81e-05
Valid performance:
 mse:1.02e-03, IC:2.97e-03, RIC:3.47e-02, prec@10:5.52e-01, SR:1.02e+00
Test performance:
 mse:1.16e-03, IC:-1.16e-03, RIC:-1.15e-02, prec@10:5.23e-01, SR:1.07e+00 


epoch85##########################################################
Train : loss:3.67e-03  =  3.63e-03 + alpha*7.26e-05
Valid : loss:1.19e-03  =  1.16e-03 + alpha*5.80e-05
Test: loss:1.45e-03  =  1.40e-03 + alpha*8.99e-05
Valid performance:
 mse:1.16e-03, IC:1.59e-03, RIC:3.40e-02, prec@10:5.36e-01, SR:1.33e+00
Test performance:
 mse:1.40e-03, IC:8.73e-04, RIC:1.05e-02, prec@10:5.20e-01, SR:1.28e+00 


epoch86##########################################################
Train : loss:4.83e-03  =  4.77e-03 + alpha*1.29e-04
Valid : loss:4.72e-03  =  4.63e-03 + alpha*1.87e-04
Test: loss:6.64e-03  =  6.49e-03 + alpha*2.99e-04
Valid performance:
 mse:4.63e-03, IC:-1.35e-03, RIC:-3.20e-02, prec@10:5.20e-01, SR:2.88e-01
Test performance:
 mse:6.49e-03, IC:-2.14e-03, RIC:-2.84e-02, prec@10:5.40e-01, SR:2.36e+00 


epoch87##########################################################
Train : loss:2.03e-02  =  2.02e-02 + alpha*3.74e-04
Valid : loss:6.69e-04  =  6.48e-04 + alpha*4.18e-05
Test: loss:8.52e-04  =  8.22e-04 + alpha*6.18e-05
Valid performance:
 mse:6.48e-04, IC:-1.72e-03, RIC:-1.84e-02, prec@10:5.09e-01, SR:1.05e+00
Test performance:
 mse:8.22e-04, IC:-2.13e-03, RIC:-2.02e-02, prec@10:4.96e-01, SR:1.07e+00 


epoch88##########################################################
Train : loss:3.91e-03  =  3.88e-03 + alpha*7.09e-05
Valid : loss:2.06e-03  =  2.02e-03 + alpha*8.38e-05
Test: loss:2.47e-03  =  2.41e-03 + alpha*1.24e-04
Valid performance:
 mse:2.02e-03, IC:-2.17e-03, RIC:-4.45e-02, prec@10:5.17e-01, SR:2.51e-02
Test performance:
 mse:2.41e-03, IC:-4.67e-03, RIC:-5.70e-02, prec@10:5.25e-01, SR:1.52e+00 


epoch89##########################################################
Train : loss:4.76e-03  =  4.70e-03 + alpha*1.20e-04
Valid : loss:1.45e-03  =  1.40e-03 + alpha*1.03e-04
Test: loss:2.05e-03  =  1.97e-03 + alpha*1.58e-04
Valid performance:
 mse:1.40e-03, IC:-3.05e-03, RIC:-6.57e-02, prec@10:5.17e-01, SR:6.24e-01
Test performance:
 mse:1.97e-03, IC:-2.80e-03, RIC:-3.23e-02, prec@10:5.40e-01, SR:2.09e+00 


epoch90##########################################################
Train : loss:9.46e-03  =  9.34e-03 + alpha*2.40e-04
Valid : loss:6.50e-04  =  6.22e-04 + alpha*5.71e-05
Test: loss:9.30e-04  =  8.87e-04 + alpha*8.56e-05
Valid performance:
 mse:6.22e-04, IC:4.93e-04, RIC:8.00e-03, prec@10:5.47e-01, SR:7.77e-01
Test performance:
 mse:8.87e-04, IC:4.85e-03, RIC:4.89e-02, prec@10:5.32e-01, SR:2.18e+00 


epoch91##########################################################
Train : loss:5.13e-03  =  5.05e-03 + alpha*1.63e-04
Valid : loss:1.63e-03  =  1.60e-03 + alpha*6.54e-05
Test: loss:1.89e-03  =  1.84e-03 + alpha*9.49e-05
Valid performance:
 mse:1.60e-03, IC:-5.12e-04, RIC:-7.52e-03, prec@10:5.65e-01, SR:9.14e-01
Test performance:
 mse:1.84e-03, IC:8.98e-03, RIC:9.10e-02, prec@10:5.27e-01, SR:1.19e+00 


epoch92##########################################################
Train : loss:6.27e-03  =  6.18e-03 + alpha*1.86e-04
Valid : loss:5.75e-02  =  5.71e-02 + alpha*7.12e-04
Test: loss:8.41e-02  =  8.36e-02 + alpha*1.05e-03
Valid performance:
 mse:5.71e-02, IC:2.54e-03, RIC:5.85e-02, prec@10:5.78e-01, SR:1.82e+00
Test performance:
 mse:8.36e-02, IC:2.51e-03, RIC:3.22e-02, prec@10:5.16e-01, SR:8.51e-01 


epoch93##########################################################
Train : loss:1.11e-02  =  1.10e-02 + alpha*2.37e-04
Valid : loss:7.10e-04  =  6.92e-04 + alpha*3.62e-05
Test: loss:8.52e-04  =  8.25e-04 + alpha*5.51e-05
Valid performance:
 mse:6.92e-04, IC:2.46e-03, RIC:2.26e-02, prec@10:5.43e-01, SR:7.44e-01
Test performance:
 mse:8.25e-04, IC:-3.84e-03, RIC:-2.99e-02, prec@10:5.42e-01, SR:9.64e-01 


epoch94##########################################################
Train : loss:5.16e-03  =  5.09e-03 + alpha*1.26e-04
Valid : loss:2.91e-03  =  2.89e-03 + alpha*4.72e-05
Test: loss:3.07e-03  =  3.04e-03 + alpha*6.95e-05
Valid performance:
 mse:2.89e-03, IC:6.51e-03, RIC:1.21e-01, prec@10:6.24e-01, SR:1.98e+00
Test performance:
 mse:3.04e-03, IC:-1.24e-03, RIC:-1.39e-02, prec@10:5.28e-01, SR:1.00e+00 


epoch95##########################################################
Train : loss:6.27e-03  =  6.16e-03 + alpha*2.13e-04
Valid : loss:1.13e-02  =  1.12e-02 + alpha*2.02e-04
Test: loss:1.40e-02  =  1.38e-02 + alpha*3.20e-04
Valid performance:
 mse:1.12e-02, IC:1.01e-04, RIC:2.11e-03, prec@10:5.37e-01, SR:1.04e+00
Test performance:
 mse:1.38e-02, IC:1.64e-03, RIC:1.95e-02, prec@10:5.26e-01, SR:1.21e+00 


epoch96##########################################################
Train : loss:7.33e-03  =  7.22e-03 + alpha*2.14e-04
Valid : loss:1.87e-02  =  1.85e-02 + alpha*3.97e-04
Test: loss:2.64e-02  =  2.61e-02 + alpha*5.96e-04
Valid performance:
 mse:1.85e-02, IC:-3.34e-03, RIC:-7.29e-02, prec@10:5.53e-01, SR:4.35e-01
Test performance:
 mse:2.61e-02, IC:-1.04e-03, RIC:-1.30e-02, prec@10:5.36e-01, SR:2.02e-01 


epoch97##########################################################
Train : loss:1.42e-02  =  1.41e-02 + alpha*2.57e-04
Valid : loss:4.93e-04  =  4.73e-04 + alpha*3.97e-05
Test: loss:7.07e-04  =  6.76e-04 + alpha*6.24e-05
Valid performance:
 mse:4.73e-04, IC:1.01e-02, RIC:1.19e-01, prec@10:5.52e-01, SR:2.08e+00
Test performance:
 mse:6.76e-04, IC:1.90e-03, RIC:1.80e-02, prec@10:5.00e-01, SR:1.01e+00 


epoch98##########################################################
Train : loss:4.37e-03  =  4.32e-03 + alpha*8.94e-05
Valid : loss:4.85e-03  =  4.81e-03 + alpha*6.79e-05
Test: loss:5.02e-03  =  4.97e-03 + alpha*9.33e-05
Valid performance:
 mse:4.81e-03, IC:3.23e-03, RIC:5.11e-02, prec@10:5.90e-01, SR:1.95e-01
Test performance:
 mse:4.97e-03, IC:5.73e-03, RIC:6.38e-02, prec@10:5.33e-01, SR:1.29e+00 


epoch99##########################################################
Train : loss:4.67e-03  =  4.61e-03 + alpha*1.12e-04
Valid : loss:8.62e-04  =  8.39e-04 + alpha*4.62e-05
Test: loss:1.04e-03  =  1.01e-03 + alpha*6.32e-05
Valid performance:
 mse:8.39e-04, IC:2.64e-03, RIC:4.60e-02, prec@10:6.44e-01, SR:2.56e-01
Test performance:
 mse:1.01e-03, IC:5.22e-03, RIC:5.47e-02, prec@10:5.46e-01, SR:1.71e+00 


epoch100##########################################################
Train : loss:1.09e-02  =  1.07e-02 + alpha*2.72e-04
Valid : loss:9.86e-04  =  9.46e-04 + alpha*8.02e-05
Test: loss:1.47e-03  =  1.41e-03 + alpha*1.30e-04
Valid performance:
 mse:9.46e-04, IC:-1.07e-03, RIC:-1.93e-02, prec@10:5.16e-01, SR:1.04e+00
Test performance:
 mse:1.41e-03, IC:1.81e-03, RIC:1.92e-02, prec@10:5.18e-01, SR:2.14e+00 


Training finished.
Best Validation Performance (based on lowest validation loss for LinearModel):
mse:4.73e-04, IC:1.01e-02, RIC:1.19e-01, prec@10:5.52e-01, SR:2.08e+00
Corresponding Test Performance for LinearModel:
mse:6.76e-04, IC:1.90e-03, RIC:1.80e-02, prec@10:5.00e-01, SR:1.01e+00
Results for LinearModel appended to ../training_results.xlsx (active sheet: Training Results)
