2025-06-12 00:07:40,228 - INFO - 🎯 股票预测模型批量训练系统
2025-06-12 00:07:40,228 - INFO - ================================================================================
2025-06-12 00:07:40,229 - INFO - 📊 目标数据集: SP500
2025-06-12 00:07:40,229 - INFO - 🔧 运行模式: parallel
2025-06-12 00:07:40,229 - INFO - 📝 要运行的模型: ['StockPredict', 'GCN', 'LSTM', 'LinearModel', 'STHAN-SR']
2025-06-12 00:07:40,229 - INFO - 📝 总模型数量: 5
2025-06-12 00:07:40,230 - INFO - 📁 工作目录: C:\Users\Administrator\Desktop\Stock\src
2025-06-12 00:07:40,231 - INFO - ================================================================================
2025-06-12 00:07:40,231 - INFO - 
🔍 步骤0: 环境检查
2025-06-12 00:07:40,231 - INFO - 🔍 检查运行环境...
2025-06-12 00:07:44,593 - INFO - ✅ 检测到 1 个GPU
2025-06-12 00:07:44,593 - INFO - ✅ 环境检查通过
2025-06-12 00:07:44,593 - INFO - 
📝 步骤1: 更新数据集设置
2025-06-12 00:07:44,594 - INFO - 🔄 开始更新脚本的数据集设置为: SP500
2025-06-12 00:07:44,597 - INFO - 📁 已备份: train.py -> ../backup_original_files\train.py.backup_20250612_000744
2025-06-12 00:07:44,598 - INFO - 📁 已备份: gcn_train.py -> ../backup_original_files\gcn_train.py.backup_20250612_000744
2025-06-12 00:07:44,600 - INFO - 📁 已备份: lstm_train.py -> ../backup_original_files\lstm_train.py.backup_20250612_000744
2025-06-12 00:07:44,602 - INFO - 📁 已备份: linear_train.py -> ../backup_original_files\linear_train.py.backup_20250612_000744
2025-06-12 00:07:44,604 - INFO - 📁 已备份: sthan_sr_train.py -> ../backup_original_files\sthan_sr_train.py.backup_20250612_000744
2025-06-12 00:07:44,607 - INFO - ✅ 已更新 train.py 中的market_name为: SP500
2025-06-12 00:07:44,608 - INFO - ✅ 已更新 gcn_train.py 中的market_name为: SP500
2025-06-12 00:07:44,610 - INFO - ✅ 已更新 lstm_train.py 中的market_name为: SP500
2025-06-12 00:07:44,612 - INFO - ✅ 已更新 linear_train.py 中的market_name为: SP500
2025-06-12 00:07:44,613 - INFO - ✅ 已更新 sthan_sr_train.py 中的market_name为: SP500
2025-06-12 00:07:44,614 - INFO - ✅ 成功更新 5/5 个脚本
2025-06-12 00:07:44,614 - INFO - 
🚀 步骤2: 开始parallel训练
2025-06-12 00:07:45,617 - INFO - 🚀 开始并行训练所有模型...
2025-06-12 00:07:45,617 - WARNING - ⚠️  并行模式可能需要大量GPU内存!
2025-06-12 00:07:45,620 - INFO - 🚀 启动 StockPredict 训练线程...
2025-06-12 00:07:45,621 - INFO - 🚀 开始训练 StockPredict...
2025-06-12 00:07:46,630 - INFO - 🚀 启动 GCN 训练线程...
2025-06-12 00:07:46,630 - INFO - 🚀 开始训练 GCN...
2025-06-12 00:07:47,641 - INFO - 🚀 启动 LSTM 训练线程...
2025-06-12 00:07:47,641 - INFO - 🚀 开始训练 LSTM...
2025-06-12 00:07:48,645 - INFO - 🚀 启动 LinearModel 训练线程...
2025-06-12 00:07:48,645 - INFO - 🚀 开始训练 LinearModel...
2025-06-12 00:07:49,650 - INFO - 🚀 启动 STHAN-SR 训练线程...
2025-06-12 00:07:49,650 - INFO - 🚀 开始训练 STHAN-SR...
