原始SP500数据形状: (464, 1148, 5) (股票数: 464, 天数: 1148, 特征数: 5)
使用全部5年数据 (2020-2024)，数据形状: (464, 1148, 5)
市场为 SP500，实际加载股票数量更新为: 464
市场为 SP500，实际加载股票数量更新为: 464
总交易天数: 1148
根据 60%/20%/_ 分割比例 (已调整为满足最小数据集要求):
训练集天数 (0-indexed, up to valid_index-1): 688 (实际比例: 59.9%)
验证集天数 (valid_index to test_index-1): 230 (实际比例: 20.0%)
测试集天数 (test_index to end): 230 (实际比例: 20.0%)
验证集起始索引 (valid_index): 688
测试集起始索引 (test_index): 918
✅ 数据集分割检查通过
epoch1##########################################################
Train : loss:8.40e+09  =  8.40e+09 + alpha*2.00e+02
Valid : loss:1.17e+09  =  1.17e+09 + alpha*9.07e+01
Test: loss:4.96e+08  =  4.96e+08 + alpha*7.52e+01
Valid performance:
 mse:1.17e+09, IC:-1.67e-03, RIC:-2.07e-02, prec@10:5.23e-01, SR:1.19e+00
Test performance:
 mse:4.96e+08, IC:-4.98e-03, RIC:-6.98e-02, prec@10:5.20e-01, SR:1.30e+00 


epoch2##########################################################
Train : loss:1.51e+09  =  1.51e+09 + alpha*8.01e+01
Valid : loss:1.43e+08  =  1.43e+08 + alpha*3.27e+01
Test: loss:7.20e+07  =  7.20e+07 + alpha*2.85e+01
Valid performance:
 mse:1.43e+08, IC:-3.29e-03, RIC:-3.80e-02, prec@10:5.24e-01, SR:5.09e-01
Test performance:
 mse:7.20e+07, IC:-8.09e-04, RIC:-1.08e-02, prec@10:5.23e-01, SR:2.06e+00 


epoch3##########################################################
Train : loss:2.97e+08  =  2.97e+08 + alpha*3.52e+01
Valid : loss:3.06e+07  =  3.06e+07 + alpha*1.45e+01
Test: loss:1.44e+07  =  1.44e+07 + alpha*1.27e+01
Valid performance:
 mse:3.06e+07, IC:3.31e-03, RIC:3.56e-02, prec@10:5.08e-01, SR:1.53e-01
Test performance:
 mse:1.44e+07, IC:1.42e-03, RIC:1.92e-02, prec@10:5.18e-01, SR:1.57e+00 


epoch4##########################################################
Train : loss:5.05e+07  =  5.05e+07 + alpha*1.45e+01
Valid : loss:3.41e+06  =  3.41e+06 + alpha*4.82e+00
Test: loss:1.61e+06  =  1.61e+06 + alpha*4.11e+00
Valid performance:
 mse:3.41e+06, IC:-4.37e-03, RIC:-5.31e-02, prec@10:5.11e-01, SR:5.32e-01
Test performance:
 mse:1.61e+06, IC:-4.54e-03, RIC:-6.02e-02, prec@10:5.23e-01, SR:1.19e+00 


epoch5##########################################################
Train : loss:5.25e+06  =  5.25e+06 + alpha*4.60e+00
Valid : loss:3.98e+05  =  3.98e+05 + alpha*1.55e+00
Test: loss:1.61e+05  =  1.61e+05 + alpha*1.31e+00
Valid performance:
 mse:3.98e+05, IC:6.78e-03, RIC:7.79e-02, prec@10:5.10e-01, SR:3.79e-01
Test performance:
 mse:1.61e+05, IC:4.78e-03, RIC:6.44e-02, prec@10:5.20e-01, SR:9.90e-01 


epoch6##########################################################
Train : loss:2.21e+05  =  2.21e+05 + alpha*8.96e-01
Valid : loss:6.72e+03  =  6.72e+03 + alpha*2.11e-01
Test: loss:2.74e+03  =  2.74e+03 + alpha*1.78e-01
Valid performance:
 mse:6.72e+03, IC:7.38e-03, RIC:8.23e-02, prec@10:5.09e-01, SR:5.53e-01
Test performance:
 mse:2.74e+03, IC:4.21e-03, RIC:5.48e-02, prec@10:5.17e-01, SR:1.43e+00 


epoch7##########################################################
Train : loss:7.92e+03  =  7.92e+03 + alpha*1.42e-01
Valid : loss:5.79e+00  =  5.79e+00 + alpha*5.69e-03
Test: loss:3.45e+00  =  3.45e+00 + alpha*5.01e-03
Valid performance:
 mse:5.79e+00, IC:1.51e-03, RIC:1.91e-02, prec@10:5.13e-01, SR:5.76e-01
Test performance:
 mse:3.45e+00, IC:-3.39e-03, RIC:-4.62e-02, prec@10:5.20e-01, SR:1.19e+00 


epoch8##########################################################
Train : loss:1.95e+01  =  1.95e+01 + alpha*8.48e-03
Valid : loss:1.10e+00  =  1.10e+00 + alpha*1.12e-03
Test: loss:9.76e-01  =  9.75e-01 + alpha*8.97e-04
Valid performance:
 mse:1.10e+00, IC:-1.81e-03, RIC:-2.33e-02, prec@10:5.17e-01, SR:1.05e+00
Test performance:
 mse:9.75e-01, IC:-4.76e-04, RIC:-6.80e-03, prec@10:5.31e-01, SR:1.59e+00 


epoch9##########################################################
Train : loss:1.29e+00  =  1.29e+00 + alpha*1.47e-03
Valid : loss:1.14e+00  =  1.14e+00 + alpha*1.52e-03
Test: loss:9.40e-01  =  9.40e-01 + alpha*1.15e-03
Valid performance:
 mse:1.14e+00, IC:-8.97e-03, RIC:-1.06e-01, prec@10:5.17e-01, SR:9.46e-02
Test performance:
 mse:9.40e-01, IC:-8.61e-03, RIC:-1.11e-01, prec@10:5.21e-01, SR:2.98e-01 


epoch10##########################################################
Train : loss:1.28e+05  =  1.28e+05 + alpha*4.20e-01
Valid : loss:3.43e+04  =  3.43e+04 + alpha*4.91e-01
Test: loss:1.57e+04  =  1.57e+04 + alpha*4.25e-01
Valid performance:
 mse:3.43e+04, IC:-1.74e-03, RIC:-2.19e-02, prec@10:5.23e-01, SR:1.43e+00
Test performance:
 mse:1.57e+04, IC:-3.67e-03, RIC:-5.25e-02, prec@10:5.32e-01, SR:1.49e+00 


epoch11##########################################################
Train : loss:1.32e+08  =  1.32e+08 + alpha*1.46e+01
Valid : loss:1.96e+07  =  1.96e+07 + alpha*1.15e+01
Test: loss:7.18e+06  =  7.18e+06 + alpha*9.19e+00
Valid performance:
 mse:1.96e+07, IC:6.37e-03, RIC:7.12e-02, prec@10:5.24e-01, SR:1.14e+00
Test performance:
 mse:7.18e+06, IC:8.25e-03, RIC:1.04e-01, prec@10:5.25e-01, SR:1.38e+00 


epoch12##########################################################
Train : loss:7.62e+06  =  7.62e+06 + alpha*5.18e+00
Valid : loss:1.64e+04  =  1.64e+04 + alpha*3.49e-01
Test: loss:8.36e+03  =  8.36e+03 + alpha*2.88e-01
Valid performance:
 mse:1.64e+04, IC:-5.05e-03, RIC:-6.39e-02, prec@10:5.21e-01, SR:1.29e+00
Test performance:
 mse:8.36e+03, IC:2.32e-03, RIC:3.41e-02, prec@10:5.30e-01, SR:1.46e+00 


epoch13##########################################################
Train : loss:2.43e+06  =  2.43e+06 + alpha*2.11e+00
Valid : loss:4.37e+05  =  4.37e+05 + alpha*1.83e+00
Test: loss:1.89e+05  =  1.89e+05 + alpha*1.51e+00
Valid performance:
 mse:4.37e+05, IC:-2.89e-03, RIC:-3.40e-02, prec@10:5.19e-01, SR:4.24e-01
Test performance:
 mse:1.89e+05, IC:-4.19e-03, RIC:-5.93e-02, prec@10:5.23e-01, SR:1.89e+00 


epoch14##########################################################
Train : loss:1.37e+08  =  1.37e+08 + alpha*1.42e+01
Valid : loss:3.29e+07  =  3.29e+07 + alpha*1.62e+01
Test: loss:1.36e+07  =  1.36e+07 + alpha*1.31e+01
Valid performance:
 mse:3.29e+07, IC:-4.63e-03, RIC:-5.11e-02, prec@10:5.17e-01, SR:1.13e+00
Test performance:
 mse:1.36e+07, IC:-2.37e-03, RIC:-3.05e-02, prec@10:5.17e-01, SR:6.46e-01 


epoch15##########################################################
Train : loss:3.02e+07  =  3.02e+07 + alpha*8.50e+00
Valid : loss:1.95e+05  =  1.95e+05 + alpha*1.25e+00
Test: loss:6.63e+04  =  6.63e+04 + alpha*9.57e-01
Valid performance:
 mse:1.95e+05, IC:-8.85e-03, RIC:-1.07e-01, prec@10:5.29e-01, SR:-1.94e-01
Test performance:
 mse:6.63e+04, IC:-6.84e-03, RIC:-8.95e-02, prec@10:5.17e-01, SR:1.05e+00 


epoch16##########################################################
Train : loss:4.52e+04  =  4.52e+04 + alpha*3.96e-01
Valid : loss:1.62e+02  =  1.62e+02 + alpha*3.44e-02
Test: loss:6.58e+01  =  6.58e+01 + alpha*2.76e-02
Valid performance:
 mse:1.62e+02, IC:1.41e-04, RIC:1.50e-03, prec@10:5.29e-01, SR:1.62e+00
Test performance:
 mse:6.58e+01, IC:-4.98e-03, RIC:-6.98e-02, prec@10:5.39e-01, SR:1.47e+00 


epoch17##########################################################
Train : loss:8.29e+03  =  8.29e+03 + alpha*1.22e-01
Valid : loss:6.17e+03  =  6.17e+03 + alpha*2.00e-01
Test: loss:2.11e+03  =  2.11e+03 + alpha*1.61e-01
Valid performance:
 mse:6.17e+03, IC:7.63e-03, RIC:8.92e-02, prec@10:5.18e-01, SR:1.36e+00
Test performance:
 mse:2.11e+03, IC:8.29e-03, RIC:1.12e-01, prec@10:5.23e-01, SR:1.40e+00 


epoch18##########################################################
Train : loss:2.82e+06  =  2.82e+06 + alpha*2.59e+00
Valid : loss:3.17e+06  =  3.17e+06 + alpha*4.14e+00
Test: loss:1.07e+06  =  1.07e+06 + alpha*3.35e+00
Valid performance:
 mse:3.17e+06, IC:6.61e-03, RIC:8.31e-02, prec@10:5.20e-01, SR:1.75e+00
Test performance:
 mse:1.07e+06, IC:8.28e-03, RIC:1.09e-01, prec@10:5.15e-01, SR:1.07e+00 


epoch19##########################################################
