市场为 NASDAQ，实际加载股票数量更新为: 561
总交易天数: 1148
根据 60%/20%/_ 分割比例 (已调整为满足最小数据集要求):
训练集天数 (0-indexed, up to valid_index-1): 688 (实际比例: 59.9%)
验证集天数 (valid_index to test_index-1): 230 (实际比例: 20.0%)
测试集天数 (test_index to end): 230 (实际比例: 20.0%)
验证集起始索引 (valid_index): 688
测试集起始索引 (test_index): 918
✅ 数据集分割检查通过
epoch1##########################################################
Train : loss:3.17e-02  =  3.15e-02 + alpha*1.38e-03
lstm_train.py:164: DeprecationWarning: __array__ implementation doesn't accept a copy keyword, so passing copy=False failed. __array__ must implement 'dtype' and 'copy' keyword arguments.
  cur_valid_pred[:, cur_offset - (start_index - lookback_length - steps + 1)] = cur_rr[:, 0].cpu()
lstm_train.py:165: DeprecationWarning: __array__ implementation doesn't accept a copy keyword, so passing copy=False failed. __array__ must implement 'dtype' and 'copy' keyword arguments.
  cur_valid_gt[:, cur_offset - (start_index - lookback_length - steps + 1)] = gt_batch[:, 0].cpu()
lstm_train.py:166: DeprecationWarning: __array__ implementation doesn't accept a copy keyword, so passing copy=False failed. __array__ must implement 'dtype' and 'copy' keyword arguments.
  cur_valid_mask[:, cur_offset - (start_index - lookback_length - steps + 1)] = mask_batch[:, 0].cpu()
Valid : loss:1.46e-01  =  1.46e-01 + alpha*3.50e-03
Test: loss:2.32e-01  =  2.32e-01 + alpha*4.83e-03
Valid performance:
 mse:1.46e-01, IC:1.61e-02, RIC:1.36e-01, prec@10:4.82e-01, SR:2.96e+00
Test performance:
 mse:2.32e-01, IC:5.02e-03, RIC:4.64e-02, prec@10:4.92e-01, SR:1.64e+00 


epoch2##########################################################
Train : loss:7.23e-03  =  7.14e-03 + alpha*9.34e-04
Valid : loss:8.57e-03  =  8.48e-03 + alpha*9.07e-04
Test: loss:1.02e-02  =  1.01e-02 + alpha*1.10e-03
Valid performance:
 mse:8.48e-03, IC:1.39e-02, RIC:1.43e-01, prec@10:6.12e-01, SR:1.98e+00
Test performance:
 mse:1.01e-02, IC:1.56e-02, RIC:1.44e-01, prec@10:5.26e-01, SR:1.99e+00 


epoch3##########################################################
Train : loss:6.08e-03  =  6.00e-03 + alpha*8.19e-04
Valid : loss:1.57e-02  =  1.55e-02 + alpha*1.54e-03
Test: loss:2.17e-02  =  2.15e-02 + alpha*1.83e-03
Valid performance:
 mse:1.55e-02, IC:-7.61e-03, RIC:-6.08e-02, prec@10:8.23e-01, SR:-2.48e-01
Test performance:
 mse:2.15e-02, IC:5.51e-03, RIC:4.85e-02, prec@10:6.43e-01, SR:1.51e+00 


epoch4##########################################################
Train : loss:4.91e-03  =  4.84e-03 + alpha*7.34e-04
Valid : loss:5.79e-03  =  5.71e-03 + alpha*8.31e-04
Test: loss:7.10e-03  =  7.01e-03 + alpha*9.30e-04
Valid performance:
 mse:5.71e-03, IC:-5.84e-03, RIC:-5.63e-02, prec@10:7.04e-01, SR:5.72e-01
Test performance:
 mse:7.01e-03, IC:1.24e-02, RIC:1.32e-01, prec@10:5.57e-01, SR:2.10e+00 


epoch5##########################################################
Train : loss:4.26e-03  =  4.19e-03 + alpha*6.63e-04
Valid : loss:7.53e-03  =  7.44e-03 + alpha*8.81e-04
Test: loss:1.14e-02  =  1.13e-02 + alpha*1.17e-03
Valid performance:
 mse:7.44e-03, IC:1.53e-02, RIC:1.40e-01, prec@10:5.07e-01, SR:3.36e+00
Test performance:
 mse:1.13e-02, IC:1.14e-02, RIC:1.05e-01, prec@10:4.88e-01, SR:2.41e+00 


epoch6##########################################################
Train : loss:3.50e-03  =  3.44e-03 + alpha*5.49e-04
Valid : loss:9.15e-03  =  9.06e-03 + alpha*9.02e-04
Test: loss:1.40e-02  =  1.38e-02 + alpha*1.21e-03
Valid performance:
 mse:9.06e-03, IC:1.65e-02, RIC:1.43e-01, prec@10:4.84e-01, SR:2.08e+00
Test performance:
 mse:1.38e-02, IC:1.22e-02, RIC:1.17e-01, prec@10:4.92e-01, SR:1.87e+00 


epoch7##########################################################
Train : loss:3.43e-03  =  3.38e-03 + alpha*5.10e-04
Valid : loss:5.08e-03  =  5.02e-03 + alpha*6.41e-04
Test: loss:7.20e-03  =  7.11e-03 + alpha*8.18e-04
Valid performance:
 mse:5.02e-03, IC:1.36e-02, RIC:1.40e-01, prec@10:5.07e-01, SR:1.94e+00
Test performance:
 mse:7.11e-03, IC:1.04e-02, RIC:1.03e-01, prec@10:4.99e-01, SR:1.90e+00 


epoch8##########################################################
Train : loss:3.30e-03  =  3.26e-03 + alpha*4.81e-04
Valid : loss:2.85e-03  =  2.79e-03 + alpha*5.18e-04
Test: loss:3.68e-03  =  3.62e-03 + alpha*5.99e-04
Valid performance:
 mse:2.79e-03, IC:8.97e-03, RIC:9.64e-02, prec@10:5.90e-01, SR:1.73e+00
Test performance:
 mse:3.62e-03, IC:1.64e-02, RIC:1.89e-01, prec@10:5.22e-01, SR:2.27e+00 


epoch9##########################################################
Train : loss:2.98e-03  =  2.94e-03 + alpha*4.44e-04
Valid : loss:3.23e-03  =  3.18e-03 + alpha*5.32e-04
Test: loss:4.66e-03  =  4.59e-03 + alpha*6.86e-04
Valid performance:
 mse:3.18e-03, IC:1.37e-02, RIC:1.15e-01, prec@10:4.97e-01, SR:1.73e+00
Test performance:
 mse:4.59e-03, IC:1.01e-02, RIC:9.04e-02, prec@10:4.99e-01, SR:9.50e-01 


epoch10##########################################################
Train : loss:2.82e-03  =  2.78e-03 + alpha*4.03e-04
Valid : loss:6.99e-02  =  6.96e-02 + alpha*2.29e-03
Test: loss:1.10e-01  =  1.10e-01 + alpha*3.15e-03
Valid performance:
 mse:6.96e-02, IC:1.54e-02, RIC:1.32e-01, prec@10:4.86e-01, SR:2.93e+00
Test performance:
 mse:1.10e-01, IC:4.44e-03, RIC:4.15e-02, prec@10:4.83e-01, SR:1.53e+00 


epoch11##########################################################
Train : loss:2.92e-03  =  2.88e-03 + alpha*3.92e-04
Valid : loss:2.81e-03  =  2.76e-03 + alpha*4.34e-04
Test: loss:3.60e-03  =  3.54e-03 + alpha*5.15e-04
Valid performance:
 mse:2.76e-03, IC:-1.17e-03, RIC:-1.35e-02, prec@10:5.49e-01, SR:9.62e-01
Test performance:
 mse:3.54e-03, IC:3.92e-03, RIC:4.29e-02, prec@10:5.12e-01, SR:2.00e+00 


epoch12##########################################################
Train : loss:2.62e-03  =  2.59e-03 + alpha*3.68e-04
Valid : loss:2.34e-03  =  2.30e-03 + alpha*3.97e-04
Test: loss:3.20e-03  =  3.14e-03 + alpha*5.09e-04
Valid performance:
 mse:2.30e-03, IC:9.54e-03, RIC:1.09e-01, prec@10:5.10e-01, SR:9.97e-01
Test performance:
 mse:3.14e-03, IC:8.65e-03, RIC:8.67e-02, prec@10:4.89e-01, SR:1.60e+00 


epoch13##########################################################
Train : loss:2.67e-03  =  2.63e-03 + alpha*3.63e-04
Valid : loss:2.87e-03  =  2.82e-03 + alpha*4.35e-04
Test: loss:3.57e-03  =  3.52e-03 + alpha*5.00e-04
Valid performance:
 mse:2.82e-03, IC:-1.81e-03, RIC:-1.81e-02, prec@10:5.71e-01, SR:8.22e-01
Test performance:
 mse:3.52e-03, IC:7.76e-03, RIC:9.21e-02, prec@10:5.23e-01, SR:1.52e+00 


epoch14##########################################################
Train : loss:2.77e-03  =  2.73e-03 + alpha*3.66e-04
Valid : loss:6.66e-03  =  6.59e-03 + alpha*6.70e-04
Test: loss:1.05e-02  =  1.04e-02 + alpha*9.34e-04
Valid performance:
 mse:6.59e-03, IC:1.52e-02, RIC:1.41e-01, prec@10:4.81e-01, SR:2.37e+00
Test performance:
 mse:1.04e-02, IC:5.37e-03, RIC:5.33e-02, prec@10:4.97e-01, SR:1.66e+00 


epoch15##########################################################
Train : loss:2.66e-03  =  2.62e-03 + alpha*3.54e-04
Valid : loss:2.95e-03  =  2.91e-03 + alpha*4.52e-04
Test: loss:4.39e-03  =  4.33e-03 + alpha*6.06e-04
Valid performance:
 mse:2.91e-03, IC:1.76e-02, RIC:1.61e-01, prec@10:4.90e-01, SR:3.06e+00
Test performance:
 mse:4.33e-03, IC:4.90e-03, RIC:4.93e-02, prec@10:4.93e-01, SR:1.50e+00 


epoch16##########################################################
Train : loss:2.56e-03  =  2.53e-03 + alpha*3.40e-04
Valid : loss:1.95e-03  =  1.92e-03 + alpha*3.66e-04
Test: loss:2.64e-03  =  2.60e-03 + alpha*4.34e-04
Valid performance:
 mse:1.92e-03, IC:9.43e-03, RIC:1.01e-01, prec@10:5.93e-01, SR:1.26e+00
Test performance:
 mse:2.60e-03, IC:1.07e-02, RIC:1.33e-01, prec@10:5.25e-01, SR:1.86e+00 


epoch17##########################################################
Train : loss:2.67e-03  =  2.63e-03 + alpha*3.42e-04
Valid : loss:2.40e-03  =  2.36e-03 + alpha*4.01e-04
Test: loss:3.20e-03  =  3.16e-03 + alpha*4.84e-04
Valid performance:
 mse:2.36e-03, IC:4.66e-03, RIC:5.08e-02, prec@10:6.33e-01, SR:2.37e+00
Test performance:
 mse:3.16e-03, IC:4.28e-04, RIC:4.97e-03, prec@10:5.19e-01, SR:2.30e-01 


epoch18##########################################################
Train : loss:2.43e-03  =  2.40e-03 + alpha*3.37e-04
Valid : loss:2.40e-03  =  2.36e-03 + alpha*4.23e-04
Test: loss:3.10e-03  =  3.05e-03 + alpha*4.79e-04
Valid performance:
 mse:2.36e-03, IC:-6.82e-03, RIC:-6.07e-02, prec@10:6.27e-01, SR:1.67e-01
Test performance:
 mse:3.05e-03, IC:1.27e-02, RIC:1.38e-01, prec@10:5.60e-01, SR:1.30e+00 


epoch19##########################################################
Train : loss:2.57e-03  =  2.54e-03 + alpha*3.42e-04
Valid : loss:4.10e-03  =  4.06e-03 + alpha*4.31e-04
Test: loss:5.01e-03  =  4.96e-03 + alpha*5.46e-04
Valid performance:
 mse:4.06e-03, IC:1.57e-02, RIC:1.26e-01, prec@10:4.89e-01, SR:1.28e+00
Test performance:
 mse:4.96e-03, IC:7.51e-03, RIC:6.52e-02, prec@10:4.90e-01, SR:1.57e+00 


epoch20##########################################################
Train : loss:2.43e-03  =  2.40e-03 + alpha*3.07e-04
Valid : loss:2.35e-03  =  2.32e-03 + alpha*3.33e-04
Test: loss:3.12e-03  =  3.08e-03 + alpha*4.12e-04
Valid performance:
 mse:2.32e-03, IC:7.29e-03, RIC:8.04e-02, prec@10:5.06e-01, SR:1.49e+00
Test performance:
 mse:3.08e-03, IC:7.35e-03, RIC:8.03e-02, prec@10:4.99e-01, SR:1.67e+00 


epoch21##########################################################
Train : loss:2.56e-03  =  2.53e-03 + alpha*3.27e-04
Valid : loss:2.14e-03  =  2.11e-03 + alpha*3.45e-04
Test: loss:3.18e-03  =  3.14e-03 + alpha*4.53e-04
Valid performance:
 mse:2.11e-03, IC:1.48e-02, RIC:1.53e-01, prec@10:4.99e-01, SR:2.79e+00
Test performance:
 mse:3.14e-03, IC:9.28e-03, RIC:9.05e-02, prec@10:4.98e-01, SR:1.34e+00 


epoch22##########################################################
Train : loss:2.39e-03  =  2.36e-03 + alpha*3.09e-04
Valid : loss:2.20e-03  =  2.17e-03 + alpha*3.20e-04
Test: loss:2.88e-03  =  2.84e-03 + alpha*3.78e-04
Valid performance:
 mse:2.17e-03, IC:6.54e-03, RIC:7.15e-02, prec@10:5.61e-01, SR:1.79e+00
Test performance:
 mse:2.84e-03, IC:1.43e-02, RIC:1.69e-01, prec@10:5.01e-01, SR:1.44e+00 


epoch23##########################################################
Train : loss:2.44e-03  =  2.41e-03 + alpha*3.00e-04
Valid : loss:2.39e-03  =  2.35e-03 + alpha*3.82e-04
Test: loss:3.57e-03  =  3.52e-03 + alpha*5.10e-04
Valid performance:
 mse:2.35e-03, IC:1.98e-02, RIC:1.62e-01, prec@10:4.98e-01, SR:2.44e+00
Test performance:
 mse:3.52e-03, IC:3.59e-03, RIC:3.49e-02, prec@10:4.90e-01, SR:1.63e+00 


epoch24##########################################################
Train : loss:2.48e-03  =  2.45e-03 + alpha*3.16e-04
Valid : loss:2.04e-03  =  2.01e-03 + alpha*3.23e-04
Test: loss:2.65e-03  =  2.61e-03 + alpha*3.97e-04
Valid performance:
 mse:2.01e-03, IC:4.37e-03, RIC:4.85e-02, prec@10:5.65e-01, SR:1.95e+00
Test performance:
 mse:2.61e-03, IC:-1.28e-03, RIC:-1.43e-02, prec@10:5.31e-01, SR:1.59e+00 


epoch25##########################################################
Train : loss:2.61e-03  =  2.57e-03 + alpha*3.27e-04
Valid : loss:3.18e-03  =  3.13e-03 + alpha*4.76e-04
Test: loss:4.69e-03  =  4.63e-03 + alpha*6.33e-04
Valid performance:
 mse:3.13e-03, IC:1.43e-02, RIC:1.21e-01, prec@10:4.91e-01, SR:1.53e+00
Test performance:
 mse:4.63e-03, IC:6.65e-03, RIC:6.06e-02, prec@10:4.92e-01, SR:1.65e+00 


epoch26##########################################################
Train : loss:2.31e-03  =  2.28e-03 + alpha*2.95e-04
Valid : loss:1.78e-03  =  1.75e-03 + alpha*3.22e-04
Test: loss:2.42e-03  =  2.38e-03 + alpha*3.75e-04
Valid performance:
 mse:1.75e-03, IC:2.45e-03, RIC:2.90e-02, prec@10:5.23e-01, SR:8.13e-01
Test performance:
 mse:2.38e-03, IC:1.12e-02, RIC:1.54e-01, prec@10:5.28e-01, SR:1.80e+00 


epoch27##########################################################
Train : loss:2.22e-03  =  2.19e-03 + alpha*2.73e-04
Valid : loss:1.92e-02  =  1.90e-02 + alpha*1.80e-03
Test: loss:2.73e-02  =  2.70e-02 + alpha*2.14e-03
Valid performance:
 mse:1.90e-02, IC:-1.51e-02, RIC:-1.06e-01, prec@10:6.83e-01, SR:-7.77e-01
Test performance:
 mse:2.70e-02, IC:-2.93e-03, RIC:-2.31e-02, prec@10:6.14e-01, SR:7.05e-01 


epoch28##########################################################
Train : loss:2.33e-03  =  2.30e-03 + alpha*2.91e-04
Valid : loss:1.95e-03  =  1.92e-03 + alpha*3.04e-04
Test: loss:2.71e-03  =  2.67e-03 + alpha*3.88e-04
Valid performance:
 mse:1.92e-03, IC:1.69e-02, RIC:1.82e-01, prec@10:5.10e-01, SR:2.47e+00
Test performance:
 mse:2.67e-03, IC:5.84e-03, RIC:6.72e-02, prec@10:4.91e-01, SR:1.17e+00 


epoch29##########################################################
Train : loss:2.18e-03  =  2.16e-03 + alpha*2.66e-04
Valid : loss:2.77e-03  =  2.72e-03 + alpha*4.73e-04
Test: loss:3.78e-03  =  3.73e-03 + alpha*5.66e-04
Valid performance:
 mse:2.72e-03, IC:-3.23e-03, RIC:-3.15e-02, prec@10:5.51e-01, SR:4.32e-01
Test performance:
 mse:3.73e-03, IC:3.35e-03, RIC:3.81e-02, prec@10:5.18e-01, SR:1.60e+00 


epoch30##########################################################
Train : loss:2.22e-03  =  2.20e-03 + alpha*2.88e-04
Valid : loss:1.85e-03  =  1.82e-03 + alpha*2.90e-04
Test: loss:2.72e-03  =  2.68e-03 + alpha*3.76e-04
Valid performance:
 mse:1.82e-03, IC:2.04e-02, RIC:2.26e-01, prec@10:5.15e-01, SR:3.30e+00
Test performance:
 mse:2.68e-03, IC:6.72e-03, RIC:8.01e-02, prec@10:4.98e-01, SR:1.09e+00 


epoch31##########################################################
Train : loss:2.38e-03  =  2.35e-03 + alpha*2.68e-04
Valid : loss:2.53e-02  =  2.51e-02 + alpha*2.00e-03
Test: loss:3.64e-02  =  3.62e-02 + alpha*2.35e-03
Valid performance:
 mse:2.51e-02, IC:-1.42e-02, RIC:-1.03e-01, prec@10:6.59e-01, SR:-9.20e-02
Test performance:
 mse:3.62e-02, IC:-1.65e-03, RIC:-1.39e-02, prec@10:5.94e-01, SR:-5.29e-01 


epoch32##########################################################
Train : loss:2.24e-03  =  2.21e-03 + alpha*2.81e-04
Valid : loss:2.64e-03  =  2.60e-03 + alpha*4.00e-04
Test: loss:3.87e-03  =  3.82e-03 + alpha*5.26e-04
Valid performance:
 mse:2.60e-03, IC:1.61e-02, RIC:1.43e-01, prec@10:4.91e-01, SR:2.35e+00
Test performance:
 mse:3.82e-03, IC:5.81e-03, RIC:5.89e-02, prec@10:4.92e-01, SR:1.61e+00 


epoch33##########################################################
Train : loss:1.62e-03  =  1.59e-03 + alpha*2.51e-04
Valid : loss:1.71e-03  =  1.68e-03 + alpha*3.09e-04
Test: loss:2.37e-03  =  2.34e-03 + alpha*3.65e-04
Valid performance:
 mse:1.68e-03, IC:4.46e-03, RIC:4.78e-02, prec@10:5.97e-01, SR:2.43e+00
Test performance:
 mse:2.34e-03, IC:6.39e-03, RIC:7.30e-02, prec@10:5.32e-01, SR:1.25e+00 


epoch34##########################################################
Train : loss:2.39e-03  =  2.36e-03 + alpha*2.87e-04
Valid : loss:2.43e-03  =  2.40e-03 + alpha*3.29e-04
Test: loss:3.06e-03  =  3.02e-03 + alpha*4.01e-04
Valid performance:
 mse:2.40e-03, IC:1.31e-03, RIC:1.16e-02, prec@10:6.45e-01, SR:1.48e+00
Test performance:
 mse:3.02e-03, IC:-1.58e-03, RIC:-1.54e-02, prec@10:5.43e-01, SR:9.88e-01 


epoch35##########################################################
Train : loss:2.24e-03  =  2.21e-03 + alpha*2.61e-04
Valid : loss:4.74e-03  =  4.67e-03 + alpha*6.35e-04
Test: loss:6.71e-03  =  6.63e-03 + alpha*7.60e-04
Valid performance:
 mse:4.67e-03, IC:-1.57e-02, RIC:-1.31e-01, prec@10:5.98e-01, SR:9.17e-01
Test performance:
 mse:6.63e-03, IC:2.81e-04, RIC:2.71e-03, prec@10:5.51e-01, SR:1.11e+00 


epoch36##########################################################
Train : loss:2.25e-03  =  2.22e-03 + alpha*2.79e-04
Valid : loss:1.70e-03  =  1.67e-03 + alpha*2.97e-04
Test: loss:2.31e-03  =  2.27e-03 + alpha*3.50e-04
Valid performance:
 mse:1.67e-03, IC:-1.23e-03, RIC:-1.29e-02, prec@10:5.63e-01, SR:1.08e+00
Test performance:
 mse:2.27e-03, IC:7.74e-03, RIC:9.21e-02, prec@10:5.30e-01, SR:5.14e-01 


epoch37##########################################################
Train : loss:2.19e-03  =  2.16e-03 + alpha*2.61e-04
Valid : loss:1.97e-03  =  1.94e-03 + alpha*2.81e-04
Test: loss:2.59e-03  =  2.56e-03 + alpha*3.39e-04
Valid performance:
 mse:1.94e-03, IC:1.61e-02, RIC:1.80e-01, prec@10:5.19e-01, SR:2.05e+00
Test performance:
 mse:2.56e-03, IC:1.13e-02, RIC:1.53e-01, prec@10:5.02e-01, SR:1.84e+00 


epoch38##########################################################
Train : loss:2.26e-03  =  2.23e-03 + alpha*2.69e-04
Valid : loss:2.68e-03  =  2.65e-03 + alpha*3.29e-04
Test: loss:3.76e-03  =  3.72e-03 + alpha*4.48e-04
Valid performance:
 mse:2.65e-03, IC:1.69e-02, RIC:1.79e-01, prec@10:5.04e-01, SR:2.36e+00
Test performance:
 mse:3.72e-03, IC:7.58e-03, RIC:8.11e-02, prec@10:4.84e-01, SR:1.18e+00 


epoch39##########################################################
Train : loss:2.15e-03  =  2.13e-03 + alpha*2.50e-04
Valid : loss:2.96e-03  =  2.91e-03 + alpha*5.34e-04
Test: loss:4.16e-03  =  4.10e-03 + alpha*6.28e-04
Valid performance:
 mse:2.91e-03, IC:-7.70e-03, RIC:-6.37e-02, prec@10:6.15e-01, SR:8.25e-01
Test performance:
 mse:4.10e-03, IC:6.33e-03, RIC:5.86e-02, prec@10:5.63e-01, SR:4.81e-01 


epoch40##########################################################
Train : loss:2.17e-03  =  2.14e-03 + alpha*2.47e-04
Valid : loss:4.08e-03  =  4.00e-03 + alpha*8.32e-04
Test: loss:5.06e-03  =  4.97e-03 + alpha*9.18e-04
Valid performance:
 mse:4.00e-03, IC:-4.42e-03, RIC:-2.89e-02, prec@10:6.27e-01, SR:5.96e-01
Test performance:
 mse:4.97e-03, IC:-8.43e-05, RIC:-6.26e-04, prec@10:5.61e-01, SR:4.01e-01 


epoch41##########################################################
Train : loss:2.26e-03  =  2.23e-03 + alpha*2.59e-04
Valid : loss:3.18e-03  =  3.13e-03 + alpha*4.87e-04
Test: loss:4.22e-03  =  4.16e-03 + alpha*5.63e-04
Valid performance:
 mse:3.13e-03, IC:-1.20e-02, RIC:-9.28e-02, prec@10:6.37e-01, SR:1.21e+00
Test performance:
 mse:4.16e-03, IC:2.37e-03, RIC:2.16e-02, prec@10:5.71e-01, SR:1.62e+00 


epoch42##########################################################
Train : loss:2.14e-03  =  2.12e-03 + alpha*2.48e-04
Valid : loss:1.89e-03  =  1.86e-03 + alpha*2.94e-04
Test: loss:2.75e-03  =  2.71e-03 + alpha*3.79e-04
Valid performance:
 mse:1.86e-03, IC:1.27e-02, RIC:1.30e-01, prec@10:5.07e-01, SR:2.23e+00
Test performance:
 mse:2.71e-03, IC:6.66e-03, RIC:7.45e-02, prec@10:4.92e-01, SR:7.89e-01 


epoch43##########################################################
Train : loss:2.15e-03  =  2.12e-03 + alpha*2.54e-04
Valid : loss:1.95e-03  =  1.92e-03 + alpha*2.80e-04
Test: loss:2.71e-03  =  2.67e-03 + alpha*3.61e-04
Valid performance:
 mse:1.92e-03, IC:1.76e-02, RIC:1.94e-01, prec@10:5.22e-01, SR:3.48e+00
Test performance:
 mse:2.67e-03, IC:8.40e-03, RIC:8.98e-02, prec@10:4.93e-01, SR:1.33e+00 


epoch44##########################################################
Train : loss:2.16e-03  =  2.13e-03 + alpha*2.40e-04
Valid : loss:3.25e-03  =  3.18e-03 + alpha*6.93e-04
Test: loss:4.02e-03  =  3.94e-03 + alpha*7.89e-04
Valid performance:
 mse:3.18e-03, IC:-7.75e-03, RIC:-4.76e-02, prec@10:6.64e-01, SR:1.34e-01
Test performance:
 mse:3.94e-03, IC:-8.80e-06, RIC:-6.23e-05, prec@10:5.86e-01, SR:5.64e-01 


epoch45##########################################################
Train : loss:2.18e-03  =  2.15e-03 + alpha*2.50e-04
Valid : loss:2.59e-03  =  2.55e-03 + alpha*3.90e-04
Test: loss:3.89e-03  =  3.84e-03 + alpha*5.26e-04
Valid performance:
 mse:2.55e-03, IC:1.38e-02, RIC:1.25e-01, prec@10:4.96e-01, SR:2.37e+00
Test performance:
 mse:3.84e-03, IC:9.21e-03, RIC:8.45e-02, prec@10:4.92e-01, SR:1.63e+00 


epoch46##########################################################
Train : loss:2.19e-03  =  2.17e-03 + alpha*2.48e-04
Valid : loss:1.76e-03  =  1.73e-03 + alpha*3.20e-04
Test: loss:2.42e-03  =  2.39e-03 + alpha*3.82e-04
Valid performance:
 mse:1.73e-03, IC:4.16e-03, RIC:3.90e-02, prec@10:6.17e-01, SR:1.96e+00
Test performance:
 mse:2.39e-03, IC:7.79e-03, RIC:8.06e-02, prec@10:5.57e-01, SR:1.43e+00 


epoch47##########################################################
Train : loss:2.21e-03  =  2.18e-03 + alpha*2.47e-04
Valid : loss:2.72e-03  =  2.68e-03 + alpha*3.58e-04
Test: loss:3.91e-03  =  3.87e-03 + alpha*4.69e-04
Valid performance:
 mse:2.68e-03, IC:1.31e-02, RIC:1.30e-01, prec@10:4.90e-01, SR:2.34e+00
Test performance:
 mse:3.87e-03, IC:1.01e-02, RIC:1.12e-01, prec@10:4.93e-01, SR:1.85e+00 


epoch48##########################################################
Train : loss:2.13e-03  =  2.10e-03 + alpha*2.53e-04
Valid : loss:2.02e-03  =  1.98e-03 + alpha*3.78e-04
Test: loss:2.72e-03  =  2.68e-03 + alpha*4.28e-04
Valid performance:
 mse:1.98e-03, IC:-7.89e-03, RIC:-7.04e-02, prec@10:5.98e-01, SR:7.22e-01
Test performance:
 mse:2.68e-03, IC:8.08e-03, RIC:8.00e-02, prec@10:5.43e-01, SR:1.21e+00 


epoch49##########################################################
Train : loss:2.11e-03  =  2.09e-03 + alpha*2.40e-04
Valid : loss:1.93e-03  =  1.90e-03 + alpha*2.95e-04
Test: loss:2.68e-03  =  2.64e-03 + alpha*3.65e-04
Valid performance:
 mse:1.90e-03, IC:1.28e-02, RIC:1.47e-01, prec@10:5.02e-01, SR:2.23e+00
Test performance:
 mse:2.64e-03, IC:1.37e-02, RIC:1.53e-01, prec@10:4.89e-01, SR:1.78e+00 


epoch50##########################################################
Train : loss:2.15e-03  =  2.13e-03 + alpha*2.53e-04
Valid : loss:2.69e-03  =  2.66e-03 + alpha*3.43e-04
Test: loss:3.81e-03  =  3.76e-03 + alpha*4.74e-04
Valid performance:
 mse:2.66e-03, IC:2.33e-02, RIC:2.09e-01, prec@10:4.97e-01, SR:2.91e+00
Test performance:
 mse:3.76e-03, IC:1.16e-02, RIC:9.99e-02, prec@10:4.95e-01, SR:1.71e+00 


epoch51##########################################################
Train : loss:2.09e-03  =  2.07e-03 + alpha*2.36e-04
Valid : loss:1.81e-03  =  1.78e-03 + alpha*2.88e-04
Test: loss:2.40e-03  =  2.37e-03 + alpha*3.43e-04
Valid performance:
 mse:1.78e-03, IC:8.49e-03, RIC:8.29e-02, prec@10:5.27e-01, SR:2.16e+00
Test performance:
 mse:2.37e-03, IC:9.42e-03, RIC:1.08e-01, prec@10:5.00e-01, SR:1.54e+00 


epoch52##########################################################
Train : loss:2.12e-03  =  2.10e-03 + alpha*2.34e-04
Valid : loss:2.14e-03  =  2.11e-03 + alpha*3.40e-04
Test: loss:3.06e-03  =  3.02e-03 + alpha*4.60e-04
Valid performance:
 mse:2.11e-03, IC:2.09e-02, RIC:1.69e-01, prec@10:5.02e-01, SR:2.29e+00
Test performance:
 mse:3.02e-03, IC:1.13e-02, RIC:9.53e-02, prec@10:4.95e-01, SR:1.77e+00 


epoch53##########################################################
Train : loss:2.09e-03  =  2.07e-03 + alpha*2.38e-04
Valid : loss:2.73e-03  =  2.69e-03 + alpha*3.44e-04
Test: loss:4.01e-03  =  3.97e-03 + alpha*4.64e-04
Valid performance:
 mse:2.69e-03, IC:2.09e-02, RIC:2.07e-01, prec@10:4.93e-01, SR:2.73e+00
Test performance:
 mse:3.97e-03, IC:9.26e-03, RIC:9.52e-02, prec@10:4.93e-01, SR:1.93e+00 


epoch54##########################################################
Train : loss:2.14e-03  =  2.11e-03 + alpha*2.48e-04
Valid : loss:1.77e-03  =  1.74e-03 + alpha*2.80e-04
Test: loss:2.46e-03  =  2.42e-03 + alpha*3.32e-04
Valid performance:
 mse:1.74e-03, IC:1.77e-03, RIC:1.92e-02, prec@10:5.20e-01, SR:1.08e+00
Test performance:
 mse:2.42e-03, IC:8.31e-03, RIC:1.06e-01, prec@10:5.13e-01, SR:1.46e+00 


epoch55##########################################################
Train : loss:2.07e-03  =  2.05e-03 + alpha*2.34e-04
Valid : loss:1.68e-03  =  1.66e-03 + alpha*2.75e-04
Test: loss:2.39e-03  =  2.35e-03 + alpha*3.42e-04
Valid performance:
 mse:1.66e-03, IC:1.70e-02, RIC:1.74e-01, prec@10:5.61e-01, SR:2.72e+00
Test performance:
 mse:2.35e-03, IC:1.24e-02, RIC:1.26e-01, prec@10:5.04e-01, SR:1.05e+00 


epoch56##########################################################
Train : loss:2.20e-03  =  2.18e-03 + alpha*2.44e-04
Valid : loss:2.12e-03  =  2.09e-03 + alpha*3.29e-04
Test: loss:2.89e-03  =  2.84e-03 + alpha*4.27e-04
Valid performance:
 mse:2.09e-03, IC:1.59e-02, RIC:1.29e-01, prec@10:5.00e-01, SR:2.45e+00
Test performance:
 mse:2.84e-03, IC:1.47e-02, RIC:1.18e-01, prec@10:4.91e-01, SR:5.90e-01 


epoch57##########################################################
Train : loss:2.09e-03  =  2.07e-03 + alpha*2.30e-04
Valid : loss:2.42e-03  =  2.39e-03 + alpha*3.48e-04
Test: loss:3.82e-03  =  3.78e-03 + alpha*4.91e-04
Valid performance:
 mse:2.39e-03, IC:1.70e-02, RIC:1.54e-01, prec@10:4.84e-01, SR:2.28e+00
Test performance:
 mse:3.78e-03, IC:9.30e-03, RIC:8.28e-02, prec@10:4.95e-01, SR:1.55e+00 


epoch58##########################################################
Train : loss:2.12e-03  =  2.09e-03 + alpha*2.33e-04
Valid : loss:1.66e-03  =  1.63e-03 + alpha*2.88e-04
Test: loss:2.31e-03  =  2.28e-03 + alpha*3.49e-04
Valid performance:
 mse:1.63e-03, IC:4.71e-03, RIC:5.28e-02, prec@10:5.53e-01, SR:-1.73e-01
Test performance:
 mse:2.28e-03, IC:7.79e-03, RIC:9.73e-02, prec@10:5.13e-01, SR:1.28e+00 


epoch59##########################################################
Train : loss:2.06e-03  =  2.04e-03 + alpha*2.28e-04
Valid : loss:1.63e-03  =  1.60e-03 + alpha*2.50e-04
Test: loss:2.28e-03  =  2.25e-03 + alpha*3.14e-04
Valid performance:
 mse:1.60e-03, IC:9.21e-03, RIC:1.06e-01, prec@10:5.11e-01, SR:2.15e+00
Test performance:
 mse:2.25e-03, IC:5.52e-03, RIC:6.16e-02, prec@10:5.14e-01, SR:1.83e+00 


epoch60##########################################################
Train : loss:2.04e-03  =  2.01e-03 + alpha*2.20e-04
Valid : loss:1.63e-03  =  1.60e-03 + alpha*2.69e-04
Test: loss:2.30e-03  =  2.26e-03 + alpha*3.29e-04
Valid performance:
 mse:1.60e-03, IC:1.09e-02, RIC:1.31e-01, prec@10:5.00e-01, SR:2.39e+00
Test performance:
 mse:2.26e-03, IC:9.97e-03, RIC:1.14e-01, prec@10:4.99e-01, SR:2.21e+00 


epoch61##########################################################
Train : loss:2.10e-03  =  2.07e-03 + alpha*2.33e-04
Valid : loss:1.80e-03  =  1.77e-03 + alpha*3.08e-04
Test: loss:2.56e-03  =  2.52e-03 + alpha*3.91e-04
Valid performance:
 mse:1.77e-03, IC:1.26e-02, RIC:1.09e-01, prec@10:4.98e-01, SR:1.87e+00
Test performance:
 mse:2.52e-03, IC:1.19e-02, RIC:1.09e-01, prec@10:4.80e-01, SR:1.17e+00 


epoch62##########################################################
Train : loss:2.19e-03  =  2.17e-03 + alpha*2.39e-04
Valid : loss:1.91e-03  =  1.88e-03 + alpha*3.43e-04
Test: loss:2.62e-03  =  2.58e-03 + alpha*3.95e-04
Valid performance:
 mse:1.88e-03, IC:-8.23e-03, RIC:-7.40e-02, prec@10:6.30e-01, SR:2.19e+00
Test performance:
 mse:2.58e-03, IC:9.96e-03, RIC:9.67e-02, prec@10:5.60e-01, SR:1.49e+00 


epoch63##########################################################
Train : loss:2.08e-03  =  2.06e-03 + alpha*2.29e-04
Valid : loss:1.74e-03  =  1.72e-03 + alpha*2.58e-04
Test: loss:2.36e-03  =  2.33e-03 + alpha*3.03e-04
Valid performance:
 mse:1.72e-03, IC:2.05e-03, RIC:2.35e-02, prec@10:5.22e-01, SR:3.29e+00
Test performance:
 mse:2.33e-03, IC:7.89e-03, RIC:9.55e-02, prec@10:5.02e-01, SR:1.90e+00 


epoch64##########################################################
Train : loss:2.08e-03  =  2.06e-03 + alpha*2.24e-04
Valid : loss:2.01e-03  =  1.98e-03 + alpha*2.77e-04
Test: loss:2.97e-03  =  2.93e-03 + alpha*3.79e-04
Valid performance:
 mse:1.98e-03, IC:1.75e-02, RIC:1.67e-01, prec@10:4.93e-01, SR:1.61e+00
Test performance:
 mse:2.93e-03, IC:8.71e-03, RIC:9.08e-02, prec@10:4.89e-01, SR:1.23e+00 


epoch65##########################################################
Train : loss:2.08e-03  =  2.05e-03 + alpha*2.23e-04
Valid : loss:1.66e-03  =  1.63e-03 + alpha*2.76e-04
Test: loss:2.29e-03  =  2.26e-03 + alpha*3.26e-04
Valid performance:
 mse:1.63e-03, IC:2.00e-03, RIC:2.31e-02, prec@10:5.08e-01, SR:1.41e+00
Test performance:
 mse:2.26e-03, IC:1.37e-02, RIC:1.64e-01, prec@10:4.99e-01, SR:2.27e+00 


epoch66##########################################################
Train : loss:2.12e-03  =  2.09e-03 + alpha*2.26e-04
Valid : loss:1.99e-03  =  1.97e-03 + alpha*2.65e-04
Test: loss:2.70e-03  =  2.66e-03 + alpha*3.27e-04
Valid performance:
 mse:1.97e-03, IC:1.14e-02, RIC:1.17e-01, prec@10:5.12e-01, SR:2.62e+00
Test performance:
 mse:2.66e-03, IC:1.09e-02, RIC:1.20e-01, prec@10:4.97e-01, SR:2.39e+00 


epoch67##########################################################
Train : loss:2.11e-03  =  2.08e-03 + alpha*2.33e-04
Valid : loss:1.98e-03  =  1.95e-03 + alpha*2.96e-04
Test: loss:2.92e-03  =  2.88e-03 + alpha*4.00e-04
Valid performance:
 mse:1.95e-03, IC:1.83e-02, RIC:1.71e-01, prec@10:4.91e-01, SR:2.30e+00
Test performance:
 mse:2.88e-03, IC:9.20e-03, RIC:8.33e-02, prec@10:4.88e-01, SR:1.66e+00 


epoch68##########################################################
Train : loss:2.13e-03  =  2.11e-03 + alpha*2.27e-04
Valid : loss:1.99e-03  =  1.97e-03 + alpha*2.61e-04
Test: loss:2.74e-03  =  2.70e-03 + alpha*3.33e-04
Valid performance:
 mse:1.97e-03, IC:1.63e-02, RIC:1.75e-01, prec@10:4.97e-01, SR:1.72e+00
Test performance:
 mse:2.70e-03, IC:1.18e-02, RIC:1.33e-01, prec@10:5.07e-01, SR:1.76e+00 


epoch69##########################################################
Train : loss:2.06e-03  =  2.04e-03 + alpha*2.22e-04
Valid : loss:4.04e-03  =  3.99e-03 + alpha*4.74e-04
Test: loss:6.06e-03  =  5.99e-03 + alpha*6.55e-04
Valid performance:
 mse:3.99e-03, IC:1.82e-02, RIC:1.54e-01, prec@10:4.88e-01, SR:2.84e+00
Test performance:
 mse:5.99e-03, IC:2.72e-03, RIC:2.46e-02, prec@10:4.83e-01, SR:1.20e+00 


epoch70##########################################################
Train : loss:2.04e-03  =  2.02e-03 + alpha*2.23e-04
Valid : loss:1.72e-03  =  1.69e-03 + alpha*2.54e-04
Test: loss:2.48e-03  =  2.45e-03 + alpha*3.38e-04
Valid performance:
 mse:1.69e-03, IC:1.71e-02, RIC:1.89e-01, prec@10:4.85e-01, SR:2.46e+00
Test performance:
 mse:2.45e-03, IC:1.11e-02, RIC:1.10e-01, prec@10:4.81e-01, SR:1.90e+00 


epoch71##########################################################
Train : loss:2.07e-03  =  2.05e-03 + alpha*2.22e-04
Valid : loss:1.80e-03  =  1.77e-03 + alpha*2.53e-04
Test: loss:2.57e-03  =  2.54e-03 + alpha*3.33e-04
Valid performance:
 mse:1.77e-03, IC:1.80e-02, RIC:2.02e-01, prec@10:5.16e-01, SR:2.47e+00
Test performance:
 mse:2.54e-03, IC:8.37e-03, RIC:8.64e-02, prec@10:4.95e-01, SR:1.66e+00 


epoch72##########################################################
Train : loss:1.97e-03  =  1.95e-03 + alpha*2.08e-04
Valid : loss:1.97e-02  =  1.96e-02 + alpha*1.14e-03
Test: loss:3.04e-02  =  3.02e-02 + alpha*1.59e-03
Valid performance:
 mse:1.96e-02, IC:1.69e-02, RIC:1.45e-01, prec@10:4.91e-01, SR:2.95e+00
Test performance:
 mse:3.02e-02, IC:4.86e-03, RIC:4.50e-02, prec@10:4.84e-01, SR:1.56e+00 


epoch73##########################################################
Train : loss:2.29e-03  =  2.27e-03 + alpha*2.46e-04
Valid : loss:1.70e-03  =  1.67e-03 + alpha*3.07e-04
Test: loss:2.38e-03  =  2.34e-03 + alpha*3.57e-04
Valid performance:
 mse:1.67e-03, IC:-4.24e-03, RIC:-4.01e-02, prec@10:6.05e-01, SR:8.51e-01
Test performance:
 mse:2.34e-03, IC:2.75e-03, RIC:2.84e-02, prec@10:5.33e-01, SR:6.86e-01 


epoch74##########################################################
Train : loss:2.08e-03  =  2.06e-03 + alpha*2.21e-04
Valid : loss:2.10e-03  =  2.06e-03 + alpha*3.67e-04
Test: loss:3.16e-03  =  3.11e-03 + alpha*4.90e-04
Valid performance:
 mse:2.06e-03, IC:2.50e-02, RIC:1.83e-01, prec@10:4.85e-01, SR:2.33e+00
Test performance:
 mse:3.11e-03, IC:1.29e-02, RIC:1.07e-01, prec@10:4.95e-01, SR:1.81e+00 


epoch75##########################################################
Train : loss:2.03e-03  =  2.01e-03 + alpha*2.21e-04
Valid : loss:1.77e-03  =  1.74e-03 + alpha*2.51e-04
Test: loss:2.59e-03  =  2.55e-03 + alpha*3.36e-04
Valid performance:
 mse:1.74e-03, IC:1.72e-02, RIC:1.87e-01, prec@10:5.04e-01, SR:2.08e+00
Test performance:
 mse:2.55e-03, IC:8.40e-03, RIC:8.84e-02, prec@10:5.06e-01, SR:2.08e+00 


epoch76##########################################################
Train : loss:2.04e-03  =  2.02e-03 + alpha*2.27e-04
Valid : loss:1.84e-03  =  1.81e-03 + alpha*2.46e-04
Test: loss:2.53e-03  =  2.50e-03 + alpha*3.03e-04
Valid performance:
 mse:1.81e-03, IC:1.17e-02, RIC:1.33e-01, prec@10:5.18e-01, SR:3.22e+00
Test performance:
 mse:2.50e-03, IC:1.34e-02, RIC:1.43e-01, prec@10:5.18e-01, SR:2.22e+00 


epoch77##########################################################
Train : loss:1.95e-03  =  1.93e-03 + alpha*2.09e-04
Valid : loss:2.53e-03  =  2.50e-03 + alpha*3.33e-04
Test: loss:3.44e-03  =  3.40e-03 + alpha*4.39e-04
Valid performance:
 mse:2.50e-03, IC:1.67e-02, RIC:1.35e-01, prec@10:4.97e-01, SR:2.40e+00
Test performance:
 mse:3.40e-03, IC:1.41e-02, RIC:1.22e-01, prec@10:4.95e-01, SR:1.75e+00 


epoch78##########################################################
Train : loss:2.05e-03  =  2.02e-03 + alpha*2.16e-04
Valid : loss:1.73e-03  =  1.70e-03 + alpha*3.04e-04
Test: loss:2.39e-03  =  2.36e-03 + alpha*3.49e-04
Valid performance:
 mse:1.70e-03, IC:-4.48e-03, RIC:-5.04e-02, prec@10:5.26e-01, SR:7.77e-01
Test performance:
 mse:2.36e-03, IC:5.79e-03, RIC:6.88e-02, prec@10:4.90e-01, SR:1.54e+00 


epoch79##########################################################
Train : loss:2.09e-03  =  2.07e-03 + alpha*2.15e-04
Valid : loss:2.04e-03  =  2.01e-03 + alpha*3.06e-04
Test: loss:2.67e-03  =  2.64e-03 + alpha*3.57e-04
Valid performance:
 mse:2.01e-03, IC:8.29e-03, RIC:8.14e-02, prec@10:5.88e-01, SR:1.97e+00
Test performance:
 mse:2.64e-03, IC:1.71e-02, RIC:1.86e-01, prec@10:5.39e-01, SR:2.01e+00 


epoch80##########################################################
Train : loss:2.05e-03  =  2.02e-03 + alpha*2.29e-04
Valid : loss:2.05e-03  =  2.03e-03 + alpha*2.65e-04
Test: loss:2.77e-03  =  2.74e-03 + alpha*3.35e-04
Valid performance:
 mse:2.03e-03, IC:1.35e-02, RIC:1.53e-01, prec@10:5.01e-01, SR:2.63e+00
Test performance:
 mse:2.74e-03, IC:9.55e-03, RIC:1.01e-01, prec@10:4.87e-01, SR:1.41e+00 


epoch81##########################################################
Train : loss:2.03e-03  =  2.00e-03 + alpha*2.10e-04
Valid : loss:2.23e-03  =  2.20e-03 + alpha*2.70e-04
Test: loss:2.87e-03  =  2.84e-03 + alpha*3.22e-04
Valid performance:
 mse:2.20e-03, IC:8.05e-03, RIC:8.91e-02, prec@10:5.21e-01, SR:1.09e+00
Test performance:
 mse:2.84e-03, IC:1.31e-02, RIC:1.52e-01, prec@10:4.85e-01, SR:2.49e+00 


epoch82##########################################################
Train : loss:2.02e-03  =  2.00e-03 + alpha*2.11e-04
Valid : loss:2.04e-03  =  2.02e-03 + alpha*2.47e-04
Test: loss:2.69e-03  =  2.66e-03 + alpha*3.03e-04
Valid performance:
 mse:2.02e-03, IC:3.35e-03, RIC:3.48e-02, prec@10:4.85e-01, SR:1.23e+00
Test performance:
 mse:2.66e-03, IC:-2.69e-03, RIC:-3.07e-02, prec@10:4.87e-01, SR:1.50e+00 


epoch83##########################################################
Train : loss:2.04e-03  =  2.01e-03 + alpha*2.16e-04
Valid : loss:1.74e-03  =  1.72e-03 + alpha*2.41e-04
Test: loss:2.42e-03  =  2.39e-03 + alpha*3.10e-04
Valid performance:
 mse:1.72e-03, IC:1.73e-02, RIC:2.01e-01, prec@10:5.14e-01, SR:2.00e+00
Test performance:
 mse:2.39e-03, IC:1.04e-02, RIC:1.10e-01, prec@10:4.90e-01, SR:7.18e-01 


epoch84##########################################################
Train : loss:2.04e-03  =  2.02e-03 + alpha*2.12e-04
Valid : loss:1.80e-03  =  1.78e-03 + alpha*2.51e-04
Test: loss:2.42e-03  =  2.39e-03 + alpha*2.93e-04
Valid performance:
 mse:1.78e-03, IC:8.02e-03, RIC:7.99e-02, prec@10:4.90e-01, SR:1.04e+00
Test performance:
 mse:2.39e-03, IC:1.99e-02, RIC:2.27e-01, prec@10:5.09e-01, SR:1.76e+00 


epoch85##########################################################
Train : loss:2.04e-03  =  2.02e-03 + alpha*2.24e-04
Valid : loss:1.62e-03  =  1.60e-03 + alpha*2.71e-04
Test: loss:2.28e-03  =  2.25e-03 + alpha*3.21e-04
Valid performance:
 mse:1.60e-03, IC:4.05e-03, RIC:4.31e-02, prec@10:5.09e-01, SR:3.01e+00
Test performance:
 mse:2.25e-03, IC:9.56e-03, RIC:1.13e-01, prec@10:4.84e-01, SR:6.64e-01 


epoch86##########################################################
Train : loss:2.00e-03  =  1.98e-03 + alpha*2.03e-04
Valid : loss:8.79e-03  =  8.68e-03 + alpha*1.07e-03
Test: loss:1.28e-02  =  1.27e-02 + alpha*1.27e-03
Valid performance:
 mse:8.68e-03, IC:-1.27e-02, RIC:-9.89e-02, prec@10:5.48e-01, SR:-8.98e-01
Test performance:
 mse:1.27e-02, IC:1.29e-05, RIC:1.17e-04, prec@10:5.37e-01, SR:1.67e+00 


epoch87##########################################################
Train : loss:2.05e-03  =  2.02e-03 + alpha*2.15e-04
Valid : loss:4.12e-03  =  4.08e-03 + alpha*4.17e-04
Test: loss:6.30e-03  =  6.24e-03 + alpha*6.00e-04
Valid performance:
 mse:4.08e-03, IC:1.89e-02, RIC:1.97e-01, prec@10:4.92e-01, SR:2.45e+00
Test performance:
 mse:6.24e-03, IC:6.27e-03, RIC:6.59e-02, prec@10:4.91e-01, SR:1.59e+00 


epoch88##########################################################
Train : loss:2.00e-03  =  1.98e-03 + alpha*2.10e-04
Valid : loss:2.03e-03  =  2.00e-03 + alpha*2.90e-04
Test: loss:2.82e-03  =  2.79e-03 + alpha*3.75e-04
Valid performance:
 mse:2.00e-03, IC:1.70e-02, RIC:1.71e-01, prec@10:4.93e-01, SR:2.97e+00
Test performance:
 mse:2.79e-03, IC:7.24e-03, RIC:7.97e-02, prec@10:4.81e-01, SR:1.74e+00 


epoch89##########################################################
Train : loss:2.04e-03  =  2.02e-03 + alpha*2.11e-04
Valid : loss:3.09e-03  =  3.04e-03 + alpha*4.77e-04
Test: loss:4.57e-03  =  4.50e-03 + alpha*6.44e-04
Valid performance:
 mse:3.04e-03, IC:1.69e-02, RIC:1.34e-01, prec@10:4.88e-01, SR:2.15e+00
Test performance:
 mse:4.50e-03, IC:9.34e-03, RIC:7.71e-02, prec@10:4.93e-01, SR:1.65e+00 


epoch90##########################################################
Train : loss:2.05e-03  =  2.03e-03 + alpha*2.09e-04
Valid : loss:1.82e-03  =  1.79e-03 + alpha*3.06e-04
Test: loss:2.55e-03  =  2.52e-03 + alpha*3.72e-04
Valid performance:
 mse:1.79e-03, IC:8.69e-03, RIC:9.80e-02, prec@10:5.52e-01, SR:2.90e+00
Test performance:
 mse:2.52e-03, IC:8.80e-03, RIC:1.14e-01, prec@10:4.94e-01, SR:1.93e+00 


epoch91##########################################################
Train : loss:1.95e-03  =  1.93e-03 + alpha*2.06e-04
Valid : loss:2.18e-03  =  2.15e-03 + alpha*2.96e-04
Test: loss:2.94e-03  =  2.90e-03 + alpha*3.79e-04
Valid performance:
 mse:2.15e-03, IC:1.10e-02, RIC:9.89e-02, prec@10:4.81e-01, SR:1.60e+00
Test performance:
 mse:2.90e-03, IC:1.61e-02, RIC:1.49e-01, prec@10:5.03e-01, SR:2.42e+00 


epoch92##########################################################
Train : loss:1.96e-03  =  1.94e-03 + alpha*2.00e-04
Valid : loss:2.59e-03  =  2.54e-03 + alpha*5.11e-04
Test: loss:3.60e-03  =  3.54e-03 + alpha*6.07e-04
Valid performance:
 mse:2.54e-03, IC:-1.11e-02, RIC:-8.05e-02, prec@10:6.44e-01, SR:8.80e-01
Test performance:
 mse:3.54e-03, IC:-5.05e-03, RIC:-4.19e-02, prec@10:5.63e-01, SR:-1.56e+00 


epoch93##########################################################
Train : loss:2.00e-03  =  1.98e-03 + alpha*2.12e-04
Valid : loss:1.70e-03  =  1.68e-03 + alpha*2.71e-04
Test: loss:2.39e-03  =  2.36e-03 + alpha*3.36e-04
Valid performance:
 mse:1.68e-03, IC:1.44e-02, RIC:1.32e-01, prec@10:5.07e-01, SR:2.57e+00
Test performance:
 mse:2.36e-03, IC:1.33e-02, RIC:1.31e-01, prec@10:4.81e-01, SR:1.16e+00 


epoch94##########################################################
Train : loss:2.04e-03  =  2.02e-03 + alpha*2.29e-04
Valid : loss:1.67e-03  =  1.64e-03 + alpha*2.69e-04
Test: loss:2.28e-03  =  2.25e-03 + alpha*3.13e-04
Valid performance:
 mse:1.64e-03, IC:4.65e-04, RIC:4.10e-03, prec@10:5.62e-01, SR:8.15e-01
Test performance:
 mse:2.25e-03, IC:7.43e-03, RIC:7.42e-02, prec@10:5.39e-01, SR:1.59e+00 


epoch95##########################################################
Train : loss:2.03e-03  =  2.01e-03 + alpha*2.08e-04
Valid : loss:1.62e-03  =  1.59e-03 + alpha*2.56e-04
Test: loss:2.28e-03  =  2.25e-03 + alpha*3.15e-04
Valid performance:
 mse:1.59e-03, IC:7.85e-03, RIC:8.37e-02, prec@10:5.13e-01, SR:2.13e+00
Test performance:
 mse:2.25e-03, IC:1.09e-02, RIC:1.16e-01, prec@10:5.03e-01, SR:1.83e+00 


epoch96##########################################################
Train : loss:1.94e-03  =  1.92e-03 + alpha*1.98e-04
Valid : loss:2.20e-03  =  2.16e-03 + alpha*3.46e-04
Test: loss:3.00e-03  =  2.96e-03 + alpha*4.04e-04
Valid performance:
 mse:2.16e-03, IC:-6.41e-03, RIC:-5.45e-02, prec@10:5.60e-01, SR:1.69e+00
Test performance:
 mse:2.96e-03, IC:6.86e-03, RIC:6.57e-02, prec@10:5.28e-01, SR:1.63e+00 


epoch97##########################################################
Train : loss:1.96e-03  =  1.94e-03 + alpha*2.01e-04
Valid : loss:1.68e-03  =  1.65e-03 + alpha*2.80e-04
Test: loss:2.30e-03  =  2.27e-03 + alpha*3.25e-04
Valid performance:
 mse:1.65e-03, IC:-1.28e-03, RIC:-1.25e-02, prec@10:5.73e-01, SR:1.69e+00
Test performance:
 mse:2.27e-03, IC:3.76e-03, RIC:3.89e-02, prec@10:5.22e-01, SR:1.74e+00 


epoch98##########################################################
Train : loss:2.02e-03  =  2.00e-03 + alpha*2.09e-04
Valid : loss:1.68e-03  =  1.66e-03 + alpha*2.53e-04
Test: loss:2.35e-03  =  2.32e-03 + alpha*3.05e-04
Valid performance:
 mse:1.66e-03, IC:1.04e-02, RIC:1.09e-01, prec@10:5.07e-01, SR:1.91e+00
Test performance:
 mse:2.32e-03, IC:9.66e-03, RIC:1.12e-01, prec@10:4.97e-01, SR:1.78e+00 


epoch99##########################################################
Train : loss:2.01e-03  =  1.99e-03 + alpha*2.04e-04
Valid : loss:1.79e-03  =  1.76e-03 + alpha*2.88e-04
Test: loss:2.41e-03  =  2.38e-03 + alpha*3.39e-04
Valid performance:
 mse:1.76e-03, IC:-2.08e-03, RIC:-1.83e-02, prec@10:5.80e-01, SR:7.91e-01
Test performance:
 mse:2.38e-03, IC:5.59e-03, RIC:5.46e-02, prec@10:5.34e-01, SR:2.24e+00 


epoch100##########################################################
Train : loss:2.05e-03  =  2.03e-03 + alpha*2.08e-04
Valid : loss:1.64e-03  =  1.62e-03 + alpha*2.31e-04
Test: loss:2.27e-03  =  2.24e-03 + alpha*2.84e-04
Valid performance:
 mse:1.62e-03, IC:1.10e-02, RIC:1.21e-01, prec@10:5.35e-01, SR:1.76e+00
Test performance:
 mse:2.24e-03, IC:1.17e-02, RIC:1.36e-01, prec@10:5.08e-01, SR:1.90e+00 


Training finished.
Best Validation Performance (based on lowest validation loss):
mse:1.59e-03, IC:7.85e-03, RIC:8.37e-02, prec@10:5.13e-01, SR:2.13e+00
Corresponding Test Performance:
mse:2.25e-03, IC:1.09e-02, RIC:1.16e-01, prec@10:5.03e-01, SR:1.83e+00
Results appended to ../training_results.xlsx
