2025-06-22 06:26:19,556 - INFO - 🎯 股票预测模型批量训练系统
2025-06-22 06:26:19,556 - INFO - ================================================================================
2025-06-22 06:26:19,557 - INFO - 📊 目标数据集: A_SHARE
2025-06-22 06:26:19,557 - INFO - 🔧 运行模式: parallel
2025-06-22 06:26:19,557 - INFO - 📝 要运行的模型: ['GCN', 'LSTM', 'LinearModel', 'STHAN-SR']
2025-06-22 06:26:19,557 - INFO - 📝 总模型数量: 4
2025-06-22 06:26:19,557 - INFO - 📁 工作目录: D:\Stock\src
2025-06-22 06:26:19,557 - INFO - ================================================================================
2025-06-22 06:26:19,559 - INFO - 
🔍 步骤0: 环境检查
2025-06-22 06:26:19,559 - INFO - 🔍 检查运行环境...
2025-06-22 06:26:22,806 - INFO - ✅ 检测到 1 个GPU
2025-06-22 06:26:22,806 - INFO - ✅ 环境检查通过
2025-06-22 06:26:22,806 - INFO - 
📝 步骤1: 更新数据集设置
2025-06-22 06:26:22,807 - INFO - 🔄 开始更新脚本的数据集设置为: A_SHARE
2025-06-22 06:26:22,809 - INFO - 📁 已备份: train.py -> ../backup_original_files\train.py.backup_20250622_062622
2025-06-22 06:26:22,810 - INFO - 📁 已备份: gcn_train.py -> ../backup_original_files\gcn_train.py.backup_20250622_062622
2025-06-22 06:26:22,812 - INFO - 📁 已备份: lstm_train.py -> ../backup_original_files\lstm_train.py.backup_20250622_062622
2025-06-22 06:26:22,813 - INFO - 📁 已备份: linear_train.py -> ../backup_original_files\linear_train.py.backup_20250622_062622
2025-06-22 06:26:22,815 - INFO - 📁 已备份: sthan_sr_train.py -> ../backup_original_files\sthan_sr_train.py.backup_20250622_062622
2025-06-22 06:26:22,817 - INFO - ✅ 已更新 gcn_train.py 中的market_name为: A_SHARE
2025-06-22 06:26:22,819 - INFO - ✅ 已更新 lstm_train.py 中的market_name为: A_SHARE
2025-06-22 06:26:22,821 - INFO - ✅ 已更新 linear_train.py 中的market_name为: A_SHARE
2025-06-22 06:26:22,823 - INFO - ✅ 已更新 sthan_sr_train.py 中的market_name为: A_SHARE
2025-06-22 06:26:22,823 - INFO - ✅ 成功更新 4/4 个脚本
2025-06-22 06:26:22,823 - INFO - 
🚀 步骤2: 开始parallel训练
2025-06-22 06:26:23,826 - INFO - 🚀 开始并行训练所有模型...
2025-06-22 06:26:23,826 - WARNING - ⚠️  并行模式可能需要大量GPU内存!
2025-06-22 06:26:23,829 - INFO - 🚀 启动 GCN 训练线程...
2025-06-22 06:26:23,830 - INFO - 🚀 开始训练 GCN...
2025-06-22 06:26:24,830 - INFO - 🚀 启动 LSTM 训练线程...
2025-06-22 06:26:24,830 - INFO - 🚀 开始训练 LSTM...
2025-06-22 06:26:25,832 - INFO - 🚀 启动 LinearModel 训练线程...
2025-06-22 06:26:25,832 - INFO - 🚀 开始训练 LinearModel...
2025-06-22 06:26:26,833 - INFO - 🚀 启动 STHAN-SR 训练线程...
2025-06-22 06:26:26,833 - INFO - 🚀 开始训练 STHAN-SR...
2025-06-22 07:01:22,731 - INFO - ✅ LinearModel 训练完成! 耗时: 2096.9秒
2025-06-22 07:01:22,731 - INFO - 📄 详细日志: ../logs\batch_training_A_SHARE_20250622_062619_LinearModel.log
2025-06-22 07:01:45,416 - INFO - ✅ GCN 训练完成! 耗时: 2121.6秒
2025-06-22 07:01:45,416 - INFO - 📄 详细日志: ../logs\batch_training_A_SHARE_20250622_062619_GCN.log
2025-06-22 07:06:07,548 - INFO - ✅ STHAN-SR 训练完成! 耗时: 2380.7秒
2025-06-22 07:06:07,548 - INFO - 📄 详细日志: ../logs\batch_training_A_SHARE_20250622_062619_STHAN-SR.log
