市场为 A_SHARE，实际加载股票数量更新为: 4819
总交易天数: 252
根据 60%/20%/_ 分割比例 (已调整为满足最小数据集要求):
训练集天数 (0-indexed, up to valid_index-1): 151 (实际比例: 59.9%)
验证集天数 (valid_index to test_index-1): 50 (实际比例: 19.8%)
测试集天数 (test_index to end): 51 (实际比例: 20.2%)
验证集起始索引 (valid_index): 151
测试集起始索引 (test_index): 201
✅ 数据集分割检查通过
epoch1##########################################################
Train : loss:3.78e-02  =  3.77e-02 + alpha*9.32e-04
lstm_train.py:164: DeprecationWarning: __array__ implementation doesn't accept a copy keyword, so passing copy=False failed. __array__ must implement 'dtype' and 'copy' keyword arguments.
  cur_valid_pred[:, cur_offset - (start_index - lookback_length - steps + 1)] = cur_rr[:, 0].cpu()
lstm_train.py:165: DeprecationWarning: __array__ implementation doesn't accept a copy keyword, so passing copy=False failed. __array__ must implement 'dtype' and 'copy' keyword arguments.
  cur_valid_gt[:, cur_offset - (start_index - lookback_length - steps + 1)] = gt_batch[:, 0].cpu()
lstm_train.py:166: DeprecationWarning: __array__ implementation doesn't accept a copy keyword, so passing copy=False failed. __array__ must implement 'dtype' and 'copy' keyword arguments.
  cur_valid_mask[:, cur_offset - (start_index - lookback_length - steps + 1)] = mask_batch[:, 0].cpu()
Valid : loss:8.95e-03  =  8.83e-03 + alpha*1.17e-03
Test: loss:5.86e-03  =  5.77e-03 + alpha*9.29e-04
Valid performance:
 mse:8.83e-03, IC:-5.48e-03, RIC:-2.30e-02, prec@10:5.08e-01, SR:8.88e-01
Test performance:
 mse:5.77e-03, IC:1.66e-02, RIC:1.08e-01, prec@10:4.92e-01, SR:1.66e+00 


epoch2##########################################################
Train : loss:3.59e-03  =  3.53e-03 + alpha*5.81e-04
Valid : loss:1.42e-02  =  1.41e-02 + alpha*1.20e-03
Test: loss:6.46e-03  =  6.37e-03 + alpha*8.91e-04
Valid performance:
 mse:1.41e-02, IC:-2.04e-02, RIC:-8.24e-02, prec@10:5.00e-01, SR:2.04e-01
Test performance:
 mse:6.37e-03, IC:1.21e-02, RIC:7.55e-02, prec@10:4.73e-01, SR:-3.96e-01 


epoch3##########################################################
Train : loss:3.27e-03  =  3.21e-03 + alpha*5.48e-04
Valid : loss:8.52e-03  =  8.41e-03 + alpha*1.10e-03
Test: loss:4.37e-03  =  4.29e-03 + alpha*8.01e-04
Valid performance:
 mse:8.41e-03, IC:-2.78e-02, RIC:-1.12e-01, prec@10:5.04e-01, SR:-4.12e-01
Test performance:
 mse:4.29e-03, IC:7.84e-03, RIC:4.82e-02, prec@10:4.67e-01, SR:-1.20e+00 


epoch4##########################################################
Train : loss:3.04e-03  =  2.99e-03 + alpha*5.16e-04
Valid : loss:1.18e-02  =  1.17e-02 + alpha*1.11e-03
Test: loss:5.52e-03  =  5.44e-03 + alpha*8.20e-04
Valid performance:
 mse:1.17e-02, IC:-2.36e-02, RIC:-9.50e-02, prec@10:5.02e-01, SR:6.78e-01
Test performance:
 mse:5.44e-03, IC:7.12e-03, RIC:4.26e-02, prec@10:4.59e-01, SR:-6.16e-01 


epoch5##########################################################
Train : loss:2.57e-03  =  2.52e-03 + alpha*4.95e-04
Valid : loss:9.92e-03  =  9.82e-03 + alpha*1.06e-03
Test: loss:4.47e-03  =  4.39e-03 + alpha*7.62e-04
Valid performance:
 mse:9.82e-03, IC:-3.48e-02, RIC:-1.41e-01, prec@10:4.70e-01, SR:-8.22e-01
Test performance:
 mse:4.39e-03, IC:6.76e-04, RIC:4.19e-03, prec@10:4.69e-01, SR:-9.06e-01 


epoch6##########################################################
Train : loss:2.41e-03  =  2.36e-03 + alpha*4.72e-04
Valid : loss:1.03e-02  =  1.02e-02 + alpha*1.03e-03
Test: loss:4.74e-03  =  4.67e-03 + alpha*7.38e-04
Valid performance:
 mse:1.02e-02, IC:-3.51e-02, RIC:-1.42e-01, prec@10:4.78e-01, SR:-1.77e+00
Test performance:
 mse:4.67e-03, IC:-5.90e-04, RIC:-3.61e-03, prec@10:4.80e-01, SR:-8.97e-01 


epoch7##########################################################
Train : loss:2.28e-03  =  2.23e-03 + alpha*4.52e-04
Valid : loss:7.44e-03  =  7.35e-03 + alpha*9.62e-04
Test: loss:3.52e-03  =  3.45e-03 + alpha*6.98e-04
Valid performance:
 mse:7.35e-03, IC:-3.73e-02, RIC:-1.53e-01, prec@10:4.80e-01, SR:-6.53e-01
Test performance:
 mse:3.45e-03, IC:-7.63e-03, RIC:-4.67e-02, prec@10:4.75e-01, SR:-1.25e+00 


epoch8##########################################################
Train : loss:2.23e-03  =  2.19e-03 + alpha*4.43e-04
Valid : loss:7.93e-03  =  7.83e-03 + alpha*9.45e-04
Test: loss:3.72e-03  =  3.65e-03 + alpha*6.86e-04
Valid performance:
 mse:7.83e-03, IC:-3.51e-02, RIC:-1.46e-01, prec@10:4.68e-01, SR:-1.30e+00
Test performance:
 mse:3.65e-03, IC:-7.46e-03, RIC:-4.56e-02, prec@10:4.82e-01, SR:-1.96e+00 


epoch9##########################################################
Train : loss:2.32e-03  =  2.27e-03 + alpha*4.25e-04
Valid : loss:6.16e-03  =  6.07e-03 + alpha*8.96e-04
Test: loss:3.17e-03  =  3.10e-03 + alpha*6.40e-04
Valid performance:
 mse:6.07e-03, IC:-4.74e-02, RIC:-1.99e-01, prec@10:4.66e-01, SR:-2.62e+00
Test performance:
 mse:3.10e-03, IC:-1.36e-02, RIC:-8.54e-02, prec@10:4.65e-01, SR:-2.23e+00 


epoch10##########################################################
Train : loss:2.39e-03  =  2.35e-03 + alpha*4.17e-04
Valid : loss:8.95e-03  =  8.86e-03 + alpha*9.07e-04
Test: loss:4.58e-03  =  4.52e-03 + alpha*6.65e-04
Valid performance:
 mse:8.86e-03, IC:-4.15e-02, RIC:-1.76e-01, prec@10:4.70e-01, SR:-2.18e+00
Test performance:
 mse:4.52e-03, IC:-1.17e-02, RIC:-7.05e-02, prec@10:4.73e-01, SR:-6.62e-01 


epoch11##########################################################
Train : loss:2.02e-03  =  1.98e-03 + alpha*4.06e-04
Valid : loss:7.96e-03  =  7.87e-03 + alpha*8.79e-04
Test: loss:4.10e-03  =  4.04e-03 + alpha*6.55e-04
Valid performance:
 mse:7.87e-03, IC:-3.37e-02, RIC:-1.46e-01, prec@10:4.76e-01, SR:-1.27e+00
Test performance:
 mse:4.04e-03, IC:-8.46e-03, RIC:-5.03e-02, prec@10:4.82e-01, SR:-2.18e+00 


epoch12##########################################################
Train : loss:1.90e-03  =  1.86e-03 + alpha*3.95e-04
Valid : loss:5.32e-03  =  5.24e-03 + alpha*8.16e-04
Test: loss:2.85e-03  =  2.79e-03 + alpha*5.90e-04
Valid performance:
 mse:5.24e-03, IC:-4.94e-02, RIC:-2.14e-01, prec@10:4.80e-01, SR:-1.58e+00
Test performance:
 mse:2.79e-03, IC:-1.74e-02, RIC:-1.10e-01, prec@10:4.92e-01, SR:-1.10e+00 


epoch13##########################################################
Train : loss:1.88e-03  =  1.84e-03 + alpha*3.83e-04
Valid : loss:7.91e-03  =  7.83e-03 + alpha*8.34e-04
Test: loss:4.04e-03  =  3.98e-03 + alpha*6.00e-04
Valid performance:
 mse:7.83e-03, IC:-5.71e-02, RIC:-2.50e-01, prec@10:4.68e-01, SR:-2.49e+00
Test performance:
 mse:3.98e-03, IC:-2.08e-02, RIC:-1.32e-01, prec@10:4.76e-01, SR:-1.73e+00 


epoch14##########################################################
Train : loss:1.85e-03  =  1.82e-03 + alpha*3.76e-04
Valid : loss:6.61e-03  =  6.53e-03 + alpha*8.00e-04
Test: loss:3.32e-03  =  3.26e-03 + alpha*5.77e-04
Valid performance:
 mse:6.53e-03, IC:-5.59e-02, RIC:-2.47e-01, prec@10:4.64e-01, SR:-2.08e+00
Test performance:
 mse:3.26e-03, IC:-1.80e-02, RIC:-1.13e-01, prec@10:4.71e-01, SR:-1.68e+00 


epoch15##########################################################
Train : loss:1.97e-03  =  1.94e-03 + alpha*3.64e-04
Valid : loss:5.61e-03  =  5.54e-03 + alpha*7.14e-04
Test: loss:4.66e-03  =  4.61e-03 + alpha*5.19e-04
Valid performance:
 mse:5.54e-03, IC:-5.71e-02, RIC:-2.58e-01, prec@10:4.62e-01, SR:-1.59e+00
Test performance:
 mse:4.61e-03, IC:-1.95e-02, RIC:-1.23e-01, prec@10:4.90e-01, SR:-3.76e-01 


epoch16##########################################################
Train : loss:1.72e-03  =  1.69e-03 + alpha*3.57e-04
Valid : loss:4.34e-03  =  4.27e-03 + alpha*7.12e-04
Test: loss:2.59e-03  =  2.54e-03 + alpha*5.26e-04
Valid performance:
 mse:4.27e-03, IC:-5.01e-02, RIC:-2.32e-01, prec@10:4.66e-01, SR:-2.06e+00
Test performance:
 mse:2.54e-03, IC:-1.60e-02, RIC:-9.94e-02, prec@10:4.55e-01, SR:-9.92e-01 


epoch17##########################################################
Train : loss:1.93e-03  =  1.89e-03 + alpha*3.41e-04
Valid : loss:4.16e-03  =  4.09e-03 + alpha*6.91e-04
Test: loss:2.54e-03  =  2.49e-03 + alpha*5.09e-04
Valid performance:
 mse:4.09e-03, IC:-6.03e-02, RIC:-2.82e-01, prec@10:4.52e-01, SR:-8.65e-01
Test performance:
 mse:2.49e-03, IC:-2.24e-02, RIC:-1.42e-01, prec@10:4.63e-01, SR:-2.16e+00 


epoch18##########################################################
Train : loss:1.57e-03  =  1.53e-03 + alpha*3.36e-04
Valid : loss:4.14e-03  =  4.07e-03 + alpha*6.77e-04
Test: loss:2.25e-03  =  2.20e-03 + alpha*4.91e-04
Valid performance:
 mse:4.07e-03, IC:-6.65e-02, RIC:-3.15e-01, prec@10:4.54e-01, SR:-2.15e+00
Test performance:
 mse:2.20e-03, IC:-2.21e-02, RIC:-1.45e-01, prec@10:4.61e-01, SR:-3.12e+00 


epoch19##########################################################
Train : loss:1.49e-03  =  1.46e-03 + alpha*3.21e-04
Valid : loss:5.12e-03  =  5.05e-03 + alpha*6.63e-04
Test: loss:2.74e-03  =  2.69e-03 + alpha*4.84e-04
Valid performance:
 mse:5.05e-03, IC:-6.26e-02, RIC:-3.03e-01, prec@10:4.72e-01, SR:-2.38e+00
Test performance:
 mse:2.69e-03, IC:-1.60e-02, RIC:-1.05e-01, prec@10:4.59e-01, SR:-1.16e+00 


epoch20##########################################################
Train : loss:1.41e-03  =  1.38e-03 + alpha*3.12e-04
Valid : loss:5.87e-03  =  5.80e-03 + alpha*6.37e-04
Test: loss:3.51e-03  =  3.46e-03 + alpha*4.81e-04
Valid performance:
 mse:5.80e-03, IC:-5.67e-02, RIC:-2.87e-01, prec@10:4.32e-01, SR:-3.65e+00
Test performance:
 mse:3.46e-03, IC:-1.78e-02, RIC:-1.14e-01, prec@10:4.65e-01, SR:-5.49e-01 


epoch21##########################################################
Train : loss:1.37e-03  =  1.34e-03 + alpha*3.02e-04
Valid : loss:3.57e-03  =  3.51e-03 + alpha*5.85e-04
Test: loss:2.08e-03  =  2.04e-03 + alpha*4.54e-04
Valid performance:
 mse:3.51e-03, IC:-4.54e-02, RIC:-2.42e-01, prec@10:4.64e-01, SR:-2.67e+00
Test performance:
 mse:2.04e-03, IC:-7.86e-03, RIC:-4.90e-02, prec@10:5.04e-01, SR:-5.93e-01 


epoch22##########################################################
Train : loss:1.36e-03  =  1.33e-03 + alpha*2.88e-04
Valid : loss:3.09e-03  =  3.04e-03 + alpha*5.39e-04
Test: loss:2.10e-03  =  2.06e-03 + alpha*4.11e-04
Valid performance:
 mse:3.04e-03, IC:-5.73e-02, RIC:-3.14e-01, prec@10:4.56e-01, SR:-2.00e+00
Test performance:
 mse:2.06e-03, IC:-1.33e-02, RIC:-8.79e-02, prec@10:4.61e-01, SR:-1.48e+00 


epoch23##########################################################
Train : loss:1.29e-03  =  1.26e-03 + alpha*2.74e-04
Valid : loss:3.28e-03  =  3.23e-03 + alpha*5.21e-04
Test: loss:1.93e-03  =  1.89e-03 + alpha*4.02e-04
Valid performance:
 mse:3.23e-03, IC:-5.70e-02, RIC:-3.20e-01, prec@10:4.58e-01, SR:-2.20e+00
Test performance:
 mse:1.89e-03, IC:-1.40e-02, RIC:-9.31e-02, prec@10:4.63e-01, SR:-2.63e+00 


epoch24##########################################################
Train : loss:1.25e-03  =  1.22e-03 + alpha*2.65e-04
Valid : loss:2.85e-03  =  2.80e-03 + alpha*4.82e-04
Test: loss:1.77e-03  =  1.73e-03 + alpha*3.80e-04
Valid performance:
 mse:2.80e-03, IC:-4.87e-02, RIC:-2.90e-01, prec@10:4.56e-01, SR:-1.88e+00
Test performance:
 mse:1.73e-03, IC:-1.19e-02, RIC:-8.13e-02, prec@10:4.63e-01, SR:-1.07e+00 


epoch25##########################################################
Train : loss:1.14e-03  =  1.12e-03 + alpha*2.48e-04
Valid : loss:2.56e-03  =  2.51e-03 + alpha*4.52e-04
Test: loss:1.71e-03  =  1.68e-03 + alpha*3.59e-04
Valid performance:
 mse:2.51e-03, IC:-4.40e-02, RIC:-2.64e-01, prec@10:4.62e-01, SR:-3.48e+00
Test performance:
 mse:1.68e-03, IC:-8.21e-03, RIC:-5.68e-02, prec@10:4.73e-01, SR:-1.97e-01 


epoch26##########################################################
Train : loss:1.10e-03  =  1.08e-03 + alpha*2.37e-04
Valid : loss:2.41e-03  =  2.37e-03 + alpha*4.20e-04
Test: loss:1.69e-03  =  1.65e-03 + alpha*3.38e-04
Valid performance:
 mse:2.37e-03, IC:-4.60e-02, RIC:-2.94e-01, prec@10:4.64e-01, SR:-2.48e+00
Test performance:
 mse:1.65e-03, IC:-1.03e-02, RIC:-7.60e-02, prec@10:4.75e-01, SR:-9.51e-01 


epoch27##########################################################
Train : loss:1.13e-03  =  1.11e-03 + alpha*2.25e-04
Valid : loss:2.89e-03  =  2.85e-03 + alpha*4.07e-04
Test: loss:1.85e-03  =  1.81e-03 + alpha*3.30e-04
Valid performance:
 mse:2.85e-03, IC:-3.47e-02, RIC:-2.22e-01, prec@10:4.76e-01, SR:-3.09e+00
Test performance:
 mse:1.81e-03, IC:-1.67e-03, RIC:-1.22e-02, prec@10:4.86e-01, SR:-7.49e-01 


epoch28##########################################################
Train : loss:1.28e-03  =  1.26e-03 + alpha*2.18e-04
Valid : loss:2.58e-03  =  2.54e-03 + alpha*3.84e-04
Test: loss:1.70e-03  =  1.67e-03 + alpha*3.18e-04
Valid performance:
 mse:2.54e-03, IC:-2.42e-02, RIC:-1.60e-01, prec@10:4.68e-01, SR:-1.62e+00
Test performance:
 mse:1.67e-03, IC:9.32e-03, RIC:6.86e-02, prec@10:5.10e-01, SR:1.14e+00 


epoch29##########################################################
Train : loss:1.30e-03  =  1.27e-03 + alpha*2.12e-04
Valid : loss:2.42e-03  =  2.38e-03 + alpha*3.57e-04
Test: loss:1.64e-03  =  1.61e-03 + alpha*3.06e-04
Valid performance:
 mse:2.38e-03, IC:-9.35e-03, RIC:-6.43e-02, prec@10:4.54e-01, SR:-1.52e+00
Test performance:
 mse:1.61e-03, IC:6.66e-03, RIC:5.34e-02, prec@10:4.84e-01, SR:6.08e-01 


epoch30##########################################################
Train : loss:9.83e-04  =  9.63e-04 + alpha*2.01e-04
Valid : loss:2.09e-03  =  2.06e-03 + alpha*3.32e-04
Test: loss:1.45e-03  =  1.42e-03 + alpha*2.80e-04
Valid performance:
 mse:2.06e-03, IC:-1.18e-02, RIC:-8.91e-02, prec@10:4.78e-01, SR:-1.92e+00
Test performance:
 mse:1.42e-03, IC:6.51e-03, RIC:6.02e-02, prec@10:4.71e-01, SR:-1.80e+00 


epoch31##########################################################
Train : loss:1.20e-03  =  1.18e-03 + alpha*1.98e-04
Valid : loss:2.15e-03  =  2.12e-03 + alpha*3.14e-04
Test: loss:1.86e-03  =  1.83e-03 + alpha*2.67e-04
Valid performance:
 mse:2.12e-03, IC:-9.02e-03, RIC:-6.72e-02, prec@10:5.02e-01, SR:-2.17e-02
Test performance:
 mse:1.83e-03, IC:1.31e-02, RIC:1.21e-01, prec@10:4.84e-01, SR:3.68e-01 


epoch32##########################################################
Train : loss:1.01e-03  =  9.88e-04 + alpha*1.86e-04
Valid : loss:2.07e-03  =  2.04e-03 + alpha*3.11e-04
Test: loss:1.43e-03  =  1.41e-03 + alpha*2.66e-04
Valid performance:
 mse:2.04e-03, IC:-1.90e-02, RIC:-1.53e-01, prec@10:5.00e-01, SR:-1.12e+00
Test performance:
 mse:1.41e-03, IC:5.79e-03, RIC:5.56e-02, prec@10:4.90e-01, SR:2.32e+00 


epoch33##########################################################
Train : loss:9.33e-04  =  9.15e-04 + alpha*1.77e-04
Valid : loss:2.29e-03  =  2.26e-03 + alpha*3.04e-04
Test: loss:1.63e-03  =  1.61e-03 + alpha*2.70e-04
Valid performance:
 mse:2.26e-03, IC:9.89e-03, RIC:7.60e-02, prec@10:4.76e-01, SR:6.15e-01
Test performance:
 mse:1.61e-03, IC:1.83e-02, RIC:1.56e-01, prec@10:4.82e-01, SR:4.97e-01 


epoch34##########################################################
Train : loss:9.31e-04  =  9.14e-04 + alpha*1.72e-04
Valid : loss:2.03e-03  =  2.00e-03 + alpha*2.87e-04
Test: loss:1.40e-03  =  1.38e-03 + alpha*2.45e-04
Valid performance:
 mse:2.00e-03, IC:-1.99e-03, RIC:-1.66e-02, prec@10:4.82e-01, SR:-2.89e-01
Test performance:
 mse:1.38e-03, IC:2.12e-02, RIC:2.13e-01, prec@10:5.18e-01, SR:1.79e+00 


epoch35##########################################################
Train : loss:1.03e-03  =  1.02e-03 + alpha*1.68e-04
Valid : loss:1.92e-03  =  1.89e-03 + alpha*2.78e-04
Test: loss:1.37e-03  =  1.35e-03 + alpha*2.41e-04
Valid performance:
 mse:1.89e-03, IC:-2.36e-03, RIC:-2.16e-02, prec@10:4.90e-01, SR:-5.61e-01
Test performance:
 mse:1.35e-03, IC:1.71e-02, RIC:1.83e-01, prec@10:5.18e-01, SR:2.13e+00 


epoch36##########################################################
Train : loss:9.29e-04  =  9.13e-04 + alpha*1.63e-04
Valid : loss:1.85e-03  =  1.83e-03 + alpha*2.69e-04
Test: loss:1.34e-03  =  1.31e-03 + alpha*2.37e-04
Valid performance:
 mse:1.83e-03, IC:-6.01e-04, RIC:-5.84e-03, prec@10:4.70e-01, SR:-1.69e+00
Test performance:
 mse:1.31e-03, IC:1.06e-02, RIC:1.42e-01, prec@10:4.86e-01, SR:-1.30e+00 


epoch37##########################################################
Train : loss:9.55e-04  =  9.39e-04 + alpha*1.62e-04
Valid : loss:1.81e-03  =  1.79e-03 + alpha*2.63e-04
Test: loss:1.34e-03  =  1.32e-03 + alpha*2.32e-04
Valid performance:
 mse:1.79e-03, IC:-5.97e-03, RIC:-5.69e-02, prec@10:4.68e-01, SR:-2.41e+00
Test performance:
 mse:1.32e-03, IC:1.46e-02, RIC:1.96e-01, prec@10:5.12e-01, SR:3.51e-01 


epoch38##########################################################
Train : loss:9.88e-04  =  9.72e-04 + alpha*1.60e-04
Valid : loss:2.20e-03  =  2.17e-03 + alpha*2.55e-04
Test: loss:1.60e-03  =  1.57e-03 + alpha*2.36e-04
Valid performance:
 mse:2.17e-03, IC:1.55e-02, RIC:1.40e-01, prec@10:4.58e-01, SR:-1.11e+00
Test performance:
 mse:1.57e-03, IC:1.82e-02, RIC:1.91e-01, prec@10:4.78e-01, SR:-8.98e-01 


epoch39##########################################################
Train : loss:8.39e-04  =  8.24e-04 + alpha*1.52e-04
Valid : loss:1.75e-03  =  1.72e-03 + alpha*2.47e-04
Test: loss:1.31e-03  =  1.29e-03 + alpha*2.22e-04
Valid performance:
 mse:1.72e-03, IC:2.38e-02, RIC:2.46e-01, prec@10:4.82e-01, SR:9.34e-01
Test performance:
 mse:1.29e-03, IC:2.42e-02, RIC:3.18e-01, prec@10:5.16e-01, SR:1.85e+00 


epoch40##########################################################
Train : loss:9.19e-04  =  9.04e-04 + alpha*1.49e-04
Valid : loss:2.02e-03  =  2.00e-03 + alpha*2.54e-04
Test: loss:1.42e-03  =  1.40e-03 + alpha*2.26e-04
Valid performance:
 mse:2.00e-03, IC:1.43e-02, RIC:1.21e-01, prec@10:4.60e-01, SR:-1.11e+00
Test performance:
 mse:1.40e-03, IC:2.59e-02, RIC:2.76e-01, prec@10:4.86e-01, SR:2.03e-01 


epoch41##########################################################
Train : loss:8.74e-04  =  8.59e-04 + alpha*1.50e-04
Valid : loss:2.44e-03  =  2.41e-03 + alpha*2.41e-04
Test: loss:1.76e-03  =  1.74e-03 + alpha*2.16e-04
Valid performance:
 mse:2.41e-03, IC:1.92e-02, RIC:1.86e-01, prec@10:4.80e-01, SR:9.09e-02
Test performance:
 mse:1.74e-03, IC:2.57e-02, RIC:3.03e-01, prec@10:5.16e-01, SR:1.99e+00 


epoch42##########################################################
Train : loss:8.66e-04  =  8.52e-04 + alpha*1.45e-04
Valid : loss:1.75e-03  =  1.73e-03 + alpha*2.54e-04
Test: loss:1.36e-03  =  1.34e-03 + alpha*2.46e-04
Valid performance:
 mse:1.73e-03, IC:4.10e-02, RIC:3.20e-01, prec@10:4.92e-01, SR:-1.30e-01
Test performance:
 mse:1.34e-03, IC:3.65e-02, RIC:3.00e-01, prec@10:5.10e-01, SR:1.91e-02 


epoch43##########################################################
Train : loss:8.81e-04  =  8.66e-04 + alpha*1.44e-04
Valid : loss:1.87e-03  =  1.85e-03 + alpha*2.24e-04
Test: loss:1.62e-03  =  1.60e-03 + alpha*2.00e-04
Valid performance:
 mse:1.85e-03, IC:2.60e-02, RIC:2.77e-01, prec@10:4.86e-01, SR:6.06e-02
Test performance:
 mse:1.60e-03, IC:2.68e-02, RIC:4.25e-01, prec@10:5.02e-01, SR:1.63e-01 


epoch44##########################################################
Train : loss:8.63e-04  =  8.48e-04 + alpha*1.42e-04
Valid : loss:2.05e-03  =  2.03e-03 + alpha*2.22e-04
Test: loss:1.80e-03  =  1.78e-03 + alpha*1.95e-04
Valid performance:
 mse:2.03e-03, IC:1.74e-02, RIC:2.28e-01, prec@10:4.92e-01, SR:6.30e-01
Test performance:
 mse:1.78e-03, IC:2.60e-02, RIC:4.60e-01, prec@10:4.90e-01, SR:5.69e-01 


epoch45##########################################################
Train : loss:9.78e-04  =  9.63e-04 + alpha*1.44e-04
Valid : loss:1.73e-03  =  1.70e-03 + alpha*2.25e-04
Test: loss:1.26e-03  =  1.24e-03 + alpha*1.97e-04
Valid performance:
 mse:1.70e-03, IC:1.59e-02, RIC:1.80e-01, prec@10:4.86e-01, SR:-3.80e-01
Test performance:
 mse:1.24e-03, IC:3.06e-02, RIC:4.52e-01, prec@10:5.31e-01, SR:2.09e+00 


epoch46##########################################################
Train : loss:8.72e-04  =  8.58e-04 + alpha*1.38e-04
Valid : loss:1.79e-03  =  1.77e-03 + alpha*2.28e-04
Test: loss:1.46e-03  =  1.44e-03 + alpha*1.98e-04
Valid performance:
 mse:1.77e-03, IC:-2.73e-03, RIC:-3.12e-02, prec@10:4.78e-01, SR:-1.08e+00
Test performance:
 mse:1.44e-03, IC:1.82e-02, RIC:3.02e-01, prec@10:5.47e-01, SR:4.54e+00 


epoch47##########################################################
Train : loss:8.76e-04  =  8.62e-04 + alpha*1.38e-04
Valid : loss:2.03e-03  =  2.01e-03 + alpha*2.30e-04
Test: loss:1.42e-03  =  1.40e-03 + alpha*2.04e-04
Valid performance:
 mse:2.01e-03, IC:-8.06e-03, RIC:-9.37e-02, prec@10:4.70e-01, SR:-1.01e+00
Test performance:
 mse:1.40e-03, IC:1.03e-02, RIC:1.58e-01, prec@10:5.10e-01, SR:1.12e+00 


epoch48##########################################################
Train : loss:9.95e-04  =  9.81e-04 + alpha*1.38e-04
Valid : loss:1.92e-03  =  1.90e-03 + alpha*2.19e-04
Test: loss:1.34e-03  =  1.33e-03 + alpha*1.94e-04
Valid performance:
 mse:1.90e-03, IC:1.76e-02, RIC:1.86e-01, prec@10:4.60e-01, SR:-1.83e+00
Test performance:
 mse:1.33e-03, IC:2.75e-02, RIC:4.00e-01, prec@10:5.31e-01, SR:2.04e+00 


epoch49##########################################################
Train : loss:9.04e-04  =  8.91e-04 + alpha*1.36e-04
Valid : loss:1.83e-03  =  1.81e-03 + alpha*2.26e-04
Test: loss:1.31e-03  =  1.29e-03 + alpha*2.03e-04
Valid performance:
 mse:1.81e-03, IC:2.37e-03, RIC:2.95e-02, prec@10:4.82e-01, SR:-3.12e-01
Test performance:
 mse:1.29e-03, IC:1.30e-02, RIC:2.51e-01, prec@10:5.45e-01, SR:4.60e+00 


epoch50##########################################################
Train : loss:8.32e-04  =  8.19e-04 + alpha*1.32e-04
Valid : loss:1.68e-03  =  1.66e-03 + alpha*2.03e-04
Test: loss:1.44e-03  =  1.42e-03 + alpha*1.86e-04
Valid performance:
 mse:1.66e-03, IC:3.72e-02, RIC:4.08e-01, prec@10:5.00e-01, SR:-3.69e-01
Test performance:
 mse:1.42e-03, IC:3.09e-02, RIC:4.97e-01, prec@10:5.04e-01, SR:2.66e+00 


epoch51##########################################################
Train : loss:8.93e-04  =  8.79e-04 + alpha*1.32e-04
Valid : loss:1.64e-03  =  1.62e-03 + alpha*2.06e-04
Test: loss:1.34e-03  =  1.32e-03 + alpha*1.92e-04
Valid performance:
 mse:1.62e-03, IC:3.76e-02, RIC:4.14e-01, prec@10:5.30e-01, SR:1.91e+00
Test performance:
 mse:1.32e-03, IC:2.59e-02, RIC:4.16e-01, prec@10:4.90e-01, SR:1.02e+00 


epoch52##########################################################
Train : loss:8.50e-04  =  8.37e-04 + alpha*1.28e-04
Valid : loss:2.48e-03  =  2.46e-03 + alpha*2.14e-04
Test: loss:1.91e-03  =  1.89e-03 + alpha*2.01e-04
Valid performance:
 mse:2.46e-03, IC:3.20e-02, RIC:3.13e-01, prec@10:4.60e-01, SR:-1.31e-01
Test performance:
 mse:1.89e-03, IC:2.76e-02, RIC:2.91e-01, prec@10:4.92e-01, SR:2.30e+00 


epoch53##########################################################
Train : loss:8.72e-04  =  8.59e-04 + alpha*1.31e-04
Valid : loss:2.01e-03  =  1.99e-03 + alpha*2.00e-04
Test: loss:1.77e-03  =  1.76e-03 + alpha*1.84e-04
Valid performance:
 mse:1.99e-03, IC:3.37e-02, RIC:4.29e-01, prec@10:5.10e-01, SR:1.36e+00
Test performance:
 mse:1.76e-03, IC:3.13e-02, RIC:5.08e-01, prec@10:4.90e-01, SR:2.08e+00 


epoch54##########################################################
Train : loss:9.04e-04  =  8.91e-04 + alpha*1.26e-04
Valid : loss:1.75e-03  =  1.72e-03 + alpha*2.11e-04
Test: loss:1.27e-03  =  1.25e-03 + alpha*1.85e-04
Valid performance:
 mse:1.72e-03, IC:1.77e-02, RIC:1.97e-01, prec@10:4.78e-01, SR:5.27e-01
Test performance:
 mse:1.25e-03, IC:2.57e-02, RIC:5.34e-01, prec@10:5.45e-01, SR:5.77e+00 


epoch55##########################################################
Train : loss:9.27e-04  =  9.14e-04 + alpha*1.27e-04
Valid : loss:1.87e-03  =  1.85e-03 + alpha*1.94e-04
Test: loss:1.69e-03  =  1.67e-03 + alpha*1.81e-04
Valid performance:
 mse:1.85e-03, IC:3.25e-02, RIC:3.95e-01, prec@10:4.92e-01, SR:1.05e-01
Test performance:
 mse:1.67e-03, IC:2.99e-02, RIC:4.51e-01, prec@10:5.14e-01, SR:1.67e+00 


epoch56##########################################################
Train : loss:7.55e-04  =  7.43e-04 + alpha*1.21e-04
Valid : loss:1.72e-03  =  1.70e-03 + alpha*1.98e-04
Test: loss:1.26e-03  =  1.24e-03 + alpha*1.79e-04
Valid performance:
 mse:1.70e-03, IC:1.60e-02, RIC:2.17e-01, prec@10:4.92e-01, SR:1.51e+00
Test performance:
 mse:1.24e-03, IC:1.59e-02, RIC:3.40e-01, prec@10:5.10e-01, SR:4.03e+00 


epoch57##########################################################
Train : loss:8.08e-04  =  7.96e-04 + alpha*1.22e-04
Valid : loss:1.58e-03  =  1.56e-03 + alpha*1.96e-04
Test: loss:1.24e-03  =  1.22e-03 + alpha*1.87e-04
Valid performance:
 mse:1.56e-03, IC:4.84e-02, RIC:4.45e-01, prec@10:4.60e-01, SR:6.47e-01
Test performance:
 mse:1.22e-03, IC:3.70e-02, RIC:4.05e-01, prec@10:5.00e-01, SR:2.11e+00 


epoch58##########################################################
Train : loss:7.76e-04  =  7.64e-04 + alpha*1.21e-04
Valid : loss:1.59e-03  =  1.57e-03 + alpha*1.88e-04
Test: loss:1.23e-03  =  1.21e-03 + alpha*1.70e-04
Valid performance:
 mse:1.57e-03, IC:2.99e-02, RIC:3.68e-01, prec@10:5.10e-01, SR:1.02e+00
Test performance:
 mse:1.21e-03, IC:3.16e-02, RIC:6.13e-01, prec@10:4.92e-01, SR:1.44e+00 


epoch59##########################################################
Train : loss:8.72e-04  =  8.60e-04 + alpha*1.20e-04
Valid : loss:2.29e-03  =  2.27e-03 + alpha*2.11e-04
Test: loss:1.74e-03  =  1.72e-03 + alpha*2.05e-04
Valid performance:
 mse:2.27e-03, IC:3.91e-02, RIC:3.36e-01, prec@10:4.84e-01, SR:2.34e-01
Test performance:
 mse:1.72e-03, IC:4.57e-02, RIC:3.85e-01, prec@10:5.24e-01, SR:8.72e-01 


epoch60##########################################################
Train : loss:9.04e-04  =  8.92e-04 + alpha*1.25e-04
Valid : loss:1.72e-03  =  1.70e-03 + alpha*2.13e-04
Test: loss:1.26e-03  =  1.24e-03 + alpha*1.89e-04
Valid performance:
 mse:1.70e-03, IC:-1.87e-03, RIC:-1.79e-02, prec@10:4.76e-01, SR:2.86e-01
Test performance:
 mse:1.24e-03, IC:6.99e-03, RIC:1.11e-01, prec@10:5.24e-01, SR:4.23e+00 


epoch61##########################################################
Train : loss:8.48e-04  =  8.36e-04 + alpha*1.22e-04
Valid : loss:1.60e-03  =  1.58e-03 + alpha*1.80e-04
Test: loss:1.34e-03  =  1.33e-03 + alpha*1.69e-04
Valid performance:
 mse:1.58e-03, IC:4.23e-02, RIC:5.96e-01, prec@10:5.16e-01, SR:3.08e+00
Test performance:
 mse:1.33e-03, IC:4.03e-02, RIC:7.84e-01, prec@10:5.10e-01, SR:4.17e+00 


epoch62##########################################################
Train : loss:7.76e-04  =  7.64e-04 + alpha*1.18e-04
Valid : loss:2.40e-03  =  2.38e-03 + alpha*1.84e-04
Test: loss:1.78e-03  =  1.76e-03 + alpha*1.71e-04
Valid performance:
 mse:2.38e-03, IC:3.27e-02, RIC:4.11e-01, prec@10:4.66e-01, SR:2.62e-01
Test performance:
 mse:1.76e-03, IC:2.91e-02, RIC:5.06e-01, prec@10:5.22e-01, SR:2.21e+00 


epoch63##########################################################
Train : loss:7.57e-04  =  7.45e-04 + alpha*1.15e-04
Valid : loss:1.82e-03  =  1.81e-03 + alpha*1.79e-04
Test: loss:1.60e-03  =  1.59e-03 + alpha*1.65e-04
Valid performance:
 mse:1.81e-03, IC:2.71e-02, RIC:3.60e-01, prec@10:4.86e-01, SR:1.44e+00
Test performance:
 mse:1.59e-03, IC:2.12e-02, RIC:5.37e-01, prec@10:5.31e-01, SR:2.69e+00 


epoch64##########################################################
Train : loss:8.51e-04  =  8.40e-04 + alpha*1.14e-04
Valid : loss:1.57e-03  =  1.55e-03 + alpha*1.87e-04
Test: loss:1.22e-03  =  1.21e-03 + alpha*1.81e-04
Valid performance:
 mse:1.55e-03, IC:4.81e-02, RIC:4.89e-01, prec@10:4.80e-01, SR:1.23e+00
Test performance:
 mse:1.21e-03, IC:4.29e-02, RIC:4.38e-01, prec@10:5.12e-01, SR:4.05e+00 


epoch65##########################################################
Train : loss:7.55e-04  =  7.44e-04 + alpha*1.11e-04
Valid : loss:1.82e-03  =  1.80e-03 + alpha*1.81e-04
Test: loss:1.34e-03  =  1.32e-03 + alpha*1.66e-04
Valid performance:
 mse:1.80e-03, IC:2.12e-02, RIC:3.68e-01, prec@10:4.84e-01, SR:-1.50e+00
Test performance:
 mse:1.32e-03, IC:2.47e-02, RIC:5.61e-01, prec@10:5.12e-01, SR:2.12e+00 


epoch66##########################################################
Train : loss:8.08e-04  =  7.97e-04 + alpha*1.14e-04
Valid : loss:2.34e-03  =  2.32e-03 + alpha*1.85e-04
Test: loss:1.82e-03  =  1.80e-03 + alpha*1.78e-04
Valid performance:
 mse:2.32e-03, IC:4.73e-02, RIC:4.73e-01, prec@10:4.90e-01, SR:2.52e+00
Test performance:
 mse:1.80e-03, IC:2.80e-02, RIC:4.01e-01, prec@10:5.04e-01, SR:2.76e+00 


epoch67##########################################################
Train : loss:8.24e-04  =  8.12e-04 + alpha*1.13e-04
Valid : loss:1.58e-03  =  1.57e-03 + alpha*1.71e-04
Test: loss:1.33e-03  =  1.31e-03 + alpha*1.59e-04
Valid performance:
 mse:1.57e-03, IC:2.78e-02, RIC:4.41e-01, prec@10:4.90e-01, SR:-7.58e-01
Test performance:
 mse:1.31e-03, IC:2.02e-02, RIC:5.26e-01, prec@10:4.88e-01, SR:1.20e+00 


epoch68##########################################################
Train : loss:8.30e-04  =  8.19e-04 + alpha*1.11e-04
Valid : loss:1.81e-03  =  1.79e-03 + alpha*1.91e-04
Test: loss:1.31e-03  =  1.29e-03 + alpha*1.82e-04
Valid performance:
 mse:1.79e-03, IC:1.09e-02, RIC:1.89e-01, prec@10:4.64e-01, SR:-1.68e+00
Test performance:
 mse:1.29e-03, IC:1.93e-02, RIC:3.73e-01, prec@10:5.08e-01, SR:2.15e+00 


epoch69##########################################################
Train : loss:8.27e-04  =  8.16e-04 + alpha*1.13e-04
Valid : loss:1.55e-03  =  1.53e-03 + alpha*1.71e-04
Test: loss:1.22e-03  =  1.20e-03 + alpha*1.62e-04
Valid performance:
 mse:1.53e-03, IC:2.76e-02, RIC:4.21e-01, prec@10:4.74e-01, SR:7.94e-02
Test performance:
 mse:1.20e-03, IC:1.88e-02, RIC:5.12e-01, prec@10:4.96e-01, SR:2.39e+00 


epoch70##########################################################
Train : loss:7.25e-04  =  7.14e-04 + alpha*1.07e-04
Valid : loss:1.59e-03  =  1.58e-03 + alpha*1.70e-04
Test: loss:1.21e-03  =  1.19e-03 + alpha*1.62e-04
Valid performance:
 mse:1.58e-03, IC:2.35e-02, RIC:4.22e-01, prec@10:4.84e-01, SR:1.19e+00
Test performance:
 mse:1.19e-03, IC:1.68e-02, RIC:3.84e-01, prec@10:5.04e-01, SR:2.21e+00 


epoch71##########################################################
Train : loss:8.02e-04  =  7.91e-04 + alpha*1.06e-04
Valid : loss:1.74e-03  =  1.72e-03 + alpha*1.73e-04
Test: loss:1.25e-03  =  1.24e-03 + alpha*1.59e-04
Valid performance:
 mse:1.72e-03, IC:1.61e-02, RIC:3.08e-01, prec@10:5.12e-01, SR:6.47e-01
Test performance:
 mse:1.24e-03, IC:2.94e-02, RIC:1.00e+00, prec@10:4.76e-01, SR:1.58e+00 


epoch72##########################################################
Train : loss:8.34e-04  =  8.23e-04 + alpha*1.07e-04
Valid : loss:1.77e-03  =  1.75e-03 + alpha*1.73e-04
Test: loss:1.33e-03  =  1.32e-03 + alpha*1.62e-04
Valid performance:
 mse:1.75e-03, IC:3.56e-02, RIC:4.43e-01, prec@10:4.98e-01, SR:1.72e-01
Test performance:
 mse:1.32e-03, IC:3.02e-02, RIC:6.69e-01, prec@10:5.00e-01, SR:8.85e-01 


epoch73##########################################################
Train : loss:8.10e-04  =  7.99e-04 + alpha*1.07e-04
Valid : loss:1.84e-03  =  1.82e-03 + alpha*1.68e-04
Test: loss:1.38e-03  =  1.37e-03 + alpha*1.66e-04
Valid performance:
 mse:1.82e-03, IC:5.00e-02, RIC:5.94e-01, prec@10:4.88e-01, SR:-6.45e-01
Test performance:
 mse:1.37e-03, IC:3.56e-02, RIC:5.11e-01, prec@10:5.06e-01, SR:8.34e-01 


epoch74##########################################################
Train : loss:8.22e-04  =  8.12e-04 + alpha*1.06e-04
Valid : loss:1.69e-03  =  1.67e-03 + alpha*1.81e-04
Test: loss:1.54e-03  =  1.52e-03 + alpha*1.72e-04
Valid performance:
 mse:1.67e-03, IC:3.13e-02, RIC:3.43e-01, prec@10:4.76e-01, SR:-1.23e-03
Test performance:
 mse:1.52e-03, IC:3.09e-02, RIC:5.07e-01, prec@10:4.78e-01, SR:1.61e+00 


epoch75##########################################################
Train : loss:7.61e-04  =  7.51e-04 + alpha*1.07e-04
Valid : loss:1.63e-03  =  1.61e-03 + alpha*1.68e-04
Test: loss:1.22e-03  =  1.21e-03 + alpha*1.55e-04
Valid performance:
 mse:1.61e-03, IC:3.74e-02, RIC:4.40e-01, prec@10:4.90e-01, SR:1.35e+00
Test performance:
 mse:1.21e-03, IC:3.11e-02, RIC:6.22e-01, prec@10:4.88e-01, SR:2.39e+00 


epoch76##########################################################
Train : loss:7.14e-04  =  7.04e-04 + alpha*1.01e-04
Valid : loss:2.27e-03  =  2.25e-03 + alpha*1.58e-04
Test: loss:2.19e-03  =  2.17e-03 + alpha*1.59e-04
Valid performance:
 mse:2.25e-03, IC:5.64e-02, RIC:6.61e-01, prec@10:4.70e-01, SR:3.72e-01
Test performance:
 mse:2.17e-03, IC:3.43e-02, RIC:5.04e-01, prec@10:4.88e-01, SR:4.53e-01 


epoch77##########################################################
Train : loss:8.13e-04  =  8.02e-04 + alpha*1.05e-04
Valid : loss:1.91e-03  =  1.89e-03 + alpha*1.64e-04
Test: loss:1.69e-03  =  1.67e-03 + alpha*1.50e-04
Valid performance:
 mse:1.89e-03, IC:3.32e-02, RIC:4.16e-01, prec@10:4.88e-01, SR:1.58e+00
Test performance:
 mse:1.67e-03, IC:3.22e-02, RIC:8.58e-01, prec@10:5.37e-01, SR:3.14e+00 


epoch78##########################################################
Train : loss:7.84e-04  =  7.74e-04 + alpha*1.01e-04
Valid : loss:1.59e-03  =  1.57e-03 + alpha*1.78e-04
Test: loss:1.22e-03  =  1.20e-03 + alpha*1.60e-04
Valid performance:
 mse:1.57e-03, IC:3.38e-02, RIC:2.77e-01, prec@10:5.30e-01, SR:4.82e+00
Test performance:
 mse:1.20e-03, IC:2.46e-02, RIC:4.67e-01, prec@10:5.27e-01, SR:4.36e+00 


epoch79##########################################################
Train : loss:7.67e-04  =  7.56e-04 + alpha*1.01e-04
Valid : loss:1.55e-03  =  1.53e-03 + alpha*1.58e-04
Test: loss:1.18e-03  =  1.17e-03 + alpha*1.48e-04
Valid performance:
 mse:1.53e-03, IC:4.21e-02, RIC:7.19e-01, prec@10:5.48e-01, SR:4.32e+00
Test performance:
 mse:1.17e-03, IC:4.08e-02, RIC:1.03e+00, prec@10:5.27e-01, SR:3.32e+00 


epoch80##########################################################
Train : loss:7.99e-04  =  7.89e-04 + alpha*1.02e-04
Valid : loss:1.64e-03  =  1.62e-03 + alpha*1.73e-04
Test: loss:1.33e-03  =  1.31e-03 + alpha*1.55e-04
Valid performance:
 mse:1.62e-03, IC:2.28e-02, RIC:2.19e-01, prec@10:5.52e-01, SR:4.47e+00
Test performance:
 mse:1.31e-03, IC:2.30e-02, RIC:3.66e-01, prec@10:5.00e-01, SR:3.72e+00 


epoch81##########################################################
Train : loss:7.89e-04  =  7.78e-04 + alpha*1.04e-04
Valid : loss:1.58e-03  =  1.56e-03 + alpha*1.53e-04
Test: loss:1.37e-03  =  1.35e-03 + alpha*1.50e-04
Valid performance:
 mse:1.56e-03, IC:5.85e-02, RIC:6.17e-01, prec@10:5.04e-01, SR:2.57e+00
Test performance:
 mse:1.35e-03, IC:3.93e-02, RIC:5.84e-01, prec@10:4.75e-01, SR:1.61e+00 


epoch82##########################################################
Train : loss:7.98e-04  =  7.88e-04 + alpha*1.00e-04
Valid : loss:1.56e-03  =  1.54e-03 + alpha*1.60e-04
Test: loss:1.31e-03  =  1.29e-03 + alpha*1.62e-04
Valid performance:
 mse:1.54e-03, IC:5.62e-02, RIC:5.87e-01, prec@10:4.68e-01, SR:-7.99e-01
Test performance:
 mse:1.29e-03, IC:4.48e-02, RIC:4.76e-01, prec@10:4.84e-01, SR:1.59e+00 


epoch83##########################################################
Train : loss:8.10e-04  =  8.00e-04 + alpha*1.03e-04
Valid : loss:1.59e-03  =  1.58e-03 + alpha*1.50e-04
Test: loss:1.39e-03  =  1.38e-03 + alpha*1.46e-04
Valid performance:
 mse:1.58e-03, IC:3.88e-02, RIC:6.48e-01, prec@10:4.96e-01, SR:2.63e+00
Test performance:
 mse:1.38e-03, IC:3.44e-02, RIC:8.86e-01, prec@10:5.14e-01, SR:1.99e+00 


epoch84##########################################################
Train : loss:7.70e-04  =  7.60e-04 + alpha*9.95e-05
Valid : loss:1.94e-03  =  1.92e-03 + alpha*1.64e-04
Test: loss:1.52e-03  =  1.50e-03 + alpha*1.72e-04
Valid performance:
 mse:1.92e-03, IC:6.48e-02, RIC:5.80e-01, prec@10:4.78e-01, SR:2.36e+00
Test performance:
 mse:1.50e-03, IC:3.64e-02, RIC:3.78e-01, prec@10:5.16e-01, SR:4.43e+00 


epoch85##########################################################
Train : loss:7.75e-04  =  7.65e-04 + alpha*9.69e-05
Valid : loss:1.57e-03  =  1.55e-03 + alpha*1.62e-04
Test: loss:1.28e-03  =  1.26e-03 + alpha*1.54e-04
Valid performance:
 mse:1.55e-03, IC:1.55e-02, RIC:2.12e-01, prec@10:4.86e-01, SR:1.02e+00
Test performance:
 mse:1.26e-03, IC:1.57e-02, RIC:2.72e-01, prec@10:5.12e-01, SR:3.88e+00 


epoch86##########################################################
Train : loss:7.65e-04  =  7.56e-04 + alpha*9.84e-05
Valid : loss:1.53e-03  =  1.52e-03 + alpha*1.48e-04
Test: loss:1.18e-03  =  1.16e-03 + alpha*1.41e-04
Valid performance:
 mse:1.52e-03, IC:4.01e-02, RIC:6.06e-01, prec@10:4.94e-01, SR:-1.82e-01
Test performance:
 mse:1.16e-03, IC:3.31e-02, RIC:7.00e-01, prec@10:5.10e-01, SR:4.72e+00 


epoch87##########################################################
Train : loss:7.70e-04  =  7.60e-04 + alpha*9.81e-05
Valid : loss:1.68e-03  =  1.66e-03 + alpha*1.60e-04
Test: loss:1.30e-03  =  1.28e-03 + alpha*1.66e-04
Valid performance:
 mse:1.66e-03, IC:6.55e-02, RIC:5.54e-01, prec@10:4.96e-01, SR:4.02e-01
Test performance:
 mse:1.28e-03, IC:4.27e-02, RIC:4.02e-01, prec@10:5.04e-01, SR:2.97e+00 


epoch88##########################################################
Train : loss:7.99e-04  =  7.89e-04 + alpha*9.94e-05
Valid : loss:1.60e-03  =  1.58e-03 + alpha*1.76e-04
Test: loss:1.30e-03  =  1.28e-03 + alpha*1.70e-04
Valid performance:
 mse:1.58e-03, IC:5.61e-03, RIC:7.47e-02, prec@10:4.90e-01, SR:3.51e+00
Test performance:
 mse:1.28e-03, IC:1.71e-02, RIC:2.79e-01, prec@10:5.14e-01, SR:4.10e+00 


epoch89##########################################################
