2025-06-17 01:32:46,522 - INFO - 🎯 股票预测模型批量训练系统
2025-06-17 01:32:46,523 - INFO - ================================================================================
2025-06-17 01:32:46,523 - INFO - 📊 目标数据集: SP500
2025-06-17 01:32:46,524 - INFO - 🔧 运行模式: parallel
2025-06-17 01:32:46,524 - INFO - 📝 要运行的模型: ['StockPredict', 'GCN', 'LSTM', 'LinearModel', 'STHAN-SR']
2025-06-17 01:32:46,524 - INFO - 📝 总模型数量: 5
2025-06-17 01:32:46,524 - INFO - 📁 工作目录: C:\Users\Administrator\Desktop\Stock\src
2025-06-17 01:32:46,525 - INFO - ================================================================================
2025-06-17 01:32:46,525 - INFO - 
🔍 步骤0: 环境检查
2025-06-17 01:32:46,525 - INFO - 🔍 检查运行环境...
2025-06-17 01:32:50,101 - INFO - ✅ 检测到 1 个GPU
2025-06-17 01:32:50,101 - INFO - ✅ 环境检查通过
2025-06-17 01:32:50,102 - INFO - 
📝 步骤1: 更新数据集设置
2025-06-17 01:32:50,102 - INFO - 🔄 开始更新脚本的数据集设置为: SP500
2025-06-17 01:32:50,108 - INFO - 📁 已备份: train.py -> ../backup_original_files\train.py.backup_20250617_013250
2025-06-17 01:32:50,115 - INFO - 📁 已备份: gcn_train.py -> ../backup_original_files\gcn_train.py.backup_20250617_013250
2025-06-17 01:32:50,119 - INFO - 📁 已备份: lstm_train.py -> ../backup_original_files\lstm_train.py.backup_20250617_013250
2025-06-17 01:32:50,122 - INFO - 📁 已备份: linear_train.py -> ../backup_original_files\linear_train.py.backup_20250617_013250
2025-06-17 01:32:50,125 - INFO - 📁 已备份: sthan_sr_train.py -> ../backup_original_files\sthan_sr_train.py.backup_20250617_013250
2025-06-17 01:32:50,129 - INFO - ✅ 已更新 train.py 中的market_name为: SP500
2025-06-17 01:32:50,131 - INFO - ✅ 已更新 gcn_train.py 中的market_name为: SP500
2025-06-17 01:32:50,132 - INFO - ✅ 已更新 lstm_train.py 中的market_name为: SP500
2025-06-17 01:32:50,134 - INFO - ✅ 已更新 linear_train.py 中的market_name为: SP500
2025-06-17 01:32:50,136 - INFO - ✅ 已更新 sthan_sr_train.py 中的market_name为: SP500
2025-06-17 01:32:50,136 - INFO - ✅ 成功更新 5/5 个脚本
2025-06-17 01:32:50,137 - INFO - 
🚀 步骤2: 开始parallel训练
2025-06-17 01:32:51,149 - INFO - 🚀 开始并行训练所有模型...
2025-06-17 01:32:51,149 - WARNING - ⚠️  并行模式可能需要大量GPU内存!
2025-06-17 01:32:51,151 - INFO - 🚀 启动 StockPredict 训练线程...
2025-06-17 01:32:51,152 - INFO - 🚀 开始训练 StockPredict...
2025-06-17 01:32:52,154 - INFO - 🚀 启动 GCN 训练线程...
2025-06-17 01:32:52,154 - INFO - 🚀 开始训练 GCN...
2025-06-17 01:32:53,166 - INFO - 🚀 启动 LSTM 训练线程...
2025-06-17 01:32:53,166 - INFO - 🚀 开始训练 LSTM...
2025-06-17 01:32:54,182 - INFO - 🚀 启动 LinearModel 训练线程...
2025-06-17 01:32:54,183 - INFO - 🚀 开始训练 LinearModel...
2025-06-17 01:32:55,197 - INFO - 🚀 启动 STHAN-SR 训练线程...
2025-06-17 01:32:55,197 - INFO - 🚀 开始训练 STHAN-SR...
2025-06-17 01:41:29,933 - INFO - ✅ LinearModel 训练完成! 耗时: 515.8秒
2025-06-17 01:41:29,933 - INFO - 📄 详细日志: ../logs\batch_training_SP500_20250617_013246_LinearModel.log
2025-06-17 01:42:02,430 - INFO - ✅ GCN 训练完成! 耗时: 550.3秒
2025-06-17 01:42:02,431 - INFO - 📄 详细日志: ../logs\batch_training_SP500_20250617_013246_GCN.log
2025-06-17 01:43:16,947 - INFO - ✅ STHAN-SR 训练完成! 耗时: 621.7秒
2025-06-17 01:43:16,947 - INFO - 📄 详细日志: ../logs\batch_training_SP500_20250617_013246_STHAN-SR.log
2025-06-17 01:44:25,977 - INFO - ✅ LSTM 训练完成! 耗时: 692.8秒
2025-06-17 01:44:25,978 - INFO - 📄 详细日志: ../logs\batch_training_SP500_20250617_013246_LSTM.log
2025-06-17 01:52:43,949 - INFO - ✅ StockPredict 训练完成! 耗时: 1192.8秒
2025-06-17 01:52:43,949 - INFO - 📄 详细日志: ../logs\batch_training_SP500_20250617_013246_StockPredict.log
2025-06-17 01:52:43,950 - INFO - 
🏁 所有模型训练完成! 总耗时: 1192.8秒
2025-06-17 01:52:43,950 - INFO - 
📊 步骤3: 汇总结果
2025-06-17 01:52:43,950 - INFO - 
================================================================================
2025-06-17 01:52:43,950 - INFO - 📊 训练结果汇总
2025-06-17 01:52:43,950 - INFO - ================================================================================
2025-06-17 01:52:43,951 - INFO - StockPredict   : ✅ 成功 (耗时: 1192.8s)
2025-06-17 01:52:43,951 - INFO - GCN            : ✅ 成功 (耗时: 550.3s)
2025-06-17 01:52:43,951 - INFO - LSTM           : ✅ 成功 (耗时: 692.8s)
2025-06-17 01:52:43,951 - INFO - LinearModel    : ✅ 成功 (耗时: 515.8s)
2025-06-17 01:52:43,951 - INFO - STHAN-SR       : ✅ 成功 (耗时: 621.7s)
2025-06-17 01:52:43,951 - INFO - --------------------------------------------------------------------------------
2025-06-17 01:52:43,951 - INFO - 总计: 5/5 个模型训练成功
2025-06-17 01:52:43,951 - INFO - 🎉 所有模型训练完成！
2025-06-17 01:52:43,952 - INFO - 📈 结果文件: ../training_results.xlsx
2025-06-17 01:52:43,952 - INFO -    文件大小: 12256 bytes
2025-06-17 01:52:43,952 - INFO -    修改时间: 2025-06-17 01:52:43
2025-06-17 01:52:43,989 - INFO -    记录数量: 42 条
2025-06-17 01:52:43,990 - INFO -    最近结果:
2025-06-17 01:52:43,993 - INFO -      LinearModel: IC=-0.0051
2025-06-17 01:52:43,993 - INFO -      GCN: IC=0.0373
2025-06-17 01:52:43,993 - INFO -      STHAN-SR: IC=0.0160
2025-06-17 01:52:43,994 - INFO -      LSTM: IC=0.0012
2025-06-17 01:52:43,994 - INFO -      StockPredict: IC=0.0298
2025-06-17 01:52:43,994 - INFO - 
🎉 批量训练任务完成!
2025-06-17 01:52:43,994 - INFO - 📄 完整日志保存在: ../logs\batch_training_SP500_20250617_013246.log
