原始NASDAQ数据形状: (934, 1148, 5) (股票数: 934, 天数: 1148, 特征数: 5)
使用全部5年数据 (2020-2024)，数据形状: (934, 1148, 5)
市场为 NASDAQ，实际加载股票数量更新为: 934
市场为 NASDAQ，实际加载股票数量更新为: 934
总交易天数: 1148
根据 60%/20%/_ 分割比例 (已调整为满足最小数据集要求):
训练集天数 (0-indexed, up to valid_index-1): 688 (实际比例: 59.9%)
验证集天数 (valid_index to test_index-1): 230 (实际比例: 20.0%)
测试集天数 (test_index to end): 230 (实际比例: 20.0%)
验证集起始索引 (valid_index): 688
测试集起始索引 (test_index): 918
✅ 数据集分割检查通过
epoch1##########################################################
Train : loss:6.24e+12  =  6.24e+12 + alpha*1.51e+03
Valid : loss:5.58e+10  =  5.58e+10 + alpha*1.69e+03
Test: loss:1.38e+11  =  1.37e+11 + alpha*2.81e+09
Valid performance:
 mse:5.58e+10, IC:-6.69e-04, RIC:-1.90e-02, prec@10:4.80e-01, SR:1.19e+00
Test performance:
 mse:1.37e+11, IC:7.55e-04, RIC:9.41e-03, prec@10:4.81e-01, SR:2.04e+00 


epoch2##########################################################
Train : loss:2.52e+12  =  2.52e+12 + alpha*1.00e+03
Valid : loss:1.80e+11  =  1.80e+11 + alpha*2.60e+03
Test: loss:1.79e+11  =  1.78e+11 + alpha*5.55e+09
Valid performance:
 mse:1.80e+11, IC:-1.59e-03, RIC:-6.18e-02, prec@10:4.74e-01, SR:7.19e-01
Test performance:
 mse:1.78e+11, IC:-1.67e-03, RIC:-2.24e-02, prec@10:4.87e-01, SR:1.38e+00 


epoch3##########################################################
Train : loss:1.15e+12  =  1.15e+12 + alpha*5.51e+02
Valid : loss:4.07e+11  =  4.07e+11 + alpha*3.63e+03
Test: loss:3.12e+11  =  3.11e+11 + alpha*8.45e+09
Valid performance:
 mse:4.07e+11, IC:-1.74e-03, RIC:-7.02e-02, prec@10:4.83e-01, SR:1.36e+00
Test performance:
 mse:3.11e+11, IC:-3.02e-03, RIC:-4.25e-02, prec@10:4.83e-01, SR:7.95e-01 


epoch4##########################################################
Train : loss:4.54e+11  =  4.54e+11 + alpha*3.93e+02
Valid : loss:1.01e+10  =  1.01e+10 + alpha*6.61e+02
Test: loss:2.92e+10  =  2.90e+10 + alpha*1.26e+09
Valid performance:
 mse:1.01e+10, IC:-2.13e-03, RIC:-8.00e-02, prec@10:4.89e-01, SR:1.03e+00
Test performance:
 mse:2.90e+10, IC:-4.04e-03, RIC:-5.44e-02, prec@10:4.78e-01, SR:-3.36e-01 


epoch5##########################################################
Train : loss:1.98e+11  =  1.98e+11 + alpha*2.85e+02
Valid : loss:2.53e+10  =  2.53e+10 + alpha*9.60e+02
Test: loss:3.65e+10  =  3.63e+10 + alpha*2.09e+09
Valid performance:
 mse:2.53e+10, IC:-2.17e-03, RIC:-8.62e-02, prec@10:4.82e-01, SR:4.34e-01
Test performance:
 mse:3.63e+10, IC:-3.68e-03, RIC:-5.15e-02, prec@10:4.84e-01, SR:9.15e-01 


epoch6##########################################################
Train : loss:1.05e+11  =  1.05e+11 + alpha*2.61e+02
Valid : loss:8.84e+08  =  8.84e+08 + alpha*1.18e+02
Test: loss:1.52e+10  =  1.52e+10 + alpha*3.24e+02
Valid performance:
 mse:8.84e+08, IC:1.40e-03, RIC:3.99e-02, prec@10:5.92e-01, SR:1.37e+00
Test performance:
 mse:1.52e+10, IC:3.55e-03, RIC:5.09e-02, prec@10:5.04e-01, SR:1.05e+00 


epoch7##########################################################
Train : loss:1.14e+11  =  1.14e+11 + alpha*2.20e+02
Valid : loss:3.98e+11  =  3.98e+11 + alpha*6.58e+02
Test: loss:2.70e+11  =  2.70e+11 + alpha*5.90e+02
Valid performance:
 mse:3.98e+11, IC:1.91e-03, RIC:7.73e-02, prec@10:6.23e-01, SR:1.08e+00
Test performance:
 mse:2.70e+11, IC:4.60e-03, RIC:6.58e-02, prec@10:5.05e-01, SR:1.05e+00 


epoch8##########################################################
Train : loss:4.85e+10  =  4.85e+10 + alpha*1.18e+02
Valid : loss:1.11e+11  =  1.11e+11 + alpha*1.85e+03
Test: loss:9.20e+10  =  9.15e+10 + alpha*4.43e+09
Valid performance:
 mse:1.11e+11, IC:-1.78e-03, RIC:-7.23e-02, prec@10:4.80e-01, SR:8.03e-01
Test performance:
 mse:9.15e+10, IC:-6.27e-03, RIC:-8.95e-02, prec@10:4.56e-01, SR:-5.47e-01 


epoch9##########################################################
Train : loss:2.77e+10  =  2.77e+10 + alpha*1.12e+02
Valid : loss:2.99e+11  =  2.99e+11 + alpha*5.64e+02
Test: loss:2.04e+11  =  2.04e+11 + alpha*4.99e+02
Valid performance:
 mse:2.99e+11, IC:1.90e-03, RIC:7.69e-02, prec@10:6.32e-01, SR:1.08e+00
Test performance:
 mse:2.04e+11, IC:6.18e-03, RIC:8.74e-02, prec@10:5.00e-01, SR:1.05e+00 


epoch10##########################################################
Train : loss:1.27e+11  =  1.27e+11 + alpha*2.57e+02
Valid : loss:1.85e+10  =  1.85e+10 + alpha*7.75e+02
Test: loss:2.72e+10  =  2.70e+10 + alpha*1.80e+09
Valid performance:
 mse:1.85e+10, IC:-1.96e-03, RIC:-8.00e-02, prec@10:4.79e-01, SR:1.21e+00
Test performance:
 mse:2.70e+10, IC:-5.78e-03, RIC:-8.17e-02, prec@10:4.68e-01, SR:1.19e+00 


epoch11##########################################################
Train : loss:1.34e+11  =  1.34e+11 + alpha*2.04e+02
Valid : loss:6.18e+11  =  6.18e+11 + alpha*8.28e+02
Test: loss:4.14e+11  =  4.14e+11 + alpha*7.93e+02
Valid performance:
 mse:6.18e+11, IC:1.81e-03, RIC:7.29e-02, prec@10:6.19e-01, SR:1.11e+00
Test performance:
 mse:4.14e+11, IC:8.47e-04, RIC:1.16e-02, prec@10:4.92e-01, SR:1.05e+00 


epoch12##########################################################
Train : loss:9.33e+10  =  9.33e+10 + alpha*2.66e+02
Valid : loss:7.19e+11  =  7.19e+11 + alpha*4.62e+03
Test: loss:5.05e+11  =  5.04e+11 + alpha*1.13e+10
Valid performance:
 mse:7.19e+11, IC:-1.88e-03, RIC:-7.63e-02, prec@10:4.84e-01, SR:1.10e+00
Test performance:
 mse:5.04e+11, IC:-5.37e-03, RIC:-7.63e-02, prec@10:4.56e-01, SR:8.95e-01 


epoch13##########################################################
Train : loss:1.57e+11  =  1.57e+11 + alpha*2.35e+02
Valid : loss:1.01e+12  =  1.01e+12 + alpha*1.04e+03
Test: loss:6.70e+11  =  6.70e+11 + alpha*9.19e+02
Valid performance:
 mse:1.01e+12, IC:1.92e-03, RIC:7.77e-02, prec@10:6.27e-01, SR:1.12e+00
Test performance:
 mse:6.70e+11, IC:6.31e-03, RIC:8.93e-02, prec@10:5.17e-01, SR:1.05e+00 


epoch14##########################################################
Train : loss:2.03e+11  =  2.03e+11 + alpha*2.98e+02
Valid : loss:8.77e+10  =  8.77e+10 + alpha*1.65e+03
Test: loss:7.62e+10  =  7.57e+10 + alpha*3.93e+09
Valid performance:
 mse:8.77e+10, IC:-1.88e-03, RIC:-7.69e-02, prec@10:4.83e-01, SR:6.79e-01
Test performance:
 mse:7.57e+10, IC:-7.61e-03, RIC:-1.06e-01, prec@10:4.47e-01, SR:-1.19e+00 


epoch15##########################################################
Train : loss:1.01e+11  =  1.01e+11 + alpha*2.26e+02
Valid : loss:2.83e+10  =  2.83e+10 + alpha*2.34e+02
Test: loss:2.96e+10  =  2.96e+10 + alpha*3.47e+02
Valid performance:
 mse:2.83e+10, IC:1.35e-03, RIC:5.33e-02, prec@10:5.83e-01, SR:1.03e+00
Test performance:
 mse:2.96e+10, IC:1.58e-03, RIC:2.22e-02, prec@10:4.94e-01, SR:1.05e+00 


epoch16##########################################################
Train : loss:8.32e+10  =  8.32e+10 + alpha*1.74e+02
Valid : loss:7.85e+08  =  7.85e+08 + alpha*2.06e+02
Test: loss:1.51e+10  =  1.51e+10 + alpha*2.86e+08
Valid performance:
 mse:7.85e+08, IC:-3.23e-03, RIC:-7.45e-02, prec@10:4.83e-01, SR:-2.37e-01
Test performance:
 mse:1.51e+10, IC:-6.16e-03, RIC:-6.86e-02, prec@10:4.58e-01, SR:3.74e-01 


epoch17##########################################################
Train : loss:4.42e+11  =  4.42e+11 + alpha*4.87e+02
Valid : loss:1.18e+10  =  1.18e+10 + alpha*2.12e+02
Test: loss:2.19e+10  =  2.19e+10 + alpha*4.14e+02
Valid performance:
 mse:1.18e+10, IC:3.67e-03, RIC:1.12e-01, prec@10:5.84e-01, SR:1.38e+00
Test performance:
 mse:2.19e+10, IC:1.18e-02, RIC:1.55e-01, prec@10:4.90e-01, SR:1.05e+00 


epoch18##########################################################
Train : loss:1.37e+11  =  1.37e+11 + alpha*2.31e+02
Valid : loss:5.10e+09  =  5.10e+09 + alpha*1.46e+02
Test: loss:1.52e+10  =  1.52e+10 + alpha*2.71e+02
Valid performance:
 mse:5.10e+09, IC:1.48e-03, RIC:4.99e-02, prec@10:5.86e-01, SR:1.12e+00
Test performance:
 mse:1.52e+10, IC:4.42e-03, RIC:6.32e-02, prec@10:5.04e-01, SR:1.05e+00 


epoch19##########################################################
Train : loss:1.24e+11  =  1.24e+11 + alpha*2.91e+02
Valid : loss:5.02e+08  =  5.02e+08 + alpha*1.56e+02
Test: loss:1.31e+10  =  1.31e+10 + alpha*2.62e+08
Valid performance:
 mse:5.02e+08, IC:-1.99e-03, RIC:-5.46e-02, prec@10:4.85e-01, SR:1.09e+00
Test performance:
 mse:1.31e+10, IC:-5.48e-03, RIC:-8.86e-02, prec@10:4.54e-01, SR:-9.01e-01 


epoch20##########################################################
Train : loss:4.47e+10  =  4.47e+10 + alpha*1.17e+02
Valid : loss:7.78e+11  =  7.78e+11 + alpha*9.01e+02
Test: loss:5.19e+11  =  5.19e+11 + alpha*7.94e+02
Valid performance:
 mse:7.78e+11, IC:1.85e-03, RIC:7.49e-02, prec@10:6.27e-01, SR:1.10e+00
Test performance:
 mse:5.19e+11, IC:1.87e-03, RIC:2.57e-02, prec@10:4.90e-01, SR:1.05e+00 


epoch21##########################################################
Train : loss:1.28e+11  =  1.28e+11 + alpha*2.94e+02
Valid : loss:2.15e+10  =  2.15e+10 + alpha*2.24e+02
Test: loss:2.58e+10  =  2.58e+10 + alpha*3.59e+02
Valid performance:
 mse:2.15e+10, IC:1.68e-03, RIC:6.61e-02, prec@10:5.89e-01, SR:1.05e+00
Test performance:
 mse:2.58e+10, IC:5.52e-03, RIC:7.73e-02, prec@10:4.84e-01, SR:1.05e+00 


epoch22##########################################################
Train : loss:9.67e+10  =  9.67e+10 + alpha*2.42e+02
Valid : loss:2.94e+12  =  2.94e+12 + alpha*9.31e+03
Test: loss:1.99e+12  =  1.99e+12 + alpha*2.28e+10
Valid performance:
 mse:2.94e+12, IC:-1.89e-03, RIC:-7.67e-02, prec@10:4.90e-01, SR:-6.69e-01
Test performance:
 mse:1.99e+12, IC:-5.20e-03, RIC:-7.21e-02, prec@10:4.70e-01, SR:-2.76e+00 


epoch23##########################################################
Train : loss:2.49e+11  =  2.49e+11 + alpha*2.82e+02
Valid : loss:4.17e+09  =  4.17e+09 + alpha*1.44e+02
Test: loss:1.51e+10  =  1.51e+10 + alpha*3.22e+02
Valid performance:
 mse:4.17e+09, IC:1.26e-03, RIC:4.40e-02, prec@10:5.83e-01, SR:1.04e+00
Test performance:
 mse:1.51e+10, IC:3.08e-03, RIC:4.05e-02, prec@10:4.98e-01, SR:1.05e+00 


epoch24##########################################################
Train : loss:1.09e+11  =  1.09e+11 + alpha*1.74e+02
Valid : loss:1.41e+11  =  1.41e+11 + alpha*2.11e+03
Test: loss:1.13e+11  =  1.12e+11 + alpha*4.98e+09
Valid performance:
 mse:1.41e+11, IC:-1.92e-03, RIC:-7.77e-02, prec@10:4.84e-01, SR:5.96e-01
Test performance:
 mse:1.12e+11, IC:-5.18e-03, RIC:-7.30e-02, prec@10:4.50e-01, SR:6.98e-01 


epoch25##########################################################
Train : loss:1.41e+11  =  1.41e+11 + alpha*3.63e+02
Valid : loss:6.55e+08  =  6.55e+08 + alpha*8.74e+01
Test: loss:1.29e+10  =  1.29e+10 + alpha*2.37e+02
Valid performance:
 mse:6.55e+08, IC:2.20e-03, RIC:6.11e-02, prec@10:5.80e-01, SR:1.16e+00
Test performance:
 mse:1.29e+10, IC:3.75e-04, RIC:4.71e-03, prec@10:4.88e-01, SR:1.05e+00 


epoch26##########################################################
Train : loss:1.07e+11  =  1.07e+11 + alpha*2.36e+02
Valid : loss:4.77e+10  =  4.77e+10 + alpha*1.25e+03
Test: loss:4.88e+10  =  4.85e+10 + alpha*2.90e+09
Valid performance:
 mse:4.77e+10, IC:-1.78e-03, RIC:-6.97e-02, prec@10:4.91e-01, SR:1.32e+00
Test performance:
 mse:4.85e+10, IC:-1.38e-03, RIC:-1.91e-02, prec@10:4.79e-01, SR:2.55e+00 


epoch27##########################################################
Train : loss:1.05e+11  =  1.05e+11 + alpha*1.71e+02
Valid : loss:9.10e+09  =  9.10e+09 + alpha*5.68e+02
Test: loss:2.04e+10  =  2.03e+10 + alpha*1.26e+09
Valid performance:
 mse:9.10e+09, IC:-2.00e-03, RIC:-8.11e-02, prec@10:4.86e-01, SR:1.14e+00
Test performance:
 mse:2.03e+10, IC:-4.01e-03, RIC:-5.58e-02, prec@10:4.47e-01, SR:4.95e-01 


epoch28##########################################################
Train : loss:8.75e+10  =  8.75e+10 + alpha*1.86e+02
Valid : loss:4.88e+09  =  4.88e+09 + alpha*1.30e+02
Test: loss:1.50e+10  =  1.50e+10 + alpha*2.60e+02
Valid performance:
 mse:4.88e+09, IC:1.67e-03, RIC:6.14e-02, prec@10:5.93e-01, SR:1.09e+00
Test performance:
 mse:1.50e+10, IC:8.09e-04, RIC:1.05e-02, prec@10:4.89e-01, SR:1.05e+00 


epoch29##########################################################
Train : loss:2.22e+11  =  2.22e+11 + alpha*2.77e+02
Valid : loss:3.29e+10  =  3.29e+10 + alpha*1.05e+03
Test: loss:3.83e+10  =  3.81e+10 + alpha*2.40e+09
Valid performance:
 mse:3.29e+10, IC:-1.77e-03, RIC:-7.15e-02, prec@10:4.89e-01, SR:-5.03e-01
Test performance:
 mse:3.81e+10, IC:-1.98e-03, RIC:-2.75e-02, prec@10:4.59e-01, SR:9.78e-01 


epoch30##########################################################
Train : loss:8.70e+10  =  8.70e+10 + alpha*2.77e+02
Valid : loss:1.33e+10  =  1.33e+10 + alpha*7.08e+02
Test: loss:2.47e+10  =  2.45e+10 + alpha*1.52e+09
Valid performance:
 mse:1.33e+10, IC:-2.02e-03, RIC:-7.90e-02, prec@10:4.91e-01, SR:3.65e-01
Test performance:
 mse:2.45e+10, IC:-5.80e-03, RIC:-7.84e-02, prec@10:4.49e-01, SR:-1.03e+00 


epoch31##########################################################
Train : loss:1.23e+11  =  1.23e+11 + alpha*2.29e+02
Valid : loss:1.82e+11  =  1.82e+11 + alpha*4.63e+02
Test: loss:1.29e+11  =  1.29e+11 + alpha*4.70e+02
Valid performance:
 mse:1.82e+11, IC:1.96e-03, RIC:7.92e-02, prec@10:6.12e-01, SR:1.08e+00
Test performance:
 mse:1.29e+11, IC:5.01e-03, RIC:7.11e-02, prec@10:5.14e-01, SR:1.05e+00 


epoch32##########################################################
Train : loss:3.00e+11  =  3.00e+11 + alpha*2.56e+02
Valid : loss:4.54e+09  =  4.54e+09 + alpha*4.43e+02
Test: loss:1.82e+10  =  1.81e+10 + alpha*8.55e+08
Valid performance:
 mse:4.54e+09, IC:-1.16e-03, RIC:-4.60e-02, prec@10:4.81e-01, SR:1.42e-01
Test performance:
 mse:1.81e+10, IC:-2.85e-03, RIC:-4.00e-02, prec@10:4.50e-01, SR:3.36e-01 


epoch33##########################################################
Train : loss:8.66e+10  =  8.66e+10 + alpha*1.43e+02
Valid : loss:2.99e+10  =  2.99e+10 + alpha*2.44e+02
Test: loss:3.08e+10  =  3.08e+10 + alpha*3.84e+02
Valid performance:
 mse:2.99e+10, IC:1.70e-03, RIC:6.66e-02, prec@10:5.85e-01, SR:1.03e+00
Test performance:
 mse:3.08e+10, IC:1.38e-03, RIC:1.87e-02, prec@10:4.79e-01, SR:1.05e+00 


epoch34##########################################################
Train : loss:1.53e+11  =  1.53e+11 + alpha*3.74e+02
Valid : loss:1.22e+12  =  1.22e+12 + alpha*1.11e+03
Test: loss:8.09e+11  =  8.09e+11 + alpha*9.20e+02
Valid performance:
 mse:1.22e+12, IC:1.91e-03, RIC:7.77e-02, prec@10:6.36e-01, SR:1.04e+00
Test performance:
 mse:8.09e+11, IC:6.34e-03, RIC:8.66e-02, prec@10:5.04e-01, SR:1.05e+00 


epoch35##########################################################
Train : loss:7.73e+10  =  7.73e+10 + alpha*1.83e+02
Valid : loss:1.55e+10  =  1.55e+10 + alpha*7.13e+02
Test: loss:2.45e+10  =  2.43e+10 + alpha*1.65e+09
Valid performance:
 mse:1.55e+10, IC:-1.85e-03, RIC:-7.38e-02, prec@10:4.94e-01, SR:1.59e+00
Test performance:
 mse:2.43e+10, IC:-3.59e-03, RIC:-5.08e-02, prec@10:4.45e-01, SR:9.14e-01 


epoch36##########################################################
Train : loss:8.52e+10  =  8.52e+10 + alpha*1.88e+02
Valid : loss:5.41e+08  =  5.41e+08 + alpha*1.70e+02
Test: loss:1.36e+10  =  1.36e+10 + alpha*2.57e+08
Valid performance:
 mse:5.41e+08, IC:-2.76e-03, RIC:-6.85e-02, prec@10:5.01e-01, SR:6.95e-01
Test performance:
 mse:1.36e+10, IC:-1.91e-03, RIC:-2.45e-02, prec@10:4.78e-01, SR:1.07e+00 


epoch37##########################################################
Train : loss:9.57e+10  =  9.57e+10 + alpha*2.12e+02
Valid : loss:7.57e+10  =  7.57e+10 + alpha*1.58e+03
Test: loss:6.83e+10  =  6.78e+10 + alpha*3.64e+09
Valid performance:
 mse:7.57e+10, IC:-2.04e-03, RIC:-8.17e-02, prec@10:4.94e-01, SR:1.63e+00
Test performance:
 mse:6.78e+10, IC:-5.64e-03, RIC:-7.69e-02, prec@10:4.35e-01, SR:-1.16e+00 


epoch38##########################################################
Train : loss:9.77e+10  =  9.77e+10 + alpha*3.14e+02
Valid : loss:8.78e+09  =  8.78e+09 + alpha*5.75e+02
Test: loss:2.05e+10  =  2.03e+10 + alpha*1.23e+09
Valid performance:
 mse:8.78e+09, IC:-1.21e-03, RIC:-4.83e-02, prec@10:4.87e-01, SR:1.29e+00
Test performance:
 mse:2.03e+10, IC:-2.24e-03, RIC:-3.09e-02, prec@10:4.52e-01, SR:1.24e+00 


epoch39##########################################################
Train : loss:9.78e+10  =  9.78e+10 + alpha*2.46e+02
Valid : loss:2.61e+12  =  2.61e+12 + alpha*8.78e+03
Test: loss:1.78e+12  =  1.78e+12 + alpha*2.15e+10
Valid performance:
 mse:2.61e+12, IC:-1.83e-03, RIC:-7.42e-02, prec@10:4.75e-01, SR:-9.49e-01
Test performance:
 mse:1.78e+12, IC:-3.88e-03, RIC:-5.31e-02, prec@10:4.58e-01, SR:1.67e+00 


epoch40##########################################################
Train : loss:4.19e+11  =  4.19e+11 + alpha*4.20e+02
Valid : loss:1.42e+11  =  1.42e+11 + alpha*2.11e+03
Test: loss:1.14e+11  =  1.13e+11 + alpha*4.99e+09
Valid performance:
 mse:1.42e+11, IC:-1.82e-03, RIC:-7.31e-02, prec@10:4.81e-01, SR:5.53e-01
Test performance:
 mse:1.13e+11, IC:-5.03e-03, RIC:-7.06e-02, prec@10:4.57e-01, SR:1.71e+00 


epoch41##########################################################
Train : loss:1.06e+11  =  1.06e+11 + alpha*2.06e+02
Valid : loss:4.38e+10  =  4.38e+10 + alpha*2.47e+02
Test: loss:3.86e+10  =  3.86e+10 + alpha*2.98e+02
Valid performance:
 mse:4.38e+10, IC:1.87e-03, RIC:7.63e-02, prec@10:5.93e-01, SR:1.08e+00
Test performance:
 mse:3.86e+10, IC:7.39e-03, RIC:1.04e-01, prec@10:5.11e-01, SR:1.05e+00 


epoch42##########################################################
Train : loss:9.40e+10  =  9.40e+10 + alpha*1.59e+02
Valid : loss:9.29e+07  =  9.29e+07 + alpha*5.65e+01
Test: loss:1.24e+10  =  1.24e+10 + alpha*1.39e+07
Valid performance:
 mse:9.29e+07, IC:5.54e-03, RIC:8.53e-02, prec@10:4.91e-01, SR:9.67e-01
Test performance:
 mse:1.24e+10, IC:6.42e-04, RIC:7.55e-03, prec@10:4.36e-01, SR:9.35e-01 


epoch43##########################################################
Train : loss:1.53e+11  =  1.53e+11 + alpha*2.28e+02
Valid : loss:4.80e+10  =  4.80e+10 + alpha*2.73e+02
Test: loss:4.18e+10  =  4.18e+10 + alpha*3.47e+02
Valid performance:
 mse:4.80e+10, IC:1.59e-03, RIC:6.45e-02, prec@10:6.00e-01, SR:1.06e+00
Test performance:
 mse:4.18e+10, IC:3.36e-03, RIC:4.68e-02, prec@10:5.05e-01, SR:1.05e+00 


epoch44##########################################################
Train : loss:7.56e+10  =  7.56e+10 + alpha*2.36e+02
Valid : loss:1.52e+10  =  1.52e+10 + alpha*7.58e+02
Test: loss:2.52e+10  =  2.50e+10 + alpha*1.62e+09
Valid performance:
 mse:1.52e+10, IC:-2.87e-03, RIC:-1.04e-01, prec@10:4.77e-01, SR:3.95e-02
Test performance:
 mse:2.50e+10, IC:-8.93e-03, RIC:-1.21e-01, prec@10:4.47e-01, SR:4.83e-01 


epoch45##########################################################
Train : loss:3.25e+11  =  3.25e+11 + alpha*4.89e+02
Valid : loss:4.18e+11  =  4.18e+11 + alpha*7.13e+02
Test: loss:2.85e+11  =  2.85e+11 + alpha*7.68e+02
Valid performance:
 mse:4.18e+11, IC:2.02e-03, RIC:8.19e-02, prec@10:6.03e-01, SR:1.09e+00
Test performance:
 mse:2.85e+11, IC:5.34e-03, RIC:7.54e-02, prec@10:4.89e-01, SR:1.05e+00 


epoch46##########################################################
Train : loss:1.70e+11  =  1.70e+11 + alpha*2.36e+02
Valid : loss:3.53e+11  =  3.53e+11 + alpha*6.15e+02
Test: loss:2.40e+11  =  2.40e+11 + alpha*5.67e+02
Valid performance:
 mse:3.53e+11, IC:2.03e-03, RIC:8.25e-02, prec@10:6.34e-01, SR:1.38e+00
Test performance:
 mse:2.40e+11, IC:7.48e-03, RIC:1.06e-01, prec@10:5.07e-01, SR:1.05e+00 


epoch47##########################################################
Train : loss:1.24e+11  =  1.24e+11 + alpha*1.65e+02
Valid : loss:6.92e+09  =  6.92e+09 + alpha*1.41e+02
Test: loss:1.63e+10  =  1.63e+10 + alpha*2.71e+02
Valid performance:
 mse:6.92e+09, IC:1.54e-03, RIC:5.94e-02, prec@10:5.87e-01, SR:1.02e+00
Test performance:
 mse:1.63e+10, IC:2.63e-03, RIC:3.47e-02, prec@10:4.84e-01, SR:1.05e+00 


epoch48##########################################################
Train : loss:5.16e+10  =  5.16e+10 + alpha*2.54e+02
Valid : loss:3.22e+08  =  3.22e+08 + alpha*1.38e+02
Test: loss:1.28e+10  =  1.28e+10 + alpha*1.90e+08
Valid performance:
 mse:3.22e+08, IC:-2.63e-03, RIC:-7.13e-02, prec@10:4.87e-01, SR:8.63e-01
Test performance:
 mse:1.28e+10, IC:-1.21e-02, RIC:-1.57e-01, prec@10:4.33e-01, SR:-2.07e+00 


epoch49##########################################################
Train : loss:1.52e+11  =  1.52e+11 + alpha*2.06e+02
Valid : loss:6.26e+10  =  6.26e+10 + alpha*3.00e+02
Test: loss:5.13e+10  =  5.13e+10 + alpha*3.76e+02
Valid performance:
 mse:6.26e+10, IC:1.88e-03, RIC:7.57e-02, prec@10:5.87e-01, SR:1.06e+00
Test performance:
 mse:5.13e+10, IC:3.32e-03, RIC:4.66e-02, prec@10:5.03e-01, SR:1.05e+00 


epoch50##########################################################
Train : loss:4.31e+10  =  4.31e+10 + alpha*1.75e+02
Valid : loss:1.30e+09  =  1.30e+09 + alpha*2.46e+02
Test: loss:1.45e+10  =  1.44e+10 + alpha*4.41e+08
Valid performance:
 mse:1.30e+09, IC:-1.66e-03, RIC:-5.61e-02, prec@10:4.90e-01, SR:-1.46e-01
Test performance:
 mse:1.44e+10, IC:-2.57e-03, RIC:-3.28e-02, prec@10:4.59e-01, SR:1.06e+00 


epoch51##########################################################
Train : loss:1.65e+11  =  1.65e+11 + alpha*2.34e+02
Valid : loss:1.35e+11  =  1.35e+11 + alpha*4.46e+02
Test: loss:9.96e+10  =  9.96e+10 + alpha*5.41e+02
Valid performance:
 mse:1.35e+11, IC:1.41e-03, RIC:5.67e-02, prec@10:5.94e-01, SR:1.01e+00
Test performance:
 mse:9.96e+10, IC:5.33e-03, RIC:7.65e-02, prec@10:5.17e-01, SR:1.05e+00 


epoch52##########################################################
Train : loss:1.45e+11  =  1.45e+11 + alpha*2.46e+02
Valid : loss:5.27e+09  =  5.27e+09 + alpha*1.55e+02
Test: loss:1.65e+10  =  1.65e+10 + alpha*3.26e+02
Valid performance:
 mse:5.27e+09, IC:1.93e-03, RIC:7.35e-02, prec@10:5.88e-01, SR:1.08e+00
Test performance:
 mse:1.65e+10, IC:6.72e-03, RIC:8.83e-02, prec@10:4.94e-01, SR:1.05e+00 


epoch53##########################################################
Train : loss:8.82e+10  =  8.82e+10 + alpha*1.63e+02
Valid : loss:2.36e+12  =  2.36e+12 + alpha*1.54e+03
Test: loss:1.57e+12  =  1.57e+12 + alpha*1.25e+03
Valid performance:
 mse:2.36e+12, IC:1.83e-03, RIC:7.41e-02, prec@10:6.43e-01, SR:1.04e+00
Test performance:
 mse:1.57e+12, IC:5.22e-03, RIC:7.19e-02, prec@10:4.97e-01, SR:1.05e+00 


epoch54##########################################################
Train : loss:1.38e+11  =  1.38e+11 + alpha*2.76e+02
Valid : loss:7.82e+11  =  7.82e+11 + alpha*9.29e+02
Test: loss:5.24e+11  =  5.24e+11 + alpha*8.69e+02
Valid performance:
 mse:7.82e+11, IC:1.90e-03, RIC:7.71e-02, prec@10:6.24e-01, SR:1.09e+00
Test performance:
 mse:5.24e+11, IC:4.79e-03, RIC:6.48e-02, prec@10:4.87e-01, SR:1.05e+00 


epoch55##########################################################
Train : loss:2.72e+11  =  2.72e+11 + alpha*3.32e+02
Valid : loss:9.04e+08  =  9.04e+08 + alpha*2.33e+02
Test: loss:1.53e+10  =  1.53e+10 + alpha*3.06e+08
Valid performance:
 mse:9.04e+08, IC:-3.27e-03, RIC:-8.52e-02, prec@10:4.83e-01, SR:1.07e-01
Test performance:
 mse:1.53e+10, IC:-5.06e-03, RIC:-5.56e-02, prec@10:4.54e-01, SR:6.64e-01 


epoch56##########################################################
Train : loss:1.25e+11  =  1.25e+11 + alpha*2.85e+02
Valid : loss:6.03e+10  =  6.03e+10 + alpha*1.36e+03
Test: loss:5.61e+10  =  5.57e+10 + alpha*3.26e+09
Valid performance:
 mse:6.03e+10, IC:-1.99e-03, RIC:-8.03e-02, prec@10:4.87e-01, SR:4.70e-02
Test performance:
 mse:5.57e+10, IC:-4.19e-03, RIC:-5.97e-02, prec@10:4.52e-01, SR:7.43e-01 


epoch57##########################################################
Train : loss:2.23e+11  =  2.23e+11 + alpha*3.03e+02
Valid : loss:8.53e+10  =  8.53e+10 + alpha*1.64e+03
Test: loss:7.42e+10  =  7.37e+10 + alpha*3.87e+09
Valid performance:
 mse:8.53e+10, IC:-1.90e-03, RIC:-7.64e-02, prec@10:4.86e-01, SR:2.08e+00
Test performance:
 mse:7.37e+10, IC:-2.44e-03, RIC:-3.32e-02, prec@10:4.50e-01, SR:1.51e+00 


epoch58##########################################################
Train : loss:8.69e+10  =  8.69e+10 + alpha*1.82e+02
Valid : loss:8.62e+10  =  8.62e+10 + alpha*1.64e+03
Test: loss:7.45e+10  =  7.40e+10 + alpha*3.89e+09
Valid performance:
 mse:8.62e+10, IC:-1.88e-03, RIC:-7.59e-02, prec@10:5.02e-01, SR:9.55e-01
Test performance:
 mse:7.40e+10, IC:-5.51e-03, RIC:-7.94e-02, prec@10:4.67e-01, SR:1.30e+00 


epoch59##########################################################
Train : loss:2.77e+11  =  2.77e+11 + alpha*3.08e+02
Valid : loss:3.84e+10  =  3.84e+10 + alpha*2.44e+02
Test: loss:3.60e+10  =  3.60e+10 + alpha*3.20e+02
Valid performance:
 mse:3.84e+10, IC:2.35e-03, RIC:9.53e-02, prec@10:5.94e-01, SR:1.38e+00
Test performance:
 mse:3.60e+10, IC:6.08e-03, RIC:8.64e-02, prec@10:4.99e-01, SR:1.05e+00 


epoch60##########################################################
Train : loss:8.24e+10  =  8.24e+10 + alpha*1.69e+02
Valid : loss:6.64e+10  =  6.64e+10 + alpha*1.44e+03
Test: loss:6.04e+10  =  6.00e+10 + alpha*3.42e+09
Valid performance:
 mse:6.64e+10, IC:-1.89e-03, RIC:-7.66e-02, prec@10:4.89e-01, SR:5.22e-02
Test performance:
 mse:6.00e+10, IC:-4.82e-03, RIC:-6.86e-02, prec@10:4.54e-01, SR:1.20e+00 


epoch61##########################################################
Train : loss:6.01e+10  =  6.01e+10 + alpha*1.56e+02
Valid : loss:2.12e+08  =  2.12e+08 + alpha*1.12e+02
Test: loss:1.26e+10  =  1.26e+10 + alpha*1.36e+08
Valid performance:
 mse:2.12e+08, IC:1.47e-03, RIC:3.81e-02, prec@10:4.83e-01, SR:7.85e-01
Test performance:
 mse:1.26e+10, IC:-7.84e-03, RIC:-1.14e-01, prec@10:4.52e-01, SR:-1.04e+00 


epoch62##########################################################
Train : loss:5.03e+10  =  5.03e+10 + alpha*1.28e+02
Valid : loss:3.09e+11  =  3.09e+11 + alpha*3.06e+03
Test: loss:2.27e+11  =  2.26e+11 + alpha*7.37e+09
Valid performance:
 mse:3.09e+11, IC:-1.80e-03, RIC:-7.25e-02, prec@10:4.88e-01, SR:9.79e-01
Test performance:
 mse:2.26e+11, IC:-1.12e-03, RIC:-1.56e-02, prec@10:4.52e-01, SR:2.07e+00 


epoch63##########################################################
Train : loss:2.07e+11  =  2.07e+11 + alpha*2.28e+02
Valid : loss:1.62e+11  =  1.62e+11 + alpha*2.23e+03
Test: loss:1.27e+11  =  1.26e+11 + alpha*5.34e+09
Valid performance:
 mse:1.62e+11, IC:-1.91e-03, RIC:-7.72e-02, prec@10:4.90e-01, SR:9.53e-01
Test performance:
 mse:1.26e+11, IC:-2.59e-03, RIC:-3.68e-02, prec@10:4.43e-01, SR:1.33e+00 


epoch64##########################################################
Train : loss:1.76e+11  =  1.76e+11 + alpha*2.37e+02
Valid : loss:1.77e+11  =  1.77e+11 + alpha*2.35e+03
Test: loss:1.37e+11  =  1.37e+11 + alpha*5.57e+09
Valid performance:
 mse:1.77e+11, IC:-2.14e-03, RIC:-8.70e-02, prec@10:4.94e-01, SR:-2.82e-01
Test performance:
 mse:1.37e+11, IC:-4.28e-03, RIC:-6.09e-02, prec@10:4.64e-01, SR:1.11e+00 


epoch65##########################################################
Train : loss:1.23e+11  =  1.23e+11 + alpha*3.67e+02
Valid : loss:3.13e+11  =  3.13e+11 + alpha*5.92e+02
Test: loss:2.14e+11  =  2.14e+11 + alpha*5.42e+02
Valid performance:
 mse:3.13e+11, IC:1.86e-03, RIC:7.57e-02, prec@10:6.08e-01, SR:1.09e+00
Test performance:
 mse:2.14e+11, IC:7.14e-03, RIC:1.03e-01, prec@10:5.14e-01, SR:1.05e+00 


epoch66##########################################################
Train : loss:8.51e+10  =  8.51e+10 + alpha*2.86e+02
Valid : loss:1.56e+09  =  1.56e+09 + alpha*2.76e+02
Test: loss:1.52e+10  =  1.51e+10 + alpha*4.81e+08
Valid performance:
 mse:1.56e+09, IC:-8.23e-04, RIC:-2.31e-02, prec@10:4.85e-01, SR:1.31e+00
Test performance:
 mse:1.51e+10, IC:-7.52e-05, RIC:-9.68e-04, prec@10:4.70e-01, SR:2.04e+00 


epoch67##########################################################
Train : loss:1.56e+11  =  1.56e+11 + alpha*4.57e+02
Valid : loss:2.04e+11  =  2.04e+11 + alpha*4.99e+02
Test: loss:1.44e+11  =  1.44e+11 + alpha*5.42e+02
Valid performance:
 mse:2.04e+11, IC:1.87e-03, RIC:7.57e-02, prec@10:6.13e-01, SR:1.07e+00
Test performance:
 mse:1.44e+11, IC:4.13e-03, RIC:5.88e-02, prec@10:4.89e-01, SR:1.05e+00 


epoch68##########################################################
Train : loss:3.74e+11  =  3.74e+11 + alpha*3.12e+02
Valid : loss:3.50e+08  =  3.50e+08 + alpha*8.91e+01
Test: loss:1.33e+10  =  1.33e+10 + alpha*2.38e+02
Valid performance:
 mse:3.50e+08, IC:2.69e-03, RIC:5.36e-02, prec@10:5.98e-01, SR:1.09e+00
Test performance:
 mse:1.33e+10, IC:8.91e-03, RIC:1.21e-01, prec@10:5.03e-01, SR:1.05e+00 


epoch69##########################################################
Train : loss:1.00e+11  =  1.00e+11 + alpha*1.40e+02
Valid : loss:7.24e+10  =  7.24e+10 + alpha*1.48e+03
Test: loss:6.44e+10  =  6.40e+10 + alpha*3.57e+09
Valid performance:
 mse:7.24e+10, IC:-1.83e-03, RIC:-7.50e-02, prec@10:4.90e-01, SR:6.76e-01
Test performance:
 mse:6.40e+10, IC:-3.31e-03, RIC:-4.78e-02, prec@10:4.59e-01, SR:-5.21e-01 


epoch70##########################################################
Train : loss:6.99e+10  =  6.99e+10 + alpha*1.77e+02
Valid : loss:1.80e+12  =  1.80e+12 + alpha*7.28e+03
Test: loss:1.23e+12  =  1.23e+12 + alpha*1.78e+10
Valid performance:
 mse:1.80e+12, IC:-1.84e-03, RIC:-7.49e-02, prec@10:4.87e-01, SR:-1.30e-01
Test performance:
 mse:1.23e+12, IC:-4.03e-03, RIC:-5.71e-02, prec@10:4.47e-01, SR:1.10e+00 


epoch71##########################################################
Train : loss:1.27e+11  =  1.27e+11 + alpha*1.95e+02
Valid : loss:3.22e+09  =  3.22e+09 + alpha*1.35e+02
Test: loss:1.47e+10  =  1.47e+10 + alpha*3.22e+02
Valid performance:
 mse:3.22e+09, IC:1.87e-03, RIC:6.35e-02, prec@10:5.81e-01, SR:1.04e+00
Test performance:
 mse:1.47e+10, IC:-1.46e-03, RIC:-2.00e-02, prec@10:4.84e-01, SR:1.05e+00 


epoch72##########################################################
Train : loss:1.45e+11  =  1.45e+11 + alpha*2.51e+02
Valid : loss:1.80e+09  =  1.80e+09 + alpha*1.35e+02
Test: loss:1.53e+10  =  1.53e+10 + alpha*3.20e+02
Valid performance:
 mse:1.80e+09, IC:1.70e-03, RIC:5.79e-02, prec@10:5.83e-01, SR:9.75e-01
Test performance:
 mse:1.53e+10, IC:3.55e-03, RIC:4.91e-02, prec@10:5.10e-01, SR:1.05e+00 


epoch73##########################################################
Train : loss:1.79e+11  =  1.79e+11 + alpha*2.68e+02
Valid : loss:8.75e+08  =  8.75e+08 + alpha*2.22e+02
Test: loss:1.54e+10  =  1.54e+10 + alpha*2.91e+08
Valid performance:
 mse:8.75e+08, IC:2.21e-03, RIC:4.81e-02, prec@10:4.88e-01, SR:1.30e+00
Test performance:
 mse:1.54e+10, IC:2.08e-03, RIC:2.45e-02, prec@10:4.46e-01, SR:1.69e+00 


epoch74##########################################################
Train : loss:1.51e+11  =  1.51e+11 + alpha*2.02e+02
Valid : loss:7.09e+12  =  7.09e+12 + alpha*1.44e+04
Test: loss:4.78e+12  =  4.77e+12 + alpha*3.54e+10
Valid performance:
 mse:7.09e+12, IC:-1.89e-03, RIC:-7.68e-02, prec@10:4.93e-01, SR:-7.59e-01
Test performance:
 mse:4.77e+12, IC:-3.91e-03, RIC:-5.39e-02, prec@10:4.66e-01, SR:-4.20e-02 


epoch75##########################################################
Train : loss:2.31e+11  =  2.31e+11 + alpha*2.62e+02
Valid : loss:8.69e+11  =  8.69e+11 + alpha*9.62e+02
Test: loss:5.80e+11  =  5.80e+11 + alpha*8.59e+02
Valid performance:
 mse:8.69e+11, IC:1.77e-03, RIC:7.17e-02, prec@10:6.32e-01, SR:1.09e+00
Test performance:
 mse:5.80e+11, IC:2.95e-03, RIC:4.04e-02, prec@10:4.96e-01, SR:1.05e+00 


epoch76##########################################################
Train : loss:1.17e+11  =  1.17e+11 + alpha*2.88e+02
Valid : loss:2.22e+10  =  2.22e+10 + alpha*8.63e+02
Test: loss:2.99e+10  =  2.97e+10 + alpha*1.97e+09
Valid performance:
 mse:2.22e+10, IC:-2.01e-03, RIC:-8.12e-02, prec@10:4.90e-01, SR:1.02e+00
Test performance:
 mse:2.97e+10, IC:-3.00e-03, RIC:-4.18e-02, prec@10:4.66e-01, SR:-6.84e-01 


epoch77##########################################################
Train : loss:2.34e+11  =  2.34e+11 + alpha*2.62e+02
Valid : loss:1.18e+09  =  1.18e+09 + alpha*1.18e+02
Test: loss:1.40e+10  =  1.40e+10 + alpha*2.75e+02
Valid performance:
 mse:1.18e+09, IC:1.16e-03, RIC:3.30e-02, prec@10:5.92e-01, SR:1.07e+00
Test performance:
 mse:1.40e+10, IC:1.24e-02, RIC:1.55e-01, prec@10:5.14e-01, SR:1.05e+00 


epoch78##########################################################
Train : loss:1.81e+11  =  1.81e+11 + alpha*2.76e+02
Valid : loss:1.10e+11  =  1.10e+11 + alpha*3.73e+02
Test: loss:8.15e+10  =  8.15e+10 + alpha*4.23e+02
Valid performance:
 mse:1.10e+11, IC:1.74e-03, RIC:6.94e-02, prec@10:6.10e-01, SR:1.10e+00
Test performance:
 mse:8.15e+10, IC:7.78e-04, RIC:1.05e-02, prec@10:4.75e-01, SR:1.05e+00 


epoch79##########################################################
Train : loss:1.77e+11  =  1.77e+11 + alpha*2.37e+02
Valid : loss:1.15e+08  =  1.15e+08 + alpha*5.46e+01
Test: loss:1.25e+10  =  1.25e+10 + alpha*2.01e+05
Valid performance:
 mse:1.15e+08, IC:6.97e-03, RIC:1.12e-01, prec@10:5.79e-01, SR:1.51e+00
Test performance:
 mse:1.25e+10, IC:-5.20e-03, RIC:-6.78e-02, prec@10:4.64e-01, SR:2.99e-01 


epoch80##########################################################
Train : loss:1.02e+11  =  1.02e+11 + alpha*2.32e+02
Valid : loss:1.27e+09  =  1.27e+09 + alpha*9.89e+01
Test: loss:1.32e+10  =  1.32e+10 + alpha*2.54e+02
Valid performance:
 mse:1.27e+09, IC:2.78e-03, RIC:8.61e-02, prec@10:5.81e-01, SR:1.14e+00
Test performance:
 mse:1.32e+10, IC:-1.33e-03, RIC:-1.73e-02, prec@10:4.93e-01, SR:1.05e+00 


epoch81##########################################################
Train : loss:2.82e+11  =  2.82e+11 + alpha*2.91e+02
Valid : loss:2.21e+09  =  2.21e+09 + alpha*3.02e+02
Test: loss:1.53e+10  =  1.53e+10 + alpha*5.93e+08
Valid performance:
 mse:2.21e+09, IC:-7.69e-04, RIC:-2.88e-02, prec@10:4.87e-01, SR:6.87e-01
Test performance:
 mse:1.53e+10, IC:-3.69e-03, RIC:-4.94e-02, prec@10:4.70e-01, SR:-2.90e-01 


epoch82##########################################################
Train : loss:1.14e+11  =  1.14e+11 + alpha*2.27e+02
Valid : loss:1.10e+08  =  1.10e+08 + alpha*5.76e+01
Test: loss:1.25e+10  =  1.25e+10 + alpha*2.24e+07
Valid performance:
 mse:1.10e+08, IC:2.67e-04, RIC:3.69e-03, prec@10:5.00e-01, SR:1.16e+00
Test performance:
 mse:1.25e+10, IC:5.32e-03, RIC:6.23e-02, prec@10:4.52e-01, SR:1.73e+00 


epoch83##########################################################
Train : loss:1.48e+11  =  1.48e+11 + alpha*1.80e+02
Valid : loss:2.23e+09  =  2.23e+09 + alpha*1.23e+02
Test: loss:1.42e+10  =  1.42e+10 + alpha*2.74e+02
Valid performance:
 mse:2.23e+09, IC:2.16e-03, RIC:7.26e-02, prec@10:5.87e-01, SR:1.08e+00
Test performance:
 mse:1.42e+10, IC:9.53e-03, RIC:1.30e-01, prec@10:5.11e-01, SR:1.05e+00 


epoch84##########################################################
Train : loss:7.08e+10  =  7.08e+10 + alpha*1.79e+02
Valid : loss:7.34e+10  =  7.34e+10 + alpha*3.37e+02
Test: loss:5.87e+10  =  5.87e+10 + alpha*4.53e+02
Valid performance:
 mse:7.34e+10, IC:1.84e-03, RIC:7.37e-02, prec@10:5.91e-01, SR:1.10e+00
Test performance:
 mse:5.87e+10, IC:4.59e-03, RIC:6.32e-02, prec@10:4.90e-01, SR:1.05e+00 


epoch85##########################################################
Train : loss:1.73e+11  =  1.73e+11 + alpha*2.13e+02
Valid : loss:1.43e+09  =  1.43e+09 + alpha*2.78e+02
Test: loss:1.48e+10  =  1.47e+10 + alpha*4.67e+08
Valid performance:
 mse:1.43e+09, IC:-3.38e-03, RIC:-8.17e-02, prec@10:4.79e-01, SR:2.20e+00
Test performance:
 mse:1.47e+10, IC:-7.18e-03, RIC:-8.88e-02, prec@10:4.55e-01, SR:-6.12e-01 


epoch86##########################################################
Train : loss:6.70e+10  =  6.70e+10 + alpha*2.16e+02
Valid : loss:2.26e+11  =  2.26e+11 + alpha*5.13e+02
Test: loss:1.57e+11  =  1.57e+11 + alpha*5.23e+02
Valid performance:
 mse:2.26e+11, IC:1.81e-03, RIC:7.30e-02, prec@10:6.01e-01, SR:1.08e+00
Test performance:
 mse:1.57e+11, IC:1.75e-03, RIC:2.50e-02, prec@10:5.01e-01, SR:1.05e+00 


epoch87##########################################################
Train : loss:2.60e+11  =  2.60e+11 + alpha*3.43e+02
Valid : loss:3.65e+11  =  3.65e+11 + alpha*3.34e+03
Test: loss:2.68e+11  =  2.67e+11 + alpha*8.02e+09
Valid performance:
 mse:3.65e+11, IC:-2.00e-03, RIC:-8.13e-02, prec@10:4.82e-01, SR:-3.23e-01
Test performance:
 mse:2.67e+11, IC:-3.97e-03, RIC:-5.64e-02, prec@10:4.70e-01, SR:1.10e+00 


epoch88##########################################################
Train : loss:2.46e+11  =  2.46e+11 + alpha*2.15e+02
Valid : loss:2.44e+10  =  2.44e+10 + alpha*1.95e+02
Test: loss:2.67e+10  =  2.67e+10 + alpha*2.71e+02
Valid performance:
 mse:2.44e+10, IC:1.71e-03, RIC:6.86e-02, prec@10:5.90e-01, SR:1.07e+00
Test performance:
 mse:2.67e+10, IC:5.38e-03, RIC:7.61e-02, prec@10:5.00e-01, SR:1.05e+00 


epoch89##########################################################
Train : loss:4.23e+10  =  4.23e+10 + alpha*1.12e+02
Valid : loss:4.94e+11  =  4.94e+11 + alpha*3.83e+03
Test: loss:3.52e+11  =  3.51e+11 + alpha*9.34e+09
Valid performance:
 mse:4.94e+11, IC:-1.95e-03, RIC:-7.93e-02, prec@10:4.93e-01, SR:1.22e+00
Test performance:
 mse:3.51e+11, IC:-6.15e-03, RIC:-8.69e-02, prec@10:4.53e-01, SR:-7.27e-01 


epoch90##########################################################
Train : loss:1.72e+11  =  1.72e+11 + alpha*2.16e+02
Valid : loss:1.56e+11  =  1.56e+11 + alpha*2.18e+03
Test: loss:1.22e+11  =  1.22e+11 + alpha*5.24e+09
Valid performance:
 mse:1.56e+11, IC:-1.93e-03, RIC:-7.81e-02, prec@10:4.85e-01, SR:-4.69e-01
Test performance:
 mse:1.22e+11, IC:-4.26e-03, RIC:-5.96e-02, prec@10:4.57e-01, SR:-4.25e-01 


epoch91##########################################################
Train : loss:1.94e+11  =  1.94e+11 + alpha*2.26e+02
Valid : loss:5.49e+11  =  5.49e+11 + alpha*4.07e+03
Test: loss:3.91e+11  =  3.90e+11 + alpha*9.84e+09
Valid performance:
 mse:5.49e+11, IC:-1.94e-03, RIC:-7.86e-02, prec@10:4.71e-01, SR:4.01e-01
Test performance:
 mse:3.90e+11, IC:-3.13e-03, RIC:-4.38e-02, prec@10:4.63e-01, SR:1.61e+00 


epoch92##########################################################
Train : loss:1.10e+11  =  1.10e+11 + alpha*3.72e+02
Valid : loss:4.93e+11  =  4.93e+11 + alpha*3.84e+03
Test: loss:3.52e+11  =  3.51e+11 + alpha*9.32e+09
Valid performance:
 mse:4.93e+11, IC:-1.94e-03, RIC:-7.88e-02, prec@10:4.90e-01, SR:1.42e+00
Test performance:
 mse:3.51e+11, IC:-3.70e-03, RIC:-5.29e-02, prec@10:4.46e-01, SR:-1.14e+00 


epoch93##########################################################
Train : loss:1.32e+11  =  1.32e+11 + alpha*1.85e+02
Valid : loss:7.80e+11  =  7.80e+11 + alpha*9.07e+02
Test: loss:5.21e+11  =  5.21e+11 + alpha*7.98e+02
Valid performance:
 mse:7.80e+11, IC:1.88e-03, RIC:7.62e-02, prec@10:6.27e-01, SR:1.07e+00
Test performance:
 mse:5.21e+11, IC:5.33e-03, RIC:7.53e-02, prec@10:4.98e-01, SR:1.05e+00 


epoch94##########################################################
Train : loss:1.29e+11  =  1.29e+11 + alpha*3.40e+02
Valid : loss:6.64e+10  =  6.64e+10 + alpha*3.46e+02
Test: loss:5.46e+10  =  5.46e+10 + alpha*4.81e+02
Valid performance:
 mse:6.64e+10, IC:1.49e-03, RIC:5.76e-02, prec@10:5.83e-01, SR:1.09e+00
Test performance:
 mse:5.46e+10, IC:1.38e-04, RIC:1.88e-03, prec@10:4.89e-01, SR:1.05e+00 


epoch95##########################################################
Train : loss:1.17e+11  =  1.17e+11 + alpha*3.39e+02
Valid : loss:1.29e+10  =  1.29e+10 + alpha*6.69e+02
Test: loss:2.37e+10  =  2.35e+10 + alpha*1.49e+09
Valid performance:
 mse:1.29e+10, IC:-1.10e-03, RIC:-4.30e-02, prec@10:4.87e-01, SR:1.74e+00
Test performance:
 mse:2.35e+10, IC:-2.86e-03, RIC:-3.93e-02, prec@10:4.57e-01, SR:1.57e+00 


epoch96##########################################################
Train : loss:1.77e+11  =  1.77e+11 + alpha*2.62e+02
Valid : loss:2.63e+08  =  2.63e+08 + alpha*8.22e+01
Test: loss:1.38e+10  =  1.38e+10 + alpha*2.72e+05
Valid performance:
 mse:2.63e+08, IC:-1.78e-03, RIC:-2.81e-02, prec@10:5.88e-01, SR:7.11e-01
Test performance:
 mse:1.38e+10, IC:1.44e-04, RIC:1.64e-03, prec@10:4.84e-01, SR:-6.73e-01 


epoch97##########################################################
Train : loss:1.02e+11  =  1.02e+11 + alpha*1.98e+02
Valid : loss:1.52e+09  =  1.52e+09 + alpha*2.68e+02
Test: loss:1.54e+10  =  1.53e+10 + alpha*4.74e+08
Valid performance:
 mse:1.52e+09, IC:-6.22e-04, RIC:-2.13e-02, prec@10:4.81e-01, SR:4.98e-01
Test performance:
 mse:1.53e+10, IC:-4.45e-03, RIC:-6.07e-02, prec@10:4.48e-01, SR:-1.52e+00 


epoch98##########################################################
Train : loss:3.18e+11  =  3.18e+11 + alpha*3.13e+02
Valid : loss:3.21e+10  =  3.21e+10 + alpha*1.01e+03
Test: loss:3.69e+10  =  3.66e+10 + alpha*2.38e+09
Valid performance:
 mse:3.21e+10, IC:-1.89e-03, RIC:-7.67e-02, prec@10:4.91e-01, SR:3.40e-01
Test performance:
 mse:3.66e+10, IC:-6.14e-03, RIC:-8.63e-02, prec@10:4.59e-01, SR:7.63e-01 


epoch99##########################################################
Train : loss:1.02e+11  =  1.02e+11 + alpha*2.52e+02
Valid : loss:3.24e+11  =  3.24e+11 + alpha*3.09e+03
Test: loss:2.37e+11  =  2.36e+11 + alpha*7.57e+09
Valid performance:
 mse:3.24e+11, IC:-1.89e-03, RIC:-7.70e-02, prec@10:4.76e-01, SR:1.43e-01
Test performance:
 mse:2.36e+11, IC:-5.10e-03, RIC:-7.00e-02, prec@10:4.68e-01, SR:1.70e-01 


epoch100##########################################################
Train : loss:7.39e+10  =  7.39e+10 + alpha*1.57e+02
Valid : loss:1.86e+09  =  1.86e+09 + alpha*2.66e+02
Test: loss:1.42e+10  =  1.42e+10 + alpha*5.61e+08
Valid performance:
 mse:1.86e+09, IC:-3.43e-04, RIC:-1.24e-02, prec@10:4.92e-01, SR:2.36e+00
Test performance:
 mse:1.42e+10, IC:2.87e-04, RIC:3.74e-03, prec@10:4.66e-01, SR:2.10e+00 


Training finished.
Best Validation Performance (based on lowest validation loss for LinearModel):
mse:9.29e+07, IC:5.54e-03, RIC:8.53e-02, prec@10:4.91e-01, SR:9.67e-01
Corresponding Test Performance for LinearModel:
mse:1.24e+10, IC:6.42e-04, RIC:7.55e-03, prec@10:4.36e-01, SR:9.35e-01
Results for LinearModel appended to ../training_results.xlsx (active sheet: Training Results)
