2025-06-12 00:10:31,292 - INFO - 🎯 股票预测模型批量训练系统
2025-06-12 00:10:31,293 - INFO - ================================================================================
2025-06-12 00:10:31,293 - INFO - 📊 目标数据集: SP500
2025-06-12 00:10:31,293 - INFO - 🔧 运行模式: parallel
2025-06-12 00:10:31,294 - INFO - 📝 要运行的模型: ['StockPredict', 'GCN', 'LSTM', 'LinearModel', 'STHAN-SR']
2025-06-12 00:10:31,294 - INFO - 📝 总模型数量: 5
2025-06-12 00:10:31,294 - INFO - 📁 工作目录: C:\Users\Administrator\Desktop\Stock\src
2025-06-12 00:10:31,294 - INFO - ================================================================================
2025-06-12 00:10:31,294 - INFO - 
🔍 步骤0: 环境检查
2025-06-12 00:10:31,295 - INFO - 🔍 检查运行环境...
2025-06-12 00:10:34,567 - INFO - ℹ️  未检测到GPU，将使用CPU训练
2025-06-12 00:10:34,568 - INFO - ✅ 环境检查通过
2025-06-12 00:10:34,568 - INFO - 
📝 步骤1: 更新数据集设置
2025-06-12 00:10:34,568 - INFO - 🔄 开始更新脚本的数据集设置为: SP500
2025-06-12 00:10:34,571 - INFO - 📁 已备份: train.py -> ../backup_original_files\train.py.backup_20250612_001034
2025-06-12 00:10:34,572 - INFO - 📁 已备份: gcn_train.py -> ../backup_original_files\gcn_train.py.backup_20250612_001034
2025-06-12 00:10:34,574 - INFO - 📁 已备份: lstm_train.py -> ../backup_original_files\lstm_train.py.backup_20250612_001034
2025-06-12 00:10:34,575 - INFO - 📁 已备份: linear_train.py -> ../backup_original_files\linear_train.py.backup_20250612_001034
2025-06-12 00:10:34,577 - INFO - 📁 已备份: sthan_sr_train.py -> ../backup_original_files\sthan_sr_train.py.backup_20250612_001034
2025-06-12 00:10:34,580 - INFO - ✅ 已更新 train.py 中的market_name为: SP500
2025-06-12 00:10:34,581 - INFO - ✅ 已更新 gcn_train.py 中的market_name为: SP500
2025-06-12 00:10:34,583 - INFO - ✅ 已更新 lstm_train.py 中的market_name为: SP500
2025-06-12 00:10:34,585 - INFO - ✅ 已更新 linear_train.py 中的market_name为: SP500
2025-06-12 00:10:34,587 - INFO - ✅ 已更新 sthan_sr_train.py 中的market_name为: SP500
2025-06-12 00:10:34,587 - INFO - ✅ 成功更新 5/5 个脚本
2025-06-12 00:10:34,587 - INFO - 
🚀 步骤2: 开始parallel训练
2025-06-12 00:10:35,595 - INFO - 🚀 开始并行训练所有模型...
2025-06-12 00:10:35,597 - WARNING - ⚠️  并行模式可能需要大量GPU内存!
2025-06-12 00:10:35,601 - INFO - 🚀 启动 StockPredict 训练线程...
2025-06-12 00:10:35,602 - INFO - 🚀 开始训练 StockPredict...
2025-06-12 00:10:36,604 - INFO - 🚀 启动 GCN 训练线程...
2025-06-12 00:10:36,604 - INFO - 🚀 开始训练 GCN...
2025-06-12 00:10:37,613 - INFO - 🚀 启动 LSTM 训练线程...
2025-06-12 00:10:37,613 - INFO - 🚀 开始训练 LSTM...
2025-06-12 00:10:38,626 - INFO - 🚀 启动 LinearModel 训练线程...
2025-06-12 00:10:38,626 - INFO - 🚀 开始训练 LinearModel...
2025-06-12 00:10:39,641 - INFO - 🚀 启动 STHAN-SR 训练线程...
2025-06-12 00:10:39,642 - INFO - 🚀 开始训练 STHAN-SR...
