Using device: cuda
Loading data from: ../dataset\A_SHARE
Warning: stock_num (1026) does not match eod_data.shape[0] (4819). Adjusting stock_num.
市场为 A_SHARE，实际加载股票数量更新为: 4819
总交易天数: 252
根据 60%/20%/_ 分割比例 (已调整为满足最小数据集要求):
训练集天数 (0-indexed, up to valid_index-1): 151 (实际比例: 59.9%)
验证集天数 (valid_index to test_index-1): 50 (实际比例: 19.8%)
测试集天数 (test_index to end): 51 (实际比例: 20.2%)
验证集起始索引 (valid_index): 151
测试集起始索引 (test_index): 201
✅ 数据集分割检查通过
Starting training...
Epoch 1/100 ##########################################################
Train: loss:1.2225e+00 = 1.2224e+00 + alpha*2.6389e-04
Valid: loss:1.0320e+00 = 1.0320e+00 + alpha*8.7168e-05
  Perf: mse:1.0320e+00, IC:-0.0602, RIC:-0.2933, prec@10:0.1440, SR:-26.6320
Test : loss:1.0474e+00 = 1.0474e+00 + alpha*8.1556e-05
  Perf: mse:1.0474e+00, IC:-0.0281, RIC:-0.1572, prec@10:0.1431, SR:-30.5141

New best validation loss found at epoch 1
Epoch 2/100 ##########################################################
Train: loss:8.7339e-01 = 8.7338e-01 + alpha*1.2341e-04
Valid: loss:7.0355e-01 = 7.0351e-01 + alpha*4.1437e-04
  Perf: mse:7.0351e-01, IC:0.0602, RIC:0.2933, prec@10:0.4940, SR:0.8399
Test : loss:7.1069e-01 = 7.1064e-01 + alpha*5.2625e-04
  Perf: mse:7.1064e-01, IC:0.0281, RIC:0.1572, prec@10:0.5098, SR:2.7016

New best validation loss found at epoch 2
Epoch 3/100 ##########################################################
Train: loss:5.8399e-01 = 5.8394e-01 + alpha*4.3593e-04
Valid: loss:4.4027e-01 = 4.4018e-01 + alpha*8.9479e-04
  Perf: mse:4.4018e-01, IC:0.0602, RIC:0.2933, prec@10:0.4940, SR:0.8399
Test : loss:4.4345e-01 = 4.4334e-01 + alpha*1.1241e-03
  Perf: mse:4.4334e-01, IC:0.0281, RIC:0.1572, prec@10:0.5098, SR:2.7016

New best validation loss found at epoch 3
Epoch 4/100 ##########################################################
Train: loss:3.6320e-01 = 3.6312e-01 + alpha*7.3256e-04
Valid: loss:2.5384e-01 = 2.5371e-01 + alpha*1.3460e-03
  Perf: mse:2.5371e-01, IC:0.0602, RIC:0.2933, prec@10:0.4940, SR:0.8399
Test : loss:2.5488e-01 = 2.5471e-01 + alpha*1.6870e-03
  Perf: mse:2.5471e-01, IC:0.0281, RIC:0.1572, prec@10:0.5098, SR:2.7016

New best validation loss found at epoch 4
Epoch 5/100 ##########################################################
Train: loss:2.1476e-01 = 2.1466e-01 + alpha*9.9932e-04
Valid: loss:1.3977e-01 = 1.3960e-01 + alpha*1.7370e-03
  Perf: mse:1.3960e-01, IC:0.0602, RIC:0.2933, prec@10:0.4940, SR:0.8399
Test : loss:1.4143e-01 = 1.4121e-01 + alpha*2.1726e-03
  Perf: mse:1.4121e-01, IC:0.0281, RIC:0.1572, prec@10:0.5098, SR:2.7016

New best validation loss found at epoch 5
Epoch 6/100 ##########################################################
Train: loss:1.2811e-01 = 1.2799e-01 + alpha*1.2152e-03
Valid: loss:8.0345e-02 = 8.0140e-02 + alpha*2.0458e-03
  Perf: mse:8.0140e-02, IC:0.0602, RIC:0.2933, prec@10:0.4940, SR:0.8399
Test : loss:8.4064e-02 = 8.3808e-02 + alpha*2.5556e-03
  Perf: mse:8.3808e-02, IC:0.0281, RIC:0.1572, prec@10:0.5098, SR:2.7016

New best validation loss found at epoch 6
Epoch 7/100 ##########################################################
Train: loss:8.3155e-02 = 8.3017e-02 + alpha*1.3778e-03
Valid: loss:5.3552e-02 = 5.3325e-02 + alpha*2.2744e-03
  Perf: mse:5.3325e-02, IC:0.0602, RIC:0.2933, prec@10:0.4940, SR:0.8399
Test : loss:5.9939e-02 = 5.9655e-02 + alpha*2.8379e-03
  Perf: mse:5.9655e-02, IC:0.0281, RIC:0.1572, prec@10:0.5098, SR:2.7016

New best validation loss found at epoch 7
Epoch 8/100 ##########################################################
Train: loss:6.1451e-02 = 6.1302e-02 + alpha*1.4929e-03
Valid: loss:4.3365e-02 = 4.3122e-02 + alpha*2.4363e-03
  Perf: mse:4.3122e-02, IC:0.0602, RIC:0.2933, prec@10:0.4940, SR:0.8399
Test : loss:5.2188e-02 = 5.1884e-02 + alpha*3.0372e-03
  Perf: mse:5.1884e-02, IC:0.0281, RIC:0.1572, prec@10:0.5098, SR:2.7016

New best validation loss found at epoch 8
Epoch 9/100 ##########################################################
Train: loss:5.1635e-02 = 5.1478e-02 + alpha*1.5708e-03
Valid: loss:4.0536e-02 = 4.0282e-02 + alpha*2.5468e-03
  Perf: mse:4.0282e-02, IC:0.0602, RIC:0.2933, prec@10:0.4940, SR:0.8399
Test : loss:5.1303e-02 = 5.0986e-02 + alpha*3.1727e-03
  Perf: mse:5.0986e-02, IC:0.0281, RIC:0.1572, prec@10:0.5098, SR:2.7016

New best validation loss found at epoch 9
Epoch 10/100 ##########################################################
Train: loss:4.7315e-02 = 4.7153e-02 + alpha*1.6235e-03
Valid: loss:4.0497e-02 = 4.0235e-02 + alpha*2.6213e-03
  Perf: mse:4.0235e-02, IC:0.0602, RIC:0.2933, prec@10:0.4940, SR:0.8399
Test : loss:5.2709e-02 = 5.2383e-02 + alpha*3.2641e-03
  Perf: mse:5.2383e-02, IC:0.0281, RIC:0.1572, prec@10:0.5098, SR:2.7016

New best validation loss found at epoch 10
Epoch 11/100 ##########################################################
Train: loss:4.5430e-02 = 4.5264e-02 + alpha*1.6584e-03
Valid: loss:4.1306e-02 = 4.1039e-02 + alpha*2.6711e-03
  Perf: mse:4.1039e-02, IC:0.0602, RIC:0.2933, prec@10:0.4940, SR:0.8399
Test : loss:5.4546e-02 = 5.4213e-02 + alpha*3.3250e-03
  Perf: mse:5.4213e-02, IC:0.0281, RIC:0.1572, prec@10:0.5098, SR:2.7016

Epoch 12/100 ##########################################################
Train: loss:4.4606e-02 = 4.4438e-02 + alpha*1.6814e-03
Valid: loss:4.2207e-02 = 4.1936e-02 + alpha*2.7040e-03
  Perf: mse:4.1936e-02, IC:0.0602, RIC:0.2933, prec@10:0.4940, SR:0.8399
Test : loss:5.6150e-02 = 5.5813e-02 + alpha*3.3652e-03
  Perf: mse:5.5813e-02, IC:0.0281, RIC:0.1572, prec@10:0.5098, SR:2.7016

Epoch 13/100 ##########################################################
Train: loss:4.4249e-02 = 4.4080e-02 + alpha*1.6966e-03
Valid: loss:4.2957e-02 = 4.2684e-02 + alpha*2.7256e-03
  Perf: mse:4.2684e-02, IC:0.0602, RIC:0.2933, prec@10:0.4940, SR:0.8399
Test : loss:5.7372e-02 = 5.7033e-02 + alpha*3.3916e-03
  Perf: mse:5.7033e-02, IC:0.0281, RIC:0.1572, prec@10:0.5098, SR:2.7016

Epoch 14/100 ##########################################################
Train: loss:4.4109e-02 = 4.3938e-02 + alpha*1.7070e-03
Valid: loss:4.3540e-02 = 4.3266e-02 + alpha*2.7403e-03
  Perf: mse:4.3266e-02, IC:0.0602, RIC:0.2933, prec@10:0.4940, SR:0.8399
Test : loss:5.8283e-02 = 5.7942e-02 + alpha*3.4096e-03
  Perf: mse:5.7942e-02, IC:0.0281, RIC:0.1572, prec@10:0.5098, SR:2.7016

Epoch 15/100 ##########################################################
Train: loss:4.4045e-02 = 4.3874e-02 + alpha*1.7132e-03
Valid: loss:4.3941e-02 = 4.3666e-02 + alpha*2.7496e-03
  Perf: mse:4.3666e-02, IC:0.0602, RIC:0.2933, prec@10:0.4940, SR:0.8399
Test : loss:5.8893e-02 = 5.8551e-02 + alpha*3.4210e-03
  Perf: mse:5.8551e-02, IC:0.0281, RIC:0.1572, prec@10:0.5098, SR:2.7016

Epoch 16/100 ##########################################################
Train: loss:4.4026e-02 = 4.3854e-02 + alpha*1.7175e-03
Valid: loss:4.4205e-02 = 4.3929e-02 + alpha*2.7555e-03
  Perf: mse:4.3929e-02, IC:0.0602, RIC:0.2933, prec@10:0.4940, SR:0.8399
Test : loss:5.9290e-02 = 5.8947e-02 + alpha*3.4282e-03
  Perf: mse:5.8947e-02, IC:0.0281, RIC:0.1572, prec@10:0.5098, SR:2.7016

Epoch 17/100 ##########################################################
Train: loss:4.4015e-02 = 4.3843e-02 + alpha*1.7201e-03
Valid: loss:4.4373e-02 = 4.4097e-02 + alpha*2.7592e-03
  Perf: mse:4.4097e-02, IC:0.0602, RIC:0.2933, prec@10:0.4940, SR:0.8399
Test : loss:5.9540e-02 = 5.9197e-02 + alpha*3.4326e-03
  Perf: mse:5.9197e-02, IC:0.0281, RIC:0.1572, prec@10:0.5098, SR:2.7016

Epoch 18/100 ##########################################################
Train: loss:4.4015e-02 = 4.3843e-02 + alpha*1.7217e-03
Valid: loss:4.4485e-02 = 4.4209e-02 + alpha*2.7616e-03
  Perf: mse:4.4209e-02, IC:0.0602, RIC:0.2933, prec@10:0.4940, SR:0.8399
Test : loss:5.9707e-02 = 5.9363e-02 + alpha*3.4355e-03
  Perf: mse:5.9363e-02, IC:0.0281, RIC:0.1572, prec@10:0.5098, SR:2.7016

Epoch 19/100 ##########################################################
Train: loss:4.4011e-02 = 4.3839e-02 + alpha*1.7226e-03
Valid: loss:4.4548e-02 = 4.4271e-02 + alpha*2.7629e-03
  Perf: mse:4.4271e-02, IC:0.0602, RIC:0.2933, prec@10:0.4940, SR:0.8399
Test : loss:5.9800e-02 = 5.9456e-02 + alpha*3.4372e-03
  Perf: mse:5.9456e-02, IC:0.0281, RIC:0.1572, prec@10:0.5098, SR:2.7016

Epoch 20/100 ##########################################################
Train: loss:4.4009e-02 = 4.3837e-02 + alpha*1.7233e-03
Valid: loss:4.4577e-02 = 4.4301e-02 + alpha*2.7635e-03
  Perf: mse:4.4301e-02, IC:0.0602, RIC:0.2933, prec@10:0.4940, SR:0.8399
Test : loss:5.9843e-02 = 5.9500e-02 + alpha*3.4379e-03
  Perf: mse:5.9500e-02, IC:0.0281, RIC:0.1572, prec@10:0.5098, SR:2.7016

Epoch 21/100 ##########################################################
Train: loss:4.4009e-02 = 4.3837e-02 + alpha*1.7235e-03
Valid: loss:4.4600e-02 = 4.4323e-02 + alpha*2.7640e-03
  Perf: mse:4.4323e-02, IC:0.0602, RIC:0.2933, prec@10:0.4940, SR:0.8399
Test : loss:5.9876e-02 = 5.9532e-02 + alpha*3.4385e-03
  Perf: mse:5.9532e-02, IC:0.0281, RIC:0.1572, prec@10:0.5098, SR:2.7016

Epoch 22/100 ##########################################################
Train: loss:4.4004e-02 = 4.3831e-02 + alpha*1.7236e-03
Valid: loss:4.4616e-02 = 4.4339e-02 + alpha*2.7643e-03
  Perf: mse:4.4339e-02, IC:0.0602, RIC:0.2933, prec@10:0.4940, SR:0.8399
Test : loss:5.9900e-02 = 5.9556e-02 + alpha*3.4389e-03
  Perf: mse:5.9556e-02, IC:0.0281, RIC:0.1572, prec@10:0.5098, SR:2.7016

Epoch 23/100 ##########################################################
Train: loss:4.4010e-02 = 4.3838e-02 + alpha*1.7241e-03
Valid: loss:4.4636e-02 = 4.4360e-02 + alpha*2.7648e-03
  Perf: mse:4.4360e-02, IC:0.0602, RIC:0.2933, prec@10:0.4940, SR:0.8399
Test : loss:5.9930e-02 = 5.9586e-02 + alpha*3.4394e-03
  Perf: mse:5.9586e-02, IC:0.0281, RIC:0.1572, prec@10:0.5098, SR:2.7016

Epoch 24/100 ##########################################################
Train: loss:4.4009e-02 = 4.3837e-02 + alpha*1.7241e-03
Valid: loss:4.4628e-02 = 4.4351e-02 + alpha*2.7646e-03
  Perf: mse:4.4351e-02, IC:0.0602, RIC:0.2933, prec@10:0.4940, SR:0.8399
Test : loss:5.9918e-02 = 5.9574e-02 + alpha*3.4392e-03
  Perf: mse:5.9574e-02, IC:0.0281, RIC:0.1572, prec@10:0.5098, SR:2.7016

Epoch 25/100 ##########################################################
Train: loss:4.4001e-02 = 4.3829e-02 + alpha*1.7242e-03
Valid: loss:4.4631e-02 = 4.4355e-02 + alpha*2.7646e-03
  Perf: mse:4.4355e-02, IC:0.0602, RIC:0.2933, prec@10:0.4940, SR:0.8399
Test : loss:5.9922e-02 = 5.9579e-02 + alpha*3.4393e-03
  Perf: mse:5.9579e-02, IC:0.0281, RIC:0.1572, prec@10:0.5098, SR:2.7016

Epoch 26/100 ##########################################################
Train: loss:4.4008e-02 = 4.3835e-02 + alpha*1.7243e-03
Valid: loss:4.4617e-02 = 4.4341e-02 + alpha*2.7644e-03
  Perf: mse:4.4341e-02, IC:0.0602, RIC:0.2933, prec@10:0.4940, SR:0.8399
Test : loss:5.9902e-02 = 5.9558e-02 + alpha*3.4389e-03
  Perf: mse:5.9558e-02, IC:0.0281, RIC:0.1572, prec@10:0.5098, SR:2.7016

Epoch 27/100 ##########################################################
Train: loss:4.4006e-02 = 4.3834e-02 + alpha*1.7237e-03
Valid: loss:4.4601e-02 = 4.4325e-02 + alpha*2.7640e-03
  Perf: mse:4.4325e-02, IC:0.0602, RIC:0.2933, prec@10:0.4940, SR:0.8399
Test : loss:5.9879e-02 = 5.9535e-02 + alpha*3.4385e-03
  Perf: mse:5.9535e-02, IC:0.0281, RIC:0.1572, prec@10:0.5098, SR:2.7016

Epoch 28/100 ##########################################################
Train: loss:4.4010e-02 = 4.3838e-02 + alpha*1.7238e-03
Valid: loss:4.4615e-02 = 4.4338e-02 + alpha*2.7643e-03
  Perf: mse:4.4338e-02, IC:0.0602, RIC:0.2933, prec@10:0.4940, SR:0.8399
Test : loss:5.9898e-02 = 5.9554e-02 + alpha*3.4389e-03
  Perf: mse:5.9554e-02, IC:0.0281, RIC:0.1572, prec@10:0.5098, SR:2.7016

Epoch 29/100 ##########################################################
Train: loss:4.4006e-02 = 4.3834e-02 + alpha*1.7241e-03
Valid: loss:4.4602e-02 = 4.4326e-02 + alpha*2.7640e-03
  Perf: mse:4.4326e-02, IC:0.0602, RIC:0.2933, prec@10:0.4940, SR:0.8399
Test : loss:5.9880e-02 = 5.9537e-02 + alpha*3.4386e-03
  Perf: mse:5.9537e-02, IC:0.0281, RIC:0.1572, prec@10:0.5098, SR:2.7016

Epoch 30/100 ##########################################################
Train: loss:4.4008e-02 = 4.3835e-02 + alpha*1.7238e-03
Valid: loss:4.4613e-02 = 4.4336e-02 + alpha*2.7643e-03
  Perf: mse:4.4336e-02, IC:0.0602, RIC:0.2933, prec@10:0.4940, SR:0.8399
Test : loss:5.9896e-02 = 5.9552e-02 + alpha*3.4388e-03
  Perf: mse:5.9552e-02, IC:0.0281, RIC:0.1572, prec@10:0.5098, SR:2.7016

Epoch 31/100 ##########################################################
Train: loss:4.4007e-02 = 4.3835e-02 + alpha*1.7236e-03
Valid: loss:4.4604e-02 = 4.4327e-02 + alpha*2.7641e-03
  Perf: mse:4.4327e-02, IC:0.0602, RIC:0.2933, prec@10:0.4940, SR:0.8399
Test : loss:5.9882e-02 = 5.9538e-02 + alpha*3.4386e-03
  Perf: mse:5.9538e-02, IC:0.0281, RIC:0.1572, prec@10:0.5098, SR:2.7016

Epoch 32/100 ##########################################################
Train: loss:4.4008e-02 = 4.3835e-02 + alpha*1.7240e-03
Valid: loss:4.4623e-02 = 4.4347e-02 + alpha*2.7645e-03
  Perf: mse:4.4347e-02, IC:0.0602, RIC:0.2933, prec@10:0.4940, SR:0.8399
Test : loss:5.9911e-02 = 5.9567e-02 + alpha*3.4391e-03
  Perf: mse:5.9567e-02, IC:0.0281, RIC:0.1572, prec@10:0.5098, SR:2.7016

Epoch 33/100 ##########################################################
Train: loss:4.4007e-02 = 4.3834e-02 + alpha*1.7242e-03
Valid: loss:4.4620e-02 = 4.4344e-02 + alpha*2.7644e-03
  Perf: mse:4.4344e-02, IC:0.0602, RIC:0.2933, prec@10:0.4940, SR:0.8399
Test : loss:5.9907e-02 = 5.9563e-02 + alpha*3.4390e-03
  Perf: mse:5.9563e-02, IC:0.0281, RIC:0.1572, prec@10:0.5098, SR:2.7016

Epoch 34/100 ##########################################################
Train: loss:4.4008e-02 = 4.3836e-02 + alpha*1.7241e-03
Valid: loss:4.4624e-02 = 4.4348e-02 + alpha*2.7645e-03
  Perf: mse:4.4348e-02, IC:0.0602, RIC:0.2933, prec@10:0.4940, SR:0.8399
Test : loss:5.9912e-02 = 5.9568e-02 + alpha*3.4391e-03
  Perf: mse:5.9568e-02, IC:0.0281, RIC:0.1572, prec@10:0.5098, SR:2.7016

Epoch 35/100 ##########################################################
Train: loss:4.4013e-02 = 4.3840e-02 + alpha*1.7238e-03
Valid: loss:4.4603e-02 = 4.4327e-02 + alpha*2.7641e-03
  Perf: mse:4.4327e-02, IC:0.0602, RIC:0.2933, prec@10:0.4940, SR:0.8399
Test : loss:5.9881e-02 = 5.9538e-02 + alpha*3.4386e-03
  Perf: mse:5.9538e-02, IC:0.0281, RIC:0.1572, prec@10:0.5098, SR:2.7016

Epoch 36/100 ##########################################################
Train: loss:4.4007e-02 = 4.3835e-02 + alpha*1.7238e-03
Valid: loss:4.4633e-02 = 4.4357e-02 + alpha*2.7647e-03
  Perf: mse:4.4357e-02, IC:0.0602, RIC:0.2933, prec@10:0.4940, SR:0.8399
Test : loss:5.9925e-02 = 5.9581e-02 + alpha*3.4393e-03
  Perf: mse:5.9581e-02, IC:0.0281, RIC:0.1572, prec@10:0.5098, SR:2.7016

Epoch 37/100 ##########################################################
Train: loss:4.4007e-02 = 4.3835e-02 + alpha*1.7242e-03
Valid: loss:4.4618e-02 = 4.4342e-02 + alpha*2.7644e-03
  Perf: mse:4.4342e-02, IC:0.0602, RIC:0.2933, prec@10:0.4940, SR:0.8399
Test : loss:5.9903e-02 = 5.9560e-02 + alpha*3.4390e-03
  Perf: mse:5.9560e-02, IC:0.0281, RIC:0.1572, prec@10:0.5098, SR:2.7016

Epoch 38/100 ##########################################################
Train: loss:4.4012e-02 = 4.3840e-02 + alpha*1.7239e-03
Valid: loss:4.4613e-02 = 4.4336e-02 + alpha*2.7643e-03
  Perf: mse:4.4336e-02, IC:0.0602, RIC:0.2933, prec@10:0.4940, SR:0.8399
Test : loss:5.9895e-02 = 5.9552e-02 + alpha*3.4388e-03
  Perf: mse:5.9552e-02, IC:0.0281, RIC:0.1572, prec@10:0.5098, SR:2.7016

Epoch 39/100 ##########################################################
Train: loss:4.4010e-02 = 4.3838e-02 + alpha*1.7242e-03
Valid: loss:4.4597e-02 = 4.4321e-02 + alpha*2.7639e-03
  Perf: mse:4.4321e-02, IC:0.0602, RIC:0.2933, prec@10:0.4940, SR:0.8399
Test : loss:5.9873e-02 = 5.9529e-02 + alpha*3.4384e-03
  Perf: mse:5.9529e-02, IC:0.0281, RIC:0.1572, prec@10:0.5098, SR:2.7016

Epoch 40/100 ##########################################################
Train: loss:4.4004e-02 = 4.3831e-02 + alpha*1.7237e-03
Valid: loss:4.4604e-02 = 4.4327e-02 + alpha*2.7641e-03
  Perf: mse:4.4327e-02, IC:0.0602, RIC:0.2933, prec@10:0.4940, SR:0.8399
Test : loss:5.9882e-02 = 5.9538e-02 + alpha*3.4386e-03
  Perf: mse:5.9538e-02, IC:0.0281, RIC:0.1572, prec@10:0.5098, SR:2.7016

Epoch 41/100 ##########################################################
Train: loss:4.4009e-02 = 4.3837e-02 + alpha*1.7240e-03
Valid: loss:4.4606e-02 = 4.4330e-02 + alpha*2.7641e-03
  Perf: mse:4.4330e-02, IC:0.0602, RIC:0.2933, prec@10:0.4940, SR:0.8399
Test : loss:5.9886e-02 = 5.9542e-02 + alpha*3.4386e-03
  Perf: mse:5.9542e-02, IC:0.0281, RIC:0.1572, prec@10:0.5098, SR:2.7016

Epoch 42/100 ##########################################################
Train: loss:4.4014e-02 = 4.3841e-02 + alpha*1.7239e-03
Valid: loss:4.4632e-02 = 4.4355e-02 + alpha*2.7647e-03
  Perf: mse:4.4355e-02, IC:0.0602, RIC:0.2933, prec@10:0.4940, SR:0.8399
Test : loss:5.9924e-02 = 5.9580e-02 + alpha*3.4393e-03
  Perf: mse:5.9580e-02, IC:0.0281, RIC:0.1572, prec@10:0.5098, SR:2.7016

Epoch 43/100 ##########################################################
Train: loss:4.4013e-02 = 4.3840e-02 + alpha*1.7242e-03
Valid: loss:4.4626e-02 = 4.4350e-02 + alpha*2.7645e-03
  Perf: mse:4.4350e-02, IC:0.0602, RIC:0.2933, prec@10:0.4940, SR:0.8399
Test : loss:5.9915e-02 = 5.9571e-02 + alpha*3.4392e-03
  Perf: mse:5.9571e-02, IC:0.0281, RIC:0.1572, prec@10:0.5098, SR:2.7016

Epoch 44/100 ##########################################################
Train: loss:4.4009e-02 = 4.3836e-02 + alpha*1.7237e-03
Valid: loss:4.4630e-02 = 4.4354e-02 + alpha*2.7646e-03
  Perf: mse:4.4354e-02, IC:0.0602, RIC:0.2933, prec@10:0.4940, SR:0.8399
Test : loss:5.9921e-02 = 5.9577e-02 + alpha*3.4393e-03
  Perf: mse:5.9577e-02, IC:0.0281, RIC:0.1572, prec@10:0.5098, SR:2.7016

Epoch 45/100 ##########################################################
Train: loss:4.4008e-02 = 4.3836e-02 + alpha*1.7239e-03
Valid: loss:4.4650e-02 = 4.4374e-02 + alpha*2.7650e-03
  Perf: mse:4.4374e-02, IC:0.0602, RIC:0.2933, prec@10:0.4940, SR:0.8399
Test : loss:5.9951e-02 = 5.9607e-02 + alpha*3.4398e-03
  Perf: mse:5.9607e-02, IC:0.0281, RIC:0.1572, prec@10:0.5098, SR:2.7016

Epoch 46/100 ##########################################################
Train: loss:4.4001e-02 = 4.3829e-02 + alpha*1.7240e-03
Valid: loss:4.4636e-02 = 4.4360e-02 + alpha*2.7647e-03
  Perf: mse:4.4360e-02, IC:0.0602, RIC:0.2933, prec@10:0.4940, SR:0.8399
Test : loss:5.9930e-02 = 5.9586e-02 + alpha*3.4394e-03
  Perf: mse:5.9586e-02, IC:0.0281, RIC:0.1572, prec@10:0.5098, SR:2.7016

Epoch 47/100 ##########################################################
Train: loss:4.4007e-02 = 4.3835e-02 + alpha*1.7240e-03
Valid: loss:4.4618e-02 = 4.4341e-02 + alpha*2.7644e-03
  Perf: mse:4.4341e-02, IC:0.0602, RIC:0.2933, prec@10:0.4940, SR:0.8399
Test : loss:5.9902e-02 = 5.9558e-02 + alpha*3.4389e-03
  Perf: mse:5.9558e-02, IC:0.0281, RIC:0.1572, prec@10:0.5098, SR:2.7016

Epoch 48/100 ##########################################################
Train: loss:4.4008e-02 = 4.3836e-02 + alpha*1.7242e-03
Valid: loss:4.4620e-02 = 4.4344e-02 + alpha*2.7644e-03
  Perf: mse:4.4344e-02, IC:0.0602, RIC:0.2933, prec@10:0.4940, SR:0.8399
Test : loss:5.9906e-02 = 5.9562e-02 + alpha*3.4390e-03
  Perf: mse:5.9562e-02, IC:0.0281, RIC:0.1572, prec@10:0.5098, SR:2.7016

Epoch 49/100 ##########################################################
Train: loss:4.4004e-02 = 4.3832e-02 + alpha*1.7241e-03
Valid: loss:4.4626e-02 = 4.4350e-02 + alpha*2.7645e-03
  Perf: mse:4.4350e-02, IC:0.0602, RIC:0.2933, prec@10:0.4940, SR:0.8399
Test : loss:5.9915e-02 = 5.9571e-02 + alpha*3.4392e-03
  Perf: mse:5.9571e-02, IC:0.0281, RIC:0.1572, prec@10:0.5098, SR:2.7016

Epoch 50/100 ##########################################################
Train: loss:4.4004e-02 = 4.3832e-02 + alpha*1.7242e-03
Valid: loss:4.4616e-02 = 4.4340e-02 + alpha*2.7643e-03
  Perf: mse:4.4340e-02, IC:0.0602, RIC:0.2933, prec@10:0.4940, SR:0.8399
Test : loss:5.9901e-02 = 5.9557e-02 + alpha*3.4389e-03
  Perf: mse:5.9557e-02, IC:0.0281, RIC:0.1572, prec@10:0.5098, SR:2.7016

Epoch 51/100 ##########################################################
Train: loss:4.4015e-02 = 4.3843e-02 + alpha*1.7235e-03
Valid: loss:4.4600e-02 = 4.4324e-02 + alpha*2.7640e-03
  Perf: mse:4.4324e-02, IC:0.0602, RIC:0.2933, prec@10:0.4940, SR:0.8399
Test : loss:5.9876e-02 = 5.9533e-02 + alpha*3.4385e-03
  Perf: mse:5.9533e-02, IC:0.0281, RIC:0.1572, prec@10:0.5098, SR:2.7016

Epoch 52/100 ##########################################################
Train: loss:4.4010e-02 = 4.3838e-02 + alpha*1.7242e-03
Valid: loss:4.4594e-02 = 4.4318e-02 + alpha*2.7639e-03
  Perf: mse:4.4318e-02, IC:0.0602, RIC:0.2933, prec@10:0.4940, SR:0.8399
Test : loss:5.9867e-02 = 5.9523e-02 + alpha*3.4383e-03
  Perf: mse:5.9523e-02, IC:0.0281, RIC:0.1572, prec@10:0.5098, SR:2.7016

Epoch 53/100 ##########################################################
Train: loss:4.4010e-02 = 4.3837e-02 + alpha*1.7240e-03
Valid: loss:4.4616e-02 = 4.4339e-02 + alpha*2.7643e-03
  Perf: mse:4.4339e-02, IC:0.0602, RIC:0.2933, prec@10:0.4940, SR:0.8399
Test : loss:5.9899e-02 = 5.9556e-02 + alpha*3.4389e-03
  Perf: mse:5.9556e-02, IC:0.0281, RIC:0.1572, prec@10:0.5098, SR:2.7016

Epoch 54/100 ##########################################################
Train: loss:4.4005e-02 = 4.3833e-02 + alpha*1.7241e-03
Valid: loss:4.4633e-02 = 4.4357e-02 + alpha*2.7647e-03
  Perf: mse:4.4357e-02, IC:0.0602, RIC:0.2933, prec@10:0.4940, SR:0.8399
Test : loss:5.9925e-02 = 5.9581e-02 + alpha*3.4393e-03
  Perf: mse:5.9581e-02, IC:0.0281, RIC:0.1572, prec@10:0.5098, SR:2.7016

Epoch 55/100 ##########################################################
Train: loss:4.4004e-02 = 4.3831e-02 + alpha*1.7239e-03
Valid: loss:4.4625e-02 = 4.4348e-02 + alpha*2.7645e-03
  Perf: mse:4.4348e-02, IC:0.0602, RIC:0.2933, prec@10:0.4940, SR:0.8399
Test : loss:5.9913e-02 = 5.9569e-02 + alpha*3.4391e-03
  Perf: mse:5.9569e-02, IC:0.0281, RIC:0.1572, prec@10:0.5098, SR:2.7016

Epoch 56/100 ##########################################################
Train: loss:4.4010e-02 = 4.3837e-02 + alpha*1.7239e-03
Valid: loss:4.4612e-02 = 4.4336e-02 + alpha*2.7642e-03
  Perf: mse:4.4336e-02, IC:0.0602, RIC:0.2933, prec@10:0.4940, SR:0.8399
Test : loss:5.9894e-02 = 5.9550e-02 + alpha*3.4388e-03
  Perf: mse:5.9550e-02, IC:0.0281, RIC:0.1572, prec@10:0.5098, SR:2.7016

Epoch 57/100 ##########################################################
Train: loss:4.4007e-02 = 4.3834e-02 + alpha*1.7241e-03
Valid: loss:4.4602e-02 = 4.4326e-02 + alpha*2.7640e-03
  Perf: mse:4.4326e-02, IC:0.0602, RIC:0.2933, prec@10:0.4940, SR:0.8399
Test : loss:5.9880e-02 = 5.9536e-02 + alpha*3.4385e-03
  Perf: mse:5.9536e-02, IC:0.0281, RIC:0.1572, prec@10:0.5098, SR:2.7016

Epoch 58/100 ##########################################################
Train: loss:4.4005e-02 = 4.3832e-02 + alpha*1.7238e-03
Valid: loss:4.4602e-02 = 4.4326e-02 + alpha*2.7640e-03
  Perf: mse:4.4326e-02, IC:0.0602, RIC:0.2933, prec@10:0.4940, SR:0.8399
Test : loss:5.9880e-02 = 5.9536e-02 + alpha*3.4385e-03
  Perf: mse:5.9536e-02, IC:0.0281, RIC:0.1572, prec@10:0.5098, SR:2.7016

Epoch 59/100 ##########################################################
Train: loss:4.4004e-02 = 4.3832e-02 + alpha*1.7241e-03
Valid: loss:4.4641e-02 = 4.4365e-02 + alpha*2.7648e-03
  Perf: mse:4.4365e-02, IC:0.0602, RIC:0.2933, prec@10:0.4940, SR:0.8399
Test : loss:5.9937e-02 = 5.9593e-02 + alpha*3.4395e-03
  Perf: mse:5.9593e-02, IC:0.0281, RIC:0.1572, prec@10:0.5098, SR:2.7016

Epoch 60/100 ##########################################################
Train: loss:4.4001e-02 = 4.3828e-02 + alpha*1.7240e-03
Valid: loss:4.4611e-02 = 4.4335e-02 + alpha*2.7642e-03
  Perf: mse:4.4335e-02, IC:0.0602, RIC:0.2933, prec@10:0.4940, SR:0.8399
Test : loss:5.9892e-02 = 5.9548e-02 + alpha*3.4388e-03
  Perf: mse:5.9548e-02, IC:0.0281, RIC:0.1572, prec@10:0.5098, SR:2.7016

Epoch 61/100 ##########################################################
Train: loss:4.4007e-02 = 4.3835e-02 + alpha*1.7240e-03
Valid: loss:4.4621e-02 = 4.4345e-02 + alpha*2.7644e-03
  Perf: mse:4.4345e-02, IC:0.0602, RIC:0.2933, prec@10:0.4940, SR:0.8399
Test : loss:5.9908e-02 = 5.9564e-02 + alpha*3.4390e-03
  Perf: mse:5.9564e-02, IC:0.0281, RIC:0.1572, prec@10:0.5098, SR:2.7016

Epoch 62/100 ##########################################################
Train: loss:4.4013e-02 = 4.3840e-02 + alpha*1.7235e-03
Valid: loss:4.4613e-02 = 4.4337e-02 + alpha*2.7642e-03
  Perf: mse:4.4337e-02, IC:0.0602, RIC:0.2933, prec@10:0.4940, SR:0.8399
Test : loss:5.9895e-02 = 5.9551e-02 + alpha*3.4388e-03
  Perf: mse:5.9551e-02, IC:0.0281, RIC:0.1572, prec@10:0.5098, SR:2.7016

Epoch 63/100 ##########################################################
Train: loss:4.4011e-02 = 4.3838e-02 + alpha*1.7244e-03
Valid: loss:4.4625e-02 = 4.4349e-02 + alpha*2.7645e-03
  Perf: mse:4.4349e-02, IC:0.0602, RIC:0.2933, prec@10:0.4940, SR:0.8399
Test : loss:5.9913e-02 = 5.9570e-02 + alpha*3.4391e-03
  Perf: mse:5.9570e-02, IC:0.0281, RIC:0.1572, prec@10:0.5098, SR:2.7016

Epoch 64/100 ##########################################################
Train: loss:4.4007e-02 = 4.3835e-02 + alpha*1.7240e-03
Valid: loss:4.4618e-02 = 4.4341e-02 + alpha*2.7643e-03
  Perf: mse:4.4341e-02, IC:0.0602, RIC:0.2933, prec@10:0.4940, SR:0.8399
Test : loss:5.9902e-02 = 5.9558e-02 + alpha*3.4389e-03
  Perf: mse:5.9558e-02, IC:0.0281, RIC:0.1572, prec@10:0.5098, SR:2.7016

Epoch 65/100 ##########################################################
Train: loss:4.4003e-02 = 4.3830e-02 + alpha*1.7240e-03
Valid: loss:4.4619e-02 = 4.4343e-02 + alpha*2.7644e-03
  Perf: mse:4.4343e-02, IC:0.0602, RIC:0.2933, prec@10:0.4940, SR:0.8399
Test : loss:5.9904e-02 = 5.9560e-02 + alpha*3.4390e-03
  Perf: mse:5.9560e-02, IC:0.0281, RIC:0.1572, prec@10:0.5098, SR:2.7016

Epoch 66/100 ##########################################################
Train: loss:4.4007e-02 = 4.3835e-02 + alpha*1.7241e-03
Valid: loss:4.4632e-02 = 4.4355e-02 + alpha*2.7646e-03
  Perf: mse:4.4355e-02, IC:0.0602, RIC:0.2933, prec@10:0.4940, SR:0.8399
Test : loss:5.9923e-02 = 5.9579e-02 + alpha*3.4393e-03
  Perf: mse:5.9579e-02, IC:0.0281, RIC:0.1572, prec@10:0.5098, SR:2.7016

Epoch 67/100 ##########################################################
Train: loss:4.4006e-02 = 4.3833e-02 + alpha*1.7242e-03
Valid: loss:4.4638e-02 = 4.4362e-02 + alpha*2.7648e-03
  Perf: mse:4.4362e-02, IC:0.0602, RIC:0.2933, prec@10:0.4940, SR:0.8399
Test : loss:5.9933e-02 = 5.9589e-02 + alpha*3.4395e-03
  Perf: mse:5.9589e-02, IC:0.0281, RIC:0.1572, prec@10:0.5098, SR:2.7016

Epoch 68/100 ##########################################################
Train: loss:4.4012e-02 = 4.3839e-02 + alpha*1.7241e-03
Valid: loss:4.4634e-02 = 4.4357e-02 + alpha*2.7647e-03
  Perf: mse:4.4357e-02, IC:0.0602, RIC:0.2933, prec@10:0.4940, SR:0.8399
Test : loss:5.9926e-02 = 5.9582e-02 + alpha*3.4393e-03
  Perf: mse:5.9582e-02, IC:0.0281, RIC:0.1572, prec@10:0.5098, SR:2.7016

Epoch 69/100 ##########################################################
Train: loss:4.4007e-02 = 4.3834e-02 + alpha*1.7240e-03
Valid: loss:4.4584e-02 = 4.4308e-02 + alpha*2.7636e-03
  Perf: mse:4.4308e-02, IC:0.0602, RIC:0.2933, prec@10:0.4940, SR:0.8399
Test : loss:5.9852e-02 = 5.9509e-02 + alpha*3.4381e-03
  Perf: mse:5.9509e-02, IC:0.0281, RIC:0.1572, prec@10:0.5098, SR:2.7016

Epoch 70/100 ##########################################################
Train: loss:4.4009e-02 = 4.3836e-02 + alpha*1.7232e-03
Valid: loss:4.4569e-02 = 4.4292e-02 + alpha*2.7633e-03
  Perf: mse:4.4292e-02, IC:0.0602, RIC:0.2933, prec@10:0.4940, SR:0.8399
Test : loss:5.9829e-02 = 5.9486e-02 + alpha*3.4377e-03
  Perf: mse:5.9486e-02, IC:0.0281, RIC:0.1572, prec@10:0.5098, SR:2.7016

Epoch 71/100 ##########################################################
Train: loss:4.4011e-02 = 4.3839e-02 + alpha*1.7238e-03
Valid: loss:4.4593e-02 = 4.4317e-02 + alpha*2.7638e-03
  Perf: mse:4.4317e-02, IC:0.0602, RIC:0.2933, prec@10:0.4940, SR:0.8399
Test : loss:5.9866e-02 = 5.9522e-02 + alpha*3.4383e-03
  Perf: mse:5.9522e-02, IC:0.0281, RIC:0.1572, prec@10:0.5098, SR:2.7016

Epoch 72/100 ##########################################################
Train: loss:4.4005e-02 = 4.3832e-02 + alpha*1.7241e-03
Valid: loss:4.4651e-02 = 4.4375e-02 + alpha*2.7650e-03
  Perf: mse:4.4375e-02, IC:0.0602, RIC:0.2933, prec@10:0.4940, SR:0.8399
Test : loss:5.9951e-02 = 5.9607e-02 + alpha*3.4398e-03
  Perf: mse:5.9607e-02, IC:0.0281, RIC:0.1572, prec@10:0.5098, SR:2.7016

Epoch 73/100 ##########################################################
Train: loss:4.4008e-02 = 4.3836e-02 + alpha*1.7245e-03
Valid: loss:4.4668e-02 = 4.4392e-02 + alpha*2.7654e-03
  Perf: mse:4.4392e-02, IC:0.0602, RIC:0.2933, prec@10:0.4940, SR:0.8399
Test : loss:5.9976e-02 = 5.9632e-02 + alpha*3.4402e-03
  Perf: mse:5.9632e-02, IC:0.0281, RIC:0.1572, prec@10:0.5098, SR:2.7016

Epoch 74/100 ##########################################################
Train: loss:4.4001e-02 = 4.3829e-02 + alpha*1.7244e-03
Valid: loss:4.4628e-02 = 4.4352e-02 + alpha*2.7646e-03
  Perf: mse:4.4352e-02, IC:0.0602, RIC:0.2933, prec@10:0.4940, SR:0.8399
Test : loss:5.9917e-02 = 5.9573e-02 + alpha*3.4392e-03
  Perf: mse:5.9573e-02, IC:0.0281, RIC:0.1572, prec@10:0.5098, SR:2.7016

Epoch 75/100 ##########################################################
Train: loss:4.4008e-02 = 4.3835e-02 + alpha*1.7244e-03
Valid: loss:4.4618e-02 = 4.4342e-02 + alpha*2.7643e-03
  Perf: mse:4.4342e-02, IC:0.0602, RIC:0.2933, prec@10:0.4940, SR:0.8399
Test : loss:5.9902e-02 = 5.9559e-02 + alpha*3.4389e-03
  Perf: mse:5.9559e-02, IC:0.0281, RIC:0.1572, prec@10:0.5098, SR:2.7016

Epoch 76/100 ##########################################################
Train: loss:4.4007e-02 = 4.3834e-02 + alpha*1.7240e-03
Valid: loss:4.4585e-02 = 4.4309e-02 + alpha*2.7636e-03
  Perf: mse:4.4309e-02, IC:0.0602, RIC:0.2933, prec@10:0.4940, SR:0.8399
Test : loss:5.9853e-02 = 5.9510e-02 + alpha*3.4381e-03
  Perf: mse:5.9510e-02, IC:0.0281, RIC:0.1572, prec@10:0.5098, SR:2.7016

Epoch 77/100 ##########################################################
Train: loss:4.4009e-02 = 4.3836e-02 + alpha*1.7236e-03
Valid: loss:4.4577e-02 = 4.4300e-02 + alpha*2.7635e-03
  Perf: mse:4.4300e-02, IC:0.0602, RIC:0.2933, prec@10:0.4940, SR:0.8399
Test : loss:5.9841e-02 = 5.9498e-02 + alpha*3.4379e-03
  Perf: mse:5.9498e-02, IC:0.0281, RIC:0.1572, prec@10:0.5098, SR:2.7016

Epoch 78/100 ##########################################################
Train: loss:4.4006e-02 = 4.3834e-02 + alpha*1.7235e-03
Valid: loss:4.4561e-02 = 4.4284e-02 + alpha*2.7631e-03
  Perf: mse:4.4284e-02, IC:0.0602, RIC:0.2933, prec@10:0.4940, SR:0.8399
Test : loss:5.9818e-02 = 5.9474e-02 + alpha*3.4375e-03
  Perf: mse:5.9474e-02, IC:0.0281, RIC:0.1572, prec@10:0.5098, SR:2.7016

Epoch 79/100 ##########################################################
Train: loss:4.4007e-02 = 4.3834e-02 + alpha*1.7235e-03
Valid: loss:4.4577e-02 = 4.4300e-02 + alpha*2.7635e-03
  Perf: mse:4.4300e-02, IC:0.0602, RIC:0.2933, prec@10:0.4940, SR:0.8399
Test : loss:5.9841e-02 = 5.9497e-02 + alpha*3.4379e-03
  Perf: mse:5.9497e-02, IC:0.0281, RIC:0.1572, prec@10:0.5098, SR:2.7016

Epoch 80/100 ##########################################################
Train: loss:4.4011e-02 = 4.3839e-02 + alpha*1.7241e-03
Valid: loss:4.4645e-02 = 4.4369e-02 + alpha*2.7649e-03
  Perf: mse:4.4369e-02, IC:0.0602, RIC:0.2933, prec@10:0.4940, SR:0.8399
Test : loss:5.9942e-02 = 5.9598e-02 + alpha*3.4396e-03
  Perf: mse:5.9598e-02, IC:0.0281, RIC:0.1572, prec@10:0.5098, SR:2.7016

Epoch 81/100 ##########################################################
Train: loss:4.4008e-02 = 4.3835e-02 + alpha*1.7241e-03
Valid: loss:4.4629e-02 = 4.4353e-02 + alpha*2.7646e-03
  Perf: mse:4.4353e-02, IC:0.0602, RIC:0.2933, prec@10:0.4940, SR:0.8399
Test : loss:5.9919e-02 = 5.9575e-02 + alpha*3.4392e-03
  Perf: mse:5.9575e-02, IC:0.0281, RIC:0.1572, prec@10:0.5098, SR:2.7016

Epoch 82/100 ##########################################################
Train: loss:4.4011e-02 = 4.3838e-02 + alpha*1.7245e-03
Valid: loss:4.4591e-02 = 4.4314e-02 + alpha*2.7638e-03
  Perf: mse:4.4314e-02, IC:0.0602, RIC:0.2933, prec@10:0.4940, SR:0.8399
Test : loss:5.9862e-02 = 5.9518e-02 + alpha*3.4382e-03
  Perf: mse:5.9518e-02, IC:0.0281, RIC:0.1572, prec@10:0.5098, SR:2.7016

Epoch 83/100 ##########################################################
Train: loss:4.4001e-02 = 4.3829e-02 + alpha*1.7237e-03
Valid: loss:4.4561e-02 = 4.4284e-02 + alpha*2.7631e-03
  Perf: mse:4.4284e-02, IC:0.0602, RIC:0.2933, prec@10:0.4940, SR:0.8399
Test : loss:5.9817e-02 = 5.9474e-02 + alpha*3.4375e-03
  Perf: mse:5.9474e-02, IC:0.0281, RIC:0.1572, prec@10:0.5098, SR:2.7016

Epoch 84/100 ##########################################################
Train: loss:4.4006e-02 = 4.3834e-02 + alpha*1.7238e-03
Valid: loss:4.4619e-02 = 4.4343e-02 + alpha*2.7644e-03
  Perf: mse:4.4343e-02, IC:0.0602, RIC:0.2933, prec@10:0.4940, SR:0.8399
Test : loss:5.9904e-02 = 5.9560e-02 + alpha*3.4390e-03
  Perf: mse:5.9560e-02, IC:0.0281, RIC:0.1572, prec@10:0.5098, SR:2.7016

Epoch 85/100 ##########################################################
Train: loss:4.4004e-02 = 4.3831e-02 + alpha*1.7237e-03
Valid: loss:4.4587e-02 = 4.4311e-02 + alpha*2.7637e-03
  Perf: mse:4.4311e-02, IC:0.0602, RIC:0.2933, prec@10:0.4940, SR:0.8399
Test : loss:5.9857e-02 = 5.9513e-02 + alpha*3.4382e-03
  Perf: mse:5.9513e-02, IC:0.0281, RIC:0.1572, prec@10:0.5098, SR:2.7016

Epoch 86/100 ##########################################################
Train: loss:4.4010e-02 = 4.3837e-02 + alpha*1.7243e-03
Valid: loss:4.4667e-02 = 4.4390e-02 + alpha*2.7653e-03
  Perf: mse:4.4390e-02, IC:0.0602, RIC:0.2933, prec@10:0.4940, SR:0.8399
Test : loss:5.9973e-02 = 5.9629e-02 + alpha*3.4402e-03
  Perf: mse:5.9629e-02, IC:0.0281, RIC:0.1572, prec@10:0.5098, SR:2.7016

Epoch 87/100 ##########################################################
Train: loss:4.4000e-02 = 4.3828e-02 + alpha*1.7241e-03
Valid: loss:4.4630e-02 = 4.4354e-02 + alpha*2.7646e-03
  Perf: mse:4.4354e-02, IC:0.0602, RIC:0.2933, prec@10:0.4940, SR:0.8399
Test : loss:5.9920e-02 = 5.9576e-02 + alpha*3.4392e-03
  Perf: mse:5.9576e-02, IC:0.0281, RIC:0.1572, prec@10:0.5098, SR:2.7016

Epoch 88/100 ##########################################################
Train: loss:4.4007e-02 = 4.3834e-02 + alpha*1.7240e-03
Valid: loss:4.4624e-02 = 4.4347e-02 + alpha*2.7644e-03
  Perf: mse:4.4347e-02, IC:0.0602, RIC:0.2933, prec@10:0.4940, SR:0.8399
Test : loss:5.9911e-02 = 5.9567e-02 + alpha*3.4391e-03
  Perf: mse:5.9567e-02, IC:0.0281, RIC:0.1572, prec@10:0.5098, SR:2.7016

Epoch 89/100 ##########################################################
Train: loss:4.4003e-02 = 4.3830e-02 + alpha*1.7240e-03
Valid: loss:4.4621e-02 = 4.4345e-02 + alpha*2.7644e-03
  Perf: mse:4.4345e-02, IC:0.0602, RIC:0.2933, prec@10:0.4940, SR:0.8399
Test : loss:5.9907e-02 = 5.9563e-02 + alpha*3.4390e-03
  Perf: mse:5.9563e-02, IC:0.0281, RIC:0.1572, prec@10:0.5098, SR:2.7016

Epoch 90/100 ##########################################################
Train: loss:4.4009e-02 = 4.3837e-02 + alpha*1.7241e-03
Valid: loss:4.4592e-02 = 4.4316e-02 + alpha*2.7638e-03
  Perf: mse:4.4316e-02, IC:0.0602, RIC:0.2933, prec@10:0.4940, SR:0.8399
Test : loss:5.9864e-02 = 5.9520e-02 + alpha*3.4383e-03
  Perf: mse:5.9520e-02, IC:0.0281, RIC:0.1572, prec@10:0.5098, SR:2.7016

Epoch 91/100 ##########################################################
Train: loss:4.4006e-02 = 4.3834e-02 + alpha*1.7237e-03
Valid: loss:4.4606e-02 = 4.4330e-02 + alpha*2.7641e-03
  Perf: mse:4.4330e-02, IC:0.0602, RIC:0.2933, prec@10:0.4940, SR:0.8399
Test : loss:5.9884e-02 = 5.9540e-02 + alpha*3.4386e-03
  Perf: mse:5.9540e-02, IC:0.0281, RIC:0.1572, prec@10:0.5098, SR:2.7016

Epoch 92/100 ##########################################################
Train: loss:4.4004e-02 = 4.3831e-02 + alpha*1.7243e-03
Valid: loss:4.4641e-02 = 4.4365e-02 + alpha*2.7648e-03
  Perf: mse:4.4365e-02, IC:0.0602, RIC:0.2933, prec@10:0.4940, SR:0.8399
Test : loss:5.9936e-02 = 5.9592e-02 + alpha*3.4395e-03
  Perf: mse:5.9592e-02, IC:0.0281, RIC:0.1572, prec@10:0.5098, SR:2.7016

Epoch 93/100 ##########################################################
Train: loss:4.4006e-02 = 4.3833e-02 + alpha*1.7243e-03
Valid: loss:4.4623e-02 = 4.4346e-02 + alpha*2.7644e-03
  Perf: mse:4.4346e-02, IC:0.0602, RIC:0.2933, prec@10:0.4940, SR:0.8399
Test : loss:5.9909e-02 = 5.9565e-02 + alpha*3.4391e-03
  Perf: mse:5.9565e-02, IC:0.0281, RIC:0.1572, prec@10:0.5098, SR:2.7016

Epoch 94/100 ##########################################################
Train: loss:4.4012e-02 = 4.3839e-02 + alpha*1.7242e-03
Valid: loss:4.4603e-02 = 4.4326e-02 + alpha*2.7640e-03
  Perf: mse:4.4326e-02, IC:0.0602, RIC:0.2933, prec@10:0.4940, SR:0.8399
Test : loss:5.9879e-02 = 5.9535e-02 + alpha*3.4385e-03
  Perf: mse:5.9535e-02, IC:0.0281, RIC:0.1572, prec@10:0.5098, SR:2.7016

Epoch 95/100 ##########################################################
Train: loss:4.4007e-02 = 4.3835e-02 + alpha*1.7239e-03
Valid: loss:4.4612e-02 = 4.4336e-02 + alpha*2.7642e-03
  Perf: mse:4.4336e-02, IC:0.0602, RIC:0.2933, prec@10:0.4940, SR:0.8399
Test : loss:5.9893e-02 = 5.9549e-02 + alpha*3.4388e-03
  Perf: mse:5.9549e-02, IC:0.0281, RIC:0.1572, prec@10:0.5098, SR:2.7016

Epoch 96/100 ##########################################################
Train: loss:4.4014e-02 = 4.3842e-02 + alpha*1.7235e-03
Valid: loss:4.4542e-02 = 4.4266e-02 + alpha*2.7627e-03
  Perf: mse:4.4266e-02, IC:0.0602, RIC:0.2933, prec@10:0.4940, SR:0.8399
Test : loss:5.9790e-02 = 5.9446e-02 + alpha*3.4370e-03
  Perf: mse:5.9446e-02, IC:0.0281, RIC:0.1572, prec@10:0.5098, SR:2.7016

Epoch 97/100 ##########################################################
Train: loss:4.4001e-02 = 4.3829e-02 + alpha*1.7234e-03
Valid: loss:4.4607e-02 = 4.4331e-02 + alpha*2.7641e-03
  Perf: mse:4.4331e-02, IC:0.0602, RIC:0.2933, prec@10:0.4940, SR:0.8399
Test : loss:5.9885e-02 = 5.9542e-02 + alpha*3.4387e-03
  Perf: mse:5.9542e-02, IC:0.0281, RIC:0.1572, prec@10:0.5098, SR:2.7016

Epoch 98/100 ##########################################################
Train: loss:4.4007e-02 = 4.3835e-02 + alpha*1.7239e-03
Valid: loss:4.4638e-02 = 4.4362e-02 + alpha*2.7647e-03
  Perf: mse:4.4362e-02, IC:0.0602, RIC:0.2933, prec@10:0.4940, SR:0.8399
Test : loss:5.9932e-02 = 5.9588e-02 + alpha*3.4395e-03
  Perf: mse:5.9588e-02, IC:0.0281, RIC:0.1572, prec@10:0.5098, SR:2.7016

Epoch 99/100 ##########################################################
Train: loss:4.3998e-02 = 4.3826e-02 + alpha*1.7244e-03
Valid: loss:4.4636e-02 = 4.4359e-02 + alpha*2.7647e-03
  Perf: mse:4.4359e-02, IC:0.0602, RIC:0.2933, prec@10:0.4940, SR:0.8399
Test : loss:5.9928e-02 = 5.9584e-02 + alpha*3.4394e-03
  Perf: mse:5.9584e-02, IC:0.0281, RIC:0.1572, prec@10:0.5098, SR:2.7016

Epoch 100/100 ##########################################################
Train: loss:4.4008e-02 = 4.3836e-02 + alpha*1.7237e-03
Valid: loss:4.4594e-02 = 4.4318e-02 + alpha*2.7638e-03
  Perf: mse:4.4318e-02, IC:0.0602, RIC:0.2933, prec@10:0.4940, SR:0.8399
Test : loss:5.9866e-02 = 5.9522e-02 + alpha*3.4383e-03
  Perf: mse:5.9522e-02, IC:0.0281, RIC:0.1572, prec@10:0.5098, SR:2.7016

Training finished.

Training finished. Best validation performance was at epoch 10.
Best Validation Performance (based on lowest validation loss):
mse:4.0235e-02, IC:0.0602, RIC:0.2933, prec@10:0.4940, SR:0.8399
Corresponding Test Performance:
mse:5.2383e-02, IC:0.0281, RIC:0.1572, prec@10:0.5098, SR:2.7016
Results appended to ../training_results.xlsx
