Using device: cuda
Loading data from: ../dataset\NYSE
Warning: stock_num (1026) does not match eod_data.shape[0] (1008) for market NYSE. Adjusting stock_num.
市场为 NYSE，实际加载股票数量更新为: 1008
总交易天数: 1148
根据 60%/20%/_ 分割比例 (已调整为满足最小数据集要求):
训练集天数 (0-indexed, up to valid_index-1): 688 (实际比例: 59.9%)
验证集天数 (valid_index to test_index-1): 230 (实际比例: 20.0%)
测试集天数 (test_index to end): 230 (实际比例: 20.0%)
验证集起始索引 (valid_index): 688
测试集起始索引 (test_index): 918
✅ 数据集分割检查通过
Starting STHAN-SR training...
Epoch 1/100 ##########################################################
Train: loss:1.0614e+00 = 1.0608e+00 + alpha*1.1583e-03
Valid: loss:9.7474e-01 = 9.7440e-01 + alpha*6.8372e-04 | IC: 0.0003, RIC: 0.0062, Prec@10: 0.5296, SR: 0.3476
Test (at best valid): loss:9.8787e-01 = 9.8735e-01 + alpha*1.0315e-03 | IC: 0.0023, RIC: 0.0328, Prec@10: 0.5157, SR: 1.6251

Epoch 2/100 ##########################################################
Train: loss:9.0440e-01 = 9.0395e-01 + alpha*8.9251e-04
Valid: loss:1.0654e+00 = 1.0648e+00 + alpha*1.1692e-03 | IC: 0.0003, RIC: 0.0063, Prec@10: 0.5296, SR: 0.2098

Epoch 3/100 ##########################################################
Train: loss:4.7657e-01 = 4.7558e-01 + alpha*1.9767e-03
Valid: loss:5.5222e-02 = 5.4235e-02 + alpha*1.9735e-03 | IC: 0.0089, RIC: 0.1176, Prec@10: 0.6096, SR: -0.0920
Test (at best valid): loss:5.2357e-02 = 5.1108e-02 + alpha*2.4987e-03 | IC: 0.0078, RIC: 0.0990, Prec@10: 0.5230, SR: 2.2886

Epoch 4/100 ##########################################################
Train: loss:9.6037e-02 = 9.4733e-02 + alpha*2.6095e-03
Valid: loss:1.4576e-01 = 1.4456e-01 + alpha*2.4002e-03 | IC: 0.0030, RIC: 0.0342, Prec@10: 0.5400, SR: -0.0283

Epoch 5/100 ##########################################################
Train: loss:4.6603e-02 = 4.5706e-02 + alpha*1.7949e-03
Valid: loss:1.9922e-02 = 1.9419e-02 + alpha*1.0072e-03 | IC: 0.0068, RIC: 0.0625, Prec@10: 0.6122, SR: -0.0691
Test (at best valid): loss:1.9053e-01 = 1.8925e-01 + alpha*2.5572e-03 | IC: 0.0026, RIC: 0.0324, Prec@10: 0.5087, SR: 1.6507

Epoch 6/100 ##########################################################
Train: loss:2.8554e-02 = 2.7892e-02 + alpha*1.3249e-03
Valid: loss:6.5935e-02 = 6.5339e-02 + alpha*1.1921e-03 | IC: -0.0004, RIC: -0.0038, Prec@10: 0.7457, SR: -0.1481

Epoch 7/100 ##########################################################
Train: loss:2.4703e-02 = 2.4074e-02 + alpha*1.2561e-03
Valid: loss:1.7705e-02 = 1.7343e-02 + alpha*7.2389e-04 | IC: 0.0029, RIC: 0.0283, Prec@10: 0.6665, SR: 0.4262
Test (at best valid): loss:1.1482e-01 = 1.1401e-01 + alpha*1.6308e-03 | IC: 0.0028, RIC: 0.0341, Prec@10: 0.5422, SR: 0.9955

Epoch 8/100 ##########################################################
Train: loss:2.1622e-02 = 2.0995e-02 + alpha*1.2548e-03
Valid: loss:2.2453e-02 = 2.2021e-02 + alpha*8.6393e-04 | IC: -0.0029, RIC: -0.0226, Prec@10: 0.6639, SR: -0.5788

Epoch 9/100 ##########################################################
Train: loss:1.5609e-02 = 1.5055e-02 + alpha*1.1076e-03
Valid: loss:1.1877e-02 = 1.1546e-02 + alpha*6.6156e-04 | IC: 0.0013, RIC: 0.0107, Prec@10: 0.6326, SR: -0.0657
Test (at best valid): loss:1.5953e-01 = 1.5871e-01 + alpha*1.6394e-03 | IC: 0.0013, RIC: 0.0172, Prec@10: 0.5317, SR: 0.9261

Epoch 10/100 ##########################################################
Train: loss:1.3845e-02 = 1.3367e-02 + alpha*9.5562e-04
Valid: loss:3.3946e-02 = 3.3613e-02 + alpha*6.6494e-04 | IC: 0.0003, RIC: 0.0040, Prec@10: 0.6087, SR: 0.8378

Epoch 11/100 ##########################################################
Train: loss:1.6477e-02 = 1.5984e-02 + alpha*9.8407e-04
Valid: loss:2.2847e-02 = 2.2465e-02 + alpha*7.6360e-04 | IC: -0.0015, RIC: -0.0157, Prec@10: 0.6509, SR: -0.1504

Epoch 12/100 ##########################################################
Train: loss:1.2575e-02 = 1.2090e-02 + alpha*9.6926e-04
Valid: loss:4.6844e-02 = 4.6386e-02 + alpha*9.1643e-04 | IC: -0.0018, RIC: -0.0231, Prec@10: 0.6096, SR: 0.1466

Epoch 13/100 ##########################################################
Train: loss:1.1871e-02 = 1.1456e-02 + alpha*8.3077e-04
Valid: loss:2.4422e-02 = 2.4034e-02 + alpha*7.7581e-04 | IC: -0.0021, RIC: -0.0218, Prec@10: 0.5991, SR: 0.1147

Epoch 14/100 ##########################################################
Train: loss:1.1322e-02 = 1.0867e-02 + alpha*9.0883e-04
Valid: loss:2.2691e-02 = 2.2301e-02 + alpha*7.8158e-04 | IC: -0.0019, RIC: -0.0193, Prec@10: 0.6283, SR: 0.0726

Epoch 15/100 ##########################################################
Train: loss:1.3225e-02 = 1.2772e-02 + alpha*9.0623e-04
Valid: loss:1.3765e-01 = 1.3700e-01 + alpha*1.2991e-03 | IC: -0.0009, RIC: -0.0148, Prec@10: 0.5870, SR: 0.0024

Epoch 16/100 ##########################################################
Train: loss:2.1140e-02 = 2.0525e-02 + alpha*1.2291e-03
Valid: loss:1.8806e-01 = 1.8726e-01 + alpha*1.5985e-03 | IC: -0.0003, RIC: -0.0045, Prec@10: 0.5952, SR: -0.2509

Epoch 17/100 ##########################################################
Train: loss:1.6496e-02 = 1.6046e-02 + alpha*8.9950e-04
Valid: loss:9.4147e-03 = 9.1705e-03 + alpha*4.8838e-04 | IC: 0.0050, RIC: 0.0487, Prec@10: 0.5748, SR: 0.0644
Test (at best valid): loss:2.5823e-02 = 2.5416e-02 + alpha*8.1482e-04 | IC: 0.0026, RIC: 0.0271, Prec@10: 0.5243, SR: 0.6873

Epoch 18/100 ##########################################################
Train: loss:1.3568e-02 = 1.3128e-02 + alpha*8.7932e-04
Valid: loss:4.5734e-02 = 4.5333e-02 + alpha*8.0078e-04 | IC: -0.0023, RIC: -0.0280, Prec@10: 0.5300, SR: 0.1903

Epoch 19/100 ##########################################################
Train: loss:1.0969e-02 = 1.0569e-02 + alpha*7.9950e-04
Valid: loss:9.8426e-03 = 9.5868e-03 + alpha*5.1160e-04 | IC: -0.0031, RIC: -0.0246, Prec@10: 0.5578, SR: -0.5063

Epoch 20/100 ##########################################################
Train: loss:9.7016e-03 = 9.2826e-03 + alpha*8.3802e-04
Valid: loss:6.4318e-03 = 6.2019e-03 + alpha*4.5979e-04 | IC: 0.0021, RIC: 0.0153, Prec@10: 0.5630, SR: -0.7416
Test (at best valid): loss:3.5179e-02 = 3.4749e-02 + alpha*8.6012e-04 | IC: 0.0000, RIC: 0.0005, Prec@10: 0.5335, SR: 0.3171

Epoch 21/100 ##########################################################
Train: loss:1.5873e-02 = 1.5451e-02 + alpha*8.4527e-04
Valid: loss:1.2372e-02 = 1.2083e-02 + alpha*5.7703e-04 | IC: -0.0017, RIC: -0.0163, Prec@10: 0.5774, SR: -0.7572

Epoch 22/100 ##########################################################
Train: loss:9.1627e-03 = 8.7675e-03 + alpha*7.9052e-04
Valid: loss:6.5216e-03 = 6.2356e-03 + alpha*5.7193e-04 | IC: -0.0033, RIC: -0.0217, Prec@10: 0.5252, SR: -0.7782

Epoch 23/100 ##########################################################
Train: loss:9.6530e-03 = 9.2717e-03 + alpha*7.6257e-04
Valid: loss:1.6475e-02 = 1.6245e-02 + alpha*4.5953e-04 | IC: 0.0012, RIC: 0.0176, Prec@10: 0.5935, SR: 1.1986

Epoch 24/100 ##########################################################
Train: loss:9.6565e-03 = 9.3078e-03 + alpha*6.9724e-04
Valid: loss:1.3842e-02 = 1.3623e-02 + alpha*4.3813e-04 | IC: 0.0019, RIC: 0.0250, Prec@10: 0.6043, SR: 1.1383

Epoch 25/100 ##########################################################
Train: loss:7.8585e-03 = 7.5317e-03 + alpha*6.5344e-04
Valid: loss:7.1325e-03 = 6.9383e-03 + alpha*3.8847e-04 | IC: 0.0046, RIC: 0.0454, Prec@10: 0.6039, SR: 0.7604

Epoch 26/100 ##########################################################
Train: loss:9.9083e-03 = 9.5434e-03 + alpha*7.2985e-04
Valid: loss:3.0566e-02 = 3.0325e-02 + alpha*4.8235e-04 | IC: 0.0003, RIC: 0.0072, Prec@10: 0.5852, SR: 0.8694

Epoch 27/100 ##########################################################
Train: loss:8.4101e-03 = 8.0535e-03 + alpha*7.1304e-04
Valid: loss:4.3552e-03 = 4.1350e-03 + alpha*4.4029e-04 | IC: -0.0005, RIC: -0.0038, Prec@10: 0.5891, SR: 0.0193
Test (at best valid): loss:2.2502e-02 = 2.2122e-02 + alpha*7.5993e-04 | IC: -0.0012, RIC: -0.0131, Prec@10: 0.5448, SR: 1.5308

Epoch 28/100 ##########################################################
Train: loss:8.5744e-03 = 8.2117e-03 + alpha*7.2534e-04
Valid: loss:6.8821e-03 = 6.6856e-03 + alpha*3.9291e-04 | IC: 0.0036, RIC: 0.0271, Prec@10: 0.6291, SR: 0.9328

Epoch 29/100 ##########################################################
Train: loss:7.8976e-03 = 7.5663e-03 + alpha*6.6257e-04
Valid: loss:8.9185e-03 = 8.6291e-03 + alpha*5.7882e-04 | IC: -0.0048, RIC: -0.0397, Prec@10: 0.5243, SR: -1.1127

Epoch 30/100 ##########################################################
Train: loss:8.2447e-03 = 7.9071e-03 + alpha*6.7517e-04
Valid: loss:6.3814e-03 = 6.1765e-03 + alpha*4.0992e-04 | IC: 0.0041, RIC: 0.0333, Prec@10: 0.6222, SR: 0.7131

Epoch 31/100 ##########################################################
Train: loss:8.0288e-03 = 7.7191e-03 + alpha*6.1950e-04
Valid: loss:9.9806e-03 = 9.6979e-03 + alpha*5.6541e-04 | IC: -0.0011, RIC: -0.0071, Prec@10: 0.6187, SR: -0.7084

Epoch 32/100 ##########################################################
Train: loss:7.5555e-03 = 7.2502e-03 + alpha*6.1060e-04
Valid: loss:7.4606e-03 = 7.2190e-03 + alpha*4.8321e-04 | IC: -0.0072, RIC: -0.0521, Prec@10: 0.6148, SR: -0.1915

Epoch 33/100 ##########################################################
Train: loss:1.0862e-02 = 1.0524e-02 + alpha*6.7625e-04
Valid: loss:1.6879e-02 = 1.6557e-02 + alpha*6.4528e-04 | IC: -0.0032, RIC: -0.0323, Prec@10: 0.5383, SR: -1.3343

Epoch 34/100 ##########################################################
Train: loss:1.1878e-02 = 1.1514e-02 + alpha*7.2724e-04
Valid: loss:8.6823e-03 = 8.4445e-03 + alpha*4.7560e-04 | IC: 0.0024, RIC: 0.0182, Prec@10: 0.6096, SR: 0.2980

Epoch 35/100 ##########################################################
Train: loss:7.4237e-03 = 7.0887e-03 + alpha*6.6999e-04
Valid: loss:8.6957e-03 = 8.4456e-03 + alpha*5.0016e-04 | IC: -0.0029, RIC: -0.0302, Prec@10: 0.6109, SR: -0.4422

Epoch 36/100 ##########################################################
Train: loss:6.9954e-03 = 6.6931e-03 + alpha*6.0471e-04
Valid: loss:5.7161e-03 = 5.5095e-03 + alpha*4.1317e-04 | IC: 0.0039, RIC: 0.0333, Prec@10: 0.6365, SR: 0.7482

Epoch 37/100 ##########################################################
Train: loss:7.1720e-03 = 6.8799e-03 + alpha*5.8425e-04
Valid: loss:7.9766e-03 = 7.7460e-03 + alpha*4.6122e-04 | IC: -0.0003, RIC: -0.0020, Prec@10: 0.6352, SR: 0.9101

Epoch 38/100 ##########################################################
Train: loss:9.2824e-03 = 8.8935e-03 + alpha*7.7782e-04
Valid: loss:5.1631e-03 = 4.9722e-03 + alpha*3.8198e-04 | IC: 0.0036, RIC: 0.0282, Prec@10: 0.6083, SR: 0.0057

Epoch 39/100 ##########################################################
Train: loss:7.0358e-03 = 6.7214e-03 + alpha*6.2877e-04
Valid: loss:9.7451e-03 = 9.4810e-03 + alpha*5.2814e-04 | IC: -0.0044, RIC: -0.0416, Prec@10: 0.6026, SR: 0.5179

Epoch 40/100 ##########################################################
Train: loss:6.8786e-03 = 6.5808e-03 + alpha*5.9569e-04
Valid: loss:3.6034e-03 = 3.3864e-03 + alpha*4.3416e-04 | IC: -0.0000, RIC: -0.0003, Prec@10: 0.6248, SR: 0.2702
Test (at best valid): loss:1.2956e-02 = 1.2612e-02 + alpha*6.8883e-04 | IC: 0.0001, RIC: 0.0007, Prec@10: 0.5604, SR: 1.4609

Epoch 41/100 ##########################################################
Train: loss:7.1717e-03 = 6.8856e-03 + alpha*5.7220e-04
Valid: loss:6.4038e-03 = 6.2005e-03 + alpha*4.0655e-04 | IC: 0.0046, RIC: 0.0449, Prec@10: 0.6248, SR: 0.8183

Epoch 42/100 ##########################################################
Train: loss:6.9390e-03 = 6.6461e-03 + alpha*5.8590e-04
Valid: loss:5.6246e-03 = 5.4174e-03 + alpha*4.1444e-04 | IC: 0.0044, RIC: 0.0323, Prec@10: 0.6383, SR: 0.3853

Epoch 43/100 ##########################################################
Train: loss:7.1218e-03 = 6.8162e-03 + alpha*6.1123e-04
Valid: loss:9.2553e-03 = 9.0523e-03 + alpha*4.0600e-04 | IC: 0.0021, RIC: 0.0220, Prec@10: 0.6300, SR: 0.7141

Epoch 44/100 ##########################################################
Train: loss:9.8545e-03 = 9.5030e-03 + alpha*7.0289e-04
Valid: loss:6.9118e-03 = 6.6102e-03 + alpha*6.0316e-04 | IC: -0.0010, RIC: -0.0069, Prec@10: 0.5383, SR: 0.1946

Epoch 45/100 ##########################################################
Train: loss:8.6926e-03 = 8.3785e-03 + alpha*6.2817e-04
Valid: loss:4.0648e-03 = 3.8610e-03 + alpha*4.0744e-04 | IC: 0.0041, RIC: 0.0321, Prec@10: 0.6200, SR: 0.2914

Epoch 46/100 ##########################################################
Train: loss:6.9875e-03 = 6.6951e-03 + alpha*5.8492e-04
Valid: loss:1.5494e-02 = 1.5293e-02 + alpha*4.0223e-04 | IC: 0.0015, RIC: 0.0277, Prec@10: 0.5883, SR: 1.0618

Epoch 47/100 ##########################################################
Train: loss:7.0241e-03 = 6.7307e-03 + alpha*5.8682e-04
Valid: loss:7.3082e-03 = 7.1056e-03 + alpha*4.0520e-04 | IC: 0.0025, RIC: 0.0230, Prec@10: 0.6274, SR: 0.8930

Epoch 48/100 ##########################################################
Train: loss:6.3365e-03 = 6.0493e-03 + alpha*5.7441e-04
Valid: loss:4.0214e-03 = 3.8117e-03 + alpha*4.1958e-04 | IC: -0.0034, RIC: -0.0242, Prec@10: 0.6143, SR: 0.3636

Epoch 49/100 ##########################################################
Train: loss:6.1319e-03 = 5.8584e-03 + alpha*5.4690e-04
Valid: loss:3.6618e-03 = 3.4607e-03 + alpha*4.0217e-04 | IC: 0.0032, RIC: 0.0246, Prec@10: 0.6330, SR: 0.3646

Epoch 50/100 ##########################################################
Train: loss:5.8949e-03 = 5.6341e-03 + alpha*5.2161e-04
Valid: loss:5.5528e-03 = 5.3543e-03 + alpha*3.9695e-04 | IC: 0.0038, RIC: 0.0347, Prec@10: 0.6383, SR: 0.3924

Epoch 51/100 ##########################################################
Train: loss:6.9499e-03 = 6.6815e-03 + alpha*5.3676e-04
Valid: loss:1.0731e-02 = 1.0523e-02 + alpha*4.1667e-04 | IC: 0.0015, RIC: 0.0185, Prec@10: 0.6161, SR: 1.3593

Epoch 52/100 ##########################################################
Train: loss:6.0169e-03 = 5.7434e-03 + alpha*5.4706e-04
Valid: loss:8.5001e-03 = 8.2900e-03 + alpha*4.2013e-04 | IC: 0.0008, RIC: 0.0079, Prec@10: 0.6248, SR: 0.4405

Epoch 53/100 ##########################################################
Train: loss:5.8669e-03 = 5.5970e-03 + alpha*5.3980e-04
Valid: loss:4.5866e-03 = 4.3991e-03 + alpha*3.7510e-04 | IC: 0.0043, RIC: 0.0461, Prec@10: 0.6109, SR: 0.5089

Epoch 54/100 ##########################################################
Train: loss:6.3912e-03 = 6.1190e-03 + alpha*5.4441e-04
Valid: loss:3.3235e-03 = 3.1279e-03 + alpha*3.9110e-04 | IC: 0.0011, RIC: 0.0074, Prec@10: 0.6226, SR: 0.5024
Test (at best valid): loss:9.9410e-03 = 9.6425e-03 + alpha*5.9693e-04 | IC: -0.0002, RIC: -0.0018, Prec@10: 0.5713, SR: 1.2053

Epoch 55/100 ##########################################################
Train: loss:5.8091e-03 = 5.5472e-03 + alpha*5.2386e-04
Valid: loss:7.9810e-03 = 7.6969e-03 + alpha*5.6833e-04 | IC: -0.0060, RIC: -0.0347, Prec@10: 0.5974, SR: -0.8798

Epoch 56/100 ##########################################################
Train: loss:5.7758e-03 = 5.5185e-03 + alpha*5.1463e-04
Valid: loss:5.1015e-03 = 4.8885e-03 + alpha*4.2601e-04 | IC: -0.0035, RIC: -0.0292, Prec@10: 0.6096, SR: -0.1158

Epoch 57/100 ##########################################################
Train: loss:5.7112e-03 = 5.4641e-03 + alpha*4.9432e-04
Valid: loss:1.2361e-02 = 1.2165e-02 + alpha*3.9229e-04 | IC: -0.0006, RIC: -0.0087, Prec@10: 0.6009, SR: 1.1435

Epoch 58/100 ##########################################################
Train: loss:6.5086e-03 = 6.2447e-03 + alpha*5.2780e-04
Valid: loss:2.8551e-03 = 2.6656e-03 + alpha*3.7890e-04 | IC: 0.0033, RIC: 0.0227, Prec@10: 0.6165, SR: 0.3140
Test (at best valid): loss:5.0888e-03 = 4.8419e-03 + alpha*4.9385e-04 | IC: 0.0048, RIC: 0.0362, Prec@10: 0.5757, SR: 2.0618

Epoch 59/100 ##########################################################
Train: loss:7.3621e-03 = 7.0970e-03 + alpha*5.3013e-04
Valid: loss:1.0302e-02 = 1.0110e-02 + alpha*3.8409e-04 | IC: 0.0022, RIC: 0.0360, Prec@10: 0.5874, SR: 1.1780

Epoch 60/100 ##########################################################
Train: loss:6.9787e-03 = 6.6731e-03 + alpha*6.1121e-04
Valid: loss:6.0522e-03 = 5.8446e-03 + alpha*4.1509e-04 | IC: -0.0047, RIC: -0.0353, Prec@10: 0.6530, SR: -0.2012

Epoch 61/100 ##########################################################
Train: loss:7.0978e-03 = 6.8260e-03 + alpha*5.4360e-04
Valid: loss:1.3161e-02 = 1.2832e-02 + alpha*6.5656e-04 | IC: -0.0029, RIC: -0.0247, Prec@10: 0.5526, SR: -1.7889

Epoch 62/100 ##########################################################
Train: loss:5.9972e-03 = 5.7224e-03 + alpha*5.4964e-04
Valid: loss:4.3713e-03 = 4.1622e-03 + alpha*4.1802e-04 | IC: -0.0040, RIC: -0.0280, Prec@10: 0.5874, SR: -0.2476

Epoch 63/100 ##########################################################
Train: loss:6.3293e-03 = 6.0686e-03 + alpha*5.2135e-04
Valid: loss:4.9378e-03 = 4.7391e-03 + alpha*3.9747e-04 | IC: -0.0025, RIC: -0.0162, Prec@10: 0.6474, SR: 0.3039

Epoch 64/100 ##########################################################
Train: loss:5.3315e-03 = 5.0778e-03 + alpha*5.0749e-04
Valid: loss:1.0533e-02 = 1.0323e-02 + alpha*4.2107e-04 | IC: 0.0001, RIC: 0.0019, Prec@10: 0.5965, SR: 0.7356

Epoch 65/100 ##########################################################
Train: loss:4.9325e-03 = 4.7016e-03 + alpha*4.6175e-04
Valid: loss:6.3898e-03 = 6.1799e-03 + alpha*4.1974e-04 | IC: -0.0020, RIC: -0.0197, Prec@10: 0.5817, SR: -0.1006

Epoch 66/100 ##########################################################
Train: loss:7.1181e-03 = 6.8470e-03 + alpha*5.4220e-04
Valid: loss:1.1477e-02 = 1.1298e-02 + alpha*3.5916e-04 | IC: 0.0005, RIC: 0.0092, Prec@10: 0.5891, SR: 0.7426

Epoch 67/100 ##########################################################
Train: loss:6.4528e-03 = 6.1835e-03 + alpha*5.3845e-04
Valid: loss:3.1155e-03 = 2.9585e-03 + alpha*3.1407e-04 | IC: 0.0058, RIC: 0.0453, Prec@10: 0.6161, SR: 0.3415

Epoch 68/100 ##########################################################
Train: loss:5.3724e-03 = 5.1239e-03 + alpha*4.9702e-04
Valid: loss:2.9719e-03 = 2.8226e-03 + alpha*2.9847e-04 | IC: 0.0060, RIC: 0.0535, Prec@10: 0.6239, SR: 0.3143

Epoch 69/100 ##########################################################
Train: loss:5.6291e-03 = 5.3689e-03 + alpha*5.2030e-04
Valid: loss:7.0381e-03 = 6.8737e-03 + alpha*3.2881e-04 | IC: 0.0018, RIC: 0.0246, Prec@10: 0.5952, SR: 0.5162

Epoch 70/100 ##########################################################
Train: loss:8.6164e-03 = 8.3180e-03 + alpha*5.9689e-04
Valid: loss:1.5530e-02 = 1.5347e-02 + alpha*3.6588e-04 | IC: -0.0010, RIC: -0.0126, Prec@10: 0.5843, SR: 0.8162

Epoch 71/100 ##########################################################
Train: loss:6.1717e-03 = 5.9226e-03 + alpha*4.9819e-04
Valid: loss:3.1376e-03 = 2.9464e-03 + alpha*3.8253e-04 | IC: -0.0021, RIC: -0.0136, Prec@10: 0.6104, SR: 0.0442

Epoch 72/100 ##########################################################
Train: loss:4.9182e-03 = 4.6734e-03 + alpha*4.8961e-04
Valid: loss:2.8399e-03 = 2.6984e-03 + alpha*2.8301e-04 | IC: 0.0067, RIC: 0.0597, Prec@10: 0.5978, SR: 0.5822
Test (at best valid): loss:2.9861e-03 = 2.8035e-03 + alpha*3.6531e-04 | IC: 0.0087, RIC: 0.0651, Prec@10: 0.5722, SR: 1.4979

Epoch 73/100 ##########################################################
Train: loss:6.9640e-03 = 6.6927e-03 + alpha*5.4257e-04
Valid: loss:5.1441e-03 = 4.9678e-03 + alpha*3.5261e-04 | IC: 0.0063, RIC: 0.0638, Prec@10: 0.5730, SR: 0.1114

Epoch 74/100 ##########################################################
Train: loss:7.8425e-03 = 7.5499e-03 + alpha*5.8513e-04
Valid: loss:2.7108e-02 = 2.6779e-02 + alpha*6.5903e-04 | IC: 0.0003, RIC: 0.0039, Prec@10: 0.6239, SR: -0.5881

Epoch 75/100 ##########################################################
Train: loss:5.6203e-03 = 5.3738e-03 + alpha*4.9303e-04
Valid: loss:7.0744e-03 = 6.8205e-03 + alpha*5.0776e-04 | IC: -0.0020, RIC: -0.0170, Prec@10: 0.5852, SR: 0.4319

Epoch 76/100 ##########################################################
Train: loss:1.1354e-02 = 1.1036e-02 + alpha*6.3609e-04
Valid: loss:4.2218e-03 = 3.9811e-03 + alpha*4.8124e-04 | IC: -0.0023, RIC: -0.0204, Prec@10: 0.5774, SR: 0.1099

Epoch 77/100 ##########################################################
Train: loss:5.7220e-03 = 5.4523e-03 + alpha*5.3939e-04
Valid: loss:3.4704e-03 = 3.2928e-03 + alpha*3.5526e-04 | IC: 0.0012, RIC: 0.0081, Prec@10: 0.5735, SR: 0.7948

Epoch 78/100 ##########################################################
Train: loss:5.4883e-03 = 5.2521e-03 + alpha*4.7234e-04
Valid: loss:2.4884e-03 = 2.3079e-03 + alpha*3.6099e-04 | IC: 0.0030, RIC: 0.0200, Prec@10: 0.5952, SR: 0.5061
Test (at best valid): loss:3.3195e-03 = 3.0981e-03 + alpha*4.4266e-04 | IC: 0.0038, RIC: 0.0281, Prec@10: 0.5613, SR: 0.5554

Epoch 79/100 ##########################################################
Train: loss:5.0682e-03 = 4.8388e-03 + alpha*4.5891e-04
Valid: loss:4.8655e-03 = 4.6747e-03 + alpha*3.8160e-04 | IC: -0.0013, RIC: -0.0110, Prec@10: 0.6096, SR: -0.1834

Epoch 80/100 ##########################################################
Train: loss:4.8643e-03 = 4.6359e-03 + alpha*4.5670e-04
Valid: loss:5.9504e-03 = 5.7682e-03 + alpha*3.6436e-04 | IC: -0.0005, RIC: -0.0051, Prec@10: 0.5809, SR: -0.2630

Epoch 81/100 ##########################################################
Train: loss:5.0405e-03 = 4.8269e-03 + alpha*4.2721e-04
Valid: loss:2.7169e-03 = 2.5695e-03 + alpha*2.9479e-04 | IC: 0.0025, RIC: 0.0180, Prec@10: 0.5987, SR: 0.3244

Epoch 82/100 ##########################################################
Train: loss:4.7817e-03 = 4.5663e-03 + alpha*4.3087e-04
Valid: loss:3.0161e-03 = 2.8450e-03 + alpha*3.4213e-04 | IC: 0.0001, RIC: 0.0005, Prec@10: 0.6052, SR: 0.3400

Epoch 83/100 ##########################################################
Train: loss:4.8269e-03 = 4.6178e-03 + alpha*4.1825e-04
Valid: loss:3.3921e-03 = 3.2443e-03 + alpha*2.9557e-04 | IC: 0.0035, RIC: 0.0251, Prec@10: 0.6178, SR: 0.4884

Epoch 84/100 ##########################################################
Train: loss:5.7720e-03 = 5.5454e-03 + alpha*4.5323e-04
Valid: loss:2.6079e-03 = 2.4626e-03 + alpha*2.9045e-04 | IC: 0.0055, RIC: 0.0495, Prec@10: 0.6017, SR: -0.2332

Epoch 85/100 ##########################################################
Train: loss:4.8854e-03 = 4.6657e-03 + alpha*4.3936e-04
Valid: loss:3.3422e-03 = 3.2018e-03 + alpha*2.8090e-04 | IC: 0.0036, RIC: 0.0345, Prec@10: 0.6052, SR: 0.2355

Epoch 86/100 ##########################################################
Train: loss:4.4208e-03 = 4.2157e-03 + alpha*4.1017e-04
Valid: loss:2.9441e-03 = 2.8021e-03 + alpha*2.8406e-04 | IC: 0.0015, RIC: 0.0143, Prec@10: 0.5622, SR: -0.2595

Epoch 87/100 ##########################################################
Train: loss:7.3148e-03 = 7.0279e-03 + alpha*5.7379e-04
Valid: loss:5.5453e-03 = 5.3333e-03 + alpha*4.2403e-04 | IC: 0.0014, RIC: 0.0132, Prec@10: 0.5157, SR: -0.2601

Epoch 88/100 ##########################################################
Train: loss:4.5885e-03 = 4.3758e-03 + alpha*4.2538e-04
Valid: loss:2.0565e-03 = 1.9012e-03 + alpha*3.1060e-04 | IC: 0.0048, RIC: 0.0349, Prec@10: 0.5935, SR: 0.2413
Test (at best valid): loss:2.8755e-03 = 2.6725e-03 + alpha*4.0601e-04 | IC: 0.0040, RIC: 0.0300, Prec@10: 0.5774, SR: 0.3807

Epoch 89/100 ##########################################################
Train: loss:4.6190e-03 = 4.4040e-03 + alpha*4.3011e-04
Valid: loss:4.5569e-03 = 4.3858e-03 + alpha*3.4238e-04 | IC: 0.0017, RIC: 0.0180, Prec@10: 0.5896, SR: -0.3455

Epoch 90/100 ##########################################################
Train: loss:5.4514e-03 = 5.2287e-03 + alpha*4.4545e-04
Valid: loss:5.2296e-03 = 5.0929e-03 + alpha*2.7351e-04 | IC: 0.0019, RIC: 0.0221, Prec@10: 0.5778, SR: -0.1507

Epoch 91/100 ##########################################################
Train: loss:5.9632e-03 = 5.7211e-03 + alpha*4.8430e-04
Valid: loss:4.1278e-03 = 3.9504e-03 + alpha*3.5489e-04 | IC: -0.0001, RIC: -0.0010, Prec@10: 0.5443, SR: -0.5876

Epoch 92/100 ##########################################################
Train: loss:5.1793e-03 = 4.9636e-03 + alpha*4.3130e-04
Valid: loss:7.4869e-03 = 7.3417e-03 + alpha*2.9048e-04 | IC: 0.0009, RIC: 0.0139, Prec@10: 0.5730, SR: 0.2730

Epoch 93/100 ##########################################################
Train: loss:5.1807e-03 = 4.9693e-03 + alpha*4.2264e-04
Valid: loss:4.0000e-03 = 3.8309e-03 + alpha*3.3815e-04 | IC: -0.0018, RIC: -0.0147, Prec@10: 0.6017, SR: 0.4880

Epoch 94/100 ##########################################################
Train: loss:4.4945e-03 = 4.2943e-03 + alpha*4.0027e-04
Valid: loss:3.2726e-03 = 3.1361e-03 + alpha*2.7310e-04 | IC: 0.0035, RIC: 0.0356, Prec@10: 0.6022, SR: 0.1898

Epoch 95/100 ##########################################################
Train: loss:1.0095e-02 = 9.8075e-03 + alpha*5.7577e-04
Valid: loss:1.4051e-02 = 1.3774e-02 + alpha*5.5356e-04 | IC: 0.0003, RIC: 0.0024, Prec@10: 0.5809, SR: -0.5575

Epoch 96/100 ##########################################################
Train: loss:6.3109e-03 = 6.0598e-03 + alpha*5.0223e-04
Valid: loss:2.4370e-03 = 2.2788e-03 + alpha*3.1652e-04 | IC: 0.0052, RIC: 0.0362, Prec@10: 0.5861, SR: 0.2645

Epoch 97/100 ##########################################################
Train: loss:4.7967e-03 = 4.5790e-03 + alpha*4.3549e-04
Valid: loss:5.9756e-03 = 5.8402e-03 + alpha*2.7083e-04 | IC: 0.0022, RIC: 0.0315, Prec@10: 0.5843, SR: 0.5785

Epoch 98/100 ##########################################################
Train: loss:5.0705e-03 = 4.8292e-03 + alpha*4.8264e-04
Valid: loss:2.3093e-03 = 2.1825e-03 + alpha*2.5342e-04 | IC: 0.0058, RIC: 0.0487, Prec@10: 0.5913, SR: 0.8450

Epoch 99/100 ##########################################################
Train: loss:4.2932e-03 = 4.0859e-03 + alpha*4.1459e-04
Valid: loss:2.1589e-03 = 2.0254e-03 + alpha*2.6712e-04 | IC: 0.0024, RIC: 0.0188, Prec@10: 0.5713, SR: -0.1020

Epoch 100/100 ##########################################################
Train: loss:4.3640e-03 = 4.1692e-03 + alpha*3.8972e-04
Valid: loss:2.3944e-03 = 2.2591e-03 + alpha*2.7060e-04 | IC: 0.0073, RIC: 0.0641, Prec@10: 0.5896, SR: -0.2464


STHAN-SR Training Finished.
Best Epoch: 88
Best Valid Loss: 2.0565e-03
Best Valid Performance: IC: 0.0048, RIC: 0.0349, Prec@10: 0.5935, SR: 0.2413
 Corresponding Test Performance: IC: 0.0040, RIC: 0.0300, Prec@10: 0.5774, SR: 0.3807
Results appended to ../training_results.xlsx
