Warning: stock_num (1026) does not match eod_data.shape[0] (4819). Adjusting stock_num.
市场为 A_SHARE，实际加载股票数量更新为: 4819
总交易天数: 252
根据 60%/20%/_ 分割比例 (已调整为满足最小数据集要求):
训练集天数 (0-indexed, up to valid_index-1): 151 (实际比例: 59.9%)
验证集天数 (valid_index to test_index-1): 50 (实际比例: 19.8%)
测试集天数 (test_index to end): 51 (实际比例: 20.2%)
验证集起始索引 (valid_index): 151
测试集起始索引 (test_index): 201
✅ 数据集分割检查通过
✅ EOD数据已使用训练集的均值和标准差进行标准化

============================================================
🎯 设置基于行业的稀疏注意力机制
============================================================
⚠️ 警告: 无法加载 A_SHARE 的股票列表，稀疏注意力将无法使用
⚠️ 未找到股票代码列表，模型将使用标准的全连接注意力机制
============================================================
✅ 模型初始化完成
============================================================

C:\ProgramData\anaconda3\envs\mypytorch\lib\site-packages\torch\optim\lr_scheduler.py:62: UserWarning: The verbose parameter is deprecated. Please use get_last_lr() to access the learning rate.
  warnings.warn(
epoch1##########################################################
⚠️ 警告: 稀疏注意力未配置，将使用全连接注意力
⚠️ 警告: 稀疏注意力未配置，将使用全连接注意力
⚠️ 警告: 稀疏注意力未配置，将使用全连接注意力
⚠️ 警告: 稀疏注意力未配置，将使用全连接注意力
⚠️ 警告: 稀疏注意力未配置，将使用全连接注意力
⚠️ 警告: 稀疏注意力未配置，将使用全连接注意力
⚠️ 警告: 稀疏注意力未配置，将使用全连接注意力
⚠️ 警告: 稀疏注意力未配置，将使用全连接注意力
⚠️ 警告: 稀疏注意力未配置，将使用全连接注意力
⚠️ 警告: 稀疏注意力未配置，将使用全连接注意力
⚠️ 警告: 稀疏注意力未配置，将使用全连接注意力
⚠️ 警告: 稀疏注意力未配置，将使用全连接注意力
⚠️ 警告: 稀疏注意力未配置，将使用全连接注意力
⚠️ 警告: 稀疏注意力未配置，将使用全连接注意力
⚠️ 警告: 稀疏注意力未配置，将使用全连接注意力
⚠️ 警告: 稀疏注意力未配置，将使用全连接注意力
⚠️ 警告: 稀疏注意力未配置，将使用全连接注意力
⚠️ 警告: 稀疏注意力未配置，将使用全连接注意力
⚠️ 警告: 稀疏注意力未配置，将使用全连接注意力
⚠️ 警告: 稀疏注意力未配置，将使用全连接注意力
⚠️ 警告: 稀疏注意力未配置，将使用全连接注意力
⚠️ 警告: 稀疏注意力未配置，将使用全连接注意力
⚠️ 警告: 稀疏注意力未配置，将使用全连接注意力
⚠️ 警告: 稀疏注意力未配置，将使用全连接注意力
⚠️ 警告: 稀疏注意力未配置，将使用全连接注意力
⚠️ 警告: 稀疏注意力未配置，将使用全连接注意力
⚠️ 警告: 稀疏注意力未配置，将使用全连接注意力
⚠️ 警告: 稀疏注意力未配置，将使用全连接注意力
⚠️ 警告: 稀疏注意力未配置，将使用全连接注意力
⚠️ 警告: 稀疏注意力未配置，将使用全连接注意力
⚠️ 警告: 稀疏注意力未配置，将使用全连接注意力
⚠️ 警告: 稀疏注意力未配置，将使用全连接注意力
⚠️ 警告: 稀疏注意力未配置，将使用全连接注意力
⚠️ 警告: 稀疏注意力未配置，将使用全连接注意力
⚠️ 警告: 稀疏注意力未配置，将使用全连接注意力
⚠️ 警告: 稀疏注意力未配置，将使用全连接注意力
⚠️ 警告: 稀疏注意力未配置，将使用全连接注意力
⚠️ 警告: 稀疏注意力未配置，将使用全连接注意力
⚠️ 警告: 稀疏注意力未配置，将使用全连接注意力
⚠️ 警告: 稀疏注意力未配置，将使用全连接注意力
⚠️ 警告: 稀疏注意力未配置，将使用全连接注意力
⚠️ 警告: 稀疏注意力未配置，将使用全连接注意力
⚠️ 警告: 稀疏注意力未配置，将使用全连接注意力
⚠️ 警告: 稀疏注意力未配置，将使用全连接注意力
⚠️ 警告: 稀疏注意力未配置，将使用全连接注意力
⚠️ 警告: 稀疏注意力未配置，将使用全连接注意力
⚠️ 警告: 稀疏注意力未配置，将使用全连接注意力
⚠️ 警告: 稀疏注意力未配置，将使用全连接注意力
⚠️ 警告: 稀疏注意力未配置，将使用全连接注意力
⚠️ 警告: 稀疏注意力未配置，将使用全连接注意力
⚠️ 警告: 稀疏注意力未配置，将使用全连接注意力
⚠️ 警告: 稀疏注意力未配置，将使用全连接注意力
⚠️ 警告: 稀疏注意力未配置，将使用全连接注意力
⚠️ 警告: 稀疏注意力未配置，将使用全连接注意力
⚠️ 警告: 稀疏注意力未配置，将使用全连接注意力
⚠️ 警告: 稀疏注意力未配置，将使用全连接注意力
⚠️ 警告: 稀疏注意力未配置，将使用全连接注意力
⚠️ 警告: 稀疏注意力未配置，将使用全连接注意力
⚠️ 警告: 稀疏注意力未配置，将使用全连接注意力
⚠️ 警告: 稀疏注意力未配置，将使用全连接注意力
⚠️ 警告: 稀疏注意力未配置，将使用全连接注意力
⚠️ 警告: 稀疏注意力未配置，将使用全连接注意力
⚠️ 警告: 稀疏注意力未配置，将使用全连接注意力
⚠️ 警告: 稀疏注意力未配置，将使用全连接注意力
⚠️ 警告: 稀疏注意力未配置，将使用全连接注意力
⚠️ 警告: 稀疏注意力未配置，将使用全连接注意力
⚠️ 警告: 稀疏注意力未配置，将使用全连接注意力
⚠️ 警告: 稀疏注意力未配置，将使用全连接注意力
⚠️ 警告: 稀疏注意力未配置，将使用全连接注意力
⚠️ 警告: 稀疏注意力未配置，将使用全连接注意力
⚠️ 警告: 稀疏注意力未配置，将使用全连接注意力
⚠️ 警告: 稀疏注意力未配置，将使用全连接注意力
⚠️ 警告: 稀疏注意力未配置，将使用全连接注意力
⚠️ 警告: 稀疏注意力未配置，将使用全连接注意力
⚠️ 警告: 稀疏注意力未配置，将使用全连接注意力
⚠️ 警告: 稀疏注意力未配置，将使用全连接注意力
⚠️ 警告: 稀疏注意力未配置，将使用全连接注意力
⚠️ 警告: 稀疏注意力未配置，将使用全连接注意力
⚠️ 警告: 稀疏注意力未配置，将使用全连接注意力
⚠️ 警告: 稀疏注意力未配置，将使用全连接注意力
⚠️ 警告: 稀疏注意力未配置，将使用全连接注意力
⚠️ 警告: 稀疏注意力未配置，将使用全连接注意力
⚠️ 警告: 稀疏注意力未配置，将使用全连接注意力
⚠️ 警告: 稀疏注意力未配置，将使用全连接注意力
⚠️ 警告: 稀疏注意力未配置，将使用全连接注意力
⚠️ 警告: 稀疏注意力未配置，将使用全连接注意力
⚠️ 警告: 稀疏注意力未配置，将使用全连接注意力
⚠️ 警告: 稀疏注意力未配置，将使用全连接注意力
⚠️ 警告: 稀疏注意力未配置，将使用全连接注意力
⚠️ 警告: 稀疏注意力未配置，将使用全连接注意力
⚠️ 警告: 稀疏注意力未配置，将使用全连接注意力
⚠️ 警告: 稀疏注意力未配置，将使用全连接注意力
⚠️ 警告: 稀疏注意力未配置，将使用全连接注意力
⚠️ 警告: 稀疏注意力未配置，将使用全连接注意力
⚠️ 警告: 稀疏注意力未配置，将使用全连接注意力
⚠️ 警告: 稀疏注意力未配置，将使用全连接注意力
⚠️ 警告: 稀疏注意力未配置，将使用全连接注意力
⚠️ 警告: 稀疏注意力未配置，将使用全连接注意力
⚠️ 警告: 稀疏注意力未配置，将使用全连接注意力
⚠️ 警告: 稀疏注意力未配置，将使用全连接注意力
⚠️ 警告: 稀疏注意力未配置，将使用全连接注意力
⚠️ 警告: 稀疏注意力未配置，将使用全连接注意力
⚠️ 警告: 稀疏注意力未配置，将使用全连接注意力
⚠️ 警告: 稀疏注意力未配置，将使用全连接注意力
⚠️ 警告: 稀疏注意力未配置，将使用全连接注意力
⚠️ 警告: 稀疏注意力未配置，将使用全连接注意力
⚠️ 警告: 稀疏注意力未配置，将使用全连接注意力
⚠️ 警告: 稀疏注意力未配置，将使用全连接注意力
⚠️ 警告: 稀疏注意力未配置，将使用全连接注意力
⚠️ 警告: 稀疏注意力未配置，将使用全连接注意力
⚠️ 警告: 稀疏注意力未配置，将使用全连接注意力
⚠️ 警告: 稀疏注意力未配置，将使用全连接注意力
⚠️ 警告: 稀疏注意力未配置，将使用全连接注意力
⚠️ 警告: 稀疏注意力未配置，将使用全连接注意力
⚠️ 警告: 稀疏注意力未配置，将使用全连接注意力
⚠️ 警告: 稀疏注意力未配置，将使用全连接注意力
⚠️ 警告: 稀疏注意力未配置，将使用全连接注意力
⚠️ 警告: 稀疏注意力未配置，将使用全连接注意力
⚠️ 警告: 稀疏注意力未配置，将使用全连接注意力
Train : loss:4.02e-01  =  4.00e-01 + alpha*2.46e-03
⚠️ 警告: 稀疏注意力未配置，将使用全连接注意力
train.py:305: DeprecationWarning: __array__ implementation doesn't accept a copy keyword, so passing copy=False failed. __array__ must implement 'dtype' and 'copy' keyword arguments.
  cur_valid_pred[:, cur_offset - (start_index - lookback_length - steps + 1)] = cur_rr[:, 0].cpu()
train.py:306: DeprecationWarning: __array__ implementation doesn't accept a copy keyword, so passing copy=False failed. __array__ must implement 'dtype' and 'copy' keyword arguments.
  cur_valid_gt[:, cur_offset - (start_index - lookback_length - steps + 1)] = gt_batch[:, 0].cpu()
train.py:307: DeprecationWarning: __array__ implementation doesn't accept a copy keyword, so passing copy=False failed. __array__ must implement 'dtype' and 'copy' keyword arguments.
  cur_valid_mask[:, cur_offset - (start_index - lookback_length - steps + 1)] = mask_batch[:, 0].cpu()
⚠️ 警告: 稀疏注意力未配置，将使用全连接注意力
⚠️ 警告: 稀疏注意力未配置，将使用全连接注意力
⚠️ 警告: 稀疏注意力未配置，将使用全连接注意力
⚠️ 警告: 稀疏注意力未配置，将使用全连接注意力
⚠️ 警告: 稀疏注意力未配置，将使用全连接注意力
⚠️ 警告: 稀疏注意力未配置，将使用全连接注意力
⚠️ 警告: 稀疏注意力未配置，将使用全连接注意力
⚠️ 警告: 稀疏注意力未配置，将使用全连接注意力
⚠️ 警告: 稀疏注意力未配置，将使用全连接注意力
⚠️ 警告: 稀疏注意力未配置，将使用全连接注意力
⚠️ 警告: 稀疏注意力未配置，将使用全连接注意力
⚠️ 警告: 稀疏注意力未配置，将使用全连接注意力
⚠️ 警告: 稀疏注意力未配置，将使用全连接注意力
⚠️ 警告: 稀疏注意力未配置，将使用全连接注意力
⚠️ 警告: 稀疏注意力未配置，将使用全连接注意力
⚠️ 警告: 稀疏注意力未配置，将使用全连接注意力
⚠️ 警告: 稀疏注意力未配置，将使用全连接注意力
⚠️ 警告: 稀疏注意力未配置，将使用全连接注意力
⚠️ 警告: 稀疏注意力未配置，将使用全连接注意力
⚠️ 警告: 稀疏注意力未配置，将使用全连接注意力
⚠️ 警告: 稀疏注意力未配置，将使用全连接注意力
⚠️ 警告: 稀疏注意力未配置，将使用全连接注意力
⚠️ 警告: 稀疏注意力未配置，将使用全连接注意力
⚠️ 警告: 稀疏注意力未配置，将使用全连接注意力
⚠️ 警告: 稀疏注意力未配置，将使用全连接注意力
⚠️ 警告: 稀疏注意力未配置，将使用全连接注意力
⚠️ 警告: 稀疏注意力未配置，将使用全连接注意力
⚠️ 警告: 稀疏注意力未配置，将使用全连接注意力
⚠️ 警告: 稀疏注意力未配置，将使用全连接注意力
⚠️ 警告: 稀疏注意力未配置，将使用全连接注意力
⚠️ 警告: 稀疏注意力未配置，将使用全连接注意力
⚠️ 警告: 稀疏注意力未配置，将使用全连接注意力
⚠️ 警告: 稀疏注意力未配置，将使用全连接注意力
⚠️ 警告: 稀疏注意力未配置，将使用全连接注意力
⚠️ 警告: 稀疏注意力未配置，将使用全连接注意力
⚠️ 警告: 稀疏注意力未配置，将使用全连接注意力
⚠️ 警告: 稀疏注意力未配置，将使用全连接注意力
⚠️ 警告: 稀疏注意力未配置，将使用全连接注意力
⚠️ 警告: 稀疏注意力未配置，将使用全连接注意力
⚠️ 警告: 稀疏注意力未配置，将使用全连接注意力
⚠️ 警告: 稀疏注意力未配置，将使用全连接注意力
⚠️ 警告: 稀疏注意力未配置，将使用全连接注意力
⚠️ 警告: 稀疏注意力未配置，将使用全连接注意力
⚠️ 警告: 稀疏注意力未配置，将使用全连接注意力
⚠️ 警告: 稀疏注意力未配置，将使用全连接注意力
⚠️ 警告: 稀疏注意力未配置，将使用全连接注意力
⚠️ 警告: 稀疏注意力未配置，将使用全连接注意力
⚠️ 警告: 稀疏注意力未配置，将使用全连接注意力
⚠️ 警告: 稀疏注意力未配置，将使用全连接注意力
Valid : loss:1.10e-01  =  1.07e-01 + alpha*3.92e-03
⚠️ 警告: 稀疏注意力未配置，将使用全连接注意力
⚠️ 警告: 稀疏注意力未配置，将使用全连接注意力
⚠️ 警告: 稀疏注意力未配置，将使用全连接注意力
⚠️ 警告: 稀疏注意力未配置，将使用全连接注意力
⚠️ 警告: 稀疏注意力未配置，将使用全连接注意力
⚠️ 警告: 稀疏注意力未配置，将使用全连接注意力
⚠️ 警告: 稀疏注意力未配置，将使用全连接注意力
⚠️ 警告: 稀疏注意力未配置，将使用全连接注意力
⚠️ 警告: 稀疏注意力未配置，将使用全连接注意力
⚠️ 警告: 稀疏注意力未配置，将使用全连接注意力
⚠️ 警告: 稀疏注意力未配置，将使用全连接注意力
⚠️ 警告: 稀疏注意力未配置，将使用全连接注意力
⚠️ 警告: 稀疏注意力未配置，将使用全连接注意力
⚠️ 警告: 稀疏注意力未配置，将使用全连接注意力
⚠️ 警告: 稀疏注意力未配置，将使用全连接注意力
⚠️ 警告: 稀疏注意力未配置，将使用全连接注意力
⚠️ 警告: 稀疏注意力未配置，将使用全连接注意力
⚠️ 警告: 稀疏注意力未配置，将使用全连接注意力
⚠️ 警告: 稀疏注意力未配置，将使用全连接注意力
⚠️ 警告: 稀疏注意力未配置，将使用全连接注意力
⚠️ 警告: 稀疏注意力未配置，将使用全连接注意力
⚠️ 警告: 稀疏注意力未配置，将使用全连接注意力
⚠️ 警告: 稀疏注意力未配置，将使用全连接注意力
⚠️ 警告: 稀疏注意力未配置，将使用全连接注意力
⚠️ 警告: 稀疏注意力未配置，将使用全连接注意力
⚠️ 警告: 稀疏注意力未配置，将使用全连接注意力
⚠️ 警告: 稀疏注意力未配置，将使用全连接注意力
⚠️ 警告: 稀疏注意力未配置，将使用全连接注意力
⚠️ 警告: 稀疏注意力未配置，将使用全连接注意力
⚠️ 警告: 稀疏注意力未配置，将使用全连接注意力
⚠️ 警告: 稀疏注意力未配置，将使用全连接注意力
⚠️ 警告: 稀疏注意力未配置，将使用全连接注意力
⚠️ 警告: 稀疏注意力未配置，将使用全连接注意力
⚠️ 警告: 稀疏注意力未配置，将使用全连接注意力
⚠️ 警告: 稀疏注意力未配置，将使用全连接注意力
⚠️ 警告: 稀疏注意力未配置，将使用全连接注意力
⚠️ 警告: 稀疏注意力未配置，将使用全连接注意力
⚠️ 警告: 稀疏注意力未配置，将使用全连接注意力
⚠️ 警告: 稀疏注意力未配置，将使用全连接注意力
⚠️ 警告: 稀疏注意力未配置，将使用全连接注意力
⚠️ 警告: 稀疏注意力未配置，将使用全连接注意力
⚠️ 警告: 稀疏注意力未配置，将使用全连接注意力
⚠️ 警告: 稀疏注意力未配置，将使用全连接注意力
⚠️ 警告: 稀疏注意力未配置，将使用全连接注意力
⚠️ 警告: 稀疏注意力未配置，将使用全连接注意力
⚠️ 警告: 稀疏注意力未配置，将使用全连接注意力
⚠️ 警告: 稀疏注意力未配置，将使用全连接注意力
⚠️ 警告: 稀疏注意力未配置，将使用全连接注意力
⚠️ 警告: 稀疏注意力未配置，将使用全连接注意力
⚠️ 警告: 稀疏注意力未配置，将使用全连接注意力
⚠️ 警告: 稀疏注意力未配置，将使用全连接注意力
Test: loss:1.71e-01  =  1.68e-01 + alpha*5.16e-03
Valid performance:
 mse:1.07e-01, IC:5.39e-02, RIC:3.22e-01, prec@10:4.86e-01, SR:5.17e-01
Test performance:
 mse:1.68e-01, IC:2.08e-02, RIC:1.29e-01, prec@10:4.84e-01, SR:1.22e+00 


epoch2##########################################################
⚠️ 警告: 稀疏注意力未配置，将使用全连接注意力
⚠️ 警告: 稀疏注意力未配置，将使用全连接注意力
⚠️ 警告: 稀疏注意力未配置，将使用全连接注意力
⚠️ 警告: 稀疏注意力未配置，将使用全连接注意力
⚠️ 警告: 稀疏注意力未配置，将使用全连接注意力
⚠️ 警告: 稀疏注意力未配置，将使用全连接注意力
⚠️ 警告: 稀疏注意力未配置，将使用全连接注意力
⚠️ 警告: 稀疏注意力未配置，将使用全连接注意力
⚠️ 警告: 稀疏注意力未配置，将使用全连接注意力
⚠️ 警告: 稀疏注意力未配置，将使用全连接注意力
⚠️ 警告: 稀疏注意力未配置，将使用全连接注意力
⚠️ 警告: 稀疏注意力未配置，将使用全连接注意力
⚠️ 警告: 稀疏注意力未配置，将使用全连接注意力
⚠️ 警告: 稀疏注意力未配置，将使用全连接注意力
⚠️ 警告: 稀疏注意力未配置，将使用全连接注意力
⚠️ 警告: 稀疏注意力未配置，将使用全连接注意力
⚠️ 警告: 稀疏注意力未配置，将使用全连接注意力
⚠️ 警告: 稀疏注意力未配置，将使用全连接注意力
⚠️ 警告: 稀疏注意力未配置，将使用全连接注意力
⚠️ 警告: 稀疏注意力未配置，将使用全连接注意力
⚠️ 警告: 稀疏注意力未配置，将使用全连接注意力
⚠️ 警告: 稀疏注意力未配置，将使用全连接注意力
⚠️ 警告: 稀疏注意力未配置，将使用全连接注意力
⚠️ 警告: 稀疏注意力未配置，将使用全连接注意力
⚠️ 警告: 稀疏注意力未配置，将使用全连接注意力
⚠️ 警告: 稀疏注意力未配置，将使用全连接注意力
⚠️ 警告: 稀疏注意力未配置，将使用全连接注意力
⚠️ 警告: 稀疏注意力未配置，将使用全连接注意力
⚠️ 警告: 稀疏注意力未配置，将使用全连接注意力
⚠️ 警告: 稀疏注意力未配置，将使用全连接注意力
⚠️ 警告: 稀疏注意力未配置，将使用全连接注意力
⚠️ 警告: 稀疏注意力未配置，将使用全连接注意力
⚠️ 警告: 稀疏注意力未配置，将使用全连接注意力
⚠️ 警告: 稀疏注意力未配置，将使用全连接注意力
⚠️ 警告: 稀疏注意力未配置，将使用全连接注意力
⚠️ 警告: 稀疏注意力未配置，将使用全连接注意力
⚠️ 警告: 稀疏注意力未配置，将使用全连接注意力
⚠️ 警告: 稀疏注意力未配置，将使用全连接注意力
⚠️ 警告: 稀疏注意力未配置，将使用全连接注意力
⚠️ 警告: 稀疏注意力未配置，将使用全连接注意力
⚠️ 警告: 稀疏注意力未配置，将使用全连接注意力
⚠️ 警告: 稀疏注意力未配置，将使用全连接注意力
⚠️ 警告: 稀疏注意力未配置，将使用全连接注意力
⚠️ 警告: 稀疏注意力未配置，将使用全连接注意力
⚠️ 警告: 稀疏注意力未配置，将使用全连接注意力
⚠️ 警告: 稀疏注意力未配置，将使用全连接注意力
⚠️ 警告: 稀疏注意力未配置，将使用全连接注意力
⚠️ 警告: 稀疏注意力未配置，将使用全连接注意力
⚠️ 警告: 稀疏注意力未配置，将使用全连接注意力
⚠️ 警告: 稀疏注意力未配置，将使用全连接注意力
⚠️ 警告: 稀疏注意力未配置，将使用全连接注意力
⚠️ 警告: 稀疏注意力未配置，将使用全连接注意力
⚠️ 警告: 稀疏注意力未配置，将使用全连接注意力
⚠️ 警告: 稀疏注意力未配置，将使用全连接注意力
⚠️ 警告: 稀疏注意力未配置，将使用全连接注意力
⚠️ 警告: 稀疏注意力未配置，将使用全连接注意力
⚠️ 警告: 稀疏注意力未配置，将使用全连接注意力
⚠️ 警告: 稀疏注意力未配置，将使用全连接注意力
⚠️ 警告: 稀疏注意力未配置，将使用全连接注意力
⚠️ 警告: 稀疏注意力未配置，将使用全连接注意力
⚠️ 警告: 稀疏注意力未配置，将使用全连接注意力
⚠️ 警告: 稀疏注意力未配置，将使用全连接注意力
⚠️ 警告: 稀疏注意力未配置，将使用全连接注意力
⚠️ 警告: 稀疏注意力未配置，将使用全连接注意力
⚠️ 警告: 稀疏注意力未配置，将使用全连接注意力
⚠️ 警告: 稀疏注意力未配置，将使用全连接注意力
⚠️ 警告: 稀疏注意力未配置，将使用全连接注意力
⚠️ 警告: 稀疏注意力未配置，将使用全连接注意力
⚠️ 警告: 稀疏注意力未配置，将使用全连接注意力
⚠️ 警告: 稀疏注意力未配置，将使用全连接注意力
⚠️ 警告: 稀疏注意力未配置，将使用全连接注意力
⚠️ 警告: 稀疏注意力未配置，将使用全连接注意力
⚠️ 警告: 稀疏注意力未配置，将使用全连接注意力
⚠️ 警告: 稀疏注意力未配置，将使用全连接注意力
⚠️ 警告: 稀疏注意力未配置，将使用全连接注意力
⚠️ 警告: 稀疏注意力未配置，将使用全连接注意力
⚠️ 警告: 稀疏注意力未配置，将使用全连接注意力
⚠️ 警告: 稀疏注意力未配置，将使用全连接注意力
⚠️ 警告: 稀疏注意力未配置，将使用全连接注意力
⚠️ 警告: 稀疏注意力未配置，将使用全连接注意力
⚠️ 警告: 稀疏注意力未配置，将使用全连接注意力
⚠️ 警告: 稀疏注意力未配置，将使用全连接注意力
⚠️ 警告: 稀疏注意力未配置，将使用全连接注意力
⚠️ 警告: 稀疏注意力未配置，将使用全连接注意力
⚠️ 警告: 稀疏注意力未配置，将使用全连接注意力
⚠️ 警告: 稀疏注意力未配置，将使用全连接注意力
⚠️ 警告: 稀疏注意力未配置，将使用全连接注意力
⚠️ 警告: 稀疏注意力未配置，将使用全连接注意力
⚠️ 警告: 稀疏注意力未配置，将使用全连接注意力
⚠️ 警告: 稀疏注意力未配置，将使用全连接注意力
⚠️ 警告: 稀疏注意力未配置，将使用全连接注意力
⚠️ 警告: 稀疏注意力未配置，将使用全连接注意力
⚠️ 警告: 稀疏注意力未配置，将使用全连接注意力
⚠️ 警告: 稀疏注意力未配置，将使用全连接注意力
⚠️ 警告: 稀疏注意力未配置，将使用全连接注意力
⚠️ 警告: 稀疏注意力未配置，将使用全连接注意力
⚠️ 警告: 稀疏注意力未配置，将使用全连接注意力
⚠️ 警告: 稀疏注意力未配置，将使用全连接注意力
⚠️ 警告: 稀疏注意力未配置，将使用全连接注意力
⚠️ 警告: 稀疏注意力未配置，将使用全连接注意力
⚠️ 警告: 稀疏注意力未配置，将使用全连接注意力
⚠️ 警告: 稀疏注意力未配置，将使用全连接注意力
⚠️ 警告: 稀疏注意力未配置，将使用全连接注意力
⚠️ 警告: 稀疏注意力未配置，将使用全连接注意力
⚠️ 警告: 稀疏注意力未配置，将使用全连接注意力
⚠️ 警告: 稀疏注意力未配置，将使用全连接注意力
⚠️ 警告: 稀疏注意力未配置，将使用全连接注意力
⚠️ 警告: 稀疏注意力未配置，将使用全连接注意力
⚠️ 警告: 稀疏注意力未配置，将使用全连接注意力
⚠️ 警告: 稀疏注意力未配置，将使用全连接注意力
⚠️ 警告: 稀疏注意力未配置，将使用全连接注意力
⚠️ 警告: 稀疏注意力未配置，将使用全连接注意力
⚠️ 警告: 稀疏注意力未配置，将使用全连接注意力
⚠️ 警告: 稀疏注意力未配置，将使用全连接注意力
⚠️ 警告: 稀疏注意力未配置，将使用全连接注意力
⚠️ 警告: 稀疏注意力未配置，将使用全连接注意力
⚠️ 警告: 稀疏注意力未配置，将使用全连接注意力
⚠️ 警告: 稀疏注意力未配置，将使用全连接注意力
⚠️ 警告: 稀疏注意力未配置，将使用全连接注意力
Train : loss:4.44e-02  =  4.28e-02 + alpha*2.13e-03
⚠️ 警告: 稀疏注意力未配置，将使用全连接注意力
⚠️ 警告: 稀疏注意力未配置，将使用全连接注意力
⚠️ 警告: 稀疏注意力未配置，将使用全连接注意力
⚠️ 警告: 稀疏注意力未配置，将使用全连接注意力
⚠️ 警告: 稀疏注意力未配置，将使用全连接注意力
⚠️ 警告: 稀疏注意力未配置，将使用全连接注意力
⚠️ 警告: 稀疏注意力未配置，将使用全连接注意力
⚠️ 警告: 稀疏注意力未配置，将使用全连接注意力
⚠️ 警告: 稀疏注意力未配置，将使用全连接注意力
⚠️ 警告: 稀疏注意力未配置，将使用全连接注意力
⚠️ 警告: 稀疏注意力未配置，将使用全连接注意力
⚠️ 警告: 稀疏注意力未配置，将使用全连接注意力
⚠️ 警告: 稀疏注意力未配置，将使用全连接注意力
⚠️ 警告: 稀疏注意力未配置，将使用全连接注意力
⚠️ 警告: 稀疏注意力未配置，将使用全连接注意力
⚠️ 警告: 稀疏注意力未配置，将使用全连接注意力
⚠️ 警告: 稀疏注意力未配置，将使用全连接注意力
⚠️ 警告: 稀疏注意力未配置，将使用全连接注意力
⚠️ 警告: 稀疏注意力未配置，将使用全连接注意力
⚠️ 警告: 稀疏注意力未配置，将使用全连接注意力
⚠️ 警告: 稀疏注意力未配置，将使用全连接注意力
⚠️ 警告: 稀疏注意力未配置，将使用全连接注意力
⚠️ 警告: 稀疏注意力未配置，将使用全连接注意力
⚠️ 警告: 稀疏注意力未配置，将使用全连接注意力
⚠️ 警告: 稀疏注意力未配置，将使用全连接注意力
⚠️ 警告: 稀疏注意力未配置，将使用全连接注意力
⚠️ 警告: 稀疏注意力未配置，将使用全连接注意力
⚠️ 警告: 稀疏注意力未配置，将使用全连接注意力
⚠️ 警告: 稀疏注意力未配置，将使用全连接注意力
⚠️ 警告: 稀疏注意力未配置，将使用全连接注意力
⚠️ 警告: 稀疏注意力未配置，将使用全连接注意力
⚠️ 警告: 稀疏注意力未配置，将使用全连接注意力
⚠️ 警告: 稀疏注意力未配置，将使用全连接注意力
⚠️ 警告: 稀疏注意力未配置，将使用全连接注意力
⚠️ 警告: 稀疏注意力未配置，将使用全连接注意力
⚠️ 警告: 稀疏注意力未配置，将使用全连接注意力
⚠️ 警告: 稀疏注意力未配置，将使用全连接注意力
⚠️ 警告: 稀疏注意力未配置，将使用全连接注意力
⚠️ 警告: 稀疏注意力未配置，将使用全连接注意力
⚠️ 警告: 稀疏注意力未配置，将使用全连接注意力
⚠️ 警告: 稀疏注意力未配置，将使用全连接注意力
⚠️ 警告: 稀疏注意力未配置，将使用全连接注意力
⚠️ 警告: 稀疏注意力未配置，将使用全连接注意力
⚠️ 警告: 稀疏注意力未配置，将使用全连接注意力
⚠️ 警告: 稀疏注意力未配置，将使用全连接注意力
⚠️ 警告: 稀疏注意力未配置，将使用全连接注意力
⚠️ 警告: 稀疏注意力未配置，将使用全连接注意力
⚠️ 警告: 稀疏注意力未配置，将使用全连接注意力
⚠️ 警告: 稀疏注意力未配置，将使用全连接注意力
⚠️ 警告: 稀疏注意力未配置，将使用全连接注意力
Valid : loss:5.13e-02  =  4.90e-02 + alpha*3.05e-03
⚠️ 警告: 稀疏注意力未配置，将使用全连接注意力
⚠️ 警告: 稀疏注意力未配置，将使用全连接注意力
⚠️ 警告: 稀疏注意力未配置，将使用全连接注意力
⚠️ 警告: 稀疏注意力未配置，将使用全连接注意力
⚠️ 警告: 稀疏注意力未配置，将使用全连接注意力
⚠️ 警告: 稀疏注意力未配置，将使用全连接注意力
⚠️ 警告: 稀疏注意力未配置，将使用全连接注意力
⚠️ 警告: 稀疏注意力未配置，将使用全连接注意力
⚠️ 警告: 稀疏注意力未配置，将使用全连接注意力
⚠️ 警告: 稀疏注意力未配置，将使用全连接注意力
⚠️ 警告: 稀疏注意力未配置，将使用全连接注意力
⚠️ 警告: 稀疏注意力未配置，将使用全连接注意力
⚠️ 警告: 稀疏注意力未配置，将使用全连接注意力
⚠️ 警告: 稀疏注意力未配置，将使用全连接注意力
⚠️ 警告: 稀疏注意力未配置，将使用全连接注意力
⚠️ 警告: 稀疏注意力未配置，将使用全连接注意力
⚠️ 警告: 稀疏注意力未配置，将使用全连接注意力
⚠️ 警告: 稀疏注意力未配置，将使用全连接注意力
⚠️ 警告: 稀疏注意力未配置，将使用全连接注意力
⚠️ 警告: 稀疏注意力未配置，将使用全连接注意力
⚠️ 警告: 稀疏注意力未配置，将使用全连接注意力
⚠️ 警告: 稀疏注意力未配置，将使用全连接注意力
⚠️ 警告: 稀疏注意力未配置，将使用全连接注意力
⚠️ 警告: 稀疏注意力未配置，将使用全连接注意力
⚠️ 警告: 稀疏注意力未配置，将使用全连接注意力
⚠️ 警告: 稀疏注意力未配置，将使用全连接注意力
⚠️ 警告: 稀疏注意力未配置，将使用全连接注意力
⚠️ 警告: 稀疏注意力未配置，将使用全连接注意力
⚠️ 警告: 稀疏注意力未配置，将使用全连接注意力
⚠️ 警告: 稀疏注意力未配置，将使用全连接注意力
⚠️ 警告: 稀疏注意力未配置，将使用全连接注意力
⚠️ 警告: 稀疏注意力未配置，将使用全连接注意力
⚠️ 警告: 稀疏注意力未配置，将使用全连接注意力
⚠️ 警告: 稀疏注意力未配置，将使用全连接注意力
⚠️ 警告: 稀疏注意力未配置，将使用全连接注意力
⚠️ 警告: 稀疏注意力未配置，将使用全连接注意力
⚠️ 警告: 稀疏注意力未配置，将使用全连接注意力
⚠️ 警告: 稀疏注意力未配置，将使用全连接注意力
⚠️ 警告: 稀疏注意力未配置，将使用全连接注意力
⚠️ 警告: 稀疏注意力未配置，将使用全连接注意力
⚠️ 警告: 稀疏注意力未配置，将使用全连接注意力
⚠️ 警告: 稀疏注意力未配置，将使用全连接注意力
⚠️ 警告: 稀疏注意力未配置，将使用全连接注意力
⚠️ 警告: 稀疏注意力未配置，将使用全连接注意力
⚠️ 警告: 稀疏注意力未配置，将使用全连接注意力
⚠️ 警告: 稀疏注意力未配置，将使用全连接注意力
⚠️ 警告: 稀疏注意力未配置，将使用全连接注意力
⚠️ 警告: 稀疏注意力未配置，将使用全连接注意力
⚠️ 警告: 稀疏注意力未配置，将使用全连接注意力
⚠️ 警告: 稀疏注意力未配置，将使用全连接注意力
⚠️ 警告: 稀疏注意力未配置，将使用全连接注意力
Test: loss:4.72e-02  =  4.50e-02 + alpha*2.98e-03
Valid performance:
 mse:4.90e-02, IC:2.13e-02, RIC:1.20e-01, prec@10:4.92e-01, SR:-5.21e-01
Test performance:
 mse:4.50e-02, IC:6.52e-03, RIC:5.48e-02, prec@10:5.00e-01, SR:7.26e-01 


epoch3##########################################################
⚠️ 警告: 稀疏注意力未配置，将使用全连接注意力
⚠️ 警告: 稀疏注意力未配置，将使用全连接注意力
⚠️ 警告: 稀疏注意力未配置，将使用全连接注意力
⚠️ 警告: 稀疏注意力未配置，将使用全连接注意力
⚠️ 警告: 稀疏注意力未配置，将使用全连接注意力
⚠️ 警告: 稀疏注意力未配置，将使用全连接注意力
⚠️ 警告: 稀疏注意力未配置，将使用全连接注意力
⚠️ 警告: 稀疏注意力未配置，将使用全连接注意力
⚠️ 警告: 稀疏注意力未配置，将使用全连接注意力
⚠️ 警告: 稀疏注意力未配置，将使用全连接注意力
⚠️ 警告: 稀疏注意力未配置，将使用全连接注意力
⚠️ 警告: 稀疏注意力未配置，将使用全连接注意力
⚠️ 警告: 稀疏注意力未配置，将使用全连接注意力
⚠️ 警告: 稀疏注意力未配置，将使用全连接注意力
⚠️ 警告: 稀疏注意力未配置，将使用全连接注意力
⚠️ 警告: 稀疏注意力未配置，将使用全连接注意力
⚠️ 警告: 稀疏注意力未配置，将使用全连接注意力
⚠️ 警告: 稀疏注意力未配置，将使用全连接注意力
⚠️ 警告: 稀疏注意力未配置，将使用全连接注意力
⚠️ 警告: 稀疏注意力未配置，将使用全连接注意力
⚠️ 警告: 稀疏注意力未配置，将使用全连接注意力
⚠️ 警告: 稀疏注意力未配置，将使用全连接注意力
⚠️ 警告: 稀疏注意力未配置，将使用全连接注意力
⚠️ 警告: 稀疏注意力未配置，将使用全连接注意力
⚠️ 警告: 稀疏注意力未配置，将使用全连接注意力
⚠️ 警告: 稀疏注意力未配置，将使用全连接注意力
⚠️ 警告: 稀疏注意力未配置，将使用全连接注意力
⚠️ 警告: 稀疏注意力未配置，将使用全连接注意力
⚠️ 警告: 稀疏注意力未配置，将使用全连接注意力
⚠️ 警告: 稀疏注意力未配置，将使用全连接注意力
⚠️ 警告: 稀疏注意力未配置，将使用全连接注意力
⚠️ 警告: 稀疏注意力未配置，将使用全连接注意力
⚠️ 警告: 稀疏注意力未配置，将使用全连接注意力
⚠️ 警告: 稀疏注意力未配置，将使用全连接注意力
⚠️ 警告: 稀疏注意力未配置，将使用全连接注意力
⚠️ 警告: 稀疏注意力未配置，将使用全连接注意力
⚠️ 警告: 稀疏注意力未配置，将使用全连接注意力
⚠️ 警告: 稀疏注意力未配置，将使用全连接注意力
⚠️ 警告: 稀疏注意力未配置，将使用全连接注意力
⚠️ 警告: 稀疏注意力未配置，将使用全连接注意力
⚠️ 警告: 稀疏注意力未配置，将使用全连接注意力
⚠️ 警告: 稀疏注意力未配置，将使用全连接注意力
⚠️ 警告: 稀疏注意力未配置，将使用全连接注意力
⚠️ 警告: 稀疏注意力未配置，将使用全连接注意力
⚠️ 警告: 稀疏注意力未配置，将使用全连接注意力
⚠️ 警告: 稀疏注意力未配置，将使用全连接注意力
⚠️ 警告: 稀疏注意力未配置，将使用全连接注意力
⚠️ 警告: 稀疏注意力未配置，将使用全连接注意力
⚠️ 警告: 稀疏注意力未配置，将使用全连接注意力
⚠️ 警告: 稀疏注意力未配置，将使用全连接注意力
⚠️ 警告: 稀疏注意力未配置，将使用全连接注意力
⚠️ 警告: 稀疏注意力未配置，将使用全连接注意力
⚠️ 警告: 稀疏注意力未配置，将使用全连接注意力
⚠️ 警告: 稀疏注意力未配置，将使用全连接注意力
⚠️ 警告: 稀疏注意力未配置，将使用全连接注意力
⚠️ 警告: 稀疏注意力未配置，将使用全连接注意力
⚠️ 警告: 稀疏注意力未配置，将使用全连接注意力
⚠️ 警告: 稀疏注意力未配置，将使用全连接注意力
⚠️ 警告: 稀疏注意力未配置，将使用全连接注意力
⚠️ 警告: 稀疏注意力未配置，将使用全连接注意力
⚠️ 警告: 稀疏注意力未配置，将使用全连接注意力
⚠️ 警告: 稀疏注意力未配置，将使用全连接注意力
⚠️ 警告: 稀疏注意力未配置，将使用全连接注意力
⚠️ 警告: 稀疏注意力未配置，将使用全连接注意力
⚠️ 警告: 稀疏注意力未配置，将使用全连接注意力
⚠️ 警告: 稀疏注意力未配置，将使用全连接注意力
⚠️ 警告: 稀疏注意力未配置，将使用全连接注意力
⚠️ 警告: 稀疏注意力未配置，将使用全连接注意力
⚠️ 警告: 稀疏注意力未配置，将使用全连接注意力
⚠️ 警告: 稀疏注意力未配置，将使用全连接注意力
⚠️ 警告: 稀疏注意力未配置，将使用全连接注意力
⚠️ 警告: 稀疏注意力未配置，将使用全连接注意力
⚠️ 警告: 稀疏注意力未配置，将使用全连接注意力
⚠️ 警告: 稀疏注意力未配置，将使用全连接注意力
⚠️ 警告: 稀疏注意力未配置，将使用全连接注意力
⚠️ 警告: 稀疏注意力未配置，将使用全连接注意力
⚠️ 警告: 稀疏注意力未配置，将使用全连接注意力
⚠️ 警告: 稀疏注意力未配置，将使用全连接注意力
⚠️ 警告: 稀疏注意力未配置，将使用全连接注意力
⚠️ 警告: 稀疏注意力未配置，将使用全连接注意力
⚠️ 警告: 稀疏注意力未配置，将使用全连接注意力
⚠️ 警告: 稀疏注意力未配置，将使用全连接注意力
⚠️ 警告: 稀疏注意力未配置，将使用全连接注意力
⚠️ 警告: 稀疏注意力未配置，将使用全连接注意力
⚠️ 警告: 稀疏注意力未配置，将使用全连接注意力
⚠️ 警告: 稀疏注意力未配置，将使用全连接注意力
⚠️ 警告: 稀疏注意力未配置，将使用全连接注意力
⚠️ 警告: 稀疏注意力未配置，将使用全连接注意力
⚠️ 警告: 稀疏注意力未配置，将使用全连接注意力
⚠️ 警告: 稀疏注意力未配置，将使用全连接注意力
⚠️ 警告: 稀疏注意力未配置，将使用全连接注意力
⚠️ 警告: 稀疏注意力未配置，将使用全连接注意力
⚠️ 警告: 稀疏注意力未配置，将使用全连接注意力
⚠️ 警告: 稀疏注意力未配置，将使用全连接注意力
⚠️ 警告: 稀疏注意力未配置，将使用全连接注意力
⚠️ 警告: 稀疏注意力未配置，将使用全连接注意力
⚠️ 警告: 稀疏注意力未配置，将使用全连接注意力
⚠️ 警告: 稀疏注意力未配置，将使用全连接注意力
⚠️ 警告: 稀疏注意力未配置，将使用全连接注意力
⚠️ 警告: 稀疏注意力未配置，将使用全连接注意力
⚠️ 警告: 稀疏注意力未配置，将使用全连接注意力
⚠️ 警告: 稀疏注意力未配置，将使用全连接注意力
⚠️ 警告: 稀疏注意力未配置，将使用全连接注意力
⚠️ 警告: 稀疏注意力未配置，将使用全连接注意力
⚠️ 警告: 稀疏注意力未配置，将使用全连接注意力
⚠️ 警告: 稀疏注意力未配置，将使用全连接注意力
⚠️ 警告: 稀疏注意力未配置，将使用全连接注意力
⚠️ 警告: 稀疏注意力未配置，将使用全连接注意力
⚠️ 警告: 稀疏注意力未配置，将使用全连接注意力
⚠️ 警告: 稀疏注意力未配置，将使用全连接注意力
⚠️ 警告: 稀疏注意力未配置，将使用全连接注意力
⚠️ 警告: 稀疏注意力未配置，将使用全连接注意力
⚠️ 警告: 稀疏注意力未配置，将使用全连接注意力
⚠️ 警告: 稀疏注意力未配置，将使用全连接注意力
⚠️ 警告: 稀疏注意力未配置，将使用全连接注意力
⚠️ 警告: 稀疏注意力未配置，将使用全连接注意力
⚠️ 警告: 稀疏注意力未配置，将使用全连接注意力
⚠️ 警告: 稀疏注意力未配置，将使用全连接注意力
⚠️ 警告: 稀疏注意力未配置，将使用全连接注意力
Train : loss:2.44e-02  =  2.31e-02 + alpha*1.76e-03
⚠️ 警告: 稀疏注意力未配置，将使用全连接注意力
⚠️ 警告: 稀疏注意力未配置，将使用全连接注意力
⚠️ 警告: 稀疏注意力未配置，将使用全连接注意力
⚠️ 警告: 稀疏注意力未配置，将使用全连接注意力
⚠️ 警告: 稀疏注意力未配置，将使用全连接注意力
⚠️ 警告: 稀疏注意力未配置，将使用全连接注意力
⚠️ 警告: 稀疏注意力未配置，将使用全连接注意力
⚠️ 警告: 稀疏注意力未配置，将使用全连接注意力
⚠️ 警告: 稀疏注意力未配置，将使用全连接注意力
⚠️ 警告: 稀疏注意力未配置，将使用全连接注意力
⚠️ 警告: 稀疏注意力未配置，将使用全连接注意力
⚠️ 警告: 稀疏注意力未配置，将使用全连接注意力
⚠️ 警告: 稀疏注意力未配置，将使用全连接注意力
⚠️ 警告: 稀疏注意力未配置，将使用全连接注意力
⚠️ 警告: 稀疏注意力未配置，将使用全连接注意力
⚠️ 警告: 稀疏注意力未配置，将使用全连接注意力
⚠️ 警告: 稀疏注意力未配置，将使用全连接注意力
⚠️ 警告: 稀疏注意力未配置，将使用全连接注意力
⚠️ 警告: 稀疏注意力未配置，将使用全连接注意力
⚠️ 警告: 稀疏注意力未配置，将使用全连接注意力
⚠️ 警告: 稀疏注意力未配置，将使用全连接注意力
⚠️ 警告: 稀疏注意力未配置，将使用全连接注意力
⚠️ 警告: 稀疏注意力未配置，将使用全连接注意力
⚠️ 警告: 稀疏注意力未配置，将使用全连接注意力
⚠️ 警告: 稀疏注意力未配置，将使用全连接注意力
⚠️ 警告: 稀疏注意力未配置，将使用全连接注意力
⚠️ 警告: 稀疏注意力未配置，将使用全连接注意力
⚠️ 警告: 稀疏注意力未配置，将使用全连接注意力
⚠️ 警告: 稀疏注意力未配置，将使用全连接注意力
⚠️ 警告: 稀疏注意力未配置，将使用全连接注意力
⚠️ 警告: 稀疏注意力未配置，将使用全连接注意力
⚠️ 警告: 稀疏注意力未配置，将使用全连接注意力
⚠️ 警告: 稀疏注意力未配置，将使用全连接注意力
⚠️ 警告: 稀疏注意力未配置，将使用全连接注意力
⚠️ 警告: 稀疏注意力未配置，将使用全连接注意力
⚠️ 警告: 稀疏注意力未配置，将使用全连接注意力
⚠️ 警告: 稀疏注意力未配置，将使用全连接注意力
⚠️ 警告: 稀疏注意力未配置，将使用全连接注意力
⚠️ 警告: 稀疏注意力未配置，将使用全连接注意力
⚠️ 警告: 稀疏注意力未配置，将使用全连接注意力
⚠️ 警告: 稀疏注意力未配置，将使用全连接注意力
⚠️ 警告: 稀疏注意力未配置，将使用全连接注意力
⚠️ 警告: 稀疏注意力未配置，将使用全连接注意力
⚠️ 警告: 稀疏注意力未配置，将使用全连接注意力
⚠️ 警告: 稀疏注意力未配置，将使用全连接注意力
⚠️ 警告: 稀疏注意力未配置，将使用全连接注意力
⚠️ 警告: 稀疏注意力未配置，将使用全连接注意力
⚠️ 警告: 稀疏注意力未配置，将使用全连接注意力
⚠️ 警告: 稀疏注意力未配置，将使用全连接注意力
⚠️ 警告: 稀疏注意力未配置，将使用全连接注意力
Valid : loss:3.51e-02  =  3.31e-02 + alpha*2.57e-03
⚠️ 警告: 稀疏注意力未配置，将使用全连接注意力
⚠️ 警告: 稀疏注意力未配置，将使用全连接注意力
⚠️ 警告: 稀疏注意力未配置，将使用全连接注意力
⚠️ 警告: 稀疏注意力未配置，将使用全连接注意力
⚠️ 警告: 稀疏注意力未配置，将使用全连接注意力
⚠️ 警告: 稀疏注意力未配置，将使用全连接注意力
⚠️ 警告: 稀疏注意力未配置，将使用全连接注意力
⚠️ 警告: 稀疏注意力未配置，将使用全连接注意力
⚠️ 警告: 稀疏注意力未配置，将使用全连接注意力
⚠️ 警告: 稀疏注意力未配置，将使用全连接注意力
⚠️ 警告: 稀疏注意力未配置，将使用全连接注意力
⚠️ 警告: 稀疏注意力未配置，将使用全连接注意力
⚠️ 警告: 稀疏注意力未配置，将使用全连接注意力
⚠️ 警告: 稀疏注意力未配置，将使用全连接注意力
⚠️ 警告: 稀疏注意力未配置，将使用全连接注意力
⚠️ 警告: 稀疏注意力未配置，将使用全连接注意力
