Using device: cuda
Loading data from: ../dataset\NASDAQ
Warning: stock_num (1026) does not match eod_data.shape[0] (951). Adjusting stock_num.
市场为 NASDAQ，实际加载股票数量更新为: 951
总交易天数: 1148
根据 60%/20%/_ 分割比例 (已调整为满足最小数据集要求):
训练集天数 (0-indexed, up to valid_index-1): 688 (实际比例: 59.9%)
验证集天数 (valid_index to test_index-1): 230 (实际比例: 20.0%)
测试集天数 (test_index to end): 230 (实际比例: 20.0%)
验证集起始索引 (valid_index): 688
测试集起始索引 (test_index): 918
✅ 数据集分割检查通过
Starting training...
Epoch 1/100 ##########################################################
Train: loss:3.2489e+08 = 3.2489e+08 + alpha*7.4139e+00
Valid: loss:1.0494e+09 = 1.0494e+09 + alpha*2.3372e+01
  Perf: mse:1.0494e+09, IC:0.0003, RIC:0.0380, prec@10:0.6435, SR:1.4647
Test : loss:1.1902e+10 = 1.1902e+10 + alpha*1.9466e+01
  Perf: mse:1.1902e+10, IC:0.0124, RIC:0.1598, prec@10:0.5691, SR:1.0487

New best validation loss found at epoch 1
Epoch 2/100 ##########################################################
Train: loss:3.2489e+08 = 3.2489e+08 + alpha*7.4139e+00
Valid: loss:1.0494e+09 = 1.0494e+09 + alpha*2.3372e+01
  Perf: mse:1.0494e+09, IC:0.0003, RIC:0.0380, prec@10:0.6435, SR:1.4647
Test : loss:1.1902e+10 = 1.1902e+10 + alpha*1.9466e+01
  Perf: mse:1.1902e+10, IC:0.0124, RIC:0.1598, prec@10:0.5691, SR:1.0487

Epoch 3/100 ##########################################################
Train: loss:3.2489e+08 = 3.2489e+08 + alpha*7.4139e+00
Valid: loss:1.0494e+09 = 1.0494e+09 + alpha*2.3372e+01
  Perf: mse:1.0494e+09, IC:0.0003, RIC:0.0380, prec@10:0.6435, SR:1.4647
Test : loss:1.1902e+10 = 1.1902e+10 + alpha*1.9466e+01
  Perf: mse:1.1902e+10, IC:0.0124, RIC:0.1598, prec@10:0.5691, SR:1.0487

Epoch 4/100 ##########################################################
Train: loss:3.2489e+08 = 3.2489e+08 + alpha*7.4139e+00
Valid: loss:1.0494e+09 = 1.0494e+09 + alpha*2.3372e+01
  Perf: mse:1.0494e+09, IC:0.0003, RIC:0.0380, prec@10:0.6435, SR:1.4647
Test : loss:1.1902e+10 = 1.1902e+10 + alpha*1.9466e+01
  Perf: mse:1.1902e+10, IC:0.0124, RIC:0.1598, prec@10:0.5691, SR:1.0487

Epoch 5/100 ##########################################################
Train: loss:3.2489e+08 = 3.2489e+08 + alpha*7.4139e+00
Valid: loss:1.0494e+09 = 1.0494e+09 + alpha*2.3372e+01
  Perf: mse:1.0494e+09, IC:0.0003, RIC:0.0380, prec@10:0.6435, SR:1.4647
Test : loss:1.1902e+10 = 1.1902e+10 + alpha*1.9466e+01
  Perf: mse:1.1902e+10, IC:0.0124, RIC:0.1598, prec@10:0.5691, SR:1.0487

Epoch 6/100 ##########################################################
Train: loss:3.2489e+08 = 3.2489e+08 + alpha*7.4139e+00
Valid: loss:1.0494e+09 = 1.0494e+09 + alpha*2.3372e+01
  Perf: mse:1.0494e+09, IC:0.0003, RIC:0.0380, prec@10:0.6435, SR:1.4647
Test : loss:1.1902e+10 = 1.1902e+10 + alpha*1.9466e+01
  Perf: mse:1.1902e+10, IC:0.0124, RIC:0.1598, prec@10:0.5691, SR:1.0487

Epoch 7/100 ##########################################################
Train: loss:3.2489e+08 = 3.2489e+08 + alpha*7.4139e+00
Valid: loss:1.0494e+09 = 1.0494e+09 + alpha*2.3372e+01
  Perf: mse:1.0494e+09, IC:0.0003, RIC:0.0380, prec@10:0.6435, SR:1.4647
Test : loss:1.1902e+10 = 1.1902e+10 + alpha*1.9466e+01
  Perf: mse:1.1902e+10, IC:0.0124, RIC:0.1598, prec@10:0.5691, SR:1.0487

Epoch 8/100 ##########################################################
Train: loss:3.2489e+08 = 3.2489e+08 + alpha*7.4139e+00
Valid: loss:1.0494e+09 = 1.0494e+09 + alpha*2.3372e+01
  Perf: mse:1.0494e+09, IC:0.0003, RIC:0.0380, prec@10:0.6435, SR:1.4647
Test : loss:1.1902e+10 = 1.1902e+10 + alpha*1.9466e+01
  Perf: mse:1.1902e+10, IC:0.0124, RIC:0.1598, prec@10:0.5691, SR:1.0487

Epoch 9/100 ##########################################################
Train: loss:3.2489e+08 = 3.2489e+08 + alpha*7.4139e+00
Valid: loss:1.0494e+09 = 1.0494e+09 + alpha*2.3372e+01
  Perf: mse:1.0494e+09, IC:0.0003, RIC:0.0380, prec@10:0.6435, SR:1.4647
Test : loss:1.1902e+10 = 1.1902e+10 + alpha*1.9466e+01
  Perf: mse:1.1902e+10, IC:0.0124, RIC:0.1598, prec@10:0.5691, SR:1.0487

Epoch 10/100 ##########################################################
Train: loss:3.2489e+08 = 3.2489e+08 + alpha*7.4139e+00
Valid: loss:1.0494e+09 = 1.0494e+09 + alpha*2.3372e+01
  Perf: mse:1.0494e+09, IC:0.0003, RIC:0.0380, prec@10:0.6435, SR:1.4647
Test : loss:1.1902e+10 = 1.1902e+10 + alpha*1.9466e+01
  Perf: mse:1.1902e+10, IC:0.0124, RIC:0.1598, prec@10:0.5691, SR:1.0487

Epoch 11/100 ##########################################################
Train: loss:3.2489e+08 = 3.2489e+08 + alpha*7.4139e+00
Valid: loss:1.0494e+09 = 1.0494e+09 + alpha*2.3372e+01
  Perf: mse:1.0494e+09, IC:0.0003, RIC:0.0380, prec@10:0.6435, SR:1.4647
Test : loss:1.1902e+10 = 1.1902e+10 + alpha*1.9466e+01
  Perf: mse:1.1902e+10, IC:0.0124, RIC:0.1598, prec@10:0.5691, SR:1.0487

Epoch 12/100 ##########################################################
Train: loss:3.2489e+08 = 3.2489e+08 + alpha*7.4139e+00
Valid: loss:1.0494e+09 = 1.0494e+09 + alpha*2.3372e+01
  Perf: mse:1.0494e+09, IC:0.0003, RIC:0.0380, prec@10:0.6435, SR:1.4647
Test : loss:1.1902e+10 = 1.1902e+10 + alpha*1.9466e+01
  Perf: mse:1.1902e+10, IC:0.0124, RIC:0.1598, prec@10:0.5691, SR:1.0487

Epoch 13/100 ##########################################################
Train: loss:3.2489e+08 = 3.2489e+08 + alpha*7.4139e+00
Valid: loss:1.0494e+09 = 1.0494e+09 + alpha*2.3372e+01
  Perf: mse:1.0494e+09, IC:0.0003, RIC:0.0380, prec@10:0.6435, SR:1.4647
Test : loss:1.1902e+10 = 1.1902e+10 + alpha*1.9466e+01
  Perf: mse:1.1902e+10, IC:0.0124, RIC:0.1598, prec@10:0.5691, SR:1.0487

Epoch 14/100 ##########################################################
Train: loss:3.2489e+08 = 3.2489e+08 + alpha*7.4139e+00
Valid: loss:1.0494e+09 = 1.0494e+09 + alpha*2.3372e+01
  Perf: mse:1.0494e+09, IC:0.0003, RIC:0.0380, prec@10:0.6435, SR:1.4647
Test : loss:1.1902e+10 = 1.1902e+10 + alpha*1.9466e+01
  Perf: mse:1.1902e+10, IC:0.0124, RIC:0.1598, prec@10:0.5691, SR:1.0487

Epoch 15/100 ##########################################################
Train: loss:3.2489e+08 = 3.2489e+08 + alpha*7.4139e+00
Valid: loss:1.0494e+09 = 1.0494e+09 + alpha*2.3372e+01
  Perf: mse:1.0494e+09, IC:0.0003, RIC:0.0380, prec@10:0.6435, SR:1.4647
Test : loss:1.1902e+10 = 1.1902e+10 + alpha*1.9466e+01
  Perf: mse:1.1902e+10, IC:0.0124, RIC:0.1598, prec@10:0.5691, SR:1.0487

Epoch 16/100 ##########################################################
Train: loss:3.2489e+08 = 3.2489e+08 + alpha*7.4139e+00
Valid: loss:1.0494e+09 = 1.0494e+09 + alpha*2.3372e+01
  Perf: mse:1.0494e+09, IC:0.0003, RIC:0.0380, prec@10:0.6435, SR:1.4647
Test : loss:1.1902e+10 = 1.1902e+10 + alpha*1.9466e+01
  Perf: mse:1.1902e+10, IC:0.0124, RIC:0.1598, prec@10:0.5691, SR:1.0487

Epoch 17/100 ##########################################################
Train: loss:3.2489e+08 = 3.2489e+08 + alpha*7.4139e+00
Valid: loss:1.0494e+09 = 1.0494e+09 + alpha*2.3372e+01
  Perf: mse:1.0494e+09, IC:0.0003, RIC:0.0380, prec@10:0.6435, SR:1.4647
Test : loss:1.1902e+10 = 1.1902e+10 + alpha*1.9466e+01
  Perf: mse:1.1902e+10, IC:0.0124, RIC:0.1598, prec@10:0.5691, SR:1.0487

Epoch 18/100 ##########################################################
Train: loss:3.2489e+08 = 3.2489e+08 + alpha*7.4139e+00
Valid: loss:1.0494e+09 = 1.0494e+09 + alpha*2.3372e+01
  Perf: mse:1.0494e+09, IC:0.0003, RIC:0.0380, prec@10:0.6435, SR:1.4647
Test : loss:1.1902e+10 = 1.1902e+10 + alpha*1.9466e+01
  Perf: mse:1.1902e+10, IC:0.0124, RIC:0.1598, prec@10:0.5691, SR:1.0487

Epoch 19/100 ##########################################################
Train: loss:3.2489e+08 = 3.2489e+08 + alpha*7.4139e+00
Valid: loss:1.0494e+09 = 1.0494e+09 + alpha*2.3372e+01
  Perf: mse:1.0494e+09, IC:0.0003, RIC:0.0380, prec@10:0.6435, SR:1.4647
Test : loss:1.1902e+10 = 1.1902e+10 + alpha*1.9466e+01
  Perf: mse:1.1902e+10, IC:0.0124, RIC:0.1598, prec@10:0.5691, SR:1.0487

Epoch 20/100 ##########################################################
Train: loss:3.2489e+08 = 3.2489e+08 + alpha*7.4139e+00
Valid: loss:1.0494e+09 = 1.0494e+09 + alpha*2.3372e+01
  Perf: mse:1.0494e+09, IC:0.0003, RIC:0.0380, prec@10:0.6435, SR:1.4647
Test : loss:1.1902e+10 = 1.1902e+10 + alpha*1.9466e+01
  Perf: mse:1.1902e+10, IC:0.0124, RIC:0.1598, prec@10:0.5691, SR:1.0487

Epoch 21/100 ##########################################################
Train: loss:3.2489e+08 = 3.2489e+08 + alpha*7.4139e+00
Valid: loss:1.0494e+09 = 1.0494e+09 + alpha*2.3372e+01
  Perf: mse:1.0494e+09, IC:0.0003, RIC:0.0380, prec@10:0.6435, SR:1.4647
Test : loss:1.1902e+10 = 1.1902e+10 + alpha*1.9466e+01
  Perf: mse:1.1902e+10, IC:0.0124, RIC:0.1598, prec@10:0.5691, SR:1.0487

Epoch 22/100 ##########################################################
Train: loss:3.2489e+08 = 3.2489e+08 + alpha*7.4139e+00
Valid: loss:1.0494e+09 = 1.0494e+09 + alpha*2.3372e+01
  Perf: mse:1.0494e+09, IC:0.0003, RIC:0.0380, prec@10:0.6435, SR:1.4647
Test : loss:1.1902e+10 = 1.1902e+10 + alpha*1.9466e+01
  Perf: mse:1.1902e+10, IC:0.0124, RIC:0.1598, prec@10:0.5691, SR:1.0487

Epoch 23/100 ##########################################################
Train: loss:3.2489e+08 = 3.2489e+08 + alpha*7.4139e+00
Valid: loss:1.0494e+09 = 1.0494e+09 + alpha*2.3372e+01
  Perf: mse:1.0494e+09, IC:0.0003, RIC:0.0380, prec@10:0.6435, SR:1.4647
Test : loss:1.1902e+10 = 1.1902e+10 + alpha*1.9466e+01
  Perf: mse:1.1902e+10, IC:0.0124, RIC:0.1598, prec@10:0.5691, SR:1.0487

Epoch 24/100 ##########################################################
Train: loss:3.2489e+08 = 3.2489e+08 + alpha*7.4139e+00
Valid: loss:1.0494e+09 = 1.0494e+09 + alpha*2.3372e+01
  Perf: mse:1.0494e+09, IC:0.0003, RIC:0.0380, prec@10:0.6435, SR:1.4647
Test : loss:1.1902e+10 = 1.1902e+10 + alpha*1.9466e+01
  Perf: mse:1.1902e+10, IC:0.0124, RIC:0.1598, prec@10:0.5691, SR:1.0487

Epoch 25/100 ##########################################################
Train: loss:3.2489e+08 = 3.2489e+08 + alpha*7.4139e+00
Valid: loss:1.0494e+09 = 1.0494e+09 + alpha*2.3372e+01
  Perf: mse:1.0494e+09, IC:0.0003, RIC:0.0380, prec@10:0.6435, SR:1.4647
Test : loss:1.1902e+10 = 1.1902e+10 + alpha*1.9466e+01
  Perf: mse:1.1902e+10, IC:0.0124, RIC:0.1598, prec@10:0.5691, SR:1.0487

Epoch 26/100 ##########################################################
Train: loss:3.2489e+08 = 3.2489e+08 + alpha*7.4139e+00
Valid: loss:1.0494e+09 = 1.0494e+09 + alpha*2.3372e+01
  Perf: mse:1.0494e+09, IC:0.0003, RIC:0.0380, prec@10:0.6435, SR:1.4647
Test : loss:1.1902e+10 = 1.1902e+10 + alpha*1.9466e+01
  Perf: mse:1.1902e+10, IC:0.0124, RIC:0.1598, prec@10:0.5691, SR:1.0487

Epoch 27/100 ##########################################################
Train: loss:3.2489e+08 = 3.2489e+08 + alpha*7.4139e+00
Valid: loss:1.0494e+09 = 1.0494e+09 + alpha*2.3372e+01
  Perf: mse:1.0494e+09, IC:0.0003, RIC:0.0380, prec@10:0.6435, SR:1.4647
Test : loss:1.1902e+10 = 1.1902e+10 + alpha*1.9466e+01
  Perf: mse:1.1902e+10, IC:0.0124, RIC:0.1598, prec@10:0.5691, SR:1.0487

Epoch 28/100 ##########################################################
Train: loss:3.2489e+08 = 3.2489e+08 + alpha*7.4139e+00
Valid: loss:1.0494e+09 = 1.0494e+09 + alpha*2.3372e+01
  Perf: mse:1.0494e+09, IC:0.0003, RIC:0.0380, prec@10:0.6435, SR:1.4647
Test : loss:1.1902e+10 = 1.1902e+10 + alpha*1.9466e+01
  Perf: mse:1.1902e+10, IC:0.0124, RIC:0.1598, prec@10:0.5691, SR:1.0487

Epoch 29/100 ##########################################################
Train: loss:3.2489e+08 = 3.2489e+08 + alpha*7.4139e+00
Valid: loss:1.0494e+09 = 1.0494e+09 + alpha*2.3372e+01
  Perf: mse:1.0494e+09, IC:0.0003, RIC:0.0380, prec@10:0.6435, SR:1.4647
Test : loss:1.1902e+10 = 1.1902e+10 + alpha*1.9466e+01
  Perf: mse:1.1902e+10, IC:0.0124, RIC:0.1598, prec@10:0.5691, SR:1.0487

Epoch 30/100 ##########################################################
Train: loss:3.2489e+08 = 3.2489e+08 + alpha*7.4139e+00
Valid: loss:1.0494e+09 = 1.0494e+09 + alpha*2.3372e+01
  Perf: mse:1.0494e+09, IC:0.0003, RIC:0.0380, prec@10:0.6435, SR:1.4647
Test : loss:1.1902e+10 = 1.1902e+10 + alpha*1.9466e+01
  Perf: mse:1.1902e+10, IC:0.0124, RIC:0.1598, prec@10:0.5691, SR:1.0487

Epoch 31/100 ##########################################################
Train: loss:3.2489e+08 = 3.2489e+08 + alpha*7.4139e+00
Valid: loss:1.0494e+09 = 1.0494e+09 + alpha*2.3372e+01
  Perf: mse:1.0494e+09, IC:0.0003, RIC:0.0380, prec@10:0.6435, SR:1.4647
Test : loss:1.1902e+10 = 1.1902e+10 + alpha*1.9466e+01
  Perf: mse:1.1902e+10, IC:0.0124, RIC:0.1598, prec@10:0.5691, SR:1.0487

Epoch 32/100 ##########################################################
Train: loss:3.2489e+08 = 3.2489e+08 + alpha*7.4139e+00
Valid: loss:1.0494e+09 = 1.0494e+09 + alpha*2.3372e+01
  Perf: mse:1.0494e+09, IC:0.0003, RIC:0.0380, prec@10:0.6435, SR:1.4647
Test : loss:1.1902e+10 = 1.1902e+10 + alpha*1.9466e+01
  Perf: mse:1.1902e+10, IC:0.0124, RIC:0.1598, prec@10:0.5691, SR:1.0487

Epoch 33/100 ##########################################################
Train: loss:3.2489e+08 = 3.2489e+08 + alpha*7.4139e+00
Valid: loss:1.0494e+09 = 1.0494e+09 + alpha*2.3372e+01
  Perf: mse:1.0494e+09, IC:0.0003, RIC:0.0380, prec@10:0.6435, SR:1.4647
Test : loss:1.1902e+10 = 1.1902e+10 + alpha*1.9466e+01
  Perf: mse:1.1902e+10, IC:0.0124, RIC:0.1598, prec@10:0.5691, SR:1.0487

Epoch 34/100 ##########################################################
Train: loss:3.2489e+08 = 3.2489e+08 + alpha*7.4139e+00
Valid: loss:1.0494e+09 = 1.0494e+09 + alpha*2.3372e+01
  Perf: mse:1.0494e+09, IC:0.0003, RIC:0.0380, prec@10:0.6435, SR:1.4647
Test : loss:1.1902e+10 = 1.1902e+10 + alpha*1.9466e+01
  Perf: mse:1.1902e+10, IC:0.0124, RIC:0.1598, prec@10:0.5691, SR:1.0487

Epoch 35/100 ##########################################################
Train: loss:3.2489e+08 = 3.2489e+08 + alpha*7.4139e+00
Valid: loss:1.0494e+09 = 1.0494e+09 + alpha*2.3372e+01
  Perf: mse:1.0494e+09, IC:0.0003, RIC:0.0380, prec@10:0.6435, SR:1.4647
Test : loss:1.1902e+10 = 1.1902e+10 + alpha*1.9466e+01
  Perf: mse:1.1902e+10, IC:0.0124, RIC:0.1598, prec@10:0.5691, SR:1.0487

Epoch 36/100 ##########################################################
Train: loss:3.2489e+08 = 3.2489e+08 + alpha*7.4139e+00
Valid: loss:1.0494e+09 = 1.0494e+09 + alpha*2.3372e+01
  Perf: mse:1.0494e+09, IC:0.0003, RIC:0.0380, prec@10:0.6435, SR:1.4647
Test : loss:1.1902e+10 = 1.1902e+10 + alpha*1.9466e+01
  Perf: mse:1.1902e+10, IC:0.0124, RIC:0.1598, prec@10:0.5691, SR:1.0487

Epoch 37/100 ##########################################################
Train: loss:3.2489e+08 = 3.2489e+08 + alpha*7.4139e+00
Valid: loss:1.0494e+09 = 1.0494e+09 + alpha*2.3372e+01
  Perf: mse:1.0494e+09, IC:0.0003, RIC:0.0380, prec@10:0.6435, SR:1.4647
Test : loss:1.1902e+10 = 1.1902e+10 + alpha*1.9466e+01
  Perf: mse:1.1902e+10, IC:0.0124, RIC:0.1598, prec@10:0.5691, SR:1.0487

Epoch 38/100 ##########################################################
Train: loss:3.2489e+08 = 3.2489e+08 + alpha*7.4139e+00
Valid: loss:1.0494e+09 = 1.0494e+09 + alpha*2.3372e+01
  Perf: mse:1.0494e+09, IC:0.0003, RIC:0.0380, prec@10:0.6435, SR:1.4647
Test : loss:1.1902e+10 = 1.1902e+10 + alpha*1.9466e+01
  Perf: mse:1.1902e+10, IC:0.0124, RIC:0.1598, prec@10:0.5691, SR:1.0487

Epoch 39/100 ##########################################################
Train: loss:3.2489e+08 = 3.2489e+08 + alpha*7.4139e+00
Valid: loss:1.0494e+09 = 1.0494e+09 + alpha*2.3372e+01
  Perf: mse:1.0494e+09, IC:0.0003, RIC:0.0380, prec@10:0.6435, SR:1.4647
Test : loss:1.1902e+10 = 1.1902e+10 + alpha*1.9466e+01
  Perf: mse:1.1902e+10, IC:0.0124, RIC:0.1598, prec@10:0.5691, SR:1.0487

Epoch 40/100 ##########################################################
Train: loss:3.2489e+08 = 3.2489e+08 + alpha*7.4139e+00
Valid: loss:1.0494e+09 = 1.0494e+09 + alpha*2.3372e+01
  Perf: mse:1.0494e+09, IC:0.0003, RIC:0.0380, prec@10:0.6435, SR:1.4647
Test : loss:1.1902e+10 = 1.1902e+10 + alpha*1.9466e+01
  Perf: mse:1.1902e+10, IC:0.0124, RIC:0.1598, prec@10:0.5691, SR:1.0487

Epoch 41/100 ##########################################################
Train: loss:3.2489e+08 = 3.2489e+08 + alpha*7.4139e+00
Valid: loss:1.0494e+09 = 1.0494e+09 + alpha*2.3372e+01
  Perf: mse:1.0494e+09, IC:0.0003, RIC:0.0380, prec@10:0.6435, SR:1.4647
Test : loss:1.1902e+10 = 1.1902e+10 + alpha*1.9466e+01
  Perf: mse:1.1902e+10, IC:0.0124, RIC:0.1598, prec@10:0.5691, SR:1.0487

Epoch 42/100 ##########################################################
Train: loss:3.2489e+08 = 3.2489e+08 + alpha*7.4139e+00
Valid: loss:1.0494e+09 = 1.0494e+09 + alpha*2.3372e+01
  Perf: mse:1.0494e+09, IC:0.0003, RIC:0.0380, prec@10:0.6435, SR:1.4647
Test : loss:1.1902e+10 = 1.1902e+10 + alpha*1.9466e+01
  Perf: mse:1.1902e+10, IC:0.0124, RIC:0.1598, prec@10:0.5691, SR:1.0487

Epoch 43/100 ##########################################################
Train: loss:3.2489e+08 = 3.2489e+08 + alpha*7.4139e+00
Valid: loss:1.0494e+09 = 1.0494e+09 + alpha*2.3372e+01
  Perf: mse:1.0494e+09, IC:0.0003, RIC:0.0380, prec@10:0.6435, SR:1.4647
Test : loss:1.1902e+10 = 1.1902e+10 + alpha*1.9466e+01
  Perf: mse:1.1902e+10, IC:0.0124, RIC:0.1598, prec@10:0.5691, SR:1.0487

Epoch 44/100 ##########################################################
Train: loss:3.2489e+08 = 3.2489e+08 + alpha*7.4139e+00
Valid: loss:1.0494e+09 = 1.0494e+09 + alpha*2.3372e+01
  Perf: mse:1.0494e+09, IC:0.0003, RIC:0.0380, prec@10:0.6435, SR:1.4647
Test : loss:1.1902e+10 = 1.1902e+10 + alpha*1.9466e+01
  Perf: mse:1.1902e+10, IC:0.0124, RIC:0.1598, prec@10:0.5691, SR:1.0487

Epoch 45/100 ##########################################################
Train: loss:3.2489e+08 = 3.2489e+08 + alpha*7.4139e+00
Valid: loss:1.0494e+09 = 1.0494e+09 + alpha*2.3372e+01
  Perf: mse:1.0494e+09, IC:0.0003, RIC:0.0380, prec@10:0.6435, SR:1.4647
Test : loss:1.1902e+10 = 1.1902e+10 + alpha*1.9466e+01
  Perf: mse:1.1902e+10, IC:0.0124, RIC:0.1598, prec@10:0.5691, SR:1.0487

Epoch 46/100 ##########################################################
Train: loss:3.2489e+08 = 3.2489e+08 + alpha*7.4139e+00
Valid: loss:1.0494e+09 = 1.0494e+09 + alpha*2.3372e+01
  Perf: mse:1.0494e+09, IC:0.0003, RIC:0.0380, prec@10:0.6435, SR:1.4647
Test : loss:1.1902e+10 = 1.1902e+10 + alpha*1.9466e+01
  Perf: mse:1.1902e+10, IC:0.0124, RIC:0.1598, prec@10:0.5691, SR:1.0487

Epoch 47/100 ##########################################################
Train: loss:3.2489e+08 = 3.2489e+08 + alpha*7.4139e+00
Valid: loss:1.0494e+09 = 1.0494e+09 + alpha*2.3372e+01
  Perf: mse:1.0494e+09, IC:0.0003, RIC:0.0380, prec@10:0.6435, SR:1.4647
Test : loss:1.1902e+10 = 1.1902e+10 + alpha*1.9466e+01
  Perf: mse:1.1902e+10, IC:0.0124, RIC:0.1598, prec@10:0.5691, SR:1.0487

Epoch 48/100 ##########################################################
Train: loss:3.2489e+08 = 3.2489e+08 + alpha*7.4139e+00
Valid: loss:1.0494e+09 = 1.0494e+09 + alpha*2.3372e+01
  Perf: mse:1.0494e+09, IC:0.0003, RIC:0.0380, prec@10:0.6435, SR:1.4647
Test : loss:1.1902e+10 = 1.1902e+10 + alpha*1.9466e+01
  Perf: mse:1.1902e+10, IC:0.0124, RIC:0.1598, prec@10:0.5691, SR:1.0487

Epoch 49/100 ##########################################################
Train: loss:3.2489e+08 = 3.2489e+08 + alpha*7.4139e+00
Valid: loss:1.0494e+09 = 1.0494e+09 + alpha*2.3372e+01
  Perf: mse:1.0494e+09, IC:0.0003, RIC:0.0380, prec@10:0.6435, SR:1.4647
Test : loss:1.1902e+10 = 1.1902e+10 + alpha*1.9466e+01
  Perf: mse:1.1902e+10, IC:0.0124, RIC:0.1598, prec@10:0.5691, SR:1.0487

Epoch 50/100 ##########################################################
Train: loss:3.2489e+08 = 3.2489e+08 + alpha*7.4139e+00
Valid: loss:1.0494e+09 = 1.0494e+09 + alpha*2.3372e+01
  Perf: mse:1.0494e+09, IC:0.0003, RIC:0.0380, prec@10:0.6435, SR:1.4647
Test : loss:1.1902e+10 = 1.1902e+10 + alpha*1.9466e+01
  Perf: mse:1.1902e+10, IC:0.0124, RIC:0.1598, prec@10:0.5691, SR:1.0487

Epoch 51/100 ##########################################################
Train: loss:3.2489e+08 = 3.2489e+08 + alpha*7.4139e+00
Valid: loss:1.0494e+09 = 1.0494e+09 + alpha*2.3372e+01
  Perf: mse:1.0494e+09, IC:0.0003, RIC:0.0380, prec@10:0.6435, SR:1.4647
Test : loss:1.1902e+10 = 1.1902e+10 + alpha*1.9466e+01
  Perf: mse:1.1902e+10, IC:0.0124, RIC:0.1598, prec@10:0.5691, SR:1.0487

Epoch 52/100 ##########################################################
Train: loss:3.2489e+08 = 3.2489e+08 + alpha*7.4139e+00
Valid: loss:1.0494e+09 = 1.0494e+09 + alpha*2.3372e+01
  Perf: mse:1.0494e+09, IC:0.0003, RIC:0.0380, prec@10:0.6435, SR:1.4647
Test : loss:1.1902e+10 = 1.1902e+10 + alpha*1.9466e+01
  Perf: mse:1.1902e+10, IC:0.0124, RIC:0.1598, prec@10:0.5691, SR:1.0487

Epoch 53/100 ##########################################################
Train: loss:3.2489e+08 = 3.2489e+08 + alpha*7.4139e+00
Valid: loss:1.0494e+09 = 1.0494e+09 + alpha*2.3372e+01
  Perf: mse:1.0494e+09, IC:0.0003, RIC:0.0380, prec@10:0.6435, SR:1.4647
Test : loss:1.1902e+10 = 1.1902e+10 + alpha*1.9466e+01
  Perf: mse:1.1902e+10, IC:0.0124, RIC:0.1598, prec@10:0.5691, SR:1.0487

Epoch 54/100 ##########################################################
Train: loss:3.2489e+08 = 3.2489e+08 + alpha*7.4139e+00
Valid: loss:1.0494e+09 = 1.0494e+09 + alpha*2.3372e+01
  Perf: mse:1.0494e+09, IC:0.0003, RIC:0.0380, prec@10:0.6435, SR:1.4647
Test : loss:1.1902e+10 = 1.1902e+10 + alpha*1.9466e+01
  Perf: mse:1.1902e+10, IC:0.0124, RIC:0.1598, prec@10:0.5691, SR:1.0487

Epoch 55/100 ##########################################################
Train: loss:3.2489e+08 = 3.2489e+08 + alpha*7.4139e+00
Valid: loss:1.0494e+09 = 1.0494e+09 + alpha*2.3372e+01
  Perf: mse:1.0494e+09, IC:0.0003, RIC:0.0380, prec@10:0.6435, SR:1.4647
Test : loss:1.1902e+10 = 1.1902e+10 + alpha*1.9466e+01
  Perf: mse:1.1902e+10, IC:0.0124, RIC:0.1598, prec@10:0.5691, SR:1.0487

Epoch 56/100 ##########################################################
Train: loss:3.2489e+08 = 3.2489e+08 + alpha*7.4139e+00
Valid: loss:1.0494e+09 = 1.0494e+09 + alpha*2.3372e+01
  Perf: mse:1.0494e+09, IC:0.0003, RIC:0.0380, prec@10:0.6435, SR:1.4647
Test : loss:1.1902e+10 = 1.1902e+10 + alpha*1.9466e+01
  Perf: mse:1.1902e+10, IC:0.0124, RIC:0.1598, prec@10:0.5691, SR:1.0487

Epoch 57/100 ##########################################################
Train: loss:3.2489e+08 = 3.2489e+08 + alpha*7.4139e+00
Valid: loss:1.0494e+09 = 1.0494e+09 + alpha*2.3372e+01
  Perf: mse:1.0494e+09, IC:0.0003, RIC:0.0380, prec@10:0.6435, SR:1.4647
Test : loss:1.1902e+10 = 1.1902e+10 + alpha*1.9466e+01
  Perf: mse:1.1902e+10, IC:0.0124, RIC:0.1598, prec@10:0.5691, SR:1.0487

Epoch 58/100 ##########################################################
Train: loss:3.2489e+08 = 3.2489e+08 + alpha*7.4139e+00
Valid: loss:1.0494e+09 = 1.0494e+09 + alpha*2.3372e+01
  Perf: mse:1.0494e+09, IC:0.0003, RIC:0.0380, prec@10:0.6435, SR:1.4647
Test : loss:1.1902e+10 = 1.1902e+10 + alpha*1.9466e+01
  Perf: mse:1.1902e+10, IC:0.0124, RIC:0.1598, prec@10:0.5691, SR:1.0487

Epoch 59/100 ##########################################################
Train: loss:3.2489e+08 = 3.2489e+08 + alpha*7.4139e+00
Valid: loss:1.0494e+09 = 1.0494e+09 + alpha*2.3372e+01
  Perf: mse:1.0494e+09, IC:0.0003, RIC:0.0380, prec@10:0.6435, SR:1.4647
Test : loss:1.1902e+10 = 1.1902e+10 + alpha*1.9466e+01
  Perf: mse:1.1902e+10, IC:0.0124, RIC:0.1598, prec@10:0.5691, SR:1.0487

Epoch 60/100 ##########################################################
Train: loss:3.2489e+08 = 3.2489e+08 + alpha*7.4139e+00
Valid: loss:1.0494e+09 = 1.0494e+09 + alpha*2.3372e+01
  Perf: mse:1.0494e+09, IC:0.0003, RIC:0.0380, prec@10:0.6435, SR:1.4647
Test : loss:1.1902e+10 = 1.1902e+10 + alpha*1.9466e+01
  Perf: mse:1.1902e+10, IC:0.0124, RIC:0.1598, prec@10:0.5691, SR:1.0487

Epoch 61/100 ##########################################################
Train: loss:3.2489e+08 = 3.2489e+08 + alpha*7.4139e+00
Valid: loss:1.0494e+09 = 1.0494e+09 + alpha*2.3372e+01
  Perf: mse:1.0494e+09, IC:0.0003, RIC:0.0380, prec@10:0.6435, SR:1.4647
Test : loss:1.1902e+10 = 1.1902e+10 + alpha*1.9466e+01
  Perf: mse:1.1902e+10, IC:0.0124, RIC:0.1598, prec@10:0.5691, SR:1.0487

Epoch 62/100 ##########################################################
Train: loss:3.2489e+08 = 3.2489e+08 + alpha*7.4139e+00
Valid: loss:1.0494e+09 = 1.0494e+09 + alpha*2.3372e+01
  Perf: mse:1.0494e+09, IC:0.0003, RIC:0.0380, prec@10:0.6435, SR:1.4647
Test : loss:1.1902e+10 = 1.1902e+10 + alpha*1.9466e+01
  Perf: mse:1.1902e+10, IC:0.0124, RIC:0.1598, prec@10:0.5691, SR:1.0487

Epoch 63/100 ##########################################################
Train: loss:3.2489e+08 = 3.2489e+08 + alpha*7.4139e+00
Valid: loss:1.0494e+09 = 1.0494e+09 + alpha*2.3372e+01
  Perf: mse:1.0494e+09, IC:0.0003, RIC:0.0380, prec@10:0.6435, SR:1.4647
Test : loss:1.1902e+10 = 1.1902e+10 + alpha*1.9466e+01
  Perf: mse:1.1902e+10, IC:0.0124, RIC:0.1598, prec@10:0.5691, SR:1.0487

Epoch 64/100 ##########################################################
Train: loss:3.2489e+08 = 3.2489e+08 + alpha*7.4139e+00
Valid: loss:1.0494e+09 = 1.0494e+09 + alpha*2.3372e+01
  Perf: mse:1.0494e+09, IC:0.0003, RIC:0.0380, prec@10:0.6435, SR:1.4647
Test : loss:1.1902e+10 = 1.1902e+10 + alpha*1.9466e+01
  Perf: mse:1.1902e+10, IC:0.0124, RIC:0.1598, prec@10:0.5691, SR:1.0487

Epoch 65/100 ##########################################################
Train: loss:3.2489e+08 = 3.2489e+08 + alpha*7.4139e+00
Valid: loss:1.0494e+09 = 1.0494e+09 + alpha*2.3372e+01
  Perf: mse:1.0494e+09, IC:0.0003, RIC:0.0380, prec@10:0.6435, SR:1.4647
Test : loss:1.1902e+10 = 1.1902e+10 + alpha*1.9466e+01
  Perf: mse:1.1902e+10, IC:0.0124, RIC:0.1598, prec@10:0.5691, SR:1.0487

Epoch 66/100 ##########################################################
Train: loss:3.2489e+08 = 3.2489e+08 + alpha*7.4139e+00
Valid: loss:1.0494e+09 = 1.0494e+09 + alpha*2.3372e+01
  Perf: mse:1.0494e+09, IC:0.0003, RIC:0.0380, prec@10:0.6435, SR:1.4647
Test : loss:1.1902e+10 = 1.1902e+10 + alpha*1.9466e+01
  Perf: mse:1.1902e+10, IC:0.0124, RIC:0.1598, prec@10:0.5691, SR:1.0487

Epoch 67/100 ##########################################################
Train: loss:3.2489e+08 = 3.2489e+08 + alpha*7.4139e+00
Valid: loss:1.0494e+09 = 1.0494e+09 + alpha*2.3372e+01
  Perf: mse:1.0494e+09, IC:0.0003, RIC:0.0380, prec@10:0.6435, SR:1.4647
Test : loss:1.1902e+10 = 1.1902e+10 + alpha*1.9466e+01
  Perf: mse:1.1902e+10, IC:0.0124, RIC:0.1598, prec@10:0.5691, SR:1.0487

Epoch 68/100 ##########################################################
Train: loss:3.2489e+08 = 3.2489e+08 + alpha*7.4139e+00
Valid: loss:1.0494e+09 = 1.0494e+09 + alpha*2.3372e+01
  Perf: mse:1.0494e+09, IC:0.0003, RIC:0.0380, prec@10:0.6435, SR:1.4647
Test : loss:1.1902e+10 = 1.1902e+10 + alpha*1.9466e+01
  Perf: mse:1.1902e+10, IC:0.0124, RIC:0.1598, prec@10:0.5691, SR:1.0487

Epoch 69/100 ##########################################################
Train: loss:3.2489e+08 = 3.2489e+08 + alpha*7.4139e+00
Valid: loss:1.0494e+09 = 1.0494e+09 + alpha*2.3372e+01
  Perf: mse:1.0494e+09, IC:0.0003, RIC:0.0380, prec@10:0.6435, SR:1.4647
Test : loss:1.1902e+10 = 1.1902e+10 + alpha*1.9466e+01
  Perf: mse:1.1902e+10, IC:0.0124, RIC:0.1598, prec@10:0.5691, SR:1.0487

Epoch 70/100 ##########################################################
Train: loss:3.2489e+08 = 3.2489e+08 + alpha*7.4139e+00
Valid: loss:1.0494e+09 = 1.0494e+09 + alpha*2.3372e+01
  Perf: mse:1.0494e+09, IC:0.0003, RIC:0.0380, prec@10:0.6435, SR:1.4647
Test : loss:1.1902e+10 = 1.1902e+10 + alpha*1.9466e+01
  Perf: mse:1.1902e+10, IC:0.0124, RIC:0.1598, prec@10:0.5691, SR:1.0487

Epoch 71/100 ##########################################################
Train: loss:3.2489e+08 = 3.2489e+08 + alpha*7.4139e+00
Valid: loss:1.0494e+09 = 1.0494e+09 + alpha*2.3372e+01
  Perf: mse:1.0494e+09, IC:0.0003, RIC:0.0380, prec@10:0.6435, SR:1.4647
Test : loss:1.1902e+10 = 1.1902e+10 + alpha*1.9466e+01
  Perf: mse:1.1902e+10, IC:0.0124, RIC:0.1598, prec@10:0.5691, SR:1.0487

Epoch 72/100 ##########################################################
Train: loss:3.2489e+08 = 3.2489e+08 + alpha*7.4139e+00
Valid: loss:1.0494e+09 = 1.0494e+09 + alpha*2.3372e+01
  Perf: mse:1.0494e+09, IC:0.0003, RIC:0.0380, prec@10:0.6435, SR:1.4647
Test : loss:1.1902e+10 = 1.1902e+10 + alpha*1.9466e+01
  Perf: mse:1.1902e+10, IC:0.0124, RIC:0.1598, prec@10:0.5691, SR:1.0487

Epoch 73/100 ##########################################################
Train: loss:3.2489e+08 = 3.2489e+08 + alpha*7.4139e+00
Valid: loss:1.0494e+09 = 1.0494e+09 + alpha*2.3372e+01
  Perf: mse:1.0494e+09, IC:0.0003, RIC:0.0380, prec@10:0.6435, SR:1.4647
Test : loss:1.1902e+10 = 1.1902e+10 + alpha*1.9466e+01
  Perf: mse:1.1902e+10, IC:0.0124, RIC:0.1598, prec@10:0.5691, SR:1.0487

Epoch 74/100 ##########################################################
Train: loss:3.2489e+08 = 3.2489e+08 + alpha*7.4139e+00
Valid: loss:1.0494e+09 = 1.0494e+09 + alpha*2.3372e+01
  Perf: mse:1.0494e+09, IC:0.0003, RIC:0.0380, prec@10:0.6435, SR:1.4647
Test : loss:1.1902e+10 = 1.1902e+10 + alpha*1.9466e+01
  Perf: mse:1.1902e+10, IC:0.0124, RIC:0.1598, prec@10:0.5691, SR:1.0487

Epoch 75/100 ##########################################################
Train: loss:3.2489e+08 = 3.2489e+08 + alpha*7.4139e+00
Valid: loss:1.0494e+09 = 1.0494e+09 + alpha*2.3372e+01
  Perf: mse:1.0494e+09, IC:0.0003, RIC:0.0380, prec@10:0.6435, SR:1.4647
Test : loss:1.1902e+10 = 1.1902e+10 + alpha*1.9466e+01
  Perf: mse:1.1902e+10, IC:0.0124, RIC:0.1598, prec@10:0.5691, SR:1.0487

Epoch 76/100 ##########################################################
Train: loss:3.2489e+08 = 3.2489e+08 + alpha*7.4139e+00
Valid: loss:1.0494e+09 = 1.0494e+09 + alpha*2.3372e+01
  Perf: mse:1.0494e+09, IC:0.0003, RIC:0.0380, prec@10:0.6435, SR:1.4647
Test : loss:1.1902e+10 = 1.1902e+10 + alpha*1.9466e+01
  Perf: mse:1.1902e+10, IC:0.0124, RIC:0.1598, prec@10:0.5691, SR:1.0487

Epoch 77/100 ##########################################################
Train: loss:3.2489e+08 = 3.2489e+08 + alpha*7.4139e+00
Valid: loss:1.0494e+09 = 1.0494e+09 + alpha*2.3372e+01
  Perf: mse:1.0494e+09, IC:0.0003, RIC:0.0380, prec@10:0.6435, SR:1.4647
Test : loss:1.1902e+10 = 1.1902e+10 + alpha*1.9466e+01
  Perf: mse:1.1902e+10, IC:0.0124, RIC:0.1598, prec@10:0.5691, SR:1.0487

Epoch 78/100 ##########################################################
Train: loss:3.2489e+08 = 3.2489e+08 + alpha*7.4139e+00
Valid: loss:1.0494e+09 = 1.0494e+09 + alpha*2.3372e+01
  Perf: mse:1.0494e+09, IC:0.0003, RIC:0.0380, prec@10:0.6435, SR:1.4647
Test : loss:1.1902e+10 = 1.1902e+10 + alpha*1.9466e+01
  Perf: mse:1.1902e+10, IC:0.0124, RIC:0.1598, prec@10:0.5691, SR:1.0487

Epoch 79/100 ##########################################################
Train: loss:3.2489e+08 = 3.2489e+08 + alpha*7.4139e+00
Valid: loss:1.0494e+09 = 1.0494e+09 + alpha*2.3372e+01
  Perf: mse:1.0494e+09, IC:0.0003, RIC:0.0380, prec@10:0.6435, SR:1.4647
Test : loss:1.1902e+10 = 1.1902e+10 + alpha*1.9466e+01
  Perf: mse:1.1902e+10, IC:0.0124, RIC:0.1598, prec@10:0.5691, SR:1.0487

Epoch 80/100 ##########################################################
Train: loss:3.2489e+08 = 3.2489e+08 + alpha*7.4139e+00
Valid: loss:1.0494e+09 = 1.0494e+09 + alpha*2.3372e+01
  Perf: mse:1.0494e+09, IC:0.0003, RIC:0.0380, prec@10:0.6435, SR:1.4647
Test : loss:1.1902e+10 = 1.1902e+10 + alpha*1.9466e+01
  Perf: mse:1.1902e+10, IC:0.0124, RIC:0.1598, prec@10:0.5691, SR:1.0487

Epoch 81/100 ##########################################################
Train: loss:3.2489e+08 = 3.2489e+08 + alpha*7.4139e+00
Valid: loss:1.0494e+09 = 1.0494e+09 + alpha*2.3372e+01
  Perf: mse:1.0494e+09, IC:0.0003, RIC:0.0380, prec@10:0.6435, SR:1.4647
Test : loss:1.1902e+10 = 1.1902e+10 + alpha*1.9466e+01
  Perf: mse:1.1902e+10, IC:0.0124, RIC:0.1598, prec@10:0.5691, SR:1.0487

Epoch 82/100 ##########################################################
Train: loss:3.2489e+08 = 3.2489e+08 + alpha*7.4139e+00
Valid: loss:1.0494e+09 = 1.0494e+09 + alpha*2.3372e+01
  Perf: mse:1.0494e+09, IC:0.0003, RIC:0.0380, prec@10:0.6435, SR:1.4647
Test : loss:1.1902e+10 = 1.1902e+10 + alpha*1.9466e+01
  Perf: mse:1.1902e+10, IC:0.0124, RIC:0.1598, prec@10:0.5691, SR:1.0487

Epoch 83/100 ##########################################################
Train: loss:3.2489e+08 = 3.2489e+08 + alpha*7.4139e+00
Valid: loss:1.0494e+09 = 1.0494e+09 + alpha*2.3372e+01
  Perf: mse:1.0494e+09, IC:0.0003, RIC:0.0380, prec@10:0.6435, SR:1.4647
Test : loss:1.1902e+10 = 1.1902e+10 + alpha*1.9466e+01
  Perf: mse:1.1902e+10, IC:0.0124, RIC:0.1598, prec@10:0.5691, SR:1.0487

Epoch 84/100 ##########################################################
Train: loss:3.2489e+08 = 3.2489e+08 + alpha*7.4139e+00
Valid: loss:1.0494e+09 = 1.0494e+09 + alpha*2.3372e+01
  Perf: mse:1.0494e+09, IC:0.0003, RIC:0.0380, prec@10:0.6435, SR:1.4647
Test : loss:1.1902e+10 = 1.1902e+10 + alpha*1.9466e+01
  Perf: mse:1.1902e+10, IC:0.0124, RIC:0.1598, prec@10:0.5691, SR:1.0487

Epoch 85/100 ##########################################################
Train: loss:3.2489e+08 = 3.2489e+08 + alpha*7.4139e+00
Valid: loss:1.0494e+09 = 1.0494e+09 + alpha*2.3372e+01
  Perf: mse:1.0494e+09, IC:0.0003, RIC:0.0380, prec@10:0.6435, SR:1.4647
Test : loss:1.1902e+10 = 1.1902e+10 + alpha*1.9466e+01
  Perf: mse:1.1902e+10, IC:0.0124, RIC:0.1598, prec@10:0.5691, SR:1.0487

Epoch 86/100 ##########################################################
Train: loss:3.2489e+08 = 3.2489e+08 + alpha*7.4139e+00
Valid: loss:1.0494e+09 = 1.0494e+09 + alpha*2.3372e+01
  Perf: mse:1.0494e+09, IC:0.0003, RIC:0.0380, prec@10:0.6435, SR:1.4647
Test : loss:1.1902e+10 = 1.1902e+10 + alpha*1.9466e+01
  Perf: mse:1.1902e+10, IC:0.0124, RIC:0.1598, prec@10:0.5691, SR:1.0487

Epoch 87/100 ##########################################################
Train: loss:3.2489e+08 = 3.2489e+08 + alpha*7.4139e+00
Valid: loss:1.0494e+09 = 1.0494e+09 + alpha*2.3372e+01
  Perf: mse:1.0494e+09, IC:0.0003, RIC:0.0380, prec@10:0.6435, SR:1.4647
Test : loss:1.1902e+10 = 1.1902e+10 + alpha*1.9466e+01
  Perf: mse:1.1902e+10, IC:0.0124, RIC:0.1598, prec@10:0.5691, SR:1.0487

Epoch 88/100 ##########################################################
Train: loss:3.2489e+08 = 3.2489e+08 + alpha*7.4139e+00
Valid: loss:1.0494e+09 = 1.0494e+09 + alpha*2.3372e+01
  Perf: mse:1.0494e+09, IC:0.0003, RIC:0.0380, prec@10:0.6435, SR:1.4647
Test : loss:1.1902e+10 = 1.1902e+10 + alpha*1.9466e+01
  Perf: mse:1.1902e+10, IC:0.0124, RIC:0.1598, prec@10:0.5691, SR:1.0487

Epoch 89/100 ##########################################################
Train: loss:3.2489e+08 = 3.2489e+08 + alpha*7.4139e+00
Valid: loss:1.0494e+09 = 1.0494e+09 + alpha*2.3372e+01
  Perf: mse:1.0494e+09, IC:0.0003, RIC:0.0380, prec@10:0.6435, SR:1.4647
Test : loss:1.1902e+10 = 1.1902e+10 + alpha*1.9466e+01
  Perf: mse:1.1902e+10, IC:0.0124, RIC:0.1598, prec@10:0.5691, SR:1.0487

Epoch 90/100 ##########################################################
Train: loss:3.2489e+08 = 3.2489e+08 + alpha*7.4139e+00
Valid: loss:1.0494e+09 = 1.0494e+09 + alpha*2.3372e+01
  Perf: mse:1.0494e+09, IC:0.0003, RIC:0.0380, prec@10:0.6435, SR:1.4647
Test : loss:1.1902e+10 = 1.1902e+10 + alpha*1.9466e+01
  Perf: mse:1.1902e+10, IC:0.0124, RIC:0.1598, prec@10:0.5691, SR:1.0487

Epoch 91/100 ##########################################################
Train: loss:3.2489e+08 = 3.2489e+08 + alpha*7.4139e+00
Valid: loss:1.0494e+09 = 1.0494e+09 + alpha*2.3372e+01
  Perf: mse:1.0494e+09, IC:0.0003, RIC:0.0380, prec@10:0.6435, SR:1.4647
Test : loss:1.1902e+10 = 1.1902e+10 + alpha*1.9466e+01
  Perf: mse:1.1902e+10, IC:0.0124, RIC:0.1598, prec@10:0.5691, SR:1.0487

Epoch 92/100 ##########################################################
Train: loss:3.2489e+08 = 3.2489e+08 + alpha*7.4139e+00
Valid: loss:1.0494e+09 = 1.0494e+09 + alpha*2.3372e+01
  Perf: mse:1.0494e+09, IC:0.0003, RIC:0.0380, prec@10:0.6435, SR:1.4647
Test : loss:1.1902e+10 = 1.1902e+10 + alpha*1.9466e+01
  Perf: mse:1.1902e+10, IC:0.0124, RIC:0.1598, prec@10:0.5691, SR:1.0487

Epoch 93/100 ##########################################################
Train: loss:3.2489e+08 = 3.2489e+08 + alpha*7.4139e+00
Valid: loss:1.0494e+09 = 1.0494e+09 + alpha*2.3372e+01
  Perf: mse:1.0494e+09, IC:0.0003, RIC:0.0380, prec@10:0.6435, SR:1.4647
Test : loss:1.1902e+10 = 1.1902e+10 + alpha*1.9466e+01
  Perf: mse:1.1902e+10, IC:0.0124, RIC:0.1598, prec@10:0.5691, SR:1.0487

Epoch 94/100 ##########################################################
Train: loss:3.2489e+08 = 3.2489e+08 + alpha*7.4139e+00
Valid: loss:1.0494e+09 = 1.0494e+09 + alpha*2.3372e+01
  Perf: mse:1.0494e+09, IC:0.0003, RIC:0.0380, prec@10:0.6435, SR:1.4647
Test : loss:1.1902e+10 = 1.1902e+10 + alpha*1.9466e+01
  Perf: mse:1.1902e+10, IC:0.0124, RIC:0.1598, prec@10:0.5691, SR:1.0487

Epoch 95/100 ##########################################################
Train: loss:3.2489e+08 = 3.2489e+08 + alpha*7.4139e+00
Valid: loss:1.0494e+09 = 1.0494e+09 + alpha*2.3372e+01
  Perf: mse:1.0494e+09, IC:0.0003, RIC:0.0380, prec@10:0.6435, SR:1.4647
Test : loss:1.1902e+10 = 1.1902e+10 + alpha*1.9466e+01
  Perf: mse:1.1902e+10, IC:0.0124, RIC:0.1598, prec@10:0.5691, SR:1.0487

Epoch 96/100 ##########################################################
Train: loss:3.2489e+08 = 3.2489e+08 + alpha*7.4139e+00
Valid: loss:1.0494e+09 = 1.0494e+09 + alpha*2.3372e+01
  Perf: mse:1.0494e+09, IC:0.0003, RIC:0.0380, prec@10:0.6435, SR:1.4647
Test : loss:1.1902e+10 = 1.1902e+10 + alpha*1.9466e+01
  Perf: mse:1.1902e+10, IC:0.0124, RIC:0.1598, prec@10:0.5691, SR:1.0487

Epoch 97/100 ##########################################################
Train: loss:3.2489e+08 = 3.2489e+08 + alpha*7.4139e+00
Valid: loss:1.0494e+09 = 1.0494e+09 + alpha*2.3372e+01
  Perf: mse:1.0494e+09, IC:0.0003, RIC:0.0380, prec@10:0.6435, SR:1.4647
Test : loss:1.1902e+10 = 1.1902e+10 + alpha*1.9466e+01
  Perf: mse:1.1902e+10, IC:0.0124, RIC:0.1598, prec@10:0.5691, SR:1.0487

Epoch 98/100 ##########################################################
Train: loss:3.2489e+08 = 3.2489e+08 + alpha*7.4139e+00
Valid: loss:1.0494e+09 = 1.0494e+09 + alpha*2.3372e+01
  Perf: mse:1.0494e+09, IC:0.0003, RIC:0.0380, prec@10:0.6435, SR:1.4647
Test : loss:1.1902e+10 = 1.1902e+10 + alpha*1.9466e+01
  Perf: mse:1.1902e+10, IC:0.0124, RIC:0.1598, prec@10:0.5691, SR:1.0487

Epoch 99/100 ##########################################################
Train: loss:3.2489e+08 = 3.2489e+08 + alpha*7.4139e+00
Valid: loss:1.0494e+09 = 1.0494e+09 + alpha*2.3372e+01
  Perf: mse:1.0494e+09, IC:0.0003, RIC:0.0380, prec@10:0.6435, SR:1.4647
Test : loss:1.1902e+10 = 1.1902e+10 + alpha*1.9466e+01
  Perf: mse:1.1902e+10, IC:0.0124, RIC:0.1598, prec@10:0.5691, SR:1.0487

Epoch 100/100 ##########################################################
Train: loss:3.2489e+08 = 3.2489e+08 + alpha*7.4139e+00
Valid: loss:1.0494e+09 = 1.0494e+09 + alpha*2.3372e+01
  Perf: mse:1.0494e+09, IC:0.0003, RIC:0.0380, prec@10:0.6435, SR:1.4647
Test : loss:1.1902e+10 = 1.1902e+10 + alpha*1.9466e+01
  Perf: mse:1.1902e+10, IC:0.0124, RIC:0.1598, prec@10:0.5691, SR:1.0487

Training finished.

Training finished. Best validation performance was at epoch 1.
Best Validation Performance (based on lowest validation loss):
mse:1.0494e+09, IC:0.0003, RIC:0.0380, prec@10:0.6435, SR:1.4647
Corresponding Test Performance:
mse:1.1902e+10, IC:0.0124, RIC:0.1598, prec@10:0.5691, SR:1.0487
Results appended to ../training_results.xlsx
