Using device: cuda
Loading data from: ../dataset\A_SHARE
Warning: stock_num (1026) does not match eod_data.shape[0] (4819) for market A_SHARE. Adjusting stock_num.
市场为 A_SHARE，实际加载股票数量更新为: 4819
总交易天数: 252
根据 60%/20%/_ 分割比例 (已调整为满足最小数据集要求):
训练集天数 (0-indexed, up to valid_index-1): 151 (实际比例: 59.9%)
验证集天数 (valid_index to test_index-1): 50 (实际比例: 19.8%)
测试集天数 (test_index to end): 51 (实际比例: 20.2%)
验证集起始索引 (valid_index): 151
测试集起始索引 (test_index): 201
✅ 数据集分割检查通过
Starting STHAN-SR training...
Epoch 1/100 ##########################################################
Train: loss:1.2870e-01 = 1.2788e-01 + alpha*1.6290e-03
Valid: loss:1.7362e-01 = 1.7181e-01 + alpha*3.6035e-03 | IC: 0.0602, RIC: 0.2933, Prec@10: 0.4940, SR: 0.8399
Test (at best valid): loss:2.0261e-01 = 2.0042e-01 + alpha*4.3798e-03 | IC: 0.0281, RIC: 0.1572, Prec@10: 0.5098, SR: 2.7016

Epoch 2/100 ##########################################################
Train: loss:5.7655e-02 = 5.6783e-02 + alpha*1.7438e-03
Valid: loss:5.9544e-02 = 5.8091e-02 + alpha*2.9064e-03 | IC: 0.0602, RIC: 0.2933, Prec@10: 0.4940, SR: 0.8399
Test (at best valid): loss:6.8781e-02 = 6.7013e-02 + alpha*3.5361e-03 | IC: 0.0281, RIC: 0.1572, Prec@10: 0.5098, SR: 2.7016

Epoch 3/100 ##########################################################
Train: loss:4.7331e-02 = 4.6437e-02 + alpha*1.7872e-03
Valid: loss:7.6987e-02 = 7.5441e-02 + alpha*3.0917e-03 | IC: 0.0602, RIC: 0.2933, Prec@10: 0.4940, SR: 0.8399

Epoch 4/100 ##########################################################
Train: loss:4.5767e-02 = 4.4922e-02 + alpha*1.6896e-03
Valid: loss:6.7113e-02 = 6.5613e-02 + alpha*2.9991e-03 | IC: 0.0602, RIC: 0.2933, Prec@10: 0.4940, SR: 0.8399

Epoch 5/100 ##########################################################
Train: loss:4.5247e-02 = 4.4374e-02 + alpha*1.7460e-03
Valid: loss:7.0760e-02 = 6.9242e-02 + alpha*3.0358e-03 | IC: 0.0602, RIC: 0.2933, Prec@10: 0.4940, SR: 0.8399

Epoch 6/100 ##########################################################
Train: loss:4.5100e-02 = 4.4246e-02 + alpha*1.7086e-03
Valid: loss:7.0596e-02 = 6.9079e-02 + alpha*3.0341e-03 | IC: 0.0602, RIC: 0.2933, Prec@10: 0.4940, SR: 0.8399

Epoch 7/100 ##########################################################
Train: loss:4.5061e-02 = 4.4192e-02 + alpha*1.7376e-03
Valid: loss:6.7355e-02 = 6.5854e-02 + alpha*3.0013e-03 | IC: 0.0602, RIC: 0.2933, Prec@10: 0.4940, SR: 0.8399

Epoch 8/100 ##########################################################
Train: loss:4.5005e-02 = 4.4148e-02 + alpha*1.7153e-03
Valid: loss:7.1636e-02 = 7.0114e-02 + alpha*3.0435e-03 | IC: 0.0602, RIC: 0.2933, Prec@10: 0.4940, SR: 0.8399

Epoch 9/100 ##########################################################
Train: loss:4.4968e-02 = 4.4107e-02 + alpha*1.7217e-03
Valid: loss:6.9447e-02 = 6.7936e-02 + alpha*3.0219e-03 | IC: 0.0602, RIC: 0.2932, Prec@10: 0.4940, SR: 0.8399

Epoch 10/100 ##########################################################
Train: loss:4.4900e-02 = 4.4035e-02 + alpha*1.7301e-03
Valid: loss:6.8139e-02 = 6.6635e-02 + alpha*3.0081e-03 | IC: 0.0602, RIC: 0.2932, Prec@10: 0.4940, SR: 0.8399

Epoch 11/100 ##########################################################
Train: loss:4.4862e-02 = 4.4003e-02 + alpha*1.7188e-03
Valid: loss:6.9148e-02 = 6.7640e-02 + alpha*3.0174e-03 | IC: 0.0602, RIC: 0.2931, Prec@10: 0.4940, SR: 0.8399

Epoch 12/100 ##########################################################
Train: loss:4.4787e-02 = 4.3928e-02 + alpha*1.7189e-03
Valid: loss:6.9920e-02 = 6.8408e-02 + alpha*3.0238e-03 | IC: 0.0602, RIC: 0.2930, Prec@10: 0.4940, SR: 0.8399

Epoch 13/100 ##########################################################
Train: loss:4.4707e-02 = 4.3848e-02 + alpha*1.7166e-03
Valid: loss:6.9944e-02 = 6.8433e-02 + alpha*3.0224e-03 | IC: 0.0602, RIC: 0.2928, Prec@10: 0.4940, SR: 0.8399

Epoch 14/100 ##########################################################
Train: loss:4.4609e-02 = 4.3747e-02 + alpha*1.7247e-03
Valid: loss:6.6341e-02 = 6.4849e-02 + alpha*2.9840e-03 | IC: 0.0602, RIC: 0.2927, Prec@10: 0.4940, SR: 0.8399

Epoch 15/100 ##########################################################
Train: loss:4.4413e-02 = 4.3557e-02 + alpha*1.7130e-03
Valid: loss:6.7703e-02 = 6.6206e-02 + alpha*2.9947e-03 | IC: 0.0601, RIC: 0.2923, Prec@10: 0.4940, SR: 0.8399

Epoch 16/100 ##########################################################
Train: loss:4.3796e-02 = 4.2943e-02 + alpha*1.7055e-03
Valid: loss:6.5660e-02 = 6.4177e-02 + alpha*2.9654e-03 | IC: 0.0600, RIC: 0.2913, Prec@10: 0.4940, SR: 0.8399

Epoch 17/100 ##########################################################
Train: loss:4.0180e-02 = 3.9362e-02 + alpha*1.6367e-03
Valid: loss:6.1762e-02 = 6.0340e-02 + alpha*2.8437e-03 | IC: 0.0592, RIC: 0.2830, Prec@10: 0.4940, SR: 0.9992

Epoch 18/100 ##########################################################
Train: loss:2.3015e-02 = 2.2394e-02 + alpha*1.2407e-03
Valid: loss:1.7458e-02 = 1.6608e-02 + alpha*1.6994e-03 | IC: -0.0069, RIC: -0.0332, Prec@10: 0.5020, SR: 1.8518
Test (at best valid): loss:1.5935e-02 = 1.5125e-02 + alpha*1.6202e-03 | IC: 0.0058, RIC: 0.0429, Prec@10: 0.5137, SR: 2.3594

Epoch 19/100 ##########################################################
Train: loss:1.0331e-02 = 9.7712e-03 + alpha*1.1194e-03
Valid: loss:2.5752e-02 = 2.4920e-02 + alpha*1.6642e-03 | IC: 0.0235, RIC: 0.0993, Prec@10: 0.4840, SR: 1.0806

Epoch 20/100 ##########################################################
Train: loss:7.6897e-03 = 7.2710e-03 + alpha*8.3732e-04
Valid: loss:2.1314e-02 = 2.0492e-02 + alpha*1.6424e-03 | IC: 0.0098, RIC: 0.0416, Prec@10: 0.4960, SR: 0.0174

Epoch 21/100 ##########################################################
Train: loss:6.2494e-03 = 5.8552e-03 + alpha*7.8837e-04
Valid: loss:3.1623e-02 = 3.0764e-02 + alpha*1.7194e-03 | IC: 0.0364, RIC: 0.1456, Prec@10: 0.5140, SR: 0.1369

Epoch 22/100 ##########################################################
Train: loss:5.4089e-03 = 5.0676e-03 + alpha*6.8263e-04
Valid: loss:2.7867e-02 = 2.7058e-02 + alpha*1.6191e-03 | IC: 0.0219, RIC: 0.0875, Prec@10: 0.4920, SR: 0.8863

Epoch 23/100 ##########################################################
Train: loss:4.7821e-03 = 4.4549e-03 + alpha*6.5435e-04
Valid: loss:1.7905e-02 = 1.7186e-02 + alpha*1.4391e-03 | IC: 0.0141, RIC: 0.0552, Prec@10: 0.5080, SR: 1.0090

Epoch 24/100 ##########################################################
Train: loss:3.6903e-03 = 3.3828e-03 + alpha*6.1490e-04
Valid: loss:1.6895e-02 = 1.6195e-02 + alpha*1.4011e-03 | IC: 0.0054, RIC: 0.0213, Prec@10: 0.5080, SR: 1.0741
Test (at best valid): loss:1.3223e-02 = 1.2539e-02 + alpha*1.3666e-03 | IC: 0.0063, RIC: 0.0372, Prec@10: 0.5157, SR: 0.6785

Epoch 25/100 ##########################################################
Train: loss:3.5065e-03 = 3.2155e-03 + alpha*5.8205e-04
Valid: loss:1.1250e-02 = 1.0616e-02 + alpha*1.2682e-03 | IC: -0.0092, RIC: -0.0365, Prec@10: 0.5160, SR: 1.6758
Test (at best valid): loss:1.5630e-02 = 1.4983e-02 + alpha*1.2922e-03 | IC: 0.0061, RIC: 0.0356, Prec@10: 0.5216, SR: -0.6865

Epoch 26/100 ##########################################################
Train: loss:4.1376e-03 = 3.8581e-03 + alpha*5.5918e-04
Valid: loss:1.0305e-02 = 9.7115e-03 + alpha*1.1876e-03 | IC: -0.0064, RIC: -0.0252, Prec@10: 0.5140, SR: 2.1505
Test (at best valid): loss:1.4009e-02 = 1.3399e-02 + alpha*1.2196e-03 | IC: 0.0052, RIC: 0.0298, Prec@10: 0.5235, SR: -0.4159

Epoch 27/100 ##########################################################
Train: loss:3.3165e-03 = 3.0540e-03 + alpha*5.2492e-04
Valid: loss:1.0606e-02 = 1.0032e-02 + alpha*1.1484e-03 | IC: -0.0052, RIC: -0.0212, Prec@10: 0.5080, SR: 1.7137

Epoch 28/100 ##########################################################
Train: loss:2.5944e-03 = 2.3521e-03 + alpha*4.8458e-04
Valid: loss:8.6276e-03 = 8.1038e-03 + alpha*1.0475e-03 | IC: -0.0137, RIC: -0.0573, Prec@10: 0.4920, SR: 1.5102
Test (at best valid): loss:1.1762e-02 = 1.1180e-02 + alpha*1.1641e-03 | IC: 0.0048, RIC: 0.0276, Prec@10: 0.5275, SR: 1.3988

Epoch 29/100 ##########################################################
Train: loss:2.4801e-03 = 2.2532e-03 + alpha*4.5377e-04
Valid: loss:9.5310e-03 = 9.0296e-03 + alpha*1.0027e-03 | IC: -0.0062, RIC: -0.0268, Prec@10: 0.4960, SR: 0.8391

Epoch 30/100 ##########################################################
Train: loss:2.2538e-03 = 2.0429e-03 + alpha*4.2180e-04
Valid: loss:7.6873e-03 = 7.2266e-03 + alpha*9.2137e-04 | IC: -0.0063, RIC: -0.0291, Prec@10: 0.5140, SR: 0.1204
Test (at best valid): loss:1.0360e-02 = 9.8225e-03 + alpha*1.0757e-03 | IC: 0.0036, RIC: 0.0208, Prec@10: 0.5216, SR: 1.6944

Epoch 31/100 ##########################################################
Train: loss:2.0796e-03 = 1.8815e-03 + alpha*3.9628e-04
Valid: loss:8.4841e-03 = 8.0366e-03 + alpha*8.9494e-04 | IC: -0.0018, RIC: -0.0087, Prec@10: 0.5060, SR: 0.0625

Epoch 32/100 ##########################################################
Train: loss:1.9405e-03 = 1.7531e-03 + alpha*3.7481e-04
Valid: loss:7.6550e-03 = 7.2290e-03 + alpha*8.5199e-04 | IC: 0.0028, RIC: 0.0142, Prec@10: 0.4980, SR: 0.0131
Test (at best valid): loss:1.0230e-02 = 9.7157e-03 + alpha*1.0285e-03 | IC: 0.0030, RIC: 0.0177, Prec@10: 0.5118, SR: 1.9591

Epoch 33/100 ##########################################################
Train: loss:1.7571e-03 = 1.5783e-03 + alpha*3.5750e-04
Valid: loss:5.8553e-03 = 5.4576e-03 + alpha*7.9541e-04 | IC: -0.0042, RIC: -0.0229, Prec@10: 0.5020, SR: -0.0463
Test (at best valid): loss:1.0113e-02 = 9.6206e-03 + alpha*9.8440e-04 | IC: 0.0022, RIC: 0.0130, Prec@10: 0.5176, SR: 1.4711

Epoch 34/100 ##########################################################
Train: loss:1.7063e-03 = 1.5337e-03 + alpha*3.4517e-04
Valid: loss:5.8557e-03 = 5.4630e-03 + alpha*7.8548e-04 | IC: 0.0034, RIC: 0.0194, Prec@10: 0.4960, SR: -0.1157

Epoch 35/100 ##########################################################
Train: loss:1.6625e-03 = 1.4956e-03 + alpha*3.3382e-04
Valid: loss:5.9207e-03 = 5.5360e-03 + alpha*7.6936e-04 | IC: 0.0006, RIC: 0.0036, Prec@10: 0.4860, SR: -2.0754

Epoch 36/100 ##########################################################
Train: loss:1.8529e-03 = 1.6890e-03 + alpha*3.2771e-04
Valid: loss:6.0207e-03 = 5.6397e-03 + alpha*7.6189e-04 | IC: 0.0056, RIC: 0.0336, Prec@10: 0.4740, SR: -2.4032

Epoch 37/100 ##########################################################
Train: loss:1.7783e-03 = 1.6176e-03 + alpha*3.2144e-04
Valid: loss:6.8892e-03 = 6.4960e-03 + alpha*7.8642e-04 | IC: 0.0227, RIC: 0.1354, Prec@10: 0.4820, SR: -0.9632

Epoch 38/100 ##########################################################
Train: loss:1.6416e-03 = 1.4862e-03 + alpha*3.1083e-04
Valid: loss:6.4288e-03 = 6.0404e-03 + alpha*7.7672e-04 | IC: 0.0239, RIC: 0.1457, Prec@10: 0.4740, SR: -0.9373

Epoch 39/100 ##########################################################
Train: loss:1.5497e-03 = 1.3973e-03 + alpha*3.0498e-04
Valid: loss:7.9526e-03 = 7.5531e-03 + alpha*7.9908e-04 | IC: 0.0325, RIC: 0.1966, Prec@10: 0.4800, SR: -0.7329

Epoch 40/100 ##########################################################
Train: loss:1.6688e-03 = 1.5183e-03 + alpha*3.0095e-04
Valid: loss:6.8941e-03 = 6.5032e-03 + alpha*7.8182e-04 | IC: 0.0308, RIC: 0.1908, Prec@10: 0.4840, SR: -1.3587

Epoch 41/100 ##########################################################
Train: loss:1.4187e-03 = 1.2722e-03 + alpha*2.9308e-04
Valid: loss:6.0641e-03 = 5.6806e-03 + alpha*7.6694e-04 | IC: 0.0287, RIC: 0.1810, Prec@10: 0.4720, SR: -1.1284

Epoch 42/100 ##########################################################
Train: loss:1.3685e-03 = 1.2246e-03 + alpha*2.8782e-04
Valid: loss:7.0214e-03 = 6.6216e-03 + alpha*7.9972e-04 | IC: 0.0369, RIC: 0.2286, Prec@10: 0.4860, SR: 0.4945

Epoch 43/100 ##########################################################
Train: loss:1.3886e-03 = 1.2470e-03 + alpha*2.8311e-04
Valid: loss:6.5568e-03 = 6.1706e-03 + alpha*7.7227e-04 | IC: 0.0356, RIC: 0.2261, Prec@10: 0.4840, SR: 0.2074

Epoch 44/100 ##########################################################
Train: loss:1.3107e-03 = 1.1723e-03 + alpha*2.7686e-04
Valid: loss:7.5321e-03 = 7.1429e-03 + alpha*7.7847e-04 | IC: 0.0406, RIC: 0.2555, Prec@10: 0.4840, SR: 0.4068

Epoch 45/100 ##########################################################
Train: loss:1.4885e-03 = 1.3496e-03 + alpha*2.7766e-04
Valid: loss:6.8629e-03 = 6.4768e-03 + alpha*7.7218e-04 | IC: 0.0401, RIC: 0.2544, Prec@10: 0.4860, SR: 0.5369

Epoch 46/100 ##########################################################
Train: loss:1.2936e-03 = 1.1581e-03 + alpha*2.7105e-04
Valid: loss:6.5532e-03 = 6.1655e-03 + alpha*7.7556e-04 | IC: 0.0404, RIC: 0.2541, Prec@10: 0.4840, SR: 0.8041

Epoch 47/100 ##########################################################
Train: loss:1.2439e-03 = 1.1115e-03 + alpha*2.6482e-04
Valid: loss:7.3396e-03 = 6.9348e-03 + alpha*8.0947e-04 | IC: 0.0451, RIC: 0.2769, Prec@10: 0.4900, SR: 0.5856

Epoch 48/100 ##########################################################
Train: loss:1.2799e-03 = 1.1493e-03 + alpha*2.6128e-04
Valid: loss:6.7924e-03 = 6.3972e-03 + alpha*7.9045e-04 | IC: 0.0437, RIC: 0.2697, Prec@10: 0.4900, SR: 0.9565

Epoch 49/100 ##########################################################
Train: loss:1.2100e-03 = 1.0821e-03 + alpha*2.5585e-04
Valid: loss:7.7821e-03 = 7.3836e-03 + alpha*7.9708e-04 | IC: 0.0484, RIC: 0.2978, Prec@10: 0.4880, SR: 0.9609

Epoch 50/100 ##########################################################
Train: loss:1.3383e-03 = 1.2100e-03 + alpha*2.5669e-04
Valid: loss:6.6272e-03 = 6.2373e-03 + alpha*7.7963e-04 | IC: 0.0440, RIC: 0.2740, Prec@10: 0.4920, SR: 0.7193

Epoch 51/100 ##########################################################
Train: loss:1.2315e-03 = 1.1065e-03 + alpha*2.5005e-04
Valid: loss:6.9161e-03 = 6.5233e-03 + alpha*7.8566e-04 | IC: 0.0467, RIC: 0.2884, Prec@10: 0.4860, SR: 0.9565

Epoch 52/100 ##########################################################
Train: loss:1.1841e-03 = 1.0604e-03 + alpha*2.4752e-04
Valid: loss:6.8718e-03 = 6.4751e-03 + alpha*7.9328e-04 | IC: 0.0457, RIC: 0.2793, Prec@10: 0.4860, SR: 0.9565

Epoch 53/100 ##########################################################
Train: loss:1.3004e-03 = 1.1769e-03 + alpha*2.4709e-04
Valid: loss:8.0350e-03 = 7.6245e-03 + alpha*8.2098e-04 | IC: 0.0522, RIC: 0.3108, Prec@10: 0.4840, SR: 0.6161

Epoch 54/100 ##########################################################
Train: loss:1.2016e-03 = 1.0806e-03 + alpha*2.4193e-04
Valid: loss:7.2379e-03 = 6.8361e-03 + alpha*8.0360e-04 | IC: 0.0498, RIC: 0.2992, Prec@10: 0.4860, SR: 0.9777

Epoch 55/100 ##########################################################
Train: loss:1.1447e-03 = 1.0257e-03 + alpha*2.3812e-04
Valid: loss:8.3934e-03 = 7.9794e-03 + alpha*8.2795e-04 | IC: 0.0542, RIC: 0.3198, Prec@10: 0.4860, SR: 0.6285

Epoch 56/100 ##########################################################
Train: loss:1.1562e-03 = 1.0372e-03 + alpha*2.3791e-04
Valid: loss:7.3226e-03 = 6.9226e-03 + alpha*7.9993e-04 | IC: 0.0516, RIC: 0.3108, Prec@10: 0.4880, SR: 0.9771

Epoch 57/100 ##########################################################
Train: loss:1.1553e-03 = 1.0381e-03 + alpha*2.3431e-04
Valid: loss:6.7498e-03 = 6.3600e-03 + alpha*7.7950e-04 | IC: 0.0480, RIC: 0.2919, Prec@10: 0.4840, SR: 0.6351

Epoch 58/100 ##########################################################
Train: loss:1.2833e-03 = 1.1655e-03 + alpha*2.3575e-04
Valid: loss:6.8354e-03 = 6.4535e-03 + alpha*7.6370e-04 | IC: 0.0514, RIC: 0.3155, Prec@10: 0.4760, SR: 0.4076

Epoch 59/100 ##########################################################
Train: loss:1.2060e-03 = 1.0879e-03 + alpha*2.3612e-04
Valid: loss:8.4229e-03 = 8.0208e-03 + alpha*8.0410e-04 | IC: 0.0569, RIC: 0.3368, Prec@10: 0.4860, SR: 0.7277

Epoch 60/100 ##########################################################
Train: loss:1.3151e-03 = 1.1980e-03 + alpha*2.3424e-04
Valid: loss:9.1659e-03 = 8.7564e-03 + alpha*8.1896e-04 | IC: 0.0588, RIC: 0.3419, Prec@10: 0.4900, SR: 0.7277

Epoch 61/100 ##########################################################
Train: loss:1.4096e-03 = 1.2928e-03 + alpha*2.3361e-04
Valid: loss:7.2779e-03 = 6.8846e-03 + alpha*7.8660e-04 | IC: 0.0544, RIC: 0.3258, Prec@10: 0.4800, SR: 0.4496

Epoch 62/100 ##########################################################
Train: loss:1.3115e-03 = 1.1971e-03 + alpha*2.2881e-04
Valid: loss:6.8575e-03 = 6.4645e-03 + alpha*7.8589e-04 | IC: 0.0507, RIC: 0.3032, Prec@10: 0.4760, SR: 0.4161

Epoch 63/100 ##########################################################
Train: loss:1.3954e-03 = 1.2799e-03 + alpha*2.3115e-04
Valid: loss:7.1988e-03 = 6.8019e-03 + alpha*7.9385e-04 | IC: 0.0478, RIC: 0.2830, Prec@10: 0.4840, SR: 0.2114

Epoch 64/100 ##########################################################
Train: loss:1.7870e-03 = 1.6684e-03 + alpha*2.3719e-04
Valid: loss:7.4792e-03 = 7.0665e-03 + alpha*8.2532e-04 | IC: 0.0513, RIC: 0.2991, Prec@10: 0.4900, SR: 0.4659

Epoch 65/100 ##########################################################
Train: loss:1.4551e-03 = 1.3392e-03 + alpha*2.3180e-04
Valid: loss:7.6165e-03 = 7.2083e-03 + alpha*8.1624e-04 | IC: 0.0481, RIC: 0.2816, Prec@10: 0.4920, SR: 0.0639

Epoch 66/100 ##########################################################
Train: loss:1.5366e-03 = 1.4193e-03 + alpha*2.3461e-04
Valid: loss:7.4746e-03 = 7.0665e-03 + alpha*8.1603e-04 | IC: 0.0498, RIC: 0.2922, Prec@10: 0.4840, SR: 0.2278

Epoch 67/100 ##########################################################
Train: loss:1.5415e-03 = 1.4261e-03 + alpha*2.3077e-04
Valid: loss:7.9066e-03 = 7.4862e-03 + alpha*8.4080e-04 | IC: 0.0520, RIC: 0.3015, Prec@10: 0.4880, SR: 0.1130

Epoch 68/100 ##########################################################
Train: loss:1.4335e-03 = 1.3205e-03 + alpha*2.2602e-04
Valid: loss:7.5071e-03 = 7.0997e-03 + alpha*8.1469e-04 | IC: 0.0517, RIC: 0.3032, Prec@10: 0.4740, SR: 0.1608

Epoch 69/100 ##########################################################
Train: loss:1.2547e-03 = 1.1426e-03 + alpha*2.2434e-04
Valid: loss:9.6052e-03 = 9.1690e-03 + alpha*8.7252e-04 | IC: 0.0601, RIC: 0.3422, Prec@10: 0.4860, SR: 0.3740

Epoch 70/100 ##########################################################
Train: loss:1.0857e-03 = 9.7731e-04 + alpha*2.1670e-04
Valid: loss:1.0290e-02 = 9.8523e-03 + alpha*8.7593e-04 | IC: 0.0614, RIC: 0.3484, Prec@10: 0.4820, SR: 0.2954

Epoch 71/100 ##########################################################
Train: loss:1.1497e-03 = 1.0416e-03 + alpha*2.1614e-04
Valid: loss:1.0608e-02 = 1.0169e-02 + alpha*8.7761e-04 | IC: 0.0626, RIC: 0.3540, Prec@10: 0.4840, SR: 0.5366

Epoch 72/100 ##########################################################
Train: loss:1.2541e-03 = 1.1446e-03 + alpha*2.1894e-04
Valid: loss:1.2531e-02 = 1.2070e-02 + alpha*9.2195e-04 | IC: 0.0642, RIC: 0.3534, Prec@10: 0.4840, SR: 0.7028

Epoch 73/100 ##########################################################
Train: loss:1.2726e-03 = 1.1653e-03 + alpha*2.1457e-04
Valid: loss:9.5088e-03 = 9.0796e-03 + alpha*8.5852e-04 | IC: 0.0616, RIC: 0.3510, Prec@10: 0.4840, SR: 0.5574

Epoch 74/100 ##########################################################
Train: loss:1.0580e-03 = 9.5411e-04 + alpha*2.0784e-04
Valid: loss:9.2567e-03 = 8.8186e-03 + alpha*8.7621e-04 | IC: 0.0597, RIC: 0.3381, Prec@10: 0.4860, SR: 0.3121

Epoch 75/100 ##########################################################
Train: loss:1.0676e-03 = 9.6395e-04 + alpha*2.0737e-04
Valid: loss:9.5139e-03 = 9.0656e-03 + alpha*8.9667e-04 | IC: 0.0595, RIC: 0.3340, Prec@10: 0.4820, SR: 0.5502

Epoch 76/100 ##########################################################
Train: loss:1.1699e-03 = 1.0649e-03 + alpha*2.1001e-04
Valid: loss:8.9987e-03 = 8.5541e-03 + alpha*8.8912e-04 | IC: 0.0579, RIC: 0.3267, Prec@10: 0.4800, SR: 0.5017

Epoch 77/100 ##########################################################
Train: loss:1.1566e-03 = 1.0512e-03 + alpha*2.1088e-04
Valid: loss:8.3111e-03 = 7.8887e-03 + alpha*8.4497e-04 | IC: 0.0580, RIC: 0.3325, Prec@10: 0.4820, SR: 0.3195

Epoch 78/100 ##########################################################
Train: loss:1.1647e-03 = 1.0606e-03 + alpha*2.0816e-04
Valid: loss:8.0725e-03 = 7.6594e-03 + alpha*8.2627e-04 | IC: 0.0580, RIC: 0.3373, Prec@10: 0.4860, SR: 0.2539

Epoch 79/100 ##########################################################
Train: loss:1.1249e-03 = 1.0212e-03 + alpha*2.0736e-04
Valid: loss:8.5310e-03 = 8.0975e-03 + alpha*8.6696e-04 | IC: 0.0560, RIC: 0.3172, Prec@10: 0.4920, SR: 0.3878

Epoch 80/100 ##########################################################
Train: loss:1.3307e-03 = 1.2236e-03 + alpha*2.1409e-04
Valid: loss:9.3342e-03 = 8.8758e-03 + alpha*9.1675e-04 | IC: 0.0577, RIC: 0.3202, Prec@10: 0.4820, SR: 0.6604

Epoch 81/100 ##########################################################
Train: loss:1.2963e-03 = 1.1908e-03 + alpha*2.1099e-04
Valid: loss:9.5153e-03 = 9.0530e-03 + alpha*9.2469e-04 | IC: 0.0582, RIC: 0.3203, Prec@10: 0.4820, SR: 0.6604

Epoch 82/100 ##########################################################
Train: loss:1.3431e-03 = 1.2375e-03 + alpha*2.1105e-04
Valid: loss:9.1597e-03 = 8.7101e-03 + alpha*8.9928e-04 | IC: 0.0581, RIC: 0.3233, Prec@10: 0.4800, SR: 0.5298

Epoch 83/100 ##########################################################
Train: loss:1.3666e-03 = 1.2630e-03 + alpha*2.0731e-04
Valid: loss:8.7985e-03 = 8.3642e-03 + alpha*8.6855e-04 | IC: 0.0589, RIC: 0.3333, Prec@10: 0.4900, SR: 0.3380

Epoch 84/100 ##########################################################
Train: loss:1.1162e-03 = 1.0166e-03 + alpha*1.9909e-04
Valid: loss:9.0861e-03 = 8.6524e-03 + alpha*8.6743e-04 | IC: 0.0601, RIC: 0.3406, Prec@10: 0.4940, SR: 0.2141

Epoch 85/100 ##########################################################
Train: loss:1.0480e-03 = 9.4916e-04 + alpha*1.9760e-04
Valid: loss:9.6997e-03 = 9.2600e-03 + alpha*8.7942e-04 | IC: 0.0624, RIC: 0.3524, Prec@10: 0.4860, SR: 0.1887

Epoch 86/100 ##########################################################
Train: loss:9.9028e-04 = 8.9258e-04 + alpha*1.9539e-04
Valid: loss:1.0284e-02 = 9.8409e-03 + alpha*8.8693e-04 | IC: 0.0641, RIC: 0.3602, Prec@10: 0.4860, SR: 0.1887

Epoch 87/100 ##########################################################
Train: loss:1.0979e-03 = 9.9827e-04 + alpha*1.9929e-04
Valid: loss:1.4871e-02 = 1.4365e-02 + alpha*1.0111e-03 | IC: 0.0660, RIC: 0.3531, Prec@10: 0.4820, SR: 0.5761

Epoch 88/100 ##########################################################
Train: loss:1.3888e-03 = 1.2867e-03 + alpha*2.0414e-04
Valid: loss:1.3634e-02 = 1.3169e-02 + alpha*9.2949e-04 | IC: 0.0680, RIC: 0.3711, Prec@10: 0.4840, SR: 0.3026

Epoch 89/100 ##########################################################
Train: loss:1.3742e-03 = 1.2743e-03 + alpha*1.9977e-04
Valid: loss:1.2997e-02 = 1.2546e-02 + alpha*9.0158e-04 | IC: 0.0679, RIC: 0.3765, Prec@10: 0.4820, SR: 0.1406

Epoch 90/100 ##########################################################
Train: loss:1.4538e-03 = 1.3492e-03 + alpha*2.0907e-04
Valid: loss:1.2875e-02 = 1.2415e-02 + alpha*9.1884e-04 | IC: 0.0675, RIC: 0.3734, Prec@10: 0.4840, SR: 0.1788

Epoch 91/100 ##########################################################
Train: loss:1.1602e-03 = 1.0620e-03 + alpha*1.9638e-04
Valid: loss:1.1833e-02 = 1.1367e-02 + alpha*9.3183e-04 | IC: 0.0653, RIC: 0.3616, Prec@10: 0.4840, SR: 0.2843

Epoch 92/100 ##########################################################
Train: loss:1.0160e-03 = 9.2012e-04 + alpha*1.9182e-04
Valid: loss:9.7849e-03 = 9.3448e-03 + alpha*8.8027e-04 | IC: 0.0624, RIC: 0.3524, Prec@10: 0.4900, SR: 0.3797

Epoch 93/100 ##########################################################
Train: loss:9.8876e-04 = 8.9292e-04 + alpha*1.9168e-04
Valid: loss:1.1325e-02 = 1.0862e-02 + alpha*9.2661e-04 | IC: 0.0652, RIC: 0.3608, Prec@10: 0.4860, SR: 0.2073

Epoch 94/100 ##########################################################
Train: loss:9.5927e-04 = 8.6621e-04 + alpha*1.8611e-04
Valid: loss:1.1688e-02 = 1.1221e-02 + alpha*9.3351e-04 | IC: 0.0663, RIC: 0.3651, Prec@10: 0.4820, SR: 0.3018

Epoch 95/100 ##########################################################
Train: loss:9.8987e-04 = 8.9576e-04 + alpha*1.8822e-04
Valid: loss:1.0310e-02 = 9.8583e-03 + alpha*9.0422e-04 | IC: 0.0651, RIC: 0.3630, Prec@10: 0.4840, SR: 0.2515

Epoch 96/100 ##########################################################
Train: loss:1.0149e-03 = 9.2142e-04 + alpha*1.8691e-04
Valid: loss:1.1341e-02 = 1.0863e-02 + alpha*9.5733e-04 | IC: 0.0649, RIC: 0.3539, Prec@10: 0.4860, SR: 0.6272

Epoch 97/100 ##########################################################
Train: loss:9.4954e-04 = 8.5743e-04 + alpha*1.8423e-04
Valid: loss:9.9978e-03 = 9.5695e-03 + alpha*8.5674e-04 | IC: 0.0675, RIC: 0.3833, Prec@10: 0.4920, SR: 0.1422

Epoch 98/100 ##########################################################
Train: loss:1.0272e-03 = 9.3433e-04 + alpha*1.8579e-04
Valid: loss:1.0544e-02 = 1.0094e-02 + alpha*8.9883e-04 | IC: 0.0674, RIC: 0.3748, Prec@10: 0.4880, SR: 0.2515

Epoch 99/100 ##########################################################
Train: loss:9.3418e-04 = 8.4543e-04 + alpha*1.7751e-04
Valid: loss:1.1100e-02 = 1.0657e-02 + alpha*8.8663e-04 | IC: 0.0694, RIC: 0.3871, Prec@10: 0.4880, SR: 0.0867

Epoch 100/100 ##########################################################
Train: loss:9.5031e-04 = 8.6150e-04 + alpha*1.7763e-04
Valid: loss:1.2095e-02 = 1.1634e-02 + alpha*9.2242e-04 | IC: 0.0694, RIC: 0.3814, Prec@10: 0.4840, SR: 0.4759


STHAN-SR Training Finished.
Best Epoch: 33
Best Valid Loss: 5.8553e-03
Best Valid Performance: IC: -0.0042, RIC: -0.0229, Prec@10: 0.5020, SR: -0.0463
 Corresponding Test Performance: IC: 0.0022, RIC: 0.0130, Prec@10: 0.5176, SR: 1.4711
Results appended to ../training_results.xlsx
