2025-06-16 21:12:31,281 - INFO - 🎯 股票预测模型批量训练系统
2025-06-16 21:12:31,282 - INFO - ================================================================================
2025-06-16 21:12:31,282 - INFO - 📊 目标数据集: SP500
2025-06-16 21:12:31,283 - INFO - 🔧 运行模式: parallel
2025-06-16 21:12:31,283 - INFO - 📝 要运行的模型: ['GCN', 'LSTM', 'LinearModel', 'STHAN-SR']
2025-06-16 21:12:31,283 - INFO - 📝 总模型数量: 4
2025-06-16 21:12:31,283 - INFO - 📁 工作目录: C:\Users\Administrator\Desktop\Stock\src
2025-06-16 21:12:31,284 - INFO - ================================================================================
2025-06-16 21:12:31,284 - INFO - 
🔍 步骤0: 环境检查
2025-06-16 21:12:31,284 - INFO - 🔍 检查运行环境...
2025-06-16 21:12:34,279 - INFO - ✅ 检测到 1 个GPU
2025-06-16 21:12:34,279 - INFO - ✅ 环境检查通过
2025-06-16 21:12:34,279 - INFO - 
📝 步骤1: 更新数据集设置
2025-06-16 21:12:34,279 - INFO - 🔄 开始更新脚本的数据集设置为: SP500
2025-06-16 21:12:34,282 - INFO - 📁 已备份: train.py -> ../backup_original_files\train.py.backup_20250616_211234
2025-06-16 21:12:34,283 - INFO - 📁 已备份: gcn_train.py -> ../backup_original_files\gcn_train.py.backup_20250616_211234
2025-06-16 21:12:34,284 - INFO - 📁 已备份: lstm_train.py -> ../backup_original_files\lstm_train.py.backup_20250616_211234
2025-06-16 21:12:34,286 - INFO - 📁 已备份: linear_train.py -> ../backup_original_files\linear_train.py.backup_20250616_211234
2025-06-16 21:12:34,287 - INFO - 📁 已备份: sthan_sr_train.py -> ../backup_original_files\sthan_sr_train.py.backup_20250616_211234
2025-06-16 21:12:34,289 - INFO - ✅ 已更新 gcn_train.py 中的market_name为: SP500
2025-06-16 21:12:34,291 - INFO - ✅ 已更新 lstm_train.py 中的market_name为: SP500
2025-06-16 21:12:34,293 - INFO - ✅ 已更新 linear_train.py 中的market_name为: SP500
2025-06-16 21:12:34,295 - INFO - ✅ 已更新 sthan_sr_train.py 中的market_name为: SP500
2025-06-16 21:12:34,295 - INFO - ✅ 成功更新 4/4 个脚本
2025-06-16 21:12:34,295 - INFO - 
🚀 步骤2: 开始parallel训练
2025-06-16 21:12:35,297 - INFO - 🚀 开始并行训练所有模型...
2025-06-16 21:12:35,297 - WARNING - ⚠️  并行模式可能需要大量GPU内存!
2025-06-16 21:12:35,299 - INFO - 🚀 启动 GCN 训练线程...
2025-06-16 21:12:35,299 - INFO - 🚀 开始训练 GCN...
2025-06-16 21:12:36,313 - INFO - 🚀 启动 LSTM 训练线程...
2025-06-16 21:12:36,313 - INFO - 🚀 开始训练 LSTM...
2025-06-16 21:12:37,323 - INFO - 🚀 启动 LinearModel 训练线程...
2025-06-16 21:12:37,323 - INFO - 🚀 开始训练 LinearModel...
2025-06-16 21:12:38,332 - INFO - 🚀 启动 STHAN-SR 训练线程...
2025-06-16 21:12:38,332 - INFO - 🚀 开始训练 STHAN-SR...
2025-06-16 21:19:31,484 - INFO - ✅ LinearModel 训练完成! 耗时: 414.2秒
2025-06-16 21:19:31,485 - INFO - 📄 详细日志: ../logs\batch_training_SP500_20250616_211231_LinearModel.log
2025-06-16 21:20:09,150 - INFO - ✅ GCN 训练完成! 耗时: 453.9秒
2025-06-16 21:20:09,150 - INFO - 📄 详细日志: ../logs\batch_training_SP500_20250616_211231_GCN.log
2025-06-16 21:20:52,198 - INFO - ✅ STHAN-SR 训练完成! 耗时: 493.9秒
2025-06-16 21:20:52,198 - INFO - 📄 详细日志: ../logs\batch_training_SP500_20250616_211231_STHAN-SR.log
2025-06-16 21:21:42,128 - INFO - ✅ LSTM 训练完成! 耗时: 545.8秒
2025-06-16 21:21:42,128 - INFO - 📄 详细日志: ../logs\batch_training_SP500_20250616_211231_LSTM.log
2025-06-16 21:21:42,129 - INFO - 
🏁 所有模型训练完成! 总耗时: 546.8秒
2025-06-16 21:21:42,129 - INFO - 
📊 步骤3: 汇总结果
2025-06-16 21:21:42,129 - INFO - 
================================================================================
2025-06-16 21:21:42,129 - INFO - 📊 训练结果汇总
2025-06-16 21:21:42,130 - INFO - ================================================================================
2025-06-16 21:21:42,130 - INFO - GCN            : ✅ 成功 (耗时: 453.9s)
2025-06-16 21:21:42,130 - INFO - LSTM           : ✅ 成功 (耗时: 545.8s)
2025-06-16 21:21:42,131 - INFO - LinearModel    : ✅ 成功 (耗时: 414.2s)
2025-06-16 21:21:42,131 - INFO - STHAN-SR       : ✅ 成功 (耗时: 493.9s)
2025-06-16 21:21:42,131 - INFO - --------------------------------------------------------------------------------
2025-06-16 21:21:42,131 - INFO - 总计: 4/4 个模型训练成功
2025-06-16 21:21:42,131 - INFO - 🎉 所有模型训练完成！
2025-06-16 21:21:42,132 - INFO - 📈 结果文件: ../training_results.xlsx
2025-06-16 21:21:42,132 - INFO -    文件大小: 11815 bytes
2025-06-16 21:21:42,132 - INFO -    修改时间: 2025-06-16 21:21:40
2025-06-16 21:21:42,168 - INFO -    记录数量: 41 条
2025-06-16 21:21:42,169 - INFO -    最近结果:
2025-06-16 21:21:42,172 - INFO -      LinearModel: IC=0.0012
2025-06-16 21:21:42,172 - INFO -      GCN: IC=-0.0064
2025-06-16 21:21:42,172 - INFO -      STHAN-SR: IC=-0.0064
2025-06-16 21:21:42,173 - INFO -      LSTM: IC=-0.0064
2025-06-16 21:21:42,173 - INFO - 
🎉 批量训练任务完成!
2025-06-16 21:21:42,173 - INFO - 📄 完整日志保存在: ../logs\batch_training_SP500_20250616_211231.log
