2025-06-11 13:30:02,640 - INFO - 🎯 股票预测模型批量训练系统
2025-06-11 13:30:02,641 - INFO - ================================================================================
2025-06-11 13:30:02,641 - INFO - 📊 目标数据集: SP500
2025-06-11 13:30:02,641 - INFO - 🔧 运行模式: parallel
2025-06-11 13:30:02,642 - INFO - 📝 要运行的模型: ['StockPredict', 'GCN', 'LSTM', 'LinearModel', 'STHAN-SR']
2025-06-11 13:30:02,642 - INFO - 📝 总模型数量: 5
2025-06-11 13:30:02,642 - INFO - 📁 工作目录: C:\Users\Administrator\Desktop\Stock\src
2025-06-11 13:30:02,643 - INFO - ================================================================================
2025-06-11 13:30:02,643 - INFO - 
🔍 步骤0: 环境检查
2025-06-11 13:30:02,643 - INFO - 🔍 检查运行环境...
2025-06-11 13:30:05,687 - INFO - ✅ 检测到 1 个GPU
2025-06-11 13:30:05,687 - INFO - ✅ 环境检查通过
2025-06-11 13:30:05,687 - INFO - 
📝 步骤1: 更新数据集设置
2025-06-11 13:30:05,688 - INFO - 🔄 开始更新脚本的数据集设置为: SP500
2025-06-11 13:30:05,690 - INFO - 📁 已备份: train.py -> ../backup_original_files\train.py.backup_20250611_133005
2025-06-11 13:30:05,691 - INFO - 📁 已备份: gcn_train.py -> ../backup_original_files\gcn_train.py.backup_20250611_133005
2025-06-11 13:30:05,692 - INFO - 📁 已备份: lstm_train.py -> ../backup_original_files\lstm_train.py.backup_20250611_133005
2025-06-11 13:30:05,694 - INFO - 📁 已备份: linear_train.py -> ../backup_original_files\linear_train.py.backup_20250611_133005
2025-06-11 13:30:05,695 - INFO - 📁 已备份: sthan_sr_train.py -> ../backup_original_files\sthan_sr_train.py.backup_20250611_133005
2025-06-11 13:30:05,698 - INFO - ✅ 已更新 train.py 中的market_name为: SP500
2025-06-11 13:30:05,699 - INFO - ✅ 已更新 gcn_train.py 中的market_name为: SP500
2025-06-11 13:30:05,700 - INFO - ✅ 已更新 lstm_train.py 中的market_name为: SP500
2025-06-11 13:30:05,702 - INFO - ✅ 已更新 linear_train.py 中的market_name为: SP500
2025-06-11 13:30:05,703 - INFO - ✅ 已更新 sthan_sr_train.py 中的market_name为: SP500
2025-06-11 13:30:05,703 - INFO - ✅ 成功更新 5/5 个脚本
2025-06-11 13:30:05,704 - INFO - 
🚀 步骤2: 开始parallel训练
2025-06-11 13:30:06,719 - INFO - 🚀 开始并行训练所有模型...
2025-06-11 13:30:06,719 - WARNING - ⚠️  并行模式可能需要大量GPU内存!
2025-06-11 13:30:06,721 - INFO - 🚀 启动 StockPredict 训练线程...
2025-06-11 13:30:06,722 - INFO - 🚀 开始训练 StockPredict...
2025-06-11 13:30:07,732 - INFO - 🚀 启动 GCN 训练线程...
2025-06-11 13:30:07,732 - INFO - 🚀 开始训练 GCN...
2025-06-11 13:30:08,739 - INFO - 🚀 启动 LSTM 训练线程...
2025-06-11 13:30:08,739 - INFO - 🚀 开始训练 LSTM...
2025-06-11 13:30:09,748 - INFO - 🚀 启动 LinearModel 训练线程...
2025-06-11 13:30:09,749 - INFO - 🚀 开始训练 LinearModel...
2025-06-11 13:30:10,758 - INFO - 🚀 启动 STHAN-SR 训练线程...
2025-06-11 13:30:10,758 - INFO - 🚀 开始训练 STHAN-SR...
2025-06-11 13:39:29,421 - INFO - ✅ LinearModel 训练完成! 耗时: 559.7秒
2025-06-11 13:39:29,423 - INFO - 📄 详细日志: ../logs\batch_training_SP500_20250611_133002_LinearModel.log
2025-06-11 13:40:00,666 - INFO - ✅ GCN 训练完成! 耗时: 592.9秒
2025-06-11 13:40:00,666 - INFO - 📄 详细日志: ../logs\batch_training_SP500_20250611_133002_GCN.log
2025-06-11 13:41:53,447 - INFO - ✅ STHAN-SR 训练完成! 耗时: 702.7秒
2025-06-11 13:41:53,447 - INFO - 📄 详细日志: ../logs\batch_training_SP500_20250611_133002_STHAN-SR.log
2025-06-11 13:42:31,799 - INFO - ✅ LSTM 训练完成! 耗时: 743.1秒
2025-06-11 13:42:31,799 - INFO - 📄 详细日志: ../logs\batch_training_SP500_20250611_133002_LSTM.log
2025-06-11 14:07:59,354 - INFO - ✅ StockPredict 训练完成! 耗时: 2272.6秒
2025-06-11 14:07:59,354 - INFO - 📄 详细日志: ../logs\batch_training_SP500_20250611_133002_StockPredict.log
2025-06-11 14:07:59,354 - INFO - 
🏁 所有模型训练完成! 总耗时: 2272.6秒
2025-06-11 14:07:59,355 - INFO - 
📊 步骤3: 汇总结果
2025-06-11 14:07:59,355 - INFO - 
================================================================================
2025-06-11 14:07:59,355 - INFO - 📊 训练结果汇总
2025-06-11 14:07:59,355 - INFO - ================================================================================
2025-06-11 14:07:59,355 - INFO - StockPredict   : ✅ 成功 (耗时: 2272.6s)
2025-06-11 14:07:59,356 - INFO - GCN            : ✅ 成功 (耗时: 592.9s)
2025-06-11 14:07:59,356 - INFO - LSTM           : ✅ 成功 (耗时: 743.1s)
2025-06-11 14:07:59,356 - INFO - LinearModel    : ✅ 成功 (耗时: 559.7s)
2025-06-11 14:07:59,356 - INFO - STHAN-SR       : ✅ 成功 (耗时: 702.7s)
2025-06-11 14:07:59,356 - INFO - --------------------------------------------------------------------------------
2025-06-11 14:07:59,356 - INFO - 总计: 5/5 个模型训练成功
2025-06-11 14:07:59,357 - INFO - 🎉 所有模型训练完成！
2025-06-11 14:07:59,357 - INFO - 📈 结果文件: ../training_results.xlsx
2025-06-11 14:07:59,357 - INFO -    文件大小: 6125 bytes
2025-06-11 14:07:59,357 - INFO -    修改时间: 2025-06-11 14:07:58
2025-06-11 14:07:59,379 - INFO -    记录数量: 17 条
2025-06-11 14:07:59,380 - INFO -    最近结果:
2025-06-11 14:07:59,381 - INFO -      LinearModel: IC=-0.0018
2025-06-11 14:07:59,381 - INFO -      GCN: IC=-0.0064
2025-06-11 14:07:59,381 - INFO -      STHAN-SR: IC=-0.0064
2025-06-11 14:07:59,381 - INFO -      LSTM: IC=-0.0064
2025-06-11 14:07:59,382 - INFO -      StockPredict: IC=-0.0062
2025-06-11 14:07:59,382 - INFO - 
🎉 批量训练任务完成!
2025-06-11 14:07:59,382 - INFO - 📄 完整日志保存在: ../logs\batch_training_SP500_20250611_133002.log
