Using device: cuda
Loading data from: ../dataset\SP500
原始SP500数据形状: (464, 1148, 5) (股票数: 464, 天数: 1148, 特征数: 5)
使用全部5年数据 (2020-2024)，数据形状: (464, 1148, 5)
Warning: stock_num (1026) does not match eod_data.shape[0] (464). Adjusting stock_num.
市场为 SP500，实际加载股票数量更新为: 464
总交易天数: 1148
根据 60%/20%/_ 分割比例 (已调整为满足最小数据集要求):
训练集天数 (0-indexed, up to valid_index-1): 688 (实际比例: 59.9%)
验证集天数 (valid_index to test_index-1): 230 (实际比例: 20.0%)
测试集天数 (test_index to end): 230 (实际比例: 20.0%)
验证集起始索引 (valid_index): 688
测试集起始索引 (test_index): 918
✅ 数据集分割检查通过
Starting training...
Epoch 1/100 ##########################################################
Train: loss:6.9864e-01 = 6.9853e-01 + alpha*1.0690e-03
Valid: loss:1.9206e-01 = 1.9192e-01 + alpha*1.4075e-03
  Perf: mse:1.9192e-01, IC:0.0373, RIC:0.2531, prec@10:0.5313, SR:1.3313
Test : loss:2.1941e-01 = 2.1925e-01 + alpha*1.5805e-03
  Perf: mse:2.1925e-01, IC:0.0118, RIC:0.0823, prec@10:0.5039, SR:0.3387

New best validation loss found at epoch 1
Epoch 2/100 ##########################################################
Train: loss:2.0017e-01 = 1.9988e-01 + alpha*2.9316e-03
Valid: loss:1.1886e-01 = 1.1868e-01 + alpha*1.7753e-03
  Perf: mse:1.1868e-01, IC:0.0373, RIC:0.2531, prec@10:0.5313, SR:1.3313
Test : loss:1.5491e-01 = 1.5471e-01 + alpha*1.9667e-03
  Perf: mse:1.5471e-01, IC:0.0118, RIC:0.0823, prec@10:0.5039, SR:0.3387

New best validation loss found at epoch 2
Epoch 3/100 ##########################################################
Train: loss:1.9628e-01 = 1.9598e-01 + alpha*2.9758e-03
Valid: loss:1.2646e-01 = 1.2629e-01 + alpha*1.7182e-03
  Perf: mse:1.2629e-01, IC:0.0373, RIC:0.2531, prec@10:0.5313, SR:1.3313
Test : loss:1.6133e-01 = 1.6114e-01 + alpha*1.9096e-03
  Perf: mse:1.6114e-01, IC:0.0118, RIC:0.0823, prec@10:0.5039, SR:0.3387

Epoch 4/100 ##########################################################
Train: loss:1.9615e-01 = 1.9586e-01 + alpha*2.9375e-03
Valid: loss:1.2419e-01 = 1.2401e-01 + alpha*1.7341e-03
  Perf: mse:1.2401e-01, IC:0.0373, RIC:0.2531, prec@10:0.5313, SR:1.3313
Test : loss:1.5918e-01 = 1.5899e-01 + alpha*1.9279e-03
  Perf: mse:1.5899e-01, IC:0.0118, RIC:0.0823, prec@10:0.5039, SR:0.3387

Epoch 5/100 ##########################################################
Train: loss:1.9594e-01 = 1.9564e-01 + alpha*2.9669e-03
Valid: loss:1.2457e-01 = 1.2440e-01 + alpha*1.7312e-03
  Perf: mse:1.2440e-01, IC:0.0373, RIC:0.2531, prec@10:0.5313, SR:1.3313
Test : loss:1.5932e-01 = 1.5912e-01 + alpha*1.9270e-03
  Perf: mse:1.5912e-01, IC:0.0118, RIC:0.0823, prec@10:0.5039, SR:0.3387

Epoch 6/100 ##########################################################
Train: loss:1.9576e-01 = 1.9546e-01 + alpha*2.9533e-03
Valid: loss:1.2492e-01 = 1.2475e-01 + alpha*1.7285e-03
  Perf: mse:1.2475e-01, IC:0.0373, RIC:0.2531, prec@10:0.5313, SR:1.3313
Test : loss:1.5939e-01 = 1.5920e-01 + alpha*1.9266e-03
  Perf: mse:1.5920e-01, IC:0.0118, RIC:0.0823, prec@10:0.5039, SR:0.3387

Epoch 7/100 ##########################################################
Train: loss:1.9561e-01 = 1.9532e-01 + alpha*2.9581e-03
Valid: loss:1.2287e-01 = 1.2270e-01 + alpha*1.7432e-03
  Perf: mse:1.2270e-01, IC:0.0373, RIC:0.2531, prec@10:0.5313, SR:1.3313
Test : loss:1.5742e-01 = 1.5722e-01 + alpha*1.9443e-03
  Perf: mse:1.5722e-01, IC:0.0118, RIC:0.0823, prec@10:0.5039, SR:0.3387

Epoch 8/100 ##########################################################
Train: loss:1.9545e-01 = 1.9516e-01 + alpha*2.9510e-03
Valid: loss:1.2449e-01 = 1.2432e-01 + alpha*1.7313e-03
  Perf: mse:1.2432e-01, IC:0.0373, RIC:0.2531, prec@10:0.5313, SR:1.3313
Test : loss:1.5852e-01 = 1.5833e-01 + alpha*1.9348e-03
  Perf: mse:1.5833e-01, IC:0.0118, RIC:0.0823, prec@10:0.5039, SR:0.3387

Epoch 9/100 ##########################################################
Train: loss:1.9516e-01 = 1.9486e-01 + alpha*2.9717e-03
Valid: loss:1.2673e-01 = 1.2656e-01 + alpha*1.7155e-03
  Perf: mse:1.2656e-01, IC:0.0373, RIC:0.2531, prec@10:0.5313, SR:1.3313
Test : loss:1.6010e-01 = 1.5991e-01 + alpha*1.9214e-03
  Perf: mse:1.5991e-01, IC:0.0118, RIC:0.0823, prec@10:0.5039, SR:0.3387

Epoch 10/100 ##########################################################
Train: loss:1.9503e-01 = 1.9473e-01 + alpha*2.9457e-03
Valid: loss:1.2355e-01 = 1.2337e-01 + alpha*1.7377e-03
  Perf: mse:1.2337e-01, IC:0.0373, RIC:0.2531, prec@10:0.5313, SR:1.3313
Test : loss:1.5716e-01 = 1.5696e-01 + alpha*1.9478e-03
  Perf: mse:1.5696e-01, IC:0.0118, RIC:0.0823, prec@10:0.5039, SR:0.3387

Epoch 11/100 ##########################################################
Train: loss:1.9482e-01 = 1.9452e-01 + alpha*2.9707e-03
Valid: loss:1.2639e-01 = 1.2622e-01 + alpha*1.7174e-03
  Perf: mse:1.2622e-01, IC:0.0373, RIC:0.2531, prec@10:0.5313, SR:1.3313
Test : loss:1.5915e-01 = 1.5896e-01 + alpha*1.9304e-03
  Perf: mse:1.5896e-01, IC:0.0118, RIC:0.0823, prec@10:0.5039, SR:0.3387

Epoch 12/100 ##########################################################
Train: loss:1.9459e-01 = 1.9429e-01 + alpha*2.9492e-03
Valid: loss:1.2531e-01 = 1.2514e-01 + alpha*1.7246e-03
  Perf: mse:1.2514e-01, IC:0.0373, RIC:0.2531, prec@10:0.5313, SR:1.3313
Test : loss:1.5790e-01 = 1.5771e-01 + alpha*1.9419e-03
  Perf: mse:1.5771e-01, IC:0.0118, RIC:0.0823, prec@10:0.5039, SR:0.3387

Epoch 13/100 ##########################################################
Train: loss:1.9417e-01 = 1.9387e-01 + alpha*2.9473e-03
Valid: loss:1.2267e-01 = 1.2250e-01 + alpha*1.7434e-03
  Perf: mse:1.2250e-01, IC:0.0373, RIC:0.2531, prec@10:0.5313, SR:1.3313
Test : loss:1.5542e-01 = 1.5522e-01 + alpha*1.9656e-03
  Perf: mse:1.5522e-01, IC:0.0118, RIC:0.0823, prec@10:0.5039, SR:0.3387

Epoch 14/100 ##########################################################
Train: loss:1.9383e-01 = 1.9353e-01 + alpha*2.9456e-03
Valid: loss:1.2001e-01 = 1.1984e-01 + alpha*1.7636e-03
  Perf: mse:1.1984e-01, IC:0.0373, RIC:0.2531, prec@10:0.5313, SR:1.3313
Test : loss:1.5297e-01 = 1.5277e-01 + alpha*1.9909e-03
  Perf: mse:1.5277e-01, IC:0.0118, RIC:0.0823, prec@10:0.5039, SR:0.3387

Epoch 15/100 ##########################################################
Train: loss:1.9369e-01 = 1.9339e-01 + alpha*2.9620e-03
Valid: loss:1.2003e-01 = 1.1985e-01 + alpha*1.7632e-03
  Perf: mse:1.1985e-01, IC:0.0373, RIC:0.2531, prec@10:0.5313, SR:1.3313
Test : loss:1.5260e-01 = 1.5240e-01 + alpha*1.9956e-03
  Perf: mse:1.5240e-01, IC:0.0118, RIC:0.0823, prec@10:0.5039, SR:0.3387

Epoch 16/100 ##########################################################
Train: loss:1.9324e-01 = 1.9295e-01 + alpha*2.9582e-03
Valid: loss:1.2258e-01 = 1.2240e-01 + alpha*1.7433e-03
  Perf: mse:1.2240e-01, IC:0.0373, RIC:0.2531, prec@10:0.5313, SR:1.3313
Test : loss:1.5409e-01 = 1.5389e-01 + alpha*1.9809e-03
  Perf: mse:1.5389e-01, IC:0.0118, RIC:0.0823, prec@10:0.5039, SR:0.3387

Epoch 17/100 ##########################################################
Train: loss:1.9281e-01 = 1.9252e-01 + alpha*2.9511e-03
Valid: loss:1.2449e-01 = 1.2432e-01 + alpha*1.7290e-03
  Perf: mse:1.2432e-01, IC:0.0373, RIC:0.2531, prec@10:0.5313, SR:1.3313
Test : loss:1.5499e-01 = 1.5479e-01 + alpha*1.9728e-03
  Perf: mse:1.5479e-01, IC:0.0118, RIC:0.0823, prec@10:0.5039, SR:0.3387

Epoch 18/100 ##########################################################
Train: loss:1.9248e-01 = 1.9218e-01 + alpha*2.9439e-03
Valid: loss:1.2246e-01 = 1.2228e-01 + alpha*1.7435e-03
  Perf: mse:1.2228e-01, IC:0.0373, RIC:0.2531, prec@10:0.5313, SR:1.3313
Test : loss:1.5298e-01 = 1.5278e-01 + alpha*1.9943e-03
  Perf: mse:1.5278e-01, IC:0.0118, RIC:0.0823, prec@10:0.5039, SR:0.3387

Epoch 19/100 ##########################################################
Train: loss:1.9198e-01 = 1.9169e-01 + alpha*2.9554e-03
Valid: loss:1.2024e-01 = 1.2006e-01 + alpha*1.7601e-03
  Perf: mse:1.2006e-01, IC:0.0373, RIC:0.2531, prec@10:0.5313, SR:1.3313
Test : loss:1.5090e-01 = 1.5070e-01 + alpha*2.0179e-03
  Perf: mse:1.5070e-01, IC:0.0118, RIC:0.0823, prec@10:0.5039, SR:0.3387

Epoch 20/100 ##########################################################
Train: loss:1.9172e-01 = 1.9143e-01 + alpha*2.9464e-03
Valid: loss:1.2030e-01 = 1.2012e-01 + alpha*1.7592e-03
  Perf: mse:1.2012e-01, IC:0.0373, RIC:0.2531, prec@10:0.5313, SR:1.3313
Test : loss:1.5038e-01 = 1.5018e-01 + alpha*2.0257e-03
  Perf: mse:1.5018e-01, IC:0.0118, RIC:0.0823, prec@10:0.5039, SR:0.3387

Epoch 21/100 ##########################################################
Train: loss:1.9110e-01 = 1.9081e-01 + alpha*2.9479e-03
Valid: loss:1.2061e-01 = 1.2043e-01 + alpha*1.7564e-03
  Perf: mse:1.2043e-01, IC:0.0373, RIC:0.2531, prec@10:0.5313, SR:1.3313
Test : loss:1.5002e-01 = 1.4981e-01 + alpha*2.0312e-03
  Perf: mse:1.4981e-01, IC:0.0118, RIC:0.0823, prec@10:0.5039, SR:0.3387

Epoch 22/100 ##########################################################
Train: loss:1.9068e-01 = 1.9038e-01 + alpha*2.9513e-03
Valid: loss:1.1854e-01 = 1.1836e-01 + alpha*1.7725e-03
  Perf: mse:1.1836e-01, IC:0.0373, RIC:0.2531, prec@10:0.5313, SR:1.3313
Test : loss:1.4820e-01 = 1.4799e-01 + alpha*2.0540e-03
  Perf: mse:1.4799e-01, IC:0.0118, RIC:0.0823, prec@10:0.5039, SR:0.3387

New best validation loss found at epoch 22
Epoch 23/100 ##########################################################
Train: loss:1.9024e-01 = 1.8995e-01 + alpha*2.9501e-03
Valid: loss:1.1662e-01 = 1.1644e-01 + alpha*1.7883e-03
  Perf: mse:1.1644e-01, IC:0.0373, RIC:0.2531, prec@10:0.5313, SR:1.3313
Test : loss:1.4662e-01 = 1.4641e-01 + alpha*2.0758e-03
  Perf: mse:1.4641e-01, IC:0.0118, RIC:0.0823, prec@10:0.5039, SR:0.3387

New best validation loss found at epoch 23
Epoch 24/100 ##########################################################
Train: loss:1.8980e-01 = 1.8951e-01 + alpha*2.9440e-03
Valid: loss:1.1842e-01 = 1.1824e-01 + alpha*1.7727e-03
  Perf: mse:1.1824e-01, IC:0.0373, RIC:0.2531, prec@10:0.5313, SR:1.3313
Test : loss:1.4705e-01 = 1.4684e-01 + alpha*2.0725e-03
  Perf: mse:1.4684e-01, IC:0.0118, RIC:0.0823, prec@10:0.5039, SR:0.3387

Epoch 25/100 ##########################################################
Train: loss:1.8932e-01 = 1.8902e-01 + alpha*2.9435e-03
Valid: loss:1.1794e-01 = 1.1776e-01 + alpha*1.7762e-03
  Perf: mse:1.1776e-01, IC:0.0373, RIC:0.2531, prec@10:0.5313, SR:1.3313
Test : loss:1.4631e-01 = 1.4610e-01 + alpha*2.0839e-03
  Perf: mse:1.4610e-01, IC:0.0118, RIC:0.0823, prec@10:0.5039, SR:0.3387

Epoch 26/100 ##########################################################
Train: loss:1.8903e-01 = 1.8874e-01 + alpha*2.9442e-03
Valid: loss:1.1475e-01 = 1.1457e-01 + alpha*1.8038e-03
  Perf: mse:1.1457e-01, IC:0.0373, RIC:0.2531, prec@10:0.5313, SR:1.3313
Test : loss:1.4456e-01 = 1.4435e-01 + alpha*2.1107e-03
  Perf: mse:1.4435e-01, IC:0.0118, RIC:0.0823, prec@10:0.5039, SR:0.3387

New best validation loss found at epoch 26
Epoch 27/100 ##########################################################
Train: loss:1.8862e-01 = 1.8832e-01 + alpha*2.9467e-03
Valid: loss:1.1879e-01 = 1.1861e-01 + alpha*1.7685e-03
  Perf: mse:1.1861e-01, IC:0.0373, RIC:0.2531, prec@10:0.5313, SR:1.3313
Test : loss:1.4574e-01 = 1.4553e-01 + alpha*2.0974e-03
  Perf: mse:1.4553e-01, IC:0.0118, RIC:0.0823, prec@10:0.5039, SR:0.3387

Epoch 28/100 ##########################################################
Train: loss:1.8841e-01 = 1.8812e-01 + alpha*2.9390e-03
Valid: loss:1.1153e-01 = 1.1134e-01 + alpha*1.8351e-03
  Perf: mse:1.1134e-01, IC:0.0373, RIC:0.2531, prec@10:0.5313, SR:1.3313
Test : loss:1.4299e-01 = 1.4277e-01 + alpha*2.1426e-03
  Perf: mse:1.4277e-01, IC:0.0118, RIC:0.0823, prec@10:0.5039, SR:0.3387

New best validation loss found at epoch 28
Epoch 29/100 ##########################################################
Train: loss:1.8840e-01 = 1.8811e-01 + alpha*2.9478e-03
Valid: loss:1.1176e-01 = 1.1158e-01 + alpha*1.8324e-03
  Perf: mse:1.1158e-01, IC:0.0373, RIC:0.2531, prec@10:0.5313, SR:1.3313
Test : loss:1.4298e-01 = 1.4277e-01 + alpha*2.1434e-03
  Perf: mse:1.4277e-01, IC:0.0118, RIC:0.0823, prec@10:0.5039, SR:0.3387

Epoch 30/100 ##########################################################
Train: loss:1.8805e-01 = 1.8775e-01 + alpha*2.9431e-03
Valid: loss:1.1550e-01 = 1.1532e-01 + alpha*1.7959e-03
  Perf: mse:1.1532e-01, IC:0.0373, RIC:0.2531, prec@10:0.5313, SR:1.3313
Test : loss:1.4352e-01 = 1.4330e-01 + alpha*2.1350e-03
  Perf: mse:1.4330e-01, IC:0.0118, RIC:0.0823, prec@10:0.5039, SR:0.3387

Epoch 31/100 ##########################################################
Train: loss:1.8795e-01 = 1.8766e-01 + alpha*2.9447e-03
Valid: loss:1.1308e-01 = 1.1290e-01 + alpha*1.8184e-03
  Perf: mse:1.1290e-01, IC:0.0373, RIC:0.2531, prec@10:0.5313, SR:1.3313
Test : loss:1.4266e-01 = 1.4244e-01 + alpha*2.1527e-03
  Perf: mse:1.4244e-01, IC:0.0118, RIC:0.0823, prec@10:0.5039, SR:0.3387

Epoch 32/100 ##########################################################
Train: loss:1.8774e-01 = 1.8745e-01 + alpha*2.9427e-03
Valid: loss:1.1432e-01 = 1.1414e-01 + alpha*1.8063e-03
  Perf: mse:1.1414e-01, IC:0.0373, RIC:0.2531, prec@10:0.5313, SR:1.3313
Test : loss:1.4275e-01 = 1.4254e-01 + alpha*2.1521e-03
  Perf: mse:1.4254e-01, IC:0.0118, RIC:0.0823, prec@10:0.5039, SR:0.3387

Epoch 33/100 ##########################################################
Train: loss:1.8766e-01 = 1.8737e-01 + alpha*2.9391e-03
Valid: loss:1.1132e-01 = 1.1113e-01 + alpha*1.8362e-03
  Perf: mse:1.1113e-01, IC:0.0373, RIC:0.2531, prec@10:0.5313, SR:1.3313
Test : loss:1.4212e-01 = 1.4190e-01 + alpha*2.1670e-03
  Perf: mse:1.4190e-01, IC:0.0118, RIC:0.0823, prec@10:0.5039, SR:0.3387

New best validation loss found at epoch 33
Epoch 34/100 ##########################################################
Train: loss:1.8763e-01 = 1.8734e-01 + alpha*2.9444e-03
Valid: loss:1.1591e-01 = 1.1573e-01 + alpha*1.7916e-03
  Perf: mse:1.1573e-01, IC:0.0373, RIC:0.2531, prec@10:0.5313, SR:1.3313
Test : loss:1.4291e-01 = 1.4270e-01 + alpha*2.1504e-03
  Perf: mse:1.4270e-01, IC:0.0118, RIC:0.0823, prec@10:0.5039, SR:0.3387

Epoch 35/100 ##########################################################
Train: loss:1.8754e-01 = 1.8724e-01 + alpha*2.9432e-03
Valid: loss:1.1295e-01 = 1.1277e-01 + alpha*1.8192e-03
  Perf: mse:1.1277e-01, IC:0.0373, RIC:0.2531, prec@10:0.5313, SR:1.3313
Test : loss:1.4230e-01 = 1.4209e-01 + alpha*2.1628e-03
  Perf: mse:1.4209e-01, IC:0.0118, RIC:0.0823, prec@10:0.5039, SR:0.3387

Epoch 36/100 ##########################################################
Train: loss:1.8753e-01 = 1.8724e-01 + alpha*2.9398e-03
Valid: loss:1.1380e-01 = 1.1361e-01 + alpha*1.8109e-03
  Perf: mse:1.1361e-01, IC:0.0373, RIC:0.2531, prec@10:0.5313, SR:1.3313
Test : loss:1.4234e-01 = 1.4213e-01 + alpha*2.1625e-03
  Perf: mse:1.4213e-01, IC:0.0118, RIC:0.0823, prec@10:0.5039, SR:0.3387

Epoch 37/100 ##########################################################
Train: loss:1.8752e-01 = 1.8722e-01 + alpha*2.9433e-03
Valid: loss:1.1499e-01 = 1.1481e-01 + alpha*1.7997e-03
  Perf: mse:1.1481e-01, IC:0.0373, RIC:0.2531, prec@10:0.5313, SR:1.3313
Test : loss:1.4256e-01 = 1.4235e-01 + alpha*2.1577e-03
  Perf: mse:1.4235e-01, IC:0.0118, RIC:0.0823, prec@10:0.5039, SR:0.3387

Epoch 38/100 ##########################################################
Train: loss:1.8746e-01 = 1.8717e-01 + alpha*2.9446e-03
Valid: loss:1.1184e-01 = 1.1166e-01 + alpha*1.8303e-03
  Perf: mse:1.1166e-01, IC:0.0373, RIC:0.2531, prec@10:0.5313, SR:1.3313
Test : loss:1.4201e-01 = 1.4180e-01 + alpha*2.1711e-03
  Perf: mse:1.4180e-01, IC:0.0118, RIC:0.0823, prec@10:0.5039, SR:0.3387

Epoch 39/100 ##########################################################
Train: loss:1.8745e-01 = 1.8716e-01 + alpha*2.9441e-03
Valid: loss:1.1475e-01 = 1.1457e-01 + alpha*1.8018e-03
  Perf: mse:1.1457e-01, IC:0.0373, RIC:0.2531, prec@10:0.5313, SR:1.3313
Test : loss:1.4249e-01 = 1.4227e-01 + alpha*2.1593e-03
  Perf: mse:1.4227e-01, IC:0.0118, RIC:0.0823, prec@10:0.5039, SR:0.3387

Epoch 40/100 ##########################################################
Train: loss:1.8744e-01 = 1.8715e-01 + alpha*2.9428e-03
Valid: loss:1.1233e-01 = 1.1215e-01 + alpha*1.8252e-03
  Perf: mse:1.1215e-01, IC:0.0373, RIC:0.2531, prec@10:0.5313, SR:1.3313
Test : loss:1.4212e-01 = 1.4191e-01 + alpha*2.1682e-03
  Perf: mse:1.4191e-01, IC:0.0118, RIC:0.0823, prec@10:0.5039, SR:0.3387

Epoch 41/100 ##########################################################
Train: loss:1.8739e-01 = 1.8710e-01 + alpha*2.9370e-03
Valid: loss:1.1370e-01 = 1.1352e-01 + alpha*1.8116e-03
  Perf: mse:1.1352e-01, IC:0.0373, RIC:0.2531, prec@10:0.5313, SR:1.3313
Test : loss:1.4224e-01 = 1.4202e-01 + alpha*2.1656e-03
  Perf: mse:1.4202e-01, IC:0.0118, RIC:0.0823, prec@10:0.5039, SR:0.3387

Epoch 42/100 ##########################################################
Train: loss:1.8746e-01 = 1.8716e-01 + alpha*2.9452e-03
Valid: loss:1.1370e-01 = 1.1351e-01 + alpha*1.8117e-03
  Perf: mse:1.1351e-01, IC:0.0373, RIC:0.2531, prec@10:0.5313, SR:1.3313
Test : loss:1.4215e-01 = 1.4194e-01 + alpha*2.1681e-03
  Perf: mse:1.4194e-01, IC:0.0118, RIC:0.0823, prec@10:0.5039, SR:0.3387

Epoch 43/100 ##########################################################
Train: loss:1.8741e-01 = 1.8711e-01 + alpha*2.9454e-03
Valid: loss:1.1422e-01 = 1.1404e-01 + alpha*1.8067e-03
  Perf: mse:1.1404e-01, IC:0.0373, RIC:0.2531, prec@10:0.5313, SR:1.3313
Test : loss:1.4251e-01 = 1.4230e-01 + alpha*2.1583e-03
  Perf: mse:1.4230e-01, IC:0.0118, RIC:0.0823, prec@10:0.5039, SR:0.3387

Epoch 44/100 ##########################################################
Train: loss:1.8756e-01 = 1.8726e-01 + alpha*2.9402e-03
Valid: loss:1.1290e-01 = 1.1272e-01 + alpha*1.8199e-03
  Perf: mse:1.1272e-01, IC:0.0373, RIC:0.2531, prec@10:0.5313, SR:1.3313
Test : loss:1.4329e-01 = 1.4307e-01 + alpha*2.1401e-03
  Perf: mse:1.4307e-01, IC:0.0118, RIC:0.0823, prec@10:0.5039, SR:0.3387

Epoch 45/100 ##########################################################
Train: loss:1.8736e-01 = 1.8706e-01 + alpha*2.9467e-03
Valid: loss:1.1415e-01 = 1.1397e-01 + alpha*1.8078e-03
  Perf: mse:1.1397e-01, IC:0.0373, RIC:0.2531, prec@10:0.5313, SR:1.3313
Test : loss:1.4388e-01 = 1.4367e-01 + alpha*2.1279e-03
  Perf: mse:1.4367e-01, IC:0.0118, RIC:0.0823, prec@10:0.5039, SR:0.3387

Epoch 46/100 ##########################################################
Train: loss:1.8743e-01 = 1.8713e-01 + alpha*2.9358e-03
Valid: loss:1.1049e-01 = 1.1030e-01 + alpha*1.8475e-03
  Perf: mse:1.1030e-01, IC:0.0373, RIC:0.2531, prec@10:0.5313, SR:1.3313
Test : loss:1.4313e-01 = 1.4291e-01 + alpha*2.1441e-03
  Perf: mse:1.4291e-01, IC:0.0118, RIC:0.0823, prec@10:0.5039, SR:0.3387

New best validation loss found at epoch 46
Epoch 47/100 ##########################################################
Train: loss:1.8747e-01 = 1.8717e-01 + alpha*2.9462e-03
Valid: loss:1.1107e-01 = 1.1089e-01 + alpha*1.8411e-03
  Perf: mse:1.1089e-01, IC:0.0373, RIC:0.2531, prec@10:0.5313, SR:1.3313
Test : loss:1.4344e-01 = 1.4322e-01 + alpha*2.1375e-03
  Perf: mse:1.4322e-01, IC:0.0118, RIC:0.0823, prec@10:0.5039, SR:0.3387

Epoch 48/100 ##########################################################
Train: loss:1.8731e-01 = 1.8701e-01 + alpha*2.9428e-03
Valid: loss:1.1121e-01 = 1.1102e-01 + alpha*1.8396e-03
  Perf: mse:1.1102e-01, IC:0.0373, RIC:0.2531, prec@10:0.5313, SR:1.3313
Test : loss:1.4346e-01 = 1.4324e-01 + alpha*2.1373e-03
  Perf: mse:1.4324e-01, IC:0.0118, RIC:0.0823, prec@10:0.5039, SR:0.3387

Epoch 49/100 ##########################################################
Train: loss:1.8730e-01 = 1.8701e-01 + alpha*2.9436e-03
Valid: loss:1.1334e-01 = 1.1316e-01 + alpha*1.8153e-03
  Perf: mse:1.1316e-01, IC:0.0373, RIC:0.2531, prec@10:0.5313, SR:1.3313
Test : loss:1.4322e-01 = 1.4301e-01 + alpha*2.1424e-03
  Perf: mse:1.4301e-01, IC:0.0118, RIC:0.0823, prec@10:0.5039, SR:0.3387

Epoch 50/100 ##########################################################
Train: loss:1.8734e-01 = 1.8704e-01 + alpha*2.9391e-03
Valid: loss:1.1285e-01 = 1.1267e-01 + alpha*1.8214e-03
  Perf: mse:1.1267e-01, IC:0.0373, RIC:0.2531, prec@10:0.5313, SR:1.3313
Test : loss:1.4391e-01 = 1.4370e-01 + alpha*2.1280e-03
  Perf: mse:1.4370e-01, IC:0.0118, RIC:0.0823, prec@10:0.5039, SR:0.3387

Epoch 51/100 ##########################################################
Train: loss:1.8729e-01 = 1.8699e-01 + alpha*2.9436e-03
Valid: loss:1.1177e-01 = 1.1159e-01 + alpha*1.8324e-03
  Perf: mse:1.1159e-01, IC:0.0373, RIC:0.2531, prec@10:0.5313, SR:1.3313
Test : loss:1.4339e-01 = 1.4318e-01 + alpha*2.1391e-03
  Perf: mse:1.4318e-01, IC:0.0118, RIC:0.0823, prec@10:0.5039, SR:0.3387

Epoch 52/100 ##########################################################
Train: loss:1.8724e-01 = 1.8694e-01 + alpha*2.9435e-03
Valid: loss:1.1148e-01 = 1.1129e-01 + alpha*1.8365e-03
  Perf: mse:1.1129e-01, IC:0.0373, RIC:0.2531, prec@10:0.5313, SR:1.3313
Test : loss:1.4348e-01 = 1.4327e-01 + alpha*2.1372e-03
  Perf: mse:1.4327e-01, IC:0.0118, RIC:0.0823, prec@10:0.5039, SR:0.3387

Epoch 53/100 ##########################################################
Train: loss:1.8734e-01 = 1.8705e-01 + alpha*2.9443e-03
Valid: loss:1.1093e-01 = 1.1074e-01 + alpha*1.8425e-03
  Perf: mse:1.1074e-01, IC:0.0373, RIC:0.2531, prec@10:0.5313, SR:1.3313
Test : loss:1.4324e-01 = 1.4302e-01 + alpha*2.1427e-03
  Perf: mse:1.4302e-01, IC:0.0118, RIC:0.0823, prec@10:0.5039, SR:0.3387

Epoch 54/100 ##########################################################
Train: loss:1.8731e-01 = 1.8701e-01 + alpha*2.9404e-03
Valid: loss:1.1252e-01 = 1.1233e-01 + alpha*1.8243e-03
  Perf: mse:1.1233e-01, IC:0.0373, RIC:0.2531, prec@10:0.5313, SR:1.3313
Test : loss:1.4354e-01 = 1.4332e-01 + alpha*2.1362e-03
  Perf: mse:1.4332e-01, IC:0.0118, RIC:0.0823, prec@10:0.5039, SR:0.3387

Epoch 55/100 ##########################################################
Train: loss:1.8735e-01 = 1.8706e-01 + alpha*2.9436e-03
Valid: loss:1.1127e-01 = 1.1108e-01 + alpha*1.8394e-03
  Perf: mse:1.1108e-01, IC:0.0373, RIC:0.2531, prec@10:0.5313, SR:1.3313
Test : loss:1.4357e-01 = 1.4335e-01 + alpha*2.1357e-03
  Perf: mse:1.4335e-01, IC:0.0118, RIC:0.0823, prec@10:0.5039, SR:0.3387

Epoch 56/100 ##########################################################
Train: loss:1.8725e-01 = 1.8696e-01 + alpha*2.9456e-03
Valid: loss:1.1056e-01 = 1.1038e-01 + alpha*1.8460e-03
  Perf: mse:1.1038e-01, IC:0.0373, RIC:0.2531, prec@10:0.5313, SR:1.3313
Test : loss:1.4292e-01 = 1.4270e-01 + alpha*2.1504e-03
  Perf: mse:1.4270e-01, IC:0.0118, RIC:0.0823, prec@10:0.5039, SR:0.3387

Epoch 57/100 ##########################################################
Train: loss:1.8731e-01 = 1.8701e-01 + alpha*2.9404e-03
Valid: loss:1.1201e-01 = 1.1183e-01 + alpha*1.8294e-03
  Perf: mse:1.1183e-01, IC:0.0373, RIC:0.2531, prec@10:0.5313, SR:1.3313
Test : loss:1.4327e-01 = 1.4306e-01 + alpha*2.1422e-03
  Perf: mse:1.4306e-01, IC:0.0118, RIC:0.0823, prec@10:0.5039, SR:0.3387

Epoch 58/100 ##########################################################
Train: loss:1.8727e-01 = 1.8698e-01 + alpha*2.9425e-03
Valid: loss:1.1189e-01 = 1.1171e-01 + alpha*1.8309e-03
  Perf: mse:1.1171e-01, IC:0.0373, RIC:0.2531, prec@10:0.5313, SR:1.3313
Test : loss:1.4331e-01 = 1.4310e-01 + alpha*2.1415e-03
  Perf: mse:1.4310e-01, IC:0.0118, RIC:0.0823, prec@10:0.5039, SR:0.3387

Epoch 59/100 ##########################################################
Train: loss:1.8729e-01 = 1.8700e-01 + alpha*2.9446e-03
Valid: loss:1.1241e-01 = 1.1223e-01 + alpha*1.8259e-03
  Perf: mse:1.1223e-01, IC:0.0373, RIC:0.2531, prec@10:0.5313, SR:1.3313
Test : loss:1.4364e-01 = 1.4343e-01 + alpha*2.1344e-03
  Perf: mse:1.4343e-01, IC:0.0118, RIC:0.0823, prec@10:0.5039, SR:0.3387

Epoch 60/100 ##########################################################
Train: loss:1.8732e-01 = 1.8703e-01 + alpha*2.9386e-03
Valid: loss:1.1107e-01 = 1.1089e-01 + alpha*1.8399e-03
  Perf: mse:1.1089e-01, IC:0.0373, RIC:0.2531, prec@10:0.5313, SR:1.3313
Test : loss:1.4300e-01 = 1.4278e-01 + alpha*2.1487e-03
  Perf: mse:1.4278e-01, IC:0.0118, RIC:0.0823, prec@10:0.5039, SR:0.3387

Epoch 61/100 ##########################################################
Train: loss:1.8726e-01 = 1.8696e-01 + alpha*2.9473e-03
Valid: loss:1.1359e-01 = 1.1341e-01 + alpha*1.8145e-03
  Perf: mse:1.1341e-01, IC:0.0373, RIC:0.2531, prec@10:0.5313, SR:1.3313
Test : loss:1.4428e-01 = 1.4407e-01 + alpha*2.1217e-03
  Perf: mse:1.4407e-01, IC:0.0118, RIC:0.0823, prec@10:0.5039, SR:0.3387

Epoch 62/100 ##########################################################
Train: loss:1.8716e-01 = 1.8687e-01 + alpha*2.9403e-03
Valid: loss:1.1149e-01 = 1.1131e-01 + alpha*1.8356e-03
  Perf: mse:1.1131e-01, IC:0.0373, RIC:0.2531, prec@10:0.5313, SR:1.3313
Test : loss:1.4326e-01 = 1.4304e-01 + alpha*2.1429e-03
  Perf: mse:1.4304e-01, IC:0.0118, RIC:0.0823, prec@10:0.5039, SR:0.3387

Epoch 63/100 ##########################################################
Train: loss:1.8727e-01 = 1.8697e-01 + alpha*2.9452e-03
Valid: loss:1.1118e-01 = 1.1099e-01 + alpha*1.8396e-03
  Perf: mse:1.1099e-01, IC:0.0373, RIC:0.2531, prec@10:0.5313, SR:1.3313
Test : loss:1.4325e-01 = 1.4303e-01 + alpha*2.1431e-03
  Perf: mse:1.4303e-01, IC:0.0118, RIC:0.0823, prec@10:0.5039, SR:0.3387

Epoch 64/100 ##########################################################
Train: loss:1.8731e-01 = 1.8702e-01 + alpha*2.9414e-03
Valid: loss:1.1097e-01 = 1.1079e-01 + alpha*1.8427e-03
  Perf: mse:1.1079e-01, IC:0.0373, RIC:0.2531, prec@10:0.5313, SR:1.3313
Test : loss:1.4339e-01 = 1.4318e-01 + alpha*2.1400e-03
  Perf: mse:1.4318e-01, IC:0.0118, RIC:0.0823, prec@10:0.5039, SR:0.3387

Epoch 65/100 ##########################################################
Train: loss:1.8729e-01 = 1.8699e-01 + alpha*2.9437e-03
Valid: loss:1.1170e-01 = 1.1151e-01 + alpha*1.8345e-03
  Perf: mse:1.1151e-01, IC:0.0373, RIC:0.2531, prec@10:0.5313, SR:1.3313
Test : loss:1.4361e-01 = 1.4340e-01 + alpha*2.1353e-03
  Perf: mse:1.4340e-01, IC:0.0118, RIC:0.0823, prec@10:0.5039, SR:0.3387

Epoch 66/100 ##########################################################
Train: loss:1.8726e-01 = 1.8696e-01 + alpha*2.9461e-03
Valid: loss:1.1281e-01 = 1.1263e-01 + alpha*1.8218e-03
  Perf: mse:1.1263e-01, IC:0.0373, RIC:0.2531, prec@10:0.5313, SR:1.3313
Test : loss:1.4378e-01 = 1.4356e-01 + alpha*2.1319e-03
  Perf: mse:1.4356e-01, IC:0.0118, RIC:0.0823, prec@10:0.5039, SR:0.3387

Epoch 67/100 ##########################################################
Train: loss:1.8740e-01 = 1.8711e-01 + alpha*2.9376e-03
Valid: loss:1.1013e-01 = 1.0995e-01 + alpha*1.8516e-03
  Perf: mse:1.0995e-01, IC:0.0373, RIC:0.2531, prec@10:0.5313, SR:1.3313
Test : loss:1.4287e-01 = 1.4266e-01 + alpha*2.1519e-03
  Perf: mse:1.4266e-01, IC:0.0118, RIC:0.0823, prec@10:0.5039, SR:0.3387

New best validation loss found at epoch 67
Epoch 68/100 ##########################################################
Train: loss:1.8725e-01 = 1.8696e-01 + alpha*2.9461e-03
Valid: loss:1.1174e-01 = 1.1155e-01 + alpha*1.8344e-03
  Perf: mse:1.1155e-01, IC:0.0373, RIC:0.2531, prec@10:0.5313, SR:1.3313
Test : loss:1.4371e-01 = 1.4350e-01 + alpha*2.1334e-03
  Perf: mse:1.4350e-01, IC:0.0118, RIC:0.0823, prec@10:0.5039, SR:0.3387

Epoch 69/100 ##########################################################
Train: loss:1.8729e-01 = 1.8699e-01 + alpha*2.9395e-03
Valid: loss:1.1025e-01 = 1.1007e-01 + alpha*1.8505e-03
  Perf: mse:1.1007e-01, IC:0.0373, RIC:0.2531, prec@10:0.5313, SR:1.3313
Test : loss:1.4298e-01 = 1.4277e-01 + alpha*2.1495e-03
  Perf: mse:1.4277e-01, IC:0.0118, RIC:0.0823, prec@10:0.5039, SR:0.3387

Epoch 70/100 ##########################################################
Train: loss:1.8726e-01 = 1.8696e-01 + alpha*2.9452e-03
Valid: loss:1.1333e-01 = 1.1314e-01 + alpha*1.8158e-03
  Perf: mse:1.1314e-01, IC:0.0373, RIC:0.2531, prec@10:0.5313, SR:1.3313
Test : loss:1.4349e-01 = 1.4327e-01 + alpha*2.1382e-03
  Perf: mse:1.4327e-01, IC:0.0118, RIC:0.0823, prec@10:0.5039, SR:0.3387

Epoch 71/100 ##########################################################
Train: loss:1.8724e-01 = 1.8695e-01 + alpha*2.9437e-03
Valid: loss:1.1160e-01 = 1.1141e-01 + alpha*1.8361e-03
  Perf: mse:1.1141e-01, IC:0.0373, RIC:0.2531, prec@10:0.5313, SR:1.3313
Test : loss:1.4370e-01 = 1.4349e-01 + alpha*2.1338e-03
  Perf: mse:1.4349e-01, IC:0.0118, RIC:0.0823, prec@10:0.5039, SR:0.3387

Epoch 72/100 ##########################################################
Train: loss:1.8726e-01 = 1.8697e-01 + alpha*2.9414e-03
Valid: loss:1.1157e-01 = 1.1139e-01 + alpha*1.8337e-03
  Perf: mse:1.1139e-01, IC:0.0373, RIC:0.2531, prec@10:0.5313, SR:1.3313
Test : loss:1.4287e-01 = 1.4265e-01 + alpha*2.1524e-03
  Perf: mse:1.4265e-01, IC:0.0118, RIC:0.0823, prec@10:0.5039, SR:0.3387

Epoch 73/100 ##########################################################
Train: loss:1.8727e-01 = 1.8697e-01 + alpha*2.9444e-03
Valid: loss:1.1249e-01 = 1.1231e-01 + alpha*1.8256e-03
  Perf: mse:1.1231e-01, IC:0.0373, RIC:0.2531, prec@10:0.5313, SR:1.3313
Test : loss:1.4375e-01 = 1.4353e-01 + alpha*2.1330e-03
  Perf: mse:1.4353e-01, IC:0.0118, RIC:0.0823, prec@10:0.5039, SR:0.3387

Epoch 74/100 ##########################################################
Train: loss:1.8725e-01 = 1.8696e-01 + alpha*2.9442e-03
Valid: loss:1.1050e-01 = 1.1032e-01 + alpha*1.8473e-03
  Perf: mse:1.1032e-01, IC:0.0373, RIC:0.2531, prec@10:0.5313, SR:1.3313
Test : loss:1.4297e-01 = 1.4275e-01 + alpha*2.1502e-03
  Perf: mse:1.4275e-01, IC:0.0118, RIC:0.0823, prec@10:0.5039, SR:0.3387

Epoch 75/100 ##########################################################
Train: loss:1.8721e-01 = 1.8692e-01 + alpha*2.9441e-03
Valid: loss:1.1139e-01 = 1.1121e-01 + alpha*1.8359e-03
  Perf: mse:1.1121e-01, IC:0.0373, RIC:0.2531, prec@10:0.5313, SR:1.3313
Test : loss:1.4289e-01 = 1.4267e-01 + alpha*2.1522e-03
  Perf: mse:1.4267e-01, IC:0.0118, RIC:0.0823, prec@10:0.5039, SR:0.3387

Epoch 76/100 ##########################################################
Train: loss:1.8736e-01 = 1.8706e-01 + alpha*2.9419e-03
Valid: loss:1.1436e-01 = 1.1418e-01 + alpha*1.8072e-03
  Perf: mse:1.1418e-01, IC:0.0373, RIC:0.2531, prec@10:0.5313, SR:1.3313
Test : loss:1.4460e-01 = 1.4439e-01 + alpha*2.1164e-03
  Perf: mse:1.4439e-01, IC:0.0118, RIC:0.0823, prec@10:0.5039, SR:0.3387

Epoch 77/100 ##########################################################
Train: loss:1.8727e-01 = 1.8698e-01 + alpha*2.9433e-03
Valid: loss:1.1249e-01 = 1.1231e-01 + alpha*1.8266e-03
  Perf: mse:1.1231e-01, IC:0.0373, RIC:0.2531, prec@10:0.5313, SR:1.3313
Test : loss:1.4404e-01 = 1.4382e-01 + alpha*2.1273e-03
  Perf: mse:1.4382e-01, IC:0.0118, RIC:0.0823, prec@10:0.5039, SR:0.3387

Epoch 78/100 ##########################################################
Train: loss:1.8726e-01 = 1.8697e-01 + alpha*2.9421e-03
Valid: loss:1.1478e-01 = 1.1460e-01 + alpha*1.8038e-03
  Perf: mse:1.1460e-01, IC:0.0373, RIC:0.2531, prec@10:0.5313, SR:1.3313
Test : loss:1.4501e-01 = 1.4480e-01 + alpha*2.1090e-03
  Perf: mse:1.4480e-01, IC:0.0118, RIC:0.0823, prec@10:0.5039, SR:0.3387

Epoch 79/100 ##########################################################
Train: loss:1.8731e-01 = 1.8702e-01 + alpha*2.9408e-03
Valid: loss:1.1350e-01 = 1.1332e-01 + alpha*1.8147e-03
  Perf: mse:1.1332e-01, IC:0.0373, RIC:0.2531, prec@10:0.5313, SR:1.3313
Test : loss:1.4393e-01 = 1.4372e-01 + alpha*2.1295e-03
  Perf: mse:1.4372e-01, IC:0.0118, RIC:0.0823, prec@10:0.5039, SR:0.3387

Epoch 80/100 ##########################################################
Train: loss:1.8729e-01 = 1.8699e-01 + alpha*2.9438e-03
Valid: loss:1.1129e-01 = 1.1111e-01 + alpha*1.8379e-03
  Perf: mse:1.1111e-01, IC:0.0373, RIC:0.2531, prec@10:0.5313, SR:1.3313
Test : loss:1.4310e-01 = 1.4289e-01 + alpha*2.1474e-03
  Perf: mse:1.4289e-01, IC:0.0118, RIC:0.0823, prec@10:0.5039, SR:0.3387

Epoch 81/100 ##########################################################
Train: loss:1.8733e-01 = 1.8703e-01 + alpha*2.9466e-03
Valid: loss:1.1383e-01 = 1.1365e-01 + alpha*1.8129e-03
  Perf: mse:1.1365e-01, IC:0.0373, RIC:0.2531, prec@10:0.5313, SR:1.3313
Test : loss:1.4451e-01 = 1.4430e-01 + alpha*2.1183e-03
  Perf: mse:1.4430e-01, IC:0.0118, RIC:0.0823, prec@10:0.5039, SR:0.3387

Epoch 82/100 ##########################################################
Train: loss:1.8729e-01 = 1.8699e-01 + alpha*2.9441e-03
Valid: loss:1.1001e-01 = 1.0982e-01 + alpha*1.8533e-03
  Perf: mse:1.0982e-01, IC:0.0373, RIC:0.2531, prec@10:0.5313, SR:1.3313
Test : loss:1.4281e-01 = 1.4259e-01 + alpha*2.1546e-03
  Perf: mse:1.4259e-01, IC:0.0118, RIC:0.0823, prec@10:0.5039, SR:0.3387

New best validation loss found at epoch 82
Epoch 83/100 ##########################################################
Train: loss:1.8733e-01 = 1.8704e-01 + alpha*2.9405e-03
Valid: loss:1.1199e-01 = 1.1180e-01 + alpha*1.8312e-03
  Perf: mse:1.1180e-01, IC:0.0373, RIC:0.2531, prec@10:0.5313, SR:1.3313
Test : loss:1.4357e-01 = 1.4336e-01 + alpha*2.1373e-03
  Perf: mse:1.4336e-01, IC:0.0118, RIC:0.0823, prec@10:0.5039, SR:0.3387

Epoch 84/100 ##########################################################
Train: loss:1.8723e-01 = 1.8693e-01 + alpha*2.9453e-03
Valid: loss:1.1232e-01 = 1.1213e-01 + alpha*1.8276e-03
  Perf: mse:1.1213e-01, IC:0.0373, RIC:0.2531, prec@10:0.5313, SR:1.3313
Test : loss:1.4365e-01 = 1.4344e-01 + alpha*2.1356e-03
  Perf: mse:1.4344e-01, IC:0.0118, RIC:0.0823, prec@10:0.5039, SR:0.3387

Epoch 85/100 ##########################################################
Train: loss:1.8729e-01 = 1.8699e-01 + alpha*2.9415e-03
Valid: loss:1.1048e-01 = 1.1030e-01 + alpha*1.8464e-03
  Perf: mse:1.1030e-01, IC:0.0373, RIC:0.2531, prec@10:0.5313, SR:1.3313
Test : loss:1.4265e-01 = 1.4243e-01 + alpha*2.1588e-03
  Perf: mse:1.4243e-01, IC:0.0118, RIC:0.0823, prec@10:0.5039, SR:0.3387

Epoch 86/100 ##########################################################
Train: loss:1.8726e-01 = 1.8697e-01 + alpha*2.9438e-03
Valid: loss:1.1122e-01 = 1.1104e-01 + alpha*1.8394e-03
  Perf: mse:1.1104e-01, IC:0.0373, RIC:0.2531, prec@10:0.5313, SR:1.3313
Test : loss:1.4321e-01 = 1.4300e-01 + alpha*2.1455e-03
  Perf: mse:1.4300e-01, IC:0.0118, RIC:0.0823, prec@10:0.5039, SR:0.3387

Epoch 87/100 ##########################################################
Train: loss:1.8727e-01 = 1.8698e-01 + alpha*2.9424e-03
Valid: loss:1.1301e-01 = 1.1283e-01 + alpha*1.8191e-03
  Perf: mse:1.1283e-01, IC:0.0373, RIC:0.2531, prec@10:0.5313, SR:1.3313
Test : loss:1.4339e-01 = 1.4318e-01 + alpha*2.1416e-03
  Perf: mse:1.4318e-01, IC:0.0118, RIC:0.0823, prec@10:0.5039, SR:0.3387

Epoch 88/100 ##########################################################
Train: loss:1.8726e-01 = 1.8697e-01 + alpha*2.9392e-03
Valid: loss:1.1000e-01 = 1.0982e-01 + alpha*1.8537e-03
  Perf: mse:1.0982e-01, IC:0.0373, RIC:0.2531, prec@10:0.5313, SR:1.3313
Test : loss:1.4288e-01 = 1.4267e-01 + alpha*2.1534e-03
  Perf: mse:1.4267e-01, IC:0.0118, RIC:0.0823, prec@10:0.5039, SR:0.3387

New best validation loss found at epoch 88
Epoch 89/100 ##########################################################
Train: loss:1.8741e-01 = 1.8711e-01 + alpha*2.9467e-03
Valid: loss:1.1160e-01 = 1.1142e-01 + alpha*1.8354e-03
  Perf: mse:1.1142e-01, IC:0.0373, RIC:0.2531, prec@10:0.5313, SR:1.3313
Test : loss:1.4339e-01 = 1.4317e-01 + alpha*2.1418e-03
  Perf: mse:1.4317e-01, IC:0.0118, RIC:0.0823, prec@10:0.5039, SR:0.3387

Epoch 90/100 ##########################################################
Train: loss:1.8726e-01 = 1.8697e-01 + alpha*2.9481e-03
Valid: loss:1.1329e-01 = 1.1311e-01 + alpha*1.8163e-03
  Perf: mse:1.1311e-01, IC:0.0373, RIC:0.2531, prec@10:0.5313, SR:1.3313
Test : loss:1.4348e-01 = 1.4327e-01 + alpha*2.1398e-03
  Perf: mse:1.4327e-01, IC:0.0118, RIC:0.0823, prec@10:0.5039, SR:0.3387

Epoch 91/100 ##########################################################
Train: loss:1.8736e-01 = 1.8707e-01 + alpha*2.9446e-03
Valid: loss:1.1247e-01 = 1.1229e-01 + alpha*1.8259e-03
  Perf: mse:1.1229e-01, IC:0.0373, RIC:0.2531, prec@10:0.5313, SR:1.3313
Test : loss:1.4366e-01 = 1.4345e-01 + alpha*2.1360e-03
  Perf: mse:1.4345e-01, IC:0.0118, RIC:0.0823, prec@10:0.5039, SR:0.3387

Epoch 92/100 ##########################################################
Train: loss:1.8736e-01 = 1.8706e-01 + alpha*2.9398e-03
Valid: loss:1.1284e-01 = 1.1266e-01 + alpha*1.8228e-03
  Perf: mse:1.1266e-01, IC:0.0373, RIC:0.2531, prec@10:0.5313, SR:1.3313
Test : loss:1.4404e-01 = 1.4382e-01 + alpha*2.1284e-03
  Perf: mse:1.4382e-01, IC:0.0118, RIC:0.0823, prec@10:0.5039, SR:0.3387

Epoch 93/100 ##########################################################
Train: loss:1.8720e-01 = 1.8690e-01 + alpha*2.9415e-03
Valid: loss:1.1072e-01 = 1.1054e-01 + alpha*1.8442e-03
  Perf: mse:1.1054e-01, IC:0.0373, RIC:0.2531, prec@10:0.5313, SR:1.3313
Test : loss:1.4280e-01 = 1.4259e-01 + alpha*2.1557e-03
  Perf: mse:1.4259e-01, IC:0.0118, RIC:0.0823, prec@10:0.5039, SR:0.3387

Epoch 94/100 ##########################################################
Train: loss:1.8724e-01 = 1.8694e-01 + alpha*2.9416e-03
Valid: loss:1.1316e-01 = 1.1298e-01 + alpha*1.8186e-03
  Perf: mse:1.1298e-01, IC:0.0373, RIC:0.2531, prec@10:0.5313, SR:1.3313
Test : loss:1.4384e-01 = 1.4363e-01 + alpha*2.1325e-03
  Perf: mse:1.4363e-01, IC:0.0118, RIC:0.0823, prec@10:0.5039, SR:0.3387

Epoch 95/100 ##########################################################
Train: loss:1.8725e-01 = 1.8696e-01 + alpha*2.9430e-03
Valid: loss:1.0975e-01 = 1.0956e-01 + alpha*1.8542e-03
  Perf: mse:1.0956e-01, IC:0.0373, RIC:0.2531, prec@10:0.5313, SR:1.3313
Test : loss:1.4216e-01 = 1.4194e-01 + alpha*2.1729e-03
  Perf: mse:1.4194e-01, IC:0.0118, RIC:0.0823, prec@10:0.5039, SR:0.3387

New best validation loss found at epoch 95
Epoch 96/100 ##########################################################
Train: loss:1.8729e-01 = 1.8699e-01 + alpha*2.9449e-03
Valid: loss:1.1101e-01 = 1.1082e-01 + alpha*1.8415e-03
  Perf: mse:1.1082e-01, IC:0.0373, RIC:0.2531, prec@10:0.5313, SR:1.3313
Test : loss:1.4301e-01 = 1.4280e-01 + alpha*2.1510e-03
  Perf: mse:1.4280e-01, IC:0.0118, RIC:0.0823, prec@10:0.5039, SR:0.3387

Epoch 97/100 ##########################################################
Train: loss:1.8719e-01 = 1.8690e-01 + alpha*2.9465e-03
Valid: loss:1.1253e-01 = 1.1235e-01 + alpha*1.8260e-03
  Perf: mse:1.1235e-01, IC:0.0373, RIC:0.2531, prec@10:0.5313, SR:1.3313
Test : loss:1.4386e-01 = 1.4365e-01 + alpha*2.1323e-03
  Perf: mse:1.4365e-01, IC:0.0118, RIC:0.0823, prec@10:0.5039, SR:0.3387

Epoch 98/100 ##########################################################
Train: loss:1.8731e-01 = 1.8702e-01 + alpha*2.9399e-03
Valid: loss:1.0885e-01 = 1.0867e-01 + alpha*1.8662e-03
  Perf: mse:1.0867e-01, IC:0.0373, RIC:0.2531, prec@10:0.5313, SR:1.3313
Test : loss:1.4206e-01 = 1.4184e-01 + alpha*2.1762e-03
  Perf: mse:1.4184e-01, IC:0.0118, RIC:0.0823, prec@10:0.5039, SR:0.3387

New best validation loss found at epoch 98
Epoch 99/100 ##########################################################
Train: loss:1.8744e-01 = 1.8715e-01 + alpha*2.9446e-03
Valid: loss:1.1012e-01 = 1.0994e-01 + alpha*1.8522e-03
  Perf: mse:1.0994e-01, IC:0.0373, RIC:0.2531, prec@10:0.5313, SR:1.3313
Test : loss:1.4283e-01 = 1.4261e-01 + alpha*2.1558e-03
  Perf: mse:1.4261e-01, IC:0.0118, RIC:0.0823, prec@10:0.5039, SR:0.3387

Epoch 100/100 ##########################################################
Train: loss:1.8723e-01 = 1.8693e-01 + alpha*2.9421e-03
Valid: loss:1.1064e-01 = 1.1046e-01 + alpha*1.8464e-03
  Perf: mse:1.1046e-01, IC:0.0373, RIC:0.2531, prec@10:0.5313, SR:1.3313
Test : loss:1.4308e-01 = 1.4286e-01 + alpha*2.1498e-03
  Perf: mse:1.4286e-01, IC:0.0118, RIC:0.0823, prec@10:0.5039, SR:0.3387

Training finished.

Training finished. Best validation performance was at epoch 98.
Best Validation Performance (based on lowest validation loss):
mse:1.0867e-01, IC:0.0373, RIC:0.2531, prec@10:0.5313, SR:1.3313
Corresponding Test Performance:
mse:1.4184e-01, IC:0.0118, RIC:0.0823, prec@10:0.5039, SR:0.3387
Results appended to ../training_results.xlsx
