2025-06-17 01:08:37,776 - INFO - 🎯 股票预测模型批量训练系统
2025-06-17 01:08:37,777 - INFO - ================================================================================
2025-06-17 01:08:37,777 - INFO - 📊 目标数据集: SP500
2025-06-17 01:08:37,777 - INFO - 🔧 运行模式: parallel
2025-06-17 01:08:37,777 - INFO - 📝 要运行的模型: ['StockPredict', 'GCN', 'LSTM', 'LinearModel', 'STHAN-SR']
2025-06-17 01:08:37,778 - INFO - 📝 总模型数量: 5
2025-06-17 01:08:37,778 - INFO - 📁 工作目录: C:\Users\Administrator\Desktop\Stock\src
2025-06-17 01:08:37,779 - INFO - ================================================================================
2025-06-17 01:08:37,779 - INFO - 
🔍 步骤0: 环境检查
2025-06-17 01:08:37,780 - INFO - 🔍 检查运行环境...
2025-06-17 01:08:40,940 - INFO - ✅ 检测到 1 个GPU
2025-06-17 01:08:40,941 - INFO - ✅ 环境检查通过
2025-06-17 01:08:40,941 - INFO - 
📝 步骤1: 更新数据集设置
2025-06-17 01:08:40,941 - INFO - 🔄 开始更新脚本的数据集设置为: SP500
2025-06-17 01:08:40,944 - INFO - 📁 已备份: train.py -> ../backup_original_files\train.py.backup_20250617_010840
2025-06-17 01:08:40,946 - INFO - 📁 已备份: gcn_train.py -> ../backup_original_files\gcn_train.py.backup_20250617_010840
2025-06-17 01:08:40,948 - INFO - 📁 已备份: lstm_train.py -> ../backup_original_files\lstm_train.py.backup_20250617_010840
2025-06-17 01:08:40,949 - INFO - 📁 已备份: linear_train.py -> ../backup_original_files\linear_train.py.backup_20250617_010840
2025-06-17 01:08:40,951 - INFO - 📁 已备份: sthan_sr_train.py -> ../backup_original_files\sthan_sr_train.py.backup_20250617_010840
2025-06-17 01:08:40,954 - INFO - ✅ 已更新 train.py 中的market_name为: SP500
2025-06-17 01:08:40,955 - INFO - ✅ 已更新 gcn_train.py 中的market_name为: SP500
2025-06-17 01:08:40,957 - INFO - ✅ 已更新 lstm_train.py 中的market_name为: SP500
2025-06-17 01:08:40,958 - INFO - ✅ 已更新 linear_train.py 中的market_name为: SP500
2025-06-17 01:08:40,960 - INFO - ✅ 已更新 sthan_sr_train.py 中的market_name为: SP500
2025-06-17 01:08:40,960 - INFO - ✅ 成功更新 5/5 个脚本
2025-06-17 01:08:40,960 - INFO - 
🚀 步骤2: 开始parallel训练
2025-06-17 01:08:41,972 - INFO - 🚀 开始并行训练所有模型...
2025-06-17 01:08:41,972 - WARNING - ⚠️  并行模式可能需要大量GPU内存!
2025-06-17 01:08:41,974 - INFO - 🚀 启动 StockPredict 训练线程...
2025-06-17 01:08:41,975 - INFO - 🚀 开始训练 StockPredict...
2025-06-17 01:08:42,987 - INFO - 🚀 启动 GCN 训练线程...
2025-06-17 01:08:42,988 - INFO - 🚀 开始训练 GCN...
2025-06-17 01:08:43,993 - INFO - 🚀 启动 LSTM 训练线程...
2025-06-17 01:08:43,994 - INFO - 🚀 开始训练 LSTM...
2025-06-17 01:08:44,997 - INFO - 🚀 启动 LinearModel 训练线程...
2025-06-17 01:08:44,998 - INFO - 🚀 开始训练 LinearModel...
2025-06-17 01:08:46,007 - INFO - 🚀 启动 STHAN-SR 训练线程...
2025-06-17 01:08:46,007 - INFO - 🚀 开始训练 STHAN-SR...
2025-06-17 01:17:20,797 - INFO - ✅ LinearModel 训练完成! 耗时: 515.8秒
2025-06-17 01:17:20,798 - INFO - 📄 详细日志: ../logs\batch_training_SP500_20250617_010837_LinearModel.log
2025-06-17 01:17:51,679 - INFO - ✅ GCN 训练完成! 耗时: 548.7秒
2025-06-17 01:17:51,680 - INFO - 📄 详细日志: ../logs\batch_training_SP500_20250617_010837_GCN.log
2025-06-17 01:18:50,302 - INFO - ✅ STHAN-SR 训练完成! 耗时: 604.3秒
2025-06-17 01:18:50,302 - INFO - 📄 详细日志: ../logs\batch_training_SP500_20250617_010837_STHAN-SR.log
2025-06-17 01:20:19,287 - INFO - ✅ LSTM 训练完成! 耗时: 695.3秒
2025-06-17 01:20:19,287 - INFO - 📄 详细日志: ../logs\batch_training_SP500_20250617_010837_LSTM.log
2025-06-17 01:28:18,677 - INFO - ✅ StockPredict 训练完成! 耗时: 1176.7秒
2025-06-17 01:28:18,677 - INFO - 📄 详细日志: ../logs\batch_training_SP500_20250617_010837_StockPredict.log
2025-06-17 01:28:18,678 - INFO - 
🏁 所有模型训练完成! 总耗时: 1176.7秒
2025-06-17 01:28:18,678 - INFO - 
📊 步骤3: 汇总结果
2025-06-17 01:28:18,678 - INFO - 
================================================================================
2025-06-17 01:28:18,679 - INFO - 📊 训练结果汇总
2025-06-17 01:28:18,679 - INFO - ================================================================================
2025-06-17 01:28:18,679 - INFO - StockPredict   : ✅ 成功 (耗时: 1176.7s)
2025-06-17 01:28:18,679 - INFO - GCN            : ✅ 成功 (耗时: 548.7s)
2025-06-17 01:28:18,679 - INFO - LSTM           : ✅ 成功 (耗时: 695.3s)
2025-06-17 01:28:18,679 - INFO - LinearModel    : ✅ 成功 (耗时: 515.8s)
2025-06-17 01:28:18,679 - INFO - STHAN-SR       : ✅ 成功 (耗时: 604.3s)
2025-06-17 01:28:18,679 - INFO - --------------------------------------------------------------------------------
2025-06-17 01:28:18,680 - INFO - 总计: 5/5 个模型训练成功
2025-06-17 01:28:18,680 - INFO - 🎉 所有模型训练完成！
2025-06-17 01:28:18,680 - INFO - 📈 结果文件: ../training_results.xlsx
2025-06-17 01:28:18,680 - INFO -    文件大小: 11638 bytes
2025-06-17 01:28:18,680 - INFO -    修改时间: 2025-06-17 00:25:15
2025-06-17 01:28:18,718 - INFO -    记录数量: 38 条
2025-06-17 01:28:18,719 - INFO -    最近结果:
2025-06-17 01:28:18,721 - INFO -      StockPredict: IC=0.0078
2025-06-17 01:28:18,722 - INFO -      StockPredict: IC=0.0078
2025-06-17 01:28:18,722 - INFO -      StockPredict: IC=0.0085
2025-06-17 01:28:18,722 - INFO -      StockPredict: IC=0.0085
2025-06-17 01:28:18,723 - INFO -      LinearModel: IC=-0.0051
2025-06-17 01:28:18,723 - INFO - 
🎉 批量训练任务完成!
2025-06-17 01:28:18,723 - INFO - 📄 完整日志保存在: ../logs\batch_training_SP500_20250617_010837.log
