Using device: cuda
Loading data from: ../dataset\SP500
原始SP500数据形状: (464, 1148, 5) (股票数: 464, 天数: 1148, 特征数: 5)
使用全部5年数据 (2020-2024)，数据形状: (464, 1148, 5)
Warning: Initial stock_num (1026) does not match SP500.npy shape (464). Adjusting stock_num.
Market is SP500. stock_num adjusted to: 464. Data shapes: eod_data=(464, 1148, 5), price_data=(464, 1148), gt_data=(464, 1148), mask_data=(464, 1148)
市场为 SP500，实际加载股票数量更新为: 464
总交易天数: 1148
根据 60%/20%/_ 分割比例 (已调整为满足最小数据集要求):
训练集天数 (0-indexed, up to valid_index-1): 688 (实际比例: 59.9%)
验证集天数 (valid_index to test_index-1): 230 (实际比例: 20.0%)
测试集天数 (test_index to end): 230 (实际比例: 20.0%)
验证集起始索引 (valid_index): 688
测试集起始索引 (test_index): 918
✅ 数据集分割检查通过
Starting STHAN-SR training...
Epoch 1/100 ##########################################################
Train: loss:1.9114e-01 = 1.8974e-01 + alpha*2.7998e-03
Valid: loss:4.6933e-02 = 4.6127e-02 + alpha*1.6127e-03 | IC: 0.0405, RIC: 0.2494, Prec@10: 0.5300, SR: 1.1287
Test (at best valid): loss:6.7897e-02 = 6.6899e-02 + alpha*1.9970e-03 | IC: 0.0176, RIC: 0.1150, Prec@10: 0.5039, SR: 0.1805

Epoch 2/100 ##########################################################
Train: loss:3.5164e-02 = 3.4470e-02 + alpha*1.3890e-03
Valid: loss:1.7233e-02 = 1.6779e-02 + alpha*9.0738e-04 | IC: 0.0367, RIC: 0.2380, Prec@10: 0.5217, SR: 1.7424
Test (at best valid): loss:2.4027e-02 = 2.3395e-02 + alpha*1.2653e-03 | IC: 0.0319, RIC: 0.2062, Prec@10: 0.4922, SR: 0.4532

Epoch 3/100 ##########################################################
Train: loss:2.1809e-02 = 2.1262e-02 + alpha*1.0924e-03
Valid: loss:1.4623e-02 = 1.4189e-02 + alpha*8.6750e-04 | IC: 0.0387, RIC: 0.2429, Prec@10: 0.5248, SR: 2.0854
Test (at best valid): loss:2.0877e-02 = 2.0284e-02 + alpha*1.1851e-03 | IC: 0.0330, RIC: 0.2149, Prec@10: 0.4913, SR: -0.2689

Epoch 4/100 ##########################################################
Train: loss:1.9986e-02 = 1.9473e-02 + alpha*1.0266e-03
Valid: loss:7.1860e-03 = 6.8871e-03 + alpha*5.9772e-04 | IC: 0.0342, RIC: 0.2266, Prec@10: 0.5204, SR: 2.4613
Test (at best valid): loss:1.3269e-02 = 1.2820e-02 + alpha*8.9798e-04 | IC: 0.0393, RIC: 0.2669, Prec@10: 0.5030, SR: 0.5979

Epoch 5/100 ##########################################################
Train: loss:1.4114e-02 = 1.3682e-02 + alpha*8.6259e-04
Valid: loss:1.3330e-02 = 1.3019e-02 + alpha*6.2099e-04 | IC: 0.0395, RIC: 0.2480, Prec@10: 0.5274, SR: 1.6808

Epoch 6/100 ##########################################################
Train: loss:1.1430e-02 = 1.1057e-02 + alpha*7.4711e-04
Valid: loss:4.8606e-03 = 4.6335e-03 + alpha*4.5415e-04 | IC: 0.0327, RIC: 0.2155, Prec@10: 0.5274, SR: 2.0092
Test (at best valid): loss:6.7482e-03 = 6.4386e-03 + alpha*6.1918e-04 | IC: 0.0369, RIC: 0.2336, Prec@10: 0.4926, SR: 0.1594

Epoch 7/100 ##########################################################
Train: loss:8.8174e-03 = 8.4915e-03 + alpha*6.5191e-04
Valid: loss:4.9493e-03 = 4.7413e-03 + alpha*4.1599e-04 | IC: 0.0286, RIC: 0.2000, Prec@10: 0.5291, SR: 1.7594

Epoch 8/100 ##########################################################
Train: loss:7.9566e-03 = 7.6581e-03 + alpha*5.9695e-04
Valid: loss:3.8186e-03 = 3.6231e-03 + alpha*3.9087e-04 | IC: 0.0304, RIC: 0.2095, Prec@10: 0.5322, SR: 1.5140
Test (at best valid): loss:5.8363e-03 = 5.5547e-03 + alpha*5.6328e-04 | IC: 0.0347, RIC: 0.2343, Prec@10: 0.4943, SR: 0.6701

Epoch 9/100 ##########################################################
Train: loss:6.3996e-03 = 6.1231e-03 + alpha*5.5288e-04
Valid: loss:3.4368e-03 = 3.2618e-03 + alpha*3.4999e-04 | IC: 0.0270, RIC: 0.2071, Prec@10: 0.5304, SR: 2.3000
Test (at best valid): loss:4.4982e-03 = 4.2565e-03 + alpha*4.8337e-04 | IC: 0.0286, RIC: 0.2105, Prec@10: 0.4939, SR: 0.2989

Epoch 10/100 ##########################################################
Train: loss:6.4556e-03 = 6.1930e-03 + alpha*5.2514e-04
Valid: loss:3.3600e-03 = 3.1856e-03 + alpha*3.4882e-04 | IC: 0.0315, RIC: 0.2309, Prec@10: 0.5283, SR: 2.7505
Test (at best valid): loss:5.0583e-03 = 4.8103e-03 + alpha*4.9606e-04 | IC: 0.0317, RIC: 0.2260, Prec@10: 0.4939, SR: 0.5474

Epoch 11/100 ##########################################################
Train: loss:4.6915e-03 = 4.4515e-03 + alpha*4.7996e-04
Valid: loss:5.9864e-03 = 5.8156e-03 + alpha*3.4164e-04 | IC: 0.0335, RIC: 0.2455, Prec@10: 0.5274, SR: 2.7796

Epoch 12/100 ##########################################################
Train: loss:4.5852e-03 = 4.3637e-03 + alpha*4.4306e-04
Valid: loss:7.7158e-03 = 7.5335e-03 + alpha*3.6456e-04 | IC: 0.0362, RIC: 0.2576, Prec@10: 0.5274, SR: 2.3690

Epoch 13/100 ##########################################################
Train: loss:4.7836e-03 = 4.5601e-03 + alpha*4.4688e-04
Valid: loss:2.2824e-03 = 2.1489e-03 + alpha*2.6704e-04 | IC: 0.0254, RIC: 0.2239, Prec@10: 0.5248, SR: 2.0249
Test (at best valid): loss:3.4094e-03 = 3.2100e-03 + alpha*3.9885e-04 | IC: 0.0271, RIC: 0.2266, Prec@10: 0.5143, SR: 0.1207

Epoch 14/100 ##########################################################
Train: loss:4.0500e-03 = 3.8435e-03 + alpha*4.1301e-04
Valid: loss:2.8690e-03 = 2.7378e-03 + alpha*2.6256e-04 | IC: 0.0277, RIC: 0.2323, Prec@10: 0.5261, SR: 2.1285

Epoch 15/100 ##########################################################
Train: loss:3.3726e-03 = 3.1787e-03 + alpha*3.8788e-04
Valid: loss:5.4417e-03 = 5.2850e-03 + alpha*3.1338e-04 | IC: 0.0324, RIC: 0.2493, Prec@10: 0.5300, SR: 2.1954

Epoch 16/100 ##########################################################
Train: loss:3.3190e-03 = 3.1285e-03 + alpha*3.8098e-04
Valid: loss:7.0071e-03 = 6.8294e-03 + alpha*3.5540e-04 | IC: 0.0342, RIC: 0.2511, Prec@10: 0.5309, SR: 2.0734

Epoch 17/100 ##########################################################
Train: loss:2.6984e-03 = 2.5233e-03 + alpha*3.5038e-04
Valid: loss:4.3284e-03 = 4.1995e-03 + alpha*2.5781e-04 | IC: 0.0276, RIC: 0.2285, Prec@10: 0.5252, SR: 1.7872

Epoch 18/100 ##########################################################
Train: loss:2.4056e-03 = 2.2360e-03 + alpha*3.3923e-04
Valid: loss:3.1069e-03 = 2.9871e-03 + alpha*2.3971e-04 | IC: 0.0234, RIC: 0.2070, Prec@10: 0.5296, SR: 1.8069

Epoch 19/100 ##########################################################
Train: loss:2.3113e-03 = 2.1441e-03 + alpha*3.3441e-04
Valid: loss:4.2416e-03 = 4.1045e-03 + alpha*2.7424e-04 | IC: 0.0303, RIC: 0.2305, Prec@10: 0.5300, SR: 1.8803

Epoch 20/100 ##########################################################
Train: loss:2.1742e-03 = 2.0120e-03 + alpha*3.2445e-04
Valid: loss:3.9351e-03 = 3.8010e-03 + alpha*2.6823e-04 | IC: 0.0302, RIC: 0.2310, Prec@10: 0.5261, SR: 2.4288

Epoch 21/100 ##########################################################
Train: loss:2.0750e-03 = 1.9147e-03 + alpha*3.2075e-04
Valid: loss:3.2030e-03 = 3.0925e-03 + alpha*2.2094e-04 | IC: 0.0245, RIC: 0.2064, Prec@10: 0.5274, SR: 2.1364

Epoch 22/100 ##########################################################
Train: loss:2.1744e-03 = 2.0178e-03 + alpha*3.1328e-04
Valid: loss:3.0741e-03 = 2.9527e-03 + alpha*2.4285e-04 | IC: 0.0282, RIC: 0.2214, Prec@10: 0.5283, SR: 2.2390

Epoch 23/100 ##########################################################
Train: loss:2.4477e-03 = 2.2880e-03 + alpha*3.1941e-04
Valid: loss:1.2068e-03 = 1.1142e-03 + alpha*1.8516e-04 | IC: 0.0063, RIC: 0.0677, Prec@10: 0.5170, SR: 1.9704
Test (at best valid): loss:1.7963e-03 = 1.6619e-03 + alpha*2.6887e-04 | IC: 0.0145, RIC: 0.1512, Prec@10: 0.5291, SR: 0.8653

Epoch 24/100 ##########################################################
Train: loss:2.4076e-03 = 2.2480e-03 + alpha*3.1923e-04
Valid: loss:2.0333e-03 = 1.9339e-03 + alpha*1.9881e-04 | IC: 0.0203, RIC: 0.1890, Prec@10: 0.5252, SR: 2.0365

Epoch 25/100 ##########################################################
Train: loss:1.8921e-03 = 1.7400e-03 + alpha*3.0410e-04
Valid: loss:4.7261e-03 = 4.5958e-03 + alpha*2.6063e-04 | IC: 0.0321, RIC: 0.2390, Prec@10: 0.5300, SR: 2.4720

Epoch 26/100 ##########################################################
Train: loss:2.0641e-03 = 1.9104e-03 + alpha*3.0733e-04
Valid: loss:1.5689e-03 = 1.4695e-03 + alpha*1.9881e-04 | IC: 0.0244, RIC: 0.2059, Prec@10: 0.5248, SR: 2.2105

Epoch 27/100 ##########################################################
Train: loss:1.8032e-03 = 1.6536e-03 + alpha*2.9916e-04
Valid: loss:2.5369e-03 = 2.4302e-03 + alpha*2.1349e-04 | IC: 0.0269, RIC: 0.2176, Prec@10: 0.5283, SR: 2.1425

Epoch 28/100 ##########################################################
Train: loss:2.3328e-03 = 2.1758e-03 + alpha*3.1399e-04
Valid: loss:1.5354e-03 = 1.4479e-03 + alpha*1.7503e-04 | IC: 0.0186, RIC: 0.1745, Prec@10: 0.5213, SR: 1.9118

Epoch 29/100 ##########################################################
Train: loss:1.9272e-03 = 1.7762e-03 + alpha*3.0210e-04
Valid: loss:5.5593e-03 = 5.4233e-03 + alpha*2.7210e-04 | IC: 0.0343, RIC: 0.2471, Prec@10: 0.5322, SR: 2.4557

Epoch 30/100 ##########################################################
Train: loss:2.2213e-03 = 2.0690e-03 + alpha*3.0473e-04
Valid: loss:1.7572e-03 = 1.6501e-03 + alpha*2.1430e-04 | IC: 0.0270, RIC: 0.2193, Prec@10: 0.5261, SR: 2.0912

Epoch 31/100 ##########################################################
Train: loss:1.8855e-03 = 1.7364e-03 + alpha*2.9821e-04
Valid: loss:2.2399e-03 = 2.1310e-03 + alpha*2.1778e-04 | IC: 0.0274, RIC: 0.2223, Prec@10: 0.5296, SR: 2.3774

Epoch 32/100 ##########################################################
Train: loss:2.0133e-03 = 1.8645e-03 + alpha*2.9760e-04
Valid: loss:1.4129e-03 = 1.3222e-03 + alpha*1.8139e-04 | IC: 0.0195, RIC: 0.1812, Prec@10: 0.5278, SR: 1.9364

Epoch 33/100 ##########################################################
Train: loss:1.8050e-03 = 1.6590e-03 + alpha*2.9195e-04
Valid: loss:1.6205e-03 = 1.5214e-03 + alpha*1.9823e-04 | IC: 0.0244, RIC: 0.2098, Prec@10: 0.5287, SR: 2.3340

Epoch 34/100 ##########################################################
Train: loss:1.8201e-03 = 1.6744e-03 + alpha*2.9141e-04
Valid: loss:1.8301e-03 = 1.7431e-03 + alpha*1.7393e-04 | IC: 0.0244, RIC: 0.2108, Prec@10: 0.5270, SR: 2.1371

Epoch 35/100 ##########################################################
Train: loss:1.7285e-03 = 1.5861e-03 + alpha*2.8493e-04
Valid: loss:1.2331e-03 = 1.1534e-03 + alpha*1.5939e-04 | IC: 0.0185, RIC: 0.1694, Prec@10: 0.5257, SR: 1.6292

Epoch 36/100 ##########################################################
Train: loss:2.1834e-03 = 2.0341e-03 + alpha*2.9866e-04
Valid: loss:2.2067e-03 = 2.0945e-03 + alpha*2.2428e-04 | IC: 0.0288, RIC: 0.2283, Prec@10: 0.5304, SR: 2.1276

Epoch 37/100 ##########################################################
Train: loss:1.6266e-03 = 1.4866e-03 + alpha*2.8003e-04
Valid: loss:2.3646e-03 = 2.2639e-03 + alpha*2.0137e-04 | IC: 0.0289, RIC: 0.2313, Prec@10: 0.5291, SR: 2.3522

Epoch 38/100 ##########################################################
Train: loss:1.6480e-03 = 1.5056e-03 + alpha*2.8489e-04
Valid: loss:2.2784e-03 = 2.1590e-03 + alpha*2.3894e-04 | IC: 0.0310, RIC: 0.2325, Prec@10: 0.5296, SR: 2.1987

Epoch 39/100 ##########################################################
Train: loss:1.7227e-03 = 1.5816e-03 + alpha*2.8212e-04
Valid: loss:1.2007e-03 = 1.1168e-03 + alpha*1.6783e-04 | IC: 0.0193, RIC: 0.1821, Prec@10: 0.5270, SR: 1.7448
Test (at best valid): loss:1.2747e-03 = 1.1650e-03 + alpha*2.1936e-04 | IC: 0.0183, RIC: 0.1891, Prec@10: 0.5213, SR: 1.1632

Epoch 40/100 ##########################################################
Train: loss:1.7142e-03 = 1.5736e-03 + alpha*2.8114e-04
Valid: loss:3.5036e-03 = 3.4055e-03 + alpha*1.9621e-04 | IC: 0.0315, RIC: 0.2425, Prec@10: 0.5248, SR: 2.2407

Epoch 41/100 ##########################################################
Train: loss:1.8403e-03 = 1.7003e-03 + alpha*2.8006e-04
Valid: loss:2.0883e-03 = 1.9997e-03 + alpha*1.7728e-04 | IC: 0.0266, RIC: 0.2253, Prec@10: 0.5278, SR: 1.8828

Epoch 42/100 ##########################################################
Train: loss:1.6620e-03 = 1.5225e-03 + alpha*2.7905e-04
Valid: loss:1.7773e-03 = 1.6866e-03 + alpha*1.8146e-04 | IC: 0.0246, RIC: 0.2207, Prec@10: 0.5278, SR: 2.2341

Epoch 43/100 ##########################################################
Train: loss:1.6593e-03 = 1.5221e-03 + alpha*2.7439e-04
Valid: loss:3.0403e-03 = 2.9320e-03 + alpha*2.1667e-04 | IC: 0.0307, RIC: 0.2397, Prec@10: 0.5278, SR: 2.1064

Epoch 44/100 ##########################################################
Train: loss:1.6640e-03 = 1.5260e-03 + alpha*2.7607e-04
Valid: loss:2.2950e-03 = 2.1998e-03 + alpha*1.9038e-04 | IC: 0.0293, RIC: 0.2346, Prec@10: 0.5291, SR: 1.7854

Epoch 45/100 ##########################################################
Train: loss:1.6425e-03 = 1.5063e-03 + alpha*2.7238e-04
Valid: loss:4.1457e-03 = 4.0364e-03 + alpha*2.1873e-04 | IC: 0.0347, RIC: 0.2495, Prec@10: 0.5304, SR: 2.0296

Epoch 46/100 ##########################################################
Train: loss:1.8328e-03 = 1.6918e-03 + alpha*2.8196e-04
Valid: loss:1.4891e-03 = 1.4198e-03 + alpha*1.3873e-04 | IC: 0.0159, RIC: 0.1648, Prec@10: 0.5257, SR: 1.9417

Epoch 47/100 ##########################################################
Train: loss:1.5395e-03 = 1.4058e-03 + alpha*2.6725e-04
Valid: loss:3.1549e-03 = 3.0521e-03 + alpha*2.0549e-04 | IC: 0.0326, RIC: 0.2436, Prec@10: 0.5278, SR: 1.7733

Epoch 48/100 ##########################################################
Train: loss:1.5231e-03 = 1.3908e-03 + alpha*2.6470e-04
Valid: loss:2.7743e-03 = 2.6528e-03 + alpha*2.4286e-04 | IC: 0.0356, RIC: 0.2432, Prec@10: 0.5243, SR: 1.7230

Epoch 49/100 ##########################################################
Train: loss:1.6396e-03 = 1.5052e-03 + alpha*2.6876e-04
Valid: loss:1.3157e-03 = 1.2291e-03 + alpha*1.7301e-04 | IC: 0.0263, RIC: 0.2184, Prec@10: 0.5248, SR: 1.5121

Epoch 50/100 ##########################################################
Train: loss:1.5117e-03 = 1.3812e-03 + alpha*2.6108e-04
Valid: loss:2.5901e-03 = 2.4916e-03 + alpha*1.9692e-04 | IC: 0.0305, RIC: 0.2382, Prec@10: 0.5257, SR: 1.6628

Epoch 51/100 ##########################################################
Train: loss:1.5422e-03 = 1.4104e-03 + alpha*2.6353e-04
Valid: loss:1.4879e-03 = 1.4091e-03 + alpha*1.5768e-04 | IC: 0.0204, RIC: 0.2047, Prec@10: 0.5252, SR: 2.2290

Epoch 52/100 ##########################################################
Train: loss:1.6609e-03 = 1.5260e-03 + alpha*2.6979e-04
Valid: loss:3.7794e-03 = 3.6692e-03 + alpha*2.2028e-04 | IC: 0.0352, RIC: 0.2506, Prec@10: 0.5287, SR: 1.8187

Epoch 53/100 ##########################################################
Train: loss:1.6488e-03 = 1.5170e-03 + alpha*2.6359e-04
Valid: loss:9.7453e-04 = 8.9590e-04 + alpha*1.5724e-04 | IC: 0.0163, RIC: 0.1707, Prec@10: 0.5239, SR: 1.7199
Test (at best valid): loss:1.3593e-03 = 1.2502e-03 + alpha*2.1819e-04 | IC: 0.0108, RIC: 0.1192, Prec@10: 0.5135, SR: 0.5379

Epoch 54/100 ##########################################################
Train: loss:1.7539e-03 = 1.6200e-03 + alpha*2.6766e-04
Valid: loss:4.9425e-03 = 4.8298e-03 + alpha*2.2540e-04 | IC: 0.0368, RIC: 0.2574, Prec@10: 0.5222, SR: 1.9707

Epoch 55/100 ##########################################################
Train: loss:1.9797e-03 = 1.8410e-03 + alpha*2.7744e-04
Valid: loss:1.0319e-03 = 9.5318e-04 + alpha*1.5752e-04 | IC: 0.0238, RIC: 0.2069, Prec@10: 0.5287, SR: 1.5434

Epoch 56/100 ##########################################################
Train: loss:1.5180e-03 = 1.3885e-03 + alpha*2.5895e-04
Valid: loss:1.8576e-03 = 1.7634e-03 + alpha*1.8844e-04 | IC: 0.0297, RIC: 0.2383, Prec@10: 0.5248, SR: 1.9108

Epoch 57/100 ##########################################################
Train: loss:1.6649e-03 = 1.5310e-03 + alpha*2.6769e-04
Valid: loss:2.5858e-03 = 2.5004e-03 + alpha*1.7070e-04 | IC: 0.0309, RIC: 0.2377, Prec@10: 0.5222, SR: 1.7590

Epoch 58/100 ##########################################################
Train: loss:1.5812e-03 = 1.4489e-03 + alpha*2.6449e-04
Valid: loss:1.4301e-03 = 1.3391e-03 + alpha*1.8220e-04 | IC: 0.0281, RIC: 0.2333, Prec@10: 0.5265, SR: 1.8226

Epoch 59/100 ##########################################################
Train: loss:1.8489e-03 = 1.7112e-03 + alpha*2.7535e-04
Valid: loss:1.3453e-03 = 1.2544e-03 + alpha*1.8195e-04 | IC: 0.0324, RIC: 0.2433, Prec@10: 0.5257, SR: 1.7573

Epoch 60/100 ##########################################################
Train: loss:1.4487e-03 = 1.3203e-03 + alpha*2.5672e-04
Valid: loss:1.1138e-03 = 1.0356e-03 + alpha*1.5630e-04 | IC: 0.0234, RIC: 0.2114, Prec@10: 0.5191, SR: 1.8443

Epoch 61/100 ##########################################################
Train: loss:1.4895e-03 = 1.3620e-03 + alpha*2.5491e-04
Valid: loss:3.1029e-03 = 2.9952e-03 + alpha*2.1526e-04 | IC: 0.0355, RIC: 0.2504, Prec@10: 0.5226, SR: 1.7303

Epoch 62/100 ##########################################################
Train: loss:1.4933e-03 = 1.3655e-03 + alpha*2.5558e-04
Valid: loss:2.9731e-03 = 2.8587e-03 + alpha*2.2893e-04 | IC: 0.0348, RIC: 0.2483, Prec@10: 0.5257, SR: 1.4524

Epoch 63/100 ##########################################################
Train: loss:1.4694e-03 = 1.3424e-03 + alpha*2.5413e-04
Valid: loss:9.5411e-04 = 8.9020e-04 + alpha*1.2781e-04 | IC: 0.0097, RIC: 0.1023, Prec@10: 0.5248, SR: 1.3572
Test (at best valid): loss:1.1935e-03 = 1.0905e-03 + alpha*2.0589e-04 | IC: 0.0145, RIC: 0.1600, Prec@10: 0.5226, SR: 0.6647

Epoch 64/100 ##########################################################
Train: loss:1.5216e-03 = 1.3917e-03 + alpha*2.5970e-04
Valid: loss:2.4319e-03 = 2.3349e-03 + alpha*1.9395e-04 | IC: 0.0341, RIC: 0.2423, Prec@10: 0.5209, SR: 1.6350

Epoch 65/100 ##########################################################
Train: loss:1.5408e-03 = 1.4124e-03 + alpha*2.5669e-04
Valid: loss:3.5338e-03 = 3.4188e-03 + alpha*2.2997e-04 | IC: 0.0365, RIC: 0.2505, Prec@10: 0.5226, SR: 1.7195

Epoch 66/100 ##########################################################
Train: loss:1.7386e-03 = 1.6070e-03 + alpha*2.6310e-04
Valid: loss:2.8031e-03 = 2.6988e-03 + alpha*2.0855e-04 | IC: 0.0324, RIC: 0.2452, Prec@10: 0.5226, SR: 1.6707

Epoch 67/100 ##########################################################
Train: loss:1.5961e-03 = 1.4678e-03 + alpha*2.5644e-04
Valid: loss:1.9505e-03 = 1.8589e-03 + alpha*1.8311e-04 | IC: 0.0311, RIC: 0.2387, Prec@10: 0.5243, SR: 1.6731

Epoch 68/100 ##########################################################
Train: loss:1.6167e-03 = 1.4871e-03 + alpha*2.5913e-04
Valid: loss:1.1704e-03 = 1.0711e-03 + alpha*1.9864e-04 | IC: 0.0182, RIC: 0.1933, Prec@10: 0.5261, SR: 1.3380

Epoch 69/100 ##########################################################
Train: loss:1.6365e-03 = 1.5056e-03 + alpha*2.6188e-04
Valid: loss:1.4701e-03 = 1.4010e-03 + alpha*1.3823e-04 | IC: 0.0156, RIC: 0.1654, Prec@10: 0.5200, SR: 1.5274

Epoch 70/100 ##########################################################
Train: loss:1.4605e-03 = 1.3327e-03 + alpha*2.5549e-04
Valid: loss:1.1132e-03 = 1.0399e-03 + alpha*1.4661e-04 | IC: 0.0186, RIC: 0.1841, Prec@10: 0.5200, SR: 1.5106

Epoch 71/100 ##########################################################
Train: loss:1.5697e-03 = 1.4418e-03 + alpha*2.5573e-04
Valid: loss:2.4332e-03 = 2.3494e-03 + alpha*1.6772e-04 | IC: 0.0322, RIC: 0.2529, Prec@10: 0.5191, SR: 1.8977

Epoch 72/100 ##########################################################
Train: loss:1.4615e-03 = 1.3365e-03 + alpha*2.4993e-04
Valid: loss:2.1518e-03 = 2.0569e-03 + alpha*1.8986e-04 | IC: 0.0315, RIC: 0.2438, Prec@10: 0.5226, SR: 1.2997

Epoch 73/100 ##########################################################
Train: loss:1.4236e-03 = 1.2998e-03 + alpha*2.4755e-04
Valid: loss:2.3006e-03 = 2.2025e-03 + alpha*1.9611e-04 | IC: 0.0359, RIC: 0.2462, Prec@10: 0.5235, SR: 1.7161

Epoch 74/100 ##########################################################
Train: loss:1.5900e-03 = 1.4630e-03 + alpha*2.5393e-04
Valid: loss:1.9038e-03 = 1.8157e-03 + alpha*1.7620e-04 | IC: 0.0298, RIC: 0.2314, Prec@10: 0.5204, SR: 1.6577

Epoch 75/100 ##########################################################
Train: loss:1.3823e-03 = 1.2583e-03 + alpha*2.4807e-04
Valid: loss:1.2745e-03 = 1.1997e-03 + alpha*1.4966e-04 | IC: 0.0245, RIC: 0.2086, Prec@10: 0.5257, SR: 1.3631

Epoch 76/100 ##########################################################
Train: loss:1.6007e-03 = 1.4730e-03 + alpha*2.5533e-04
Valid: loss:1.3746e-03 = 1.2931e-03 + alpha*1.6296e-04 | IC: 0.0307, RIC: 0.2361, Prec@10: 0.5283, SR: 1.0328

Epoch 77/100 ##########################################################
Train: loss:1.5092e-03 = 1.3799e-03 + alpha*2.5869e-04
Valid: loss:2.4672e-03 = 2.3494e-03 + alpha*2.3573e-04 | IC: 0.0322, RIC: 0.2446, Prec@10: 0.5278, SR: 1.1399

Epoch 78/100 ##########################################################
Train: loss:1.5465e-03 = 1.4193e-03 + alpha*2.5445e-04
Valid: loss:1.4158e-03 = 1.3306e-03 + alpha*1.7041e-04 | IC: 0.0303, RIC: 0.2365, Prec@10: 0.5204, SR: 1.8776

Epoch 79/100 ##########################################################
Train: loss:1.4982e-03 = 1.3718e-03 + alpha*2.5279e-04
Valid: loss:8.3501e-04 = 7.6258e-04 + alpha*1.4484e-04 | IC: 0.0214, RIC: 0.1951, Prec@10: 0.5235, SR: 1.4007
Test (at best valid): loss:1.1690e-03 = 1.0734e-03 + alpha*1.9120e-04 | IC: 0.0111, RIC: 0.1171, Prec@10: 0.5104, SR: -0.0104

Epoch 80/100 ##########################################################
Train: loss:1.5180e-03 = 1.3936e-03 + alpha*2.4892e-04
Valid: loss:2.9950e-03 = 2.8846e-03 + alpha*2.2084e-04 | IC: 0.0376, RIC: 0.2523, Prec@10: 0.5209, SR: 1.9016

Epoch 81/100 ##########################################################
Train: loss:1.4580e-03 = 1.3343e-03 + alpha*2.4747e-04
Valid: loss:7.9550e-04 = 7.2738e-04 + alpha*1.3623e-04 | IC: 0.0213, RIC: 0.1976, Prec@10: 0.5252, SR: 1.2924
Test (at best valid): loss:1.0430e-03 = 9.5407e-04 + alpha*1.7786e-04 | IC: 0.0146, RIC: 0.1484, Prec@10: 0.5113, SR: 0.1722

Epoch 82/100 ##########################################################
Train: loss:1.6794e-03 = 1.5529e-03 + alpha*2.5291e-04
Valid: loss:2.7867e-03 = 2.7014e-03 + alpha*1.7055e-04 | IC: 0.0293, RIC: 0.2426, Prec@10: 0.5200, SR: 1.4408

Epoch 83/100 ##########################################################
Train: loss:1.6850e-03 = 1.5555e-03 + alpha*2.5901e-04
Valid: loss:1.1854e-03 = 1.1192e-03 + alpha*1.3241e-04 | IC: -0.0005, RIC: -0.0061, Prec@10: 0.5204, SR: 1.4593

Epoch 84/100 ##########################################################
Train: loss:1.7685e-03 = 1.6408e-03 + alpha*2.5545e-04
Valid: loss:2.4858e-03 = 2.3792e-03 + alpha*2.1317e-04 | IC: 0.0369, RIC: 0.2542, Prec@10: 0.5204, SR: 1.3198

Epoch 85/100 ##########################################################
Train: loss:1.4362e-03 = 1.3131e-03 + alpha*2.4621e-04
Valid: loss:1.6169e-03 = 1.5270e-03 + alpha*1.7977e-04 | IC: 0.0319, RIC: 0.2370, Prec@10: 0.5226, SR: 1.4464

Epoch 86/100 ##########################################################
Train: loss:1.4630e-03 = 1.3384e-03 + alpha*2.4917e-04
Valid: loss:7.9435e-04 = 7.2788e-04 + alpha*1.3294e-04 | IC: 0.0255, RIC: 0.2172, Prec@10: 0.5213, SR: 1.5605
Test (at best valid): loss:1.0758e-03 = 9.8183e-04 + alpha*1.8791e-04 | IC: 0.0143, RIC: 0.1480, Prec@10: 0.5100, SR: 0.0195

Epoch 87/100 ##########################################################
Train: loss:1.4023e-03 = 1.2793e-03 + alpha*2.4605e-04
Valid: loss:9.9551e-04 = 9.2049e-04 + alpha*1.5005e-04 | IC: 0.0247, RIC: 0.2137, Prec@10: 0.5191, SR: 1.5403

Epoch 88/100 ##########################################################
Train: loss:1.4191e-03 = 1.2964e-03 + alpha*2.4549e-04
Valid: loss:8.4491e-04 = 7.7560e-04 + alpha*1.3862e-04 | IC: 0.0194, RIC: 0.1847, Prec@10: 0.5261, SR: 1.4652

Epoch 89/100 ##########################################################
Train: loss:1.5023e-03 = 1.3794e-03 + alpha*2.4576e-04
Valid: loss:1.0731e-03 = 9.9566e-04 + alpha*1.5483e-04 | IC: 0.0280, RIC: 0.2307, Prec@10: 0.5174, SR: 1.3710

Epoch 90/100 ##########################################################
Train: loss:1.3406e-03 = 1.2203e-03 + alpha*2.4067e-04
Valid: loss:2.8166e-03 = 2.7167e-03 + alpha*1.9966e-04 | IC: 0.0355, RIC: 0.2503, Prec@10: 0.5226, SR: 1.5871

Epoch 91/100 ##########################################################
Train: loss:1.5180e-03 = 1.3949e-03 + alpha*2.4624e-04
Valid: loss:1.3901e-03 = 1.3187e-03 + alpha*1.4284e-04 | IC: 0.0249, RIC: 0.2167, Prec@10: 0.5287, SR: 1.2695

Epoch 92/100 ##########################################################
Train: loss:1.3489e-03 = 1.2287e-03 + alpha*2.4022e-04
Valid: loss:7.5870e-04 = 6.9578e-04 + alpha*1.2583e-04 | IC: 0.0160, RIC: 0.1633, Prec@10: 0.5309, SR: 1.5416
Test (at best valid): loss:1.0685e-03 = 9.7272e-04 + alpha*1.9159e-04 | IC: 0.0112, RIC: 0.1199, Prec@10: 0.5061, SR: 0.4692

Epoch 93/100 ##########################################################
Train: loss:1.7330e-03 = 1.6056e-03 + alpha*2.5499e-04
Valid: loss:2.7478e-03 = 2.6707e-03 + alpha*1.5438e-04 | IC: 0.0355, RIC: 0.2651, Prec@10: 0.5243, SR: 1.5655

Epoch 94/100 ##########################################################
Train: loss:1.4844e-03 = 1.3607e-03 + alpha*2.4744e-04
Valid: loss:2.4900e-03 = 2.4039e-03 + alpha*1.7209e-04 | IC: 0.0310, RIC: 0.2492, Prec@10: 0.5283, SR: 1.3717

Epoch 95/100 ##########################################################
Train: loss:1.5557e-03 = 1.4307e-03 + alpha*2.5001e-04
Valid: loss:2.1535e-03 = 2.0838e-03 + alpha*1.3952e-04 | IC: 0.0275, RIC: 0.2387, Prec@10: 0.5222, SR: 1.3257

Epoch 96/100 ##########################################################
Train: loss:1.3955e-03 = 1.2730e-03 + alpha*2.4502e-04
Valid: loss:2.0060e-03 = 1.9030e-03 + alpha*2.0602e-04 | IC: 0.0359, RIC: 0.2485, Prec@10: 0.5291, SR: 1.2786

Epoch 97/100 ##########################################################
Train: loss:1.3129e-03 = 1.1939e-03 + alpha*2.3787e-04
Valid: loss:9.8649e-04 = 9.2178e-04 + alpha*1.2944e-04 | IC: 0.0150, RIC: 0.1549, Prec@10: 0.5313, SR: 1.4116

Epoch 98/100 ##########################################################
Train: loss:1.3222e-03 = 1.2030e-03 + alpha*2.3843e-04
Valid: loss:1.6276e-03 = 1.5325e-03 + alpha*1.9025e-04 | IC: 0.0341, RIC: 0.2470, Prec@10: 0.5217, SR: 1.4026

Epoch 99/100 ##########################################################
Train: loss:1.3797e-03 = 1.2595e-03 + alpha*2.4038e-04
Valid: loss:1.0675e-03 = 9.9585e-04 + alpha*1.4332e-04 | IC: 0.0266, RIC: 0.2196, Prec@10: 0.5278, SR: 1.3930

Epoch 100/100 ##########################################################
Train: loss:1.3487e-03 = 1.2309e-03 + alpha*2.3560e-04
Valid: loss:1.8747e-03 = 1.8027e-03 + alpha*1.4406e-04 | IC: 0.0306, RIC: 0.2364, Prec@10: 0.5230, SR: 1.5381


STHAN-SR Training Finished.
Best Epoch: 92
Best Valid Loss: 7.5870e-04
Best Valid Performance: IC: 0.0160, RIC: 0.1633, Prec@10: 0.5309, SR: 1.5416
 Corresponding Test Performance: IC: 0.0112, RIC: 0.1199, Prec@10: 0.5061, SR: 0.4692
Error writing to Excel: [Errno 13] Permission denied: '../training_results.xlsx'
