市场为 NASDAQ，实际加载股票数量更新为: 951
总交易天数: 1148
根据 60%/20%/_ 分割比例 (已调整为满足最小数据集要求):
训练集天数 (0-indexed, up to valid_index-1): 688 (实际比例: 59.9%)
验证集天数 (valid_index to test_index-1): 230 (实际比例: 20.0%)
测试集天数 (test_index to end): 230 (实际比例: 20.0%)
验证集起始索引 (valid_index): 688
测试集起始索引 (test_index): 918
✅ 数据集分割检查通过
✅ EOD数据已使用训练集的均值和标准差进行标准化
C:\ProgramData\anaconda3\envs\mypytorch\lib\site-packages\torch\optim\lr_scheduler.py:62: UserWarning: The verbose parameter is deprecated. Please use get_last_lr() to access the learning rate.
  warnings.warn(
epoch1##########################################################
Train : loss:2.21e+06  =  2.21e+06 + alpha*5.51e-01
train.py:205: DeprecationWarning: __array__ implementation doesn't accept a copy keyword, so passing copy=False failed. __array__ must implement 'dtype' and 'copy' keyword arguments.
  cur_valid_pred[:, cur_offset - (start_index - lookback_length - steps + 1)] = cur_rr[:, 0].cpu()
train.py:206: DeprecationWarning: __array__ implementation doesn't accept a copy keyword, so passing copy=False failed. __array__ must implement 'dtype' and 'copy' keyword arguments.
  cur_valid_gt[:, cur_offset - (start_index - lookback_length - steps + 1)] = gt_batch[:, 0].cpu()
train.py:207: DeprecationWarning: __array__ implementation doesn't accept a copy keyword, so passing copy=False failed. __array__ must implement 'dtype' and 'copy' keyword arguments.
  cur_valid_mask[:, cur_offset - (start_index - lookback_length - steps + 1)] = mask_batch[:, 0].cpu()
Valid : loss:3.08e+06  =  3.08e+06 + alpha*1.04e+00
Test: loss:1.16e+10  =  1.16e+10 + alpha*1.83e+07
Valid performance:
 mse:3.08e+06, IC:-7.26e-04, RIC:-1.03e-01, prec@10:5.48e-01, SR:2.13e+00
Test performance:
 mse:1.16e+10, IC:-6.77e-03, RIC:-9.59e-02, prec@10:5.17e-01, SR:2.39e+00 


epoch2##########################################################
Train : loss:7.25e+05  =  7.25e+05 + alpha*3.13e-01
Valid : loss:1.18e+06  =  1.18e+06 + alpha*5.97e-01
Test: loss:1.16e+10  =  1.16e+10 + alpha*1.98e+06
Valid performance:
 mse:1.18e+06, IC:-1.99e-04, RIC:-2.79e-02, prec@10:5.81e-01, SR:2.64e+00
Test performance:
 mse:1.16e+10, IC:-6.17e-03, RIC:-8.76e-02, prec@10:5.34e-01, SR:2.58e+00 


epoch3##########################################################
Train : loss:4.65e+05  =  4.65e+05 + alpha*2.30e-01
Valid : loss:1.50e+06  =  1.50e+06 + alpha*6.90e-01
Test: loss:1.16e+10  =  1.16e+10 + alpha*1.64e+07
Valid performance:
 mse:1.50e+06, IC:5.00e-04, RIC:7.05e-02, prec@10:5.53e-01, SR:1.44e+00
Test performance:
 mse:1.16e+10, IC:-9.70e-03, RIC:-1.36e-01, prec@10:5.23e-01, SR:2.41e+00 


epoch4##########################################################
Train : loss:2.89e+05  =  2.89e+05 + alpha*1.85e-01
Valid : loss:1.29e+06  =  1.29e+06 + alpha*7.29e-01
Test: loss:1.16e+10  =  1.16e+10 + alpha*6.06e-01
Valid performance:
 mse:1.29e+06, IC:3.82e-04, RIC:5.39e-02, prec@10:6.13e-01, SR:1.48e+00
Test performance:
 mse:1.16e+10, IC:9.86e-03, RIC:1.32e-01, prec@10:5.54e-01, SR:1.05e+00 


epoch5##########################################################
Train : loss:2.33e+05  =  2.33e+05 + alpha*1.61e-01
Valid : loss:5.88e+05  =  5.88e+05 + alpha*4.77e-01
Test: loss:1.16e+10  =  1.16e+10 + alpha*4.52e-01
Valid performance:
 mse:5.88e+05, IC:1.14e-04, RIC:1.60e-02, prec@10:6.24e-01, SR:1.19e+00
Test performance:
 mse:1.16e+10, IC:7.53e-03, RIC:1.05e-01, prec@10:5.50e-01, SR:1.05e+00 


epoch6##########################################################
Train : loss:1.53e+05  =  1.53e+05 + alpha*1.35e-01
Valid : loss:2.63e+05  =  2.63e+05 + alpha*3.05e-01
Test: loss:1.16e+10  =  1.16e+10 + alpha*7.15e+06
Valid performance:
 mse:2.63e+05, IC:-1.63e-04, RIC:-2.29e-02, prec@10:5.83e-01, SR:2.58e+00
Test performance:
 mse:1.16e+10, IC:-5.59e-03, RIC:-7.49e-02, prec@10:5.26e-01, SR:3.03e+00 


epoch7##########################################################
Train : loss:1.70e+05  =  1.70e+05 + alpha*1.30e-01
Valid : loss:2.91e+05  =  2.91e+05 + alpha*3.04e-01
Test: loss:1.16e+10  =  1.16e+10 + alpha*5.94e+06
Valid performance:
 mse:2.91e+05, IC:-4.92e-05, RIC:-6.93e-03, prec@10:5.63e-01, SR:1.49e+00
Test performance:
 mse:1.16e+10, IC:-7.82e-03, RIC:-1.08e-01, prec@10:5.18e-01, SR:2.41e+00 


epoch8##########################################################
Train : loss:1.13e+05  =  1.13e+05 + alpha*1.07e-01
Valid : loss:2.18e+05  =  2.18e+05 + alpha*2.53e-01
Test: loss:1.16e+10  =  1.16e+10 + alpha*2.30e-01
Valid performance:
 mse:2.18e+05, IC:2.94e-05, RIC:4.14e-03, prec@10:5.61e-01, SR:1.22e+00
Test performance:
 mse:1.16e+10, IC:2.43e-03, RIC:3.38e-02, prec@10:5.28e-01, SR:1.05e+00 


epoch9##########################################################
Train : loss:9.07e+04  =  9.07e+04 + alpha*1.02e-01
Valid : loss:1.11e+05  =  1.11e+05 + alpha*1.93e-01
Test: loss:1.16e+10  =  1.16e+10 + alpha*4.37e+06
Valid performance:
 mse:1.11e+05, IC:-2.13e-04, RIC:-3.00e-02, prec@10:5.81e-01, SR:1.44e+00
Test performance:
 mse:1.16e+10, IC:-6.16e-03, RIC:-8.59e-02, prec@10:5.17e-01, SR:2.25e+00 


epoch10##########################################################
Train : loss:5.65e+04  =  5.65e+04 + alpha*7.43e-02
Valid : loss:1.01e+05  =  1.01e+05 + alpha*1.79e-01
Test: loss:1.16e+10  =  1.16e+10 + alpha*1.63e-01
Valid performance:
 mse:1.01e+05, IC:-2.25e-04, RIC:-3.17e-02, prec@10:5.59e-01, SR:1.84e+00
Test performance:
 mse:1.16e+10, IC:-1.41e-03, RIC:-1.86e-02, prec@10:5.37e-01, SR:1.05e+00 


epoch11##########################################################
Train : loss:4.12e+04  =  4.12e+04 + alpha*7.22e-02
Valid : loss:1.36e+05  =  1.36e+05 + alpha*2.13e-01
Test: loss:1.16e+10  =  1.16e+10 + alpha*1.81e-01
Valid performance:
 mse:1.36e+05, IC:4.83e-04, RIC:6.59e-02, prec@10:6.16e-01, SR:1.52e+00
Test performance:
 mse:1.16e+10, IC:9.34e-03, RIC:1.23e-01, prec@10:5.56e-01, SR:1.05e+00 


epoch12##########################################################
Train : loss:3.84e+04  =  3.84e+04 + alpha*7.17e-02
Valid : loss:6.89e+04  =  6.89e+04 + alpha*1.33e-01
Test: loss:1.16e+10  =  1.16e+10 + alpha*6.37e+06
Valid performance:
 mse:6.89e+04, IC:9.04e-04, RIC:1.28e-01, prec@10:5.89e-01, SR:1.12e+00
Test performance:
 mse:1.16e+10, IC:-3.75e-03, RIC:-5.09e-02, prec@10:5.27e-01, SR:2.58e+00 


epoch13##########################################################
Train : loss:3.10e+04  =  3.10e+04 + alpha*6.27e-02
Valid : loss:6.70e+04  =  6.70e+04 + alpha*1.33e-01
Test: loss:1.16e+10  =  1.16e+10 + alpha*1.08e-01
Valid performance:
 mse:6.70e+04, IC:2.61e-04, RIC:3.68e-02, prec@10:5.89e-01, SR:3.32e+00
Test performance:
 mse:1.16e+10, IC:4.26e-03, RIC:6.16e-02, prec@10:5.32e-01, SR:1.05e+00 


epoch14##########################################################
Train : loss:3.60e+04  =  3.60e+04 + alpha*7.10e-02
Valid : loss:9.92e+04  =  9.92e+04 + alpha*1.87e-01
Test: loss:1.16e+10  =  1.16e+10 + alpha*2.45e+06
Valid performance:
 mse:9.92e+04, IC:-5.49e-04, RIC:-7.74e-02, prec@10:5.54e-01, SR:1.14e+00
Test performance:
 mse:1.16e+10, IC:-1.03e-02, RIC:-1.38e-01, prec@10:5.18e-01, SR:2.30e+00 


epoch15##########################################################
Train : loss:2.97e+04  =  2.97e+04 + alpha*6.43e-02
Valid : loss:2.22e+05  =  2.22e+05 + alpha*2.96e-01
Test: loss:1.16e+10  =  1.16e+10 + alpha*3.09e+06
Valid performance:
 mse:2.22e+05, IC:-2.10e-04, RIC:-2.96e-02, prec@10:5.58e-01, SR:8.29e-01
Test performance:
 mse:1.16e+10, IC:-1.03e-02, RIC:-1.39e-01, prec@10:5.10e-01, SR:7.97e-01 


epoch16##########################################################
Train : loss:2.44e+04  =  2.44e+04 + alpha*5.44e-02
Valid : loss:8.55e+04  =  8.55e+04 + alpha*1.88e-01
Test: loss:1.16e+10  =  1.16e+10 + alpha*5.51e+05
Valid performance:
 mse:8.55e+04, IC:3.31e-04, RIC:4.66e-02, prec@10:6.29e-01, SR:1.14e+00
Test performance:
 mse:1.16e+10, IC:5.50e-04, RIC:7.46e-03, prec@10:5.51e-01, SR:4.08e+00 


epoch17##########################################################
Train : loss:2.01e+04  =  2.01e+04 + alpha*4.96e-02
Valid : loss:8.31e+04  =  8.31e+04 + alpha*1.76e-01
Test: loss:1.16e+10  =  1.16e+10 + alpha*1.34e-01
Valid performance:
 mse:8.31e+04, IC:2.80e-04, RIC:3.94e-02, prec@10:6.24e-01, SR:1.58e+00
Test performance:
 mse:1.16e+10, IC:8.62e-03, RIC:1.19e-01, prec@10:5.30e-01, SR:1.05e+00 


epoch18##########################################################
Train : loss:1.78e+04  =  1.78e+04 + alpha*4.55e-02
Valid : loss:2.53e+04  =  2.53e+04 + alpha*9.71e-02
Test: loss:1.16e+10  =  1.16e+10 + alpha*7.59e-02
Valid performance:
 mse:2.53e+04, IC:-8.01e-04, RIC:-1.14e-01, prec@10:5.86e-01, SR:2.91e+00
Test performance:
 mse:1.16e+10, IC:2.95e-03, RIC:4.20e-02, prec@10:5.33e-01, SR:1.05e+00 


epoch19##########################################################
Train : loss:1.46e+04  =  1.46e+04 + alpha*4.33e-02
Valid : loss:2.65e+04  =  2.65e+04 + alpha*9.14e-02
Test: loss:1.16e+10  =  1.16e+10 + alpha*8.50e-02
Valid performance:
 mse:2.65e+04, IC:2.35e-04, RIC:3.32e-02, prec@10:5.73e-01, SR:3.06e+00
Test performance:
 mse:1.16e+10, IC:3.36e-03, RIC:4.86e-02, prec@10:5.15e-01, SR:1.05e+00 


epoch20##########################################################
Train : loss:1.04e+04  =  1.04e+04 + alpha*3.44e-02
Valid : loss:1.90e+04  =  1.90e+04 + alpha*7.41e-02
Test: loss:1.16e+10  =  1.16e+10 + alpha*5.53e+05
Valid performance:
 mse:1.90e+04, IC:3.15e-04, RIC:4.44e-02, prec@10:5.66e-01, SR:1.14e+00
Test performance:
 mse:1.16e+10, IC:-2.93e-03, RIC:-4.07e-02, prec@10:5.22e-01, SR:2.43e+00 


epoch21##########################################################
Train : loss:1.21e+04  =  1.21e+04 + alpha*3.77e-02
Valid : loss:3.47e+04  =  3.47e+04 + alpha*1.10e-01
Test: loss:1.16e+10  =  1.16e+10 + alpha*8.94e-02
Valid performance:
 mse:3.47e+04, IC:-6.01e-04, RIC:-8.49e-02, prec@10:5.57e-01, SR:1.40e+00
Test performance:
 mse:1.16e+10, IC:-3.18e-03, RIC:-4.33e-02, prec@10:4.93e-01, SR:1.05e+00 


epoch22##########################################################
Train : loss:9.52e+03  =  9.52e+03 + alpha*3.45e-02
Valid : loss:5.25e+04  =  5.25e+04 + alpha*1.40e-01
Test: loss:1.16e+10  =  1.16e+10 + alpha*1.23e-01
Valid performance:
 mse:5.25e+04, IC:5.02e-04, RIC:7.08e-02, prec@10:6.16e-01, SR:1.17e+00
Test performance:
 mse:1.16e+10, IC:7.61e-03, RIC:1.06e-01, prec@10:5.43e-01, SR:1.05e+00 


epoch23##########################################################
Train : loss:1.10e+04  =  1.10e+04 + alpha*3.65e-02
Valid : loss:3.02e+04  =  3.02e+04 + alpha*9.41e-02
Test: loss:1.16e+10  =  1.16e+10 + alpha*8.63e-02
Valid performance:
 mse:3.02e+04, IC:1.27e-04, RIC:1.79e-02, prec@10:5.37e-01, SR:1.08e+00
Test performance:
 mse:1.16e+10, IC:1.93e-03, RIC:2.72e-02, prec@10:5.04e-01, SR:1.05e+00 


epoch24##########################################################
Train : loss:8.06e+03  =  8.06e+03 + alpha*2.76e-02
Valid : loss:1.57e+04  =  1.57e+04 + alpha*7.82e-02
Test: loss:1.16e+10  =  1.16e+10 + alpha*5.82e-02
Valid performance:
 mse:1.57e+04, IC:-5.70e-04, RIC:-8.05e-02, prec@10:5.81e-01, SR:1.18e+00
Test performance:
 mse:1.16e+10, IC:5.65e-03, RIC:8.09e-02, prec@10:5.20e-01, SR:1.05e+00 


epoch25##########################################################
Train : loss:7.33e+03  =  7.33e+03 + alpha*2.93e-02
Valid : loss:1.39e+04  =  1.39e+04 + alpha*6.76e-02
Test: loss:1.16e+10  =  1.16e+10 + alpha*1.29e+06
Valid performance:
 mse:1.39e+04, IC:-7.44e-04, RIC:-1.05e-01, prec@10:5.65e-01, SR:2.49e+00
Test performance:
 mse:1.16e+10, IC:-6.58e-03, RIC:-9.46e-02, prec@10:5.10e-01, SR:2.49e+00 


epoch26##########################################################
Train : loss:6.34e+03  =  6.34e+03 + alpha*2.78e-02
Valid : loss:1.61e+04  =  1.61e+04 + alpha*6.86e-02
Test: loss:1.16e+10  =  1.16e+10 + alpha*6.35e-02
Valid performance:
 mse:1.61e+04, IC:4.48e-04, RIC:6.32e-02, prec@10:5.42e-01, SR:1.29e+00
Test performance:
 mse:1.16e+10, IC:3.99e-03, RIC:5.79e-02, prec@10:5.03e-01, SR:1.05e+00 


epoch27##########################################################
Train : loss:7.71e+03  =  7.71e+03 + alpha*3.57e-02
Valid : loss:2.71e+04  =  2.71e+04 + alpha*9.81e-02
Test: loss:1.16e+10  =  1.16e+10 + alpha*7.81e-02
Valid performance:
 mse:2.71e+04, IC:8.10e-05, RIC:1.14e-02, prec@10:5.98e-01, SR:1.47e+00
Test performance:
 mse:1.16e+10, IC:7.60e-03, RIC:1.07e-01, prec@10:5.35e-01, SR:1.05e+00 


epoch28##########################################################
Train : loss:5.60e+03  =  5.60e+03 + alpha*2.32e-02
Valid : loss:1.32e+04  =  1.32e+04 + alpha*6.10e-02
Test: loss:1.16e+10  =  1.16e+10 + alpha*5.28e-02
Valid performance:
 mse:1.32e+04, IC:2.53e-04, RIC:3.57e-02, prec@10:5.74e-01, SR:1.07e+00
Test performance:
 mse:1.16e+10, IC:2.17e-03, RIC:3.02e-02, prec@10:5.33e-01, SR:1.05e+00 


epoch29##########################################################
Train : loss:5.93e+03  =  5.93e+03 + alpha*2.44e-02
Valid : loss:1.25e+04  =  1.25e+04 + alpha*6.30e-02
Test: loss:1.16e+10  =  1.16e+10 + alpha*1.50e+06
Valid performance:
 mse:1.25e+04, IC:-4.34e-04, RIC:-6.12e-02, prec@10:5.66e-01, SR:3.40e+00
Test performance:
 mse:1.16e+10, IC:-4.49e-03, RIC:-6.50e-02, prec@10:5.26e-01, SR:2.94e+00 


epoch30##########################################################
Train : loss:5.67e+03  =  5.67e+03 + alpha*2.35e-02
Valid : loss:1.81e+04  =  1.81e+04 + alpha*7.40e-02
Test: loss:1.16e+10  =  1.16e+10 + alpha*6.28e-02
Valid performance:
 mse:1.81e+04, IC:1.03e-04, RIC:1.44e-02, prec@10:5.86e-01, SR:3.00e+00
Test performance:
 mse:1.16e+10, IC:7.75e-03, RIC:1.10e-01, prec@10:5.40e-01, SR:1.05e+00 


epoch31##########################################################
Train : loss:4.83e+03  =  4.83e+03 + alpha*2.26e-02
Valid : loss:1.43e+04  =  1.43e+04 + alpha*6.53e-02
Test: loss:1.16e+10  =  1.16e+10 + alpha*3.35e+06
Valid performance:
 mse:1.43e+04, IC:2.23e-08, RIC:3.13e-06, prec@10:5.43e-01, SR:5.08e-01
Test performance:
 mse:1.16e+10, IC:-3.45e-03, RIC:-4.99e-02, prec@10:5.16e-01, SR:2.80e+00 


epoch32##########################################################
Train : loss:5.12e+03  =  5.12e+03 + alpha*2.46e-02
Valid : loss:1.21e+04  =  1.21e+04 + alpha*6.39e-02
Test: loss:1.16e+10  =  1.16e+10 + alpha*5.00e-02
Valid performance:
 mse:1.21e+04, IC:-3.27e-04, RIC:-4.61e-02, prec@10:5.67e-01, SR:1.61e+00
Test performance:
 mse:1.16e+10, IC:4.31e-03, RIC:6.24e-02, prec@10:5.09e-01, SR:1.05e+00 


epoch33##########################################################
Train : loss:4.58e+03  =  4.58e+03 + alpha*2.44e-02
Valid : loss:1.66e+04  =  1.66e+04 + alpha*7.46e-02
Test: loss:1.16e+10  =  1.16e+10 + alpha*3.80e+06
Valid performance:
 mse:1.66e+04, IC:-6.51e-04, RIC:-9.20e-02, prec@10:5.30e-01, SR:1.10e+00
Test performance:
 mse:1.16e+10, IC:-6.84e-03, RIC:-9.84e-02, prec@10:5.05e-01, SR:3.63e+00 


epoch34##########################################################
Train : loss:4.71e+03  =  4.71e+03 + alpha*2.31e-02
Valid : loss:1.23e+04  =  1.23e+04 + alpha*6.79e-02
Test: loss:1.16e+10  =  1.16e+10 + alpha*5.67e-02
Valid performance:
 mse:1.23e+04, IC:-1.47e-04, RIC:-2.07e-02, prec@10:5.73e-01, SR:1.14e+00
Test performance:
 mse:1.16e+10, IC:2.94e-03, RIC:4.10e-02, prec@10:4.99e-01, SR:1.05e+00 


epoch35##########################################################
Train : loss:4.33e+03  =  4.33e+03 + alpha*2.30e-02
Valid : loss:1.22e+04  =  1.22e+04 + alpha*5.96e-02
Test: loss:1.16e+10  =  1.16e+10 + alpha*4.89e-02
Valid performance:
 mse:1.22e+04, IC:8.62e-04, RIC:1.22e-01, prec@10:5.76e-01, SR:2.29e+00
Test performance:
 mse:1.16e+10, IC:5.55e-03, RIC:7.95e-02, prec@10:5.16e-01, SR:1.05e+00 


epoch36##########################################################
Train : loss:4.60e+03  =  4.60e+03 + alpha*2.37e-02
Valid : loss:1.74e+04  =  1.74e+04 + alpha*7.66e-02
Test: loss:1.16e+10  =  1.16e+10 + alpha*1.54e+06
Valid performance:
 mse:1.74e+04, IC:-3.94e-04, RIC:-5.56e-02, prec@10:5.59e-01, SR:2.01e+00
Test performance:
 mse:1.16e+10, IC:-8.11e-03, RIC:-1.16e-01, prec@10:5.06e-01, SR:3.38e+00 


epoch37##########################################################
Train : loss:4.29e+03  =  4.29e+03 + alpha*2.28e-02
Valid : loss:1.36e+04  =  1.36e+04 + alpha*6.20e-02
Test: loss:1.16e+10  =  1.16e+10 + alpha*5.41e-02
Valid performance:
 mse:1.36e+04, IC:-8.16e-05, RIC:-1.15e-02, prec@10:5.53e-01, SR:2.23e+00
Test performance:
 mse:1.16e+10, IC:1.85e-03, RIC:2.59e-02, prec@10:5.08e-01, SR:1.05e+00 


epoch38##########################################################
Train : loss:4.06e+03  =  4.06e+03 + alpha*2.33e-02
Valid : loss:1.55e+04  =  1.55e+04 + alpha*7.20e-02
Test: loss:1.16e+10  =  1.16e+10 + alpha*4.57e+05
Valid performance:
 mse:1.55e+04, IC:-4.93e-04, RIC:-6.95e-02, prec@10:5.34e-01, SR:1.08e+00
Test performance:
 mse:1.16e+10, IC:-5.88e-03, RIC:-8.39e-02, prec@10:4.92e-01, SR:2.05e+00 


epoch39##########################################################
Train : loss:3.90e+03  =  3.90e+03 + alpha*2.10e-02
Valid : loss:1.02e+04  =  1.02e+04 + alpha*5.59e-02
Test: loss:1.16e+10  =  1.16e+10 + alpha*4.59e+05
Valid performance:
 mse:1.02e+04, IC:7.67e-05, RIC:1.08e-02, prec@10:5.77e-01, SR:1.77e+00
Test performance:
 mse:1.16e+10, IC:-4.03e-03, RIC:-5.73e-02, prec@10:5.33e-01, SR:3.03e+00 


epoch40##########################################################
Train : loss:3.99e+03  =  3.99e+03 + alpha*2.09e-02
Valid : loss:1.06e+04  =  1.06e+04 + alpha*5.78e-02
Test: loss:1.16e+10  =  1.16e+10 + alpha*4.79e-02
Valid performance:
 mse:1.06e+04, IC:-1.28e-04, RIC:-1.80e-02, prec@10:5.65e-01, SR:1.20e+00
Test performance:
 mse:1.16e+10, IC:5.22e-03, RIC:7.57e-02, prec@10:5.18e-01, SR:1.05e+00 


epoch41##########################################################
Train : loss:3.36e+03  =  3.36e+03 + alpha*1.84e-02
Valid : loss:8.68e+03  =  8.68e+03 + alpha*5.01e-02
Test: loss:1.16e+10  =  1.16e+10 + alpha*5.01e+05
Valid performance:
 mse:8.68e+03, IC:1.73e-04, RIC:2.44e-02, prec@10:5.63e-01, SR:2.21e+00
Test performance:
 mse:1.16e+10, IC:-3.09e-03, RIC:-4.37e-02, prec@10:5.22e-01, SR:1.50e+00 


epoch42##########################################################
Train : loss:4.01e+03  =  4.01e+03 + alpha*2.18e-02
Valid : loss:1.10e+04  =  1.10e+04 + alpha*5.86e-02
Test: loss:1.16e+10  =  1.16e+10 + alpha*5.12e-02
Valid performance:
 mse:1.10e+04, IC:6.03e-04, RIC:8.50e-02, prec@10:5.94e-01, SR:1.14e+00
Test performance:
 mse:1.16e+10, IC:5.13e-03, RIC:7.37e-02, prec@10:5.38e-01, SR:1.05e+00 


epoch43##########################################################
Train : loss:3.69e+03  =  3.69e+03 + alpha*2.08e-02
Valid : loss:1.13e+04  =  1.13e+04 + alpha*6.07e-02
Test: loss:1.16e+10  =  1.16e+10 + alpha*4.96e+05
Valid performance:
 mse:1.13e+04, IC:-7.90e-05, RIC:-1.11e-02, prec@10:5.84e-01, SR:1.51e+00
Test performance:
 mse:1.16e+10, IC:-7.20e-03, RIC:-9.85e-02, prec@10:5.12e-01, SR:3.18e+00 


epoch44##########################################################
Train : loss:3.33e+03  =  3.33e+03 + alpha*1.73e-02
Valid : loss:1.24e+04  =  1.24e+04 + alpha*5.93e-02
Test: loss:1.16e+10  =  1.16e+10 + alpha*1.35e+06
Valid performance:
 mse:1.24e+04, IC:2.64e-04, RIC:3.72e-02, prec@10:5.77e-01, SR:2.86e+00
Test performance:
 mse:1.16e+10, IC:-4.08e-03, RIC:-5.94e-02, prec@10:5.34e-01, SR:2.96e+00 


epoch45##########################################################
Train : loss:4.21e+03  =  4.21e+03 + alpha*2.21e-02
Valid : loss:1.09e+04  =  1.09e+04 + alpha*6.21e-02
Test: loss:1.16e+10  =  1.16e+10 + alpha*4.92e-02
Valid performance:
 mse:1.09e+04, IC:3.08e-04, RIC:4.34e-02, prec@10:5.76e-01, SR:1.11e+00
Test performance:
 mse:1.16e+10, IC:7.94e-03, RIC:1.13e-01, prec@10:5.32e-01, SR:1.05e+00 


epoch46##########################################################
Train : loss:3.67e+03  =  3.67e+03 + alpha*2.07e-02
Valid : loss:1.14e+04  =  1.14e+04 + alpha*5.90e-02
Test: loss:1.16e+10  =  1.16e+10 + alpha*4.93e-02
Valid performance:
 mse:1.14e+04, IC:-7.64e-05, RIC:-1.08e-02, prec@10:5.89e-01, SR:1.22e+00
Test performance:
 mse:1.16e+10, IC:4.39e-03, RIC:6.33e-02, prec@10:5.15e-01, SR:1.05e+00 


epoch47##########################################################
Train : loss:3.80e+03  =  3.80e+03 + alpha*2.06e-02
Valid : loss:1.02e+04  =  1.02e+04 + alpha*6.04e-02
Test: loss:1.16e+10  =  1.16e+10 + alpha*5.05e-02
Valid performance:
 mse:1.02e+04, IC:-6.35e-04, RIC:-8.98e-02, prec@10:5.75e-01, SR:1.49e+00
Test performance:
 mse:1.16e+10, IC:3.82e-03, RIC:5.45e-02, prec@10:5.17e-01, SR:1.05e+00 


epoch48##########################################################
Train : loss:3.54e+03  =  3.54e+03 + alpha*2.09e-02
Valid : loss:1.07e+04  =  1.07e+04 + alpha*6.02e-02
Test: loss:1.16e+10  =  1.16e+10 + alpha*2.72e+04
Valid performance:
 mse:1.07e+04, IC:-8.54e-05, RIC:-1.20e-02, prec@10:5.93e-01, SR:1.14e+00
Test performance:
 mse:1.16e+10, IC:-5.07e-03, RIC:-7.22e-02, prec@10:5.23e-01, SR:3.49e+00 


epoch49##########################################################
Train : loss:3.39e+03  =  3.39e+03 + alpha*2.14e-02
Valid : loss:9.77e+03  =  9.77e+03 + alpha*5.91e-02
Test: loss:1.16e+10  =  1.16e+10 + alpha*5.14e-02
Valid performance:
 mse:9.77e+03, IC:-1.53e-04, RIC:-2.15e-02, prec@10:5.77e-01, SR:1.31e+00
Test performance:
 mse:1.16e+10, IC:4.00e-03, RIC:5.82e-02, prec@10:5.20e-01, SR:1.05e+00 


epoch50##########################################################
Train : loss:3.51e+03  =  3.51e+03 + alpha*2.04e-02
Valid : loss:8.17e+03  =  8.17e+03 + alpha*5.04e-02
Test: loss:1.16e+10  =  1.16e+10 + alpha*1.99e+06
Valid performance:
 mse:8.17e+03, IC:5.90e-04, RIC:8.34e-02, prec@10:5.85e-01, SR:2.77e+00
Test performance:
 mse:1.16e+10, IC:-3.91e-03, RIC:-5.50e-02, prec@10:5.34e-01, SR:3.31e+00 


epoch51##########################################################
Train : loss:3.69e+03  =  3.69e+03 + alpha*1.84e-02
Valid : loss:1.15e+04  =  1.15e+04 + alpha*5.99e-02
Test: loss:1.16e+10  =  1.16e+10 + alpha*1.57e+04
Valid performance:
 mse:1.15e+04, IC:-5.31e-04, RIC:-7.47e-02, prec@10:5.60e-01, SR:1.39e+00
Test performance:
 mse:1.16e+10, IC:-5.11e-03, RIC:-7.41e-02, prec@10:5.07e-01, SR:2.48e+00 


epoch52##########################################################
Train : loss:3.21e+03  =  3.21e+03 + alpha*1.96e-02
Valid : loss:1.05e+04  =  1.05e+04 + alpha*5.84e-02
Test: loss:1.16e+10  =  1.16e+10 + alpha*5.30e+05
Valid performance:
 mse:1.05e+04, IC:-9.88e-05, RIC:-1.39e-02, prec@10:5.76e-01, SR:1.49e+00
Test performance:
 mse:1.16e+10, IC:-3.67e-03, RIC:-5.34e-02, prec@10:5.43e-01, SR:3.45e+00 


epoch53##########################################################
Train : loss:3.44e+03  =  3.44e+03 + alpha*1.89e-02
Valid : loss:8.87e+03  =  8.87e+03 + alpha*5.05e-02
Test: loss:1.16e+10  =  1.16e+10 + alpha*4.33e-02
Valid performance:
 mse:8.87e+03, IC:1.97e-04, RIC:2.77e-02, prec@10:5.71e-01, SR:1.01e+00
Test performance:
 mse:1.16e+10, IC:3.37e-03, RIC:4.77e-02, prec@10:5.19e-01, SR:1.05e+00 


epoch54##########################################################
Train : loss:3.34e+03  =  3.34e+03 + alpha*2.11e-02
Valid : loss:1.04e+04  =  1.04e+04 + alpha*5.90e-02
Test: loss:1.16e+10  =  1.16e+10 + alpha*5.11e-02
Valid performance:
 mse:1.04e+04, IC:-1.97e-04, RIC:-2.77e-02, prec@10:5.94e-01, SR:3.16e+00
Test performance:
 mse:1.16e+10, IC:4.13e-03, RIC:5.98e-02, prec@10:5.30e-01, SR:1.05e+00 


epoch55##########################################################
Train : loss:3.70e+03  =  3.70e+03 + alpha*2.29e-02
Valid : loss:1.25e+04  =  1.25e+04 + alpha*5.90e-02
Test: loss:1.16e+10  =  1.16e+10 + alpha*1.50e+05
Valid performance:
 mse:1.25e+04, IC:1.05e-03, RIC:1.49e-01, prec@10:5.81e-01, SR:1.21e+00
Test performance:
 mse:1.16e+10, IC:-5.85e-03, RIC:-8.41e-02, prec@10:5.33e-01, SR:2.62e+00 


epoch56##########################################################
Train : loss:3.23e+03  =  3.23e+03 + alpha*1.88e-02
Valid : loss:1.08e+04  =  1.08e+04 + alpha*5.95e-02
Test: loss:1.16e+10  =  1.16e+10 + alpha*3.07e+05
Valid performance:
 mse:1.08e+04, IC:-8.84e-05, RIC:-1.24e-02, prec@10:5.74e-01, SR:1.31e+00
Test performance:
 mse:1.16e+10, IC:-4.38e-03, RIC:-6.27e-02, prec@10:5.27e-01, SR:3.27e+00 


epoch57##########################################################
Train : loss:3.19e+03  =  3.19e+03 + alpha*2.06e-02
Valid : loss:1.06e+04  =  1.06e+04 + alpha*5.56e-02
Test: loss:1.16e+10  =  1.16e+10 + alpha*6.04e+05
Valid performance:
 mse:1.06e+04, IC:3.81e-04, RIC:5.36e-02, prec@10:5.79e-01, SR:3.84e+00
Test performance:
 mse:1.16e+10, IC:-3.80e-03, RIC:-5.25e-02, prec@10:5.30e-01, SR:1.67e+00 


epoch58##########################################################
Train : loss:3.57e+03  =  3.57e+03 + alpha*1.95e-02
Valid : loss:9.58e+03  =  9.58e+03 + alpha*5.51e-02
Test: loss:1.16e+10  =  1.16e+10 + alpha*1.21e+06
Valid performance:
 mse:9.58e+03, IC:-8.56e-04, RIC:-1.21e-01, prec@10:5.70e-01, SR:1.49e+00
Test performance:
 mse:1.16e+10, IC:-4.45e-03, RIC:-6.34e-02, prec@10:5.12e-01, SR:2.57e+00 


epoch59##########################################################
Train : loss:3.16e+03  =  3.16e+03 + alpha*2.10e-02
Valid : loss:1.04e+04  =  1.04e+04 + alpha*5.58e-02
Test: loss:1.16e+10  =  1.16e+10 + alpha*4.43e-02
Valid performance:
 mse:1.04e+04, IC:-4.80e-05, RIC:-6.75e-03, prec@10:5.78e-01, SR:1.54e+00
Test performance:
 mse:1.16e+10, IC:7.03e-03, RIC:1.02e-01, prec@10:5.21e-01, SR:1.05e+00 


epoch60##########################################################
Train : loss:3.38e+03  =  3.38e+03 + alpha*1.88e-02
Valid : loss:9.87e+03  =  9.87e+03 + alpha*5.80e-02
Test: loss:1.16e+10  =  1.16e+10 + alpha*4.64e-02
Valid performance:
 mse:9.87e+03, IC:-4.68e-04, RIC:-6.61e-02, prec@10:5.78e-01, SR:1.46e+00
Test performance:
 mse:1.16e+10, IC:4.95e-03, RIC:7.17e-02, prec@10:5.16e-01, SR:1.05e+00 


epoch61##########################################################
Train : loss:4.04e+03  =  4.04e+03 + alpha*2.32e-02
Valid : loss:9.16e+03  =  9.16e+03 + alpha*5.13e-02
Test: loss:1.16e+10  =  1.16e+10 + alpha*4.62e+05
Valid performance:
 mse:9.16e+03, IC:3.15e-04, RIC:4.44e-02, prec@10:5.67e-01, SR:1.14e+00
Test performance:
 mse:1.16e+10, IC:-5.26e-03, RIC:-7.51e-02, prec@10:5.15e-01, SR:3.81e+00 


epoch62##########################################################
Train : loss:3.48e+03  =  3.48e+03 + alpha*2.23e-02
Valid : loss:9.48e+03  =  9.48e+03 + alpha*5.87e-02
Test: loss:1.16e+10  =  1.16e+10 + alpha*3.97e-02
Valid performance:
 mse:9.48e+03, IC:-5.37e-04, RIC:-7.58e-02, prec@10:5.58e-01, SR:3.31e+00
Test performance:
 mse:1.16e+10, IC:1.33e-03, RIC:1.88e-02, prec@10:5.28e-01, SR:1.05e+00 


epoch63##########################################################
Train : loss:3.15e+03  =  3.15e+03 + alpha*1.81e-02
Valid : loss:9.46e+03  =  9.46e+03 + alpha*5.44e-02
Test: loss:1.16e+10  =  1.16e+10 + alpha*4.67e-02
Valid performance:
 mse:9.46e+03, IC:1.23e-04, RIC:1.73e-02, prec@10:5.65e-01, SR:9.66e-01
Test performance:
 mse:1.16e+10, IC:3.07e-03, RIC:4.50e-02, prec@10:5.30e-01, SR:1.05e+00 


epoch64##########################################################
Train : loss:2.96e+03  =  2.96e+03 + alpha*1.68e-02
Valid : loss:9.12e+03  =  9.12e+03 + alpha*5.19e-02
Test: loss:1.16e+10  =  1.16e+10 + alpha*2.42e+05
Valid performance:
 mse:9.12e+03, IC:6.90e-04, RIC:9.76e-02, prec@10:5.81e-01, SR:2.89e+00
Test performance:
 mse:1.16e+10, IC:-4.81e-03, RIC:-6.95e-02, prec@10:5.31e-01, SR:3.26e+00 


epoch65##########################################################
Train : loss:3.75e+03  =  3.75e+03 + alpha*2.30e-02
Valid : loss:9.18e+03  =  9.18e+03 + alpha*4.90e-02
Test: loss:1.16e+10  =  1.16e+10 + alpha*5.19e-02
Valid performance:
 mse:9.18e+03, IC:1.85e-04, RIC:2.61e-02, prec@10:5.85e-01, SR:1.17e+00
Test performance:
 mse:1.16e+10, IC:3.77e-03, RIC:5.37e-02, prec@10:5.16e-01, SR:1.05e+00 


epoch66##########################################################
Train : loss:3.21e+03  =  3.21e+03 + alpha*1.92e-02
Valid : loss:1.04e+04  =  1.04e+04 + alpha*6.18e-02
Test: loss:1.16e+10  =  1.16e+10 + alpha*8.72e+05
Valid performance:
 mse:1.04e+04, IC:-1.63e-04, RIC:-2.30e-02, prec@10:5.65e-01, SR:1.17e+00
Test performance:
 mse:1.16e+10, IC:-3.45e-03, RIC:-5.00e-02, prec@10:5.14e-01, SR:1.72e+00 


epoch67##########################################################
Train : loss:2.98e+03  =  2.98e+03 + alpha*1.76e-02
Valid : loss:8.30e+03  =  8.30e+03 + alpha*5.12e-02
Test: loss:1.16e+10  =  1.16e+10 + alpha*5.02e-02
Valid performance:
 mse:8.30e+03, IC:-5.27e-04, RIC:-7.43e-02, prec@10:5.82e-01, SR:2.86e+00
Test performance:
 mse:1.16e+10, IC:5.37e-03, RIC:7.80e-02, prec@10:5.31e-01, SR:1.05e+00 


epoch68##########################################################
Train : loss:3.37e+03  =  3.37e+03 + alpha*2.16e-02
Valid : loss:1.06e+04  =  1.06e+04 + alpha*5.65e-02
Test: loss:1.16e+10  =  1.16e+10 + alpha*4.61e-02
Valid performance:
 mse:1.06e+04, IC:6.31e-04, RIC:8.91e-02, prec@10:5.77e-01, SR:1.16e+00
Test performance:
 mse:1.16e+10, IC:5.54e-03, RIC:7.93e-02, prec@10:5.22e-01, SR:1.05e+00 


epoch69##########################################################
Train : loss:3.23e+03  =  3.23e+03 + alpha*2.03e-02
Valid : loss:1.03e+04  =  1.03e+04 + alpha*6.46e-02
Test: loss:1.16e+10  =  1.16e+10 + alpha*4.17e-02
Valid performance:
 mse:1.03e+04, IC:-1.31e-03, RIC:-1.87e-01, prec@10:5.77e-01, SR:1.44e+00
Test performance:
 mse:1.16e+10, IC:4.92e-03, RIC:7.05e-02, prec@10:5.17e-01, SR:1.05e+00 


epoch70##########################################################
Train : loss:3.76e+03  =  3.76e+03 + alpha*2.01e-02
Valid : loss:9.86e+03  =  9.86e+03 + alpha*5.59e-02
Test: loss:1.16e+10  =  1.16e+10 + alpha*6.05e+05
Valid performance:
 mse:9.86e+03, IC:7.06e-04, RIC:9.99e-02, prec@10:5.63e-01, SR:3.01e+00
Test performance:
 mse:1.16e+10, IC:-6.32e-03, RIC:-8.89e-02, prec@10:5.31e-01, SR:4.20e+00 


epoch71##########################################################
Train : loss:3.61e+03  =  3.61e+03 + alpha*2.28e-02
Valid : loss:9.83e+03  =  9.83e+03 + alpha*6.03e-02
Test: loss:1.16e+10  =  1.16e+10 + alpha*4.20e-02
Valid performance:
 mse:9.83e+03, IC:-5.07e-04, RIC:-7.15e-02, prec@10:5.65e-01, SR:2.43e+00
Test performance:
 mse:1.16e+10, IC:4.63e-03, RIC:6.74e-02, prec@10:5.40e-01, SR:1.05e+00 


epoch72##########################################################
Train : loss:3.41e+03  =  3.41e+03 + alpha*1.89e-02
Valid : loss:9.21e+03  =  9.21e+03 + alpha*5.02e-02
Test: loss:1.16e+10  =  1.16e+10 + alpha*4.70e-02
Valid performance:
 mse:9.21e+03, IC:4.81e-04, RIC:6.79e-02, prec@10:5.71e-01, SR:8.32e-01
Test performance:
 mse:1.16e+10, IC:4.15e-03, RIC:6.00e-02, prec@10:5.25e-01, SR:1.05e+00 


epoch73##########################################################
Train : loss:3.23e+03  =  3.23e+03 + alpha*1.89e-02
Valid : loss:1.06e+04  =  1.06e+04 + alpha*5.85e-02
Test: loss:1.16e+10  =  1.16e+10 + alpha*4.14e-02
Valid performance:
 mse:1.06e+04, IC:-7.81e-04, RIC:-1.11e-01, prec@10:5.61e-01, SR:1.22e+00
Test performance:
 mse:1.16e+10, IC:6.08e-03, RIC:8.74e-02, prec@10:5.16e-01, SR:1.05e+00 


epoch74##########################################################
Train : loss:3.90e+03  =  3.90e+03 + alpha*2.11e-02
Valid : loss:1.05e+04  =  1.05e+04 + alpha*5.54e-02
Test: loss:1.16e+10  =  1.16e+10 + alpha*4.48e-02
Valid performance:
 mse:1.05e+04, IC:7.34e-04, RIC:1.04e-01, prec@10:5.77e-01, SR:1.95e+00
Test performance:
 mse:1.16e+10, IC:6.80e-03, RIC:9.80e-02, prec@10:5.31e-01, SR:1.05e+00 


epoch75##########################################################
Train : loss:3.44e+03  =  3.44e+03 + alpha*1.81e-02
Valid : loss:1.03e+04  =  1.03e+04 + alpha*6.17e-02
Test: loss:1.16e+10  =  1.16e+10 + alpha*1.23e+06
Valid performance:
 mse:1.03e+04, IC:-1.33e-03, RIC:-1.90e-01, prec@10:5.55e-01, SR:1.93e+00
Test performance:
 mse:1.16e+10, IC:-6.69e-03, RIC:-9.57e-02, prec@10:5.20e-01, SR:2.51e+00 


epoch76##########################################################
Train : loss:3.98e+03  =  3.98e+03 + alpha*2.08e-02
Valid : loss:9.52e+03  =  9.52e+03 + alpha*5.46e-02
Test: loss:1.16e+10  =  1.16e+10 + alpha*4.51e+05
Valid performance:
 mse:9.52e+03, IC:-8.20e-05, RIC:-1.15e-02, prec@10:5.80e-01, SR:1.23e+00
Test performance:
 mse:1.16e+10, IC:-4.36e-03, RIC:-6.24e-02, prec@10:5.23e-01, SR:1.51e+00 


epoch77##########################################################
Train : loss:2.70e+03  =  2.70e+03 + alpha*1.86e-02
Valid : loss:9.44e+03  =  9.44e+03 + alpha*5.34e-02
Test: loss:1.16e+10  =  1.16e+10 + alpha*8.35e+05
Valid performance:
 mse:9.44e+03, IC:-3.10e-04, RIC:-4.36e-02, prec@10:5.76e-01, SR:1.41e+00
Test performance:
 mse:1.16e+10, IC:-3.55e-03, RIC:-5.15e-02, prec@10:5.17e-01, SR:2.30e+00 


epoch78##########################################################
Train : loss:3.70e+03  =  3.70e+03 + alpha*1.97e-02
Valid : loss:1.11e+04  =  1.11e+04 + alpha*5.67e-02
Test: loss:1.16e+10  =  1.16e+10 + alpha*4.41e-02
Valid performance:
 mse:1.11e+04, IC:5.47e-04, RIC:7.70e-02, prec@10:5.76e-01, SR:1.19e+00
Test performance:
 mse:1.16e+10, IC:5.32e-03, RIC:7.52e-02, prec@10:5.14e-01, SR:1.05e+00 


epoch79##########################################################
Train : loss:3.55e+03  =  3.55e+03 + alpha*2.04e-02
Valid : loss:8.38e+03  =  8.38e+03 + alpha*4.60e-02
Test: loss:1.16e+10  =  1.16e+10 + alpha*8.47e+05
Valid performance:
 mse:8.38e+03, IC:7.94e-04, RIC:1.12e-01, prec@10:5.80e-01, SR:1.44e+00
Test performance:
 mse:1.16e+10, IC:-3.47e-03, RIC:-5.03e-02, prec@10:5.23e-01, SR:3.48e+00 


epoch80##########################################################
Train : loss:3.40e+03  =  3.40e+03 + alpha*2.16e-02
Valid : loss:1.01e+04  =  1.01e+04 + alpha*5.65e-02
Test: loss:1.16e+10  =  1.16e+10 + alpha*3.44e+06
Valid performance:
 mse:1.01e+04, IC:4.10e-05, RIC:5.77e-03, prec@10:5.75e-01, SR:1.43e+00
Test performance:
 mse:1.16e+10, IC:-4.57e-03, RIC:-6.59e-02, prec@10:5.31e-01, SR:3.26e+00 


epoch81##########################################################
Train : loss:3.35e+03  =  3.35e+03 + alpha*2.16e-02
Valid : loss:1.04e+04  =  1.04e+04 + alpha*6.01e-02
Test: loss:1.16e+10  =  1.16e+10 + alpha*6.41e+04
Valid performance:
 mse:1.04e+04, IC:1.30e-04, RIC:1.83e-02, prec@10:5.71e-01, SR:1.45e+00
Test performance:
 mse:1.16e+10, IC:-2.58e-03, RIC:-3.73e-02, prec@10:5.01e-01, SR:2.90e+00 


epoch82##########################################################
Train : loss:3.13e+03  =  3.13e+03 + alpha*1.86e-02
Valid : loss:1.00e+04  =  1.00e+04 + alpha*5.19e-02
Test: loss:1.16e+10  =  1.16e+10 + alpha*4.52e-02
Valid performance:
 mse:1.00e+04, IC:9.67e-04, RIC:1.37e-01, prec@10:5.70e-01, SR:1.15e+00
Test performance:
 mse:1.16e+10, IC:3.16e-03, RIC:4.47e-02, prec@10:5.27e-01, SR:1.05e+00 


epoch83##########################################################
Train : loss:3.37e+03  =  3.37e+03 + alpha*1.93e-02
Valid : loss:9.25e+03  =  9.25e+03 + alpha*5.89e-02
Test: loss:1.16e+10  =  1.16e+10 + alpha*4.26e-02
Valid performance:
 mse:9.25e+03, IC:9.94e-05, RIC:1.40e-02, prec@10:5.79e-01, SR:2.27e+00
Test performance:
 mse:1.16e+10, IC:2.97e-03, RIC:4.24e-02, prec@10:5.21e-01, SR:1.05e+00 


epoch84##########################################################
Train : loss:3.24e+03  =  3.24e+03 + alpha*1.93e-02
Valid : loss:9.27e+03  =  9.27e+03 + alpha*4.91e-02
Test: loss:1.16e+10  =  1.16e+10 + alpha*2.55e+05
Valid performance:
 mse:9.27e+03, IC:1.02e-03, RIC:1.45e-01, prec@10:5.73e-01, SR:4.75e-01
Test performance:
 mse:1.16e+10, IC:-1.99e-03, RIC:-2.83e-02, prec@10:5.27e-01, SR:3.55e+00 


epoch85##########################################################
Train : loss:3.42e+03  =  3.42e+03 + alpha*2.06e-02
Valid : loss:9.71e+03  =  9.71e+03 + alpha*5.66e-02
Test: loss:1.16e+10  =  1.16e+10 + alpha*5.05e-02
Valid performance:
 mse:9.71e+03, IC:-1.36e-05, RIC:-1.91e-03, prec@10:5.66e-01, SR:1.40e+00
Test performance:
 mse:1.16e+10, IC:5.46e-03, RIC:7.84e-02, prec@10:5.46e-01, SR:1.05e+00 


epoch86##########################################################
Train : loss:3.09e+03  =  3.09e+03 + alpha*1.85e-02
Valid : loss:8.96e+03  =  8.96e+03 + alpha*5.07e-02
Test: loss:1.16e+10  =  1.16e+10 + alpha*4.33e-02
Valid performance:
 mse:8.96e+03, IC:8.05e-04, RIC:1.14e-01, prec@10:5.62e-01, SR:1.28e+00
Test performance:
 mse:1.16e+10, IC:5.66e-03, RIC:8.24e-02, prec@10:5.16e-01, SR:1.05e+00 


epoch87##########################################################
Train : loss:3.46e+03  =  3.46e+03 + alpha*2.12e-02
Valid : loss:9.24e+03  =  9.24e+03 + alpha*5.67e-02
Test: loss:1.16e+10  =  1.16e+10 + alpha*4.38e-02
Valid performance:
 mse:9.24e+03, IC:-6.34e-04, RIC:-8.95e-02, prec@10:5.69e-01, SR:1.35e+00
Test performance:
 mse:1.16e+10, IC:5.50e-03, RIC:7.98e-02, prec@10:5.33e-01, SR:1.05e+00 


epoch88##########################################################
Train : loss:3.25e+03  =  3.25e+03 + alpha*2.01e-02
Valid : loss:1.07e+04  =  1.07e+04 + alpha*5.74e-02
Test: loss:1.16e+10  =  1.16e+10 + alpha*4.68e-02
Valid performance:
 mse:1.07e+04, IC:-4.61e-04, RIC:-6.50e-02, prec@10:5.56e-01, SR:1.06e+00
Test performance:
 mse:1.16e+10, IC:4.34e-03, RIC:6.23e-02, prec@10:5.28e-01, SR:1.05e+00 


epoch89##########################################################
Train : loss:3.30e+03  =  3.30e+03 + alpha*1.82e-02
Valid : loss:8.86e+03  =  8.86e+03 + alpha*5.08e-02
Test: loss:1.16e+10  =  1.16e+10 + alpha*3.32e+06
Valid performance:
 mse:8.86e+03, IC:6.92e-05, RIC:9.74e-03, prec@10:5.56e-01, SR:1.05e+00
Test performance:
 mse:1.16e+10, IC:-4.75e-03, RIC:-6.96e-02, prec@10:5.25e-01, SR:4.30e+00 


epoch90##########################################################
Train : loss:2.96e+03  =  2.96e+03 + alpha*1.80e-02
Valid : loss:7.93e+03  =  7.93e+03 + alpha*5.12e-02
Test: loss:1.16e+10  =  1.16e+10 + alpha*4.62e-02
Valid performance:
 mse:7.93e+03, IC:3.59e-04, RIC:5.06e-02, prec@10:5.70e-01, SR:1.11e+00
Test performance:
 mse:1.16e+10, IC:3.28e-03, RIC:4.72e-02, prec@10:5.11e-01, SR:1.05e+00 


epoch91##########################################################
Train : loss:3.61e+03  =  3.61e+03 + alpha*2.18e-02
Valid : loss:1.00e+04  =  1.00e+04 + alpha*5.58e-02
Test: loss:1.16e+10  =  1.16e+10 + alpha*2.33e+06
Valid performance:
 mse:1.00e+04, IC:2.43e-04, RIC:3.42e-02, prec@10:5.77e-01, SR:1.15e+00
Test performance:
 mse:1.16e+10, IC:-6.14e-03, RIC:-8.86e-02, prec@10:5.09e-01, SR:3.28e+00 


epoch92##########################################################
Train : loss:3.64e+03  =  3.64e+03 + alpha*1.96e-02
Valid : loss:9.07e+03  =  9.07e+03 + alpha*5.41e-02
Test: loss:1.16e+10  =  1.16e+10 + alpha*1.40e+06
Valid performance:
 mse:9.07e+03, IC:-2.37e-04, RIC:-3.34e-02, prec@10:5.60e-01, SR:1.38e+00
Test performance:
 mse:1.16e+10, IC:-4.19e-03, RIC:-5.95e-02, prec@10:4.96e-01, SR:2.81e+00 


epoch93##########################################################
Train : loss:4.03e+03  =  4.03e+03 + alpha*2.36e-02
Valid : loss:1.05e+04  =  1.05e+04 + alpha*5.61e-02
Test: loss:1.16e+10  =  1.16e+10 + alpha*1.33e+06
Valid performance:
 mse:1.05e+04, IC:-4.86e-04, RIC:-6.86e-02, prec@10:5.59e-01, SR:9.81e-01
Test performance:
 mse:1.16e+10, IC:-4.94e-03, RIC:-7.03e-02, prec@10:5.33e-01, SR:3.31e+00 


epoch94##########################################################
Train : loss:3.27e+03  =  3.27e+03 + alpha*1.94e-02
Valid : loss:1.04e+04  =  1.04e+04 + alpha*5.57e-02
Test: loss:1.16e+10  =  1.16e+10 + alpha*5.00e-02
Valid performance:
 mse:1.04e+04, IC:1.01e-03, RIC:1.44e-01, prec@10:5.93e-01, SR:1.24e+00
Test performance:
 mse:1.16e+10, IC:2.83e-03, RIC:4.07e-02, prec@10:5.23e-01, SR:1.05e+00 


epoch95##########################################################
Train : loss:2.91e+03  =  2.91e+03 + alpha*1.88e-02
Valid : loss:9.28e+03  =  9.28e+03 + alpha*5.31e-02
Test: loss:1.16e+10  =  1.16e+10 + alpha*2.09e+06
Valid performance:
 mse:9.28e+03, IC:5.49e-04, RIC:7.75e-02, prec@10:5.91e-01, SR:1.17e+00
Test performance:
 mse:1.16e+10, IC:-5.84e-03, RIC:-8.46e-02, prec@10:5.19e-01, SR:2.53e+00 


epoch96##########################################################
Train : loss:3.27e+03  =  3.27e+03 + alpha*2.08e-02
Valid : loss:8.74e+03  =  8.74e+03 + alpha*5.58e-02
Test: loss:1.16e+10  =  1.16e+10 + alpha*5.19e-02
Valid performance:
 mse:8.74e+03, IC:-6.42e-04, RIC:-9.08e-02, prec@10:5.74e-01, SR:2.64e+00
Test performance:
 mse:1.16e+10, IC:1.92e-03, RIC:2.75e-02, prec@10:5.15e-01, SR:1.05e+00 


epoch97##########################################################
Train : loss:3.72e+03  =  3.72e+03 + alpha*1.97e-02
Valid : loss:8.72e+03  =  8.72e+03 + alpha*5.42e-02
Test: loss:1.16e+10  =  1.16e+10 + alpha*3.98e+05
Valid performance:
 mse:8.72e+03, IC:-2.98e-04, RIC:-4.20e-02, prec@10:5.83e-01, SR:1.17e+00
Test performance:
 mse:1.16e+10, IC:-3.89e-03, RIC:-5.61e-02, prec@10:5.16e-01, SR:3.76e+00 


epoch98##########################################################
Train : loss:3.28e+03  =  3.28e+03 + alpha*1.98e-02
Valid : loss:1.09e+04  =  1.09e+04 + alpha*6.18e-02
Test: loss:1.16e+10  =  1.16e+10 + alpha*4.32e-02
Valid performance:
 mse:1.09e+04, IC:-6.30e-04, RIC:-8.90e-02, prec@10:5.74e-01, SR:2.41e-01
Test performance:
 mse:1.16e+10, IC:3.80e-03, RIC:5.45e-02, prec@10:5.30e-01, SR:1.05e+00 


epoch99##########################################################
Train : loss:3.05e+03  =  3.05e+03 + alpha*1.96e-02
Valid : loss:9.64e+03  =  9.64e+03 + alpha*5.93e-02
Test: loss:1.16e+10  =  1.16e+10 + alpha*4.57e-02
Valid performance:
 mse:9.64e+03, IC:-7.41e-04, RIC:-1.05e-01, prec@10:5.60e-01, SR:1.78e+00
Test performance:
 mse:1.16e+10, IC:4.34e-03, RIC:6.25e-02, prec@10:5.17e-01, SR:1.05e+00 


epoch100##########################################################
Train : loss:3.16e+03  =  3.16e+03 + alpha*2.13e-02
Valid : loss:1.00e+04  =  1.00e+04 + alpha*5.73e-02
Test: loss:1.16e+10  =  1.16e+10 + alpha*3.25e+06
Valid performance:
 mse:1.00e+04, IC:-1.42e-04, RIC:-1.99e-02, prec@10:5.80e-01, SR:2.14e+00
Test performance:
 mse:1.16e+10, IC:-5.50e-03, RIC:-7.99e-02, prec@10:5.14e-01, SR:2.04e+00 


epoch101##########################################################
Train : loss:3.41e+03  =  3.41e+03 + alpha*1.86e-02
Valid : loss:8.83e+03  =  8.83e+03 + alpha*5.24e-02
Test: loss:1.16e+10  =  1.16e+10 + alpha*2.35e+05
Valid performance:
 mse:8.83e+03, IC:-5.52e-07, RIC:-7.77e-05, prec@10:5.81e-01, SR:1.18e+00
Test performance:
 mse:1.16e+10, IC:-4.59e-03, RIC:-6.70e-02, prec@10:5.10e-01, SR:4.08e+00 


epoch102##########################################################
Train : loss:3.43e+03  =  3.43e+03 + alpha*2.08e-02
Valid : loss:8.76e+03  =  8.76e+03 + alpha*4.92e-02
Test: loss:1.16e+10  =  1.16e+10 + alpha*5.28e-02
Valid performance:
 mse:8.76e+03, IC:1.84e-04, RIC:2.58e-02, prec@10:5.81e-01, SR:1.16e+00
Test performance:
 mse:1.16e+10, IC:3.19e-03, RIC:4.60e-02, prec@10:5.19e-01, SR:1.05e+00 


epoch103##########################################################
Train : loss:3.84e+03  =  3.84e+03 + alpha*2.05e-02
Valid : loss:9.92e+03  =  9.92e+03 + alpha*5.56e-02
Test: loss:1.16e+10  =  1.16e+10 + alpha*3.98e-02
Valid performance:
 mse:9.92e+03, IC:-3.76e-04, RIC:-5.30e-02, prec@10:5.77e-01, SR:1.47e+00
Test performance:
 mse:1.16e+10, IC:3.91e-03, RIC:5.63e-02, prec@10:5.37e-01, SR:1.05e+00 


epoch104##########################################################
Train : loss:3.05e+03  =  3.05e+03 + alpha*1.86e-02
Valid : loss:9.57e+03  =  9.57e+03 + alpha*5.49e-02
Test: loss:1.16e+10  =  1.16e+10 + alpha*4.82e-02
Valid performance:
 mse:9.57e+03, IC:5.37e-05, RIC:7.55e-03, prec@10:5.83e-01, SR:1.30e+00
Test performance:
 mse:1.16e+10, IC:4.66e-03, RIC:6.67e-02, prec@10:5.27e-01, SR:1.05e+00 


epoch105##########################################################
Train : loss:3.61e+03  =  3.61e+03 + alpha*2.22e-02
Valid : loss:9.76e+03  =  9.76e+03 + alpha*5.97e-02
Test: loss:1.16e+10  =  1.16e+10 + alpha*5.00e-02
Valid performance:
 mse:9.76e+03, IC:-8.08e-04, RIC:-1.14e-01, prec@10:5.76e-01, SR:1.89e+00
Test performance:
 mse:1.16e+10, IC:4.64e-03, RIC:6.74e-02, prec@10:5.43e-01, SR:1.05e+00 


epoch106##########################################################
Train : loss:3.60e+03  =  3.60e+03 + alpha*2.10e-02
Valid : loss:1.13e+04  =  1.13e+04 + alpha*6.29e-02
Test: loss:1.16e+10  =  1.16e+10 + alpha*4.58e-02
Valid performance:
 mse:1.13e+04, IC:1.59e-04, RIC:2.24e-02, prec@10:5.76e-01, SR:1.45e+00
Test performance:
 mse:1.16e+10, IC:5.36e-03, RIC:7.78e-02, prec@10:5.14e-01, SR:1.05e+00 


epoch107##########################################################
Train : loss:3.01e+03  =  3.01e+03 + alpha*1.81e-02
Valid : loss:9.98e+03  =  9.98e+03 + alpha*5.59e-02
Test: loss:1.16e+10  =  1.16e+10 + alpha*2.06e+05
Valid performance:
 mse:9.98e+03, IC:-1.28e-04, RIC:-1.80e-02, prec@10:5.62e-01, SR:2.01e+00
Test performance:
 mse:1.16e+10, IC:-5.51e-03, RIC:-8.03e-02, prec@10:5.20e-01, SR:2.50e+00 


epoch108##########################################################
Train : loss:3.39e+03  =  3.39e+03 + alpha*1.90e-02
Valid : loss:9.13e+03  =  9.13e+03 + alpha*5.56e-02
Test: loss:1.16e+10  =  1.16e+10 + alpha*4.98e-02
Valid performance:
 mse:9.13e+03, IC:-6.32e-04, RIC:-8.92e-02, prec@10:5.84e-01, SR:1.84e+00
Test performance:
 mse:1.16e+10, IC:4.54e-03, RIC:6.56e-02, prec@10:5.15e-01, SR:1.05e+00 


epoch109##########################################################
Train : loss:3.96e+03  =  3.96e+03 + alpha*2.20e-02
Valid : loss:1.00e+04  =  1.00e+04 + alpha*6.00e-02
Test: loss:1.16e+10  =  1.16e+10 + alpha*4.39e-02
Valid performance:
 mse:1.00e+04, IC:-6.60e-04, RIC:-9.33e-02, prec@10:5.80e-01, SR:1.20e+00
Test performance:
 mse:1.16e+10, IC:4.70e-03, RIC:6.81e-02, prec@10:5.30e-01, SR:1.05e+00 


epoch110##########################################################
Train : loss:3.22e+03  =  3.22e+03 + alpha*1.89e-02
Valid : loss:1.14e+04  =  1.14e+04 + alpha*5.45e-02
Test: loss:1.16e+10  =  1.16e+10 + alpha*7.31e+05
Valid performance:
 mse:1.14e+04, IC:1.01e-03, RIC:1.43e-01, prec@10:5.70e-01, SR:1.79e+00
Test performance:
 mse:1.16e+10, IC:-6.64e-03, RIC:-9.49e-02, prec@10:5.21e-01, SR:3.16e+00 


epoch111##########################################################
Train : loss:3.67e+03  =  3.67e+03 + alpha*1.94e-02
Valid : loss:1.05e+04  =  1.05e+04 + alpha*5.91e-02
Test: loss:1.16e+10  =  1.16e+10 + alpha*4.07e+05
Valid performance:
 mse:1.05e+04, IC:-1.78e-05, RIC:-2.50e-03, prec@10:5.80e-01, SR:2.62e+00
Test performance:
 mse:1.16e+10, IC:-3.61e-03, RIC:-5.25e-02, prec@10:5.03e-01, SR:3.25e+00 


epoch112##########################################################
Train : loss:3.57e+03  =  3.57e+03 + alpha*1.95e-02
Valid : loss:9.74e+03  =  9.74e+03 + alpha*5.68e-02
Test: loss:1.16e+10  =  1.16e+10 + alpha*1.59e+06
Valid performance:
 mse:9.74e+03, IC:-2.29e-05, RIC:-3.23e-03, prec@10:5.86e-01, SR:1.25e+00
Test performance:
 mse:1.16e+10, IC:-4.57e-03, RIC:-6.49e-02, prec@10:5.10e-01, SR:2.24e+00 


epoch113##########################################################
Train : loss:2.99e+03  =  2.99e+03 + alpha*1.97e-02
Valid : loss:9.64e+03  =  9.64e+03 + alpha*5.05e-02
Test: loss:1.16e+10  =  1.16e+10 + alpha*4.69e-02
Valid performance:
 mse:9.64e+03, IC:6.73e-04, RIC:9.52e-02, prec@10:5.63e-01, SR:1.38e+00
Test performance:
 mse:1.16e+10, IC:3.86e-03, RIC:5.54e-02, prec@10:5.19e-01, SR:1.05e+00 


epoch114##########################################################
Train : loss:2.98e+03  =  2.98e+03 + alpha*1.84e-02
Valid : loss:1.08e+04  =  1.08e+04 + alpha*5.99e-02
Test: loss:1.16e+10  =  1.16e+10 + alpha*4.32e-02
Valid performance:
 mse:1.08e+04, IC:-4.53e-04, RIC:-6.39e-02, prec@10:5.77e-01, SR:1.41e+00
Test performance:
 mse:1.16e+10, IC:5.29e-03, RIC:7.53e-02, prec@10:5.32e-01, SR:1.05e+00 


epoch115##########################################################
Train : loss:3.19e+03  =  3.19e+03 + alpha*1.80e-02
Valid : loss:9.87e+03  =  9.87e+03 + alpha*5.40e-02
Test: loss:1.16e+10  =  1.16e+10 + alpha*8.57e+05
Valid performance:
 mse:9.87e+03, IC:1.89e-04, RIC:2.66e-02, prec@10:5.83e-01, SR:1.17e+00
Test performance:
 mse:1.16e+10, IC:-5.17e-03, RIC:-7.51e-02, prec@10:5.22e-01, SR:2.59e+00 


epoch116##########################################################
Train : loss:2.98e+03  =  2.98e+03 + alpha*1.94e-02
Valid : loss:9.79e+03  =  9.79e+03 + alpha*5.66e-02
Test: loss:1.16e+10  =  1.16e+10 + alpha*4.17e-02
Valid performance:
 mse:9.79e+03, IC:-1.97e-05, RIC:-2.77e-03, prec@10:5.83e-01, SR:1.54e+00
Test performance:
 mse:1.16e+10, IC:1.01e-03, RIC:1.45e-02, prec@10:5.13e-01, SR:1.05e+00 


epoch117##########################################################
Train : loss:3.01e+03  =  3.01e+03 + alpha*1.85e-02
Valid : loss:1.06e+04  =  1.06e+04 + alpha*5.76e-02
Test: loss:1.16e+10  =  1.16e+10 + alpha*4.68e-02
Valid performance:
 mse:1.06e+04, IC:-2.95e-04, RIC:-4.15e-02, prec@10:5.67e-01, SR:1.44e+00
Test performance:
 mse:1.16e+10, IC:3.51e-03, RIC:4.98e-02, prec@10:5.27e-01, SR:1.05e+00 


epoch118##########################################################
Train : loss:3.24e+03  =  3.24e+03 + alpha*1.93e-02
Valid : loss:8.68e+03  =  8.68e+03 + alpha*5.16e-02
Test: loss:1.16e+10  =  1.16e+10 + alpha*4.53e-02
Valid performance:
 mse:8.68e+03, IC:-2.58e-04, RIC:-3.64e-02, prec@10:5.87e-01, SR:1.11e+00
Test performance:
 mse:1.16e+10, IC:2.69e-03, RIC:3.77e-02, prec@10:5.18e-01, SR:1.05e+00 


epoch119##########################################################
Train : loss:3.91e+03  =  3.91e+03 + alpha*2.22e-02
Valid : loss:8.68e+03  =  8.68e+03 + alpha*5.22e-02
Test: loss:1.16e+10  =  1.16e+10 + alpha*4.94e+05
Valid performance:
 mse:8.68e+03, IC:-1.86e-04, RIC:-2.62e-02, prec@10:5.82e-01, SR:1.43e+00
Test performance:
 mse:1.16e+10, IC:-3.31e-03, RIC:-4.79e-02, prec@10:5.25e-01, SR:3.39e+00 


epoch120##########################################################
Train : loss:3.25e+03  =  3.25e+03 + alpha*2.00e-02
Valid : loss:9.35e+03  =  9.35e+03 + alpha*6.18e-02
Test: loss:1.16e+10  =  1.16e+10 + alpha*2.53e+06
Valid performance:
 mse:9.35e+03, IC:-1.10e-03, RIC:-1.57e-01, prec@10:5.75e-01, SR:1.09e+00
Test performance:
 mse:1.16e+10, IC:-4.17e-03, RIC:-5.88e-02, prec@10:5.30e-01, SR:2.16e+00 


epoch121##########################################################
Train : loss:3.47e+03  =  3.47e+03 + alpha*2.14e-02
Valid : loss:9.28e+03  =  9.28e+03 + alpha*5.61e-02
Test: loss:1.16e+10  =  1.16e+10 + alpha*4.65e-02
Valid performance:
 mse:9.28e+03, IC:-1.11e-03, RIC:-1.58e-01, prec@10:5.77e-01, SR:1.55e+00
Test performance:
 mse:1.16e+10, IC:3.07e-03, RIC:4.43e-02, prec@10:5.03e-01, SR:1.05e+00 


epoch122##########################################################
Train : loss:3.06e+03  =  3.06e+03 + alpha*1.89e-02
Valid : loss:1.05e+04  =  1.05e+04 + alpha*6.22e-02
Test: loss:1.16e+10  =  1.16e+10 + alpha*3.53e+06
Valid performance:
 mse:1.05e+04, IC:-5.31e-04, RIC:-7.49e-02, prec@10:5.70e-01, SR:1.43e+00
Test performance:
 mse:1.16e+10, IC:-4.93e-03, RIC:-7.12e-02, prec@10:5.29e-01, SR:3.48e+00 


epoch123##########################################################
Train : loss:2.81e+03  =  2.81e+03 + alpha*1.58e-02
Valid : loss:1.15e+04  =  1.15e+04 + alpha*5.58e-02
Test: loss:1.16e+10  =  1.16e+10 + alpha*4.83e+05
Valid performance:
 mse:1.15e+04, IC:3.87e-04, RIC:5.45e-02, prec@10:5.67e-01, SR:1.16e+00
Test performance:
 mse:1.16e+10, IC:-4.88e-03, RIC:-6.96e-02, prec@10:5.34e-01, SR:3.31e+00 


epoch124##########################################################
Train : loss:2.65e+03  =  2.65e+03 + alpha*1.52e-02
Valid : loss:9.26e+03  =  9.26e+03 + alpha*5.48e-02
Test: loss:1.16e+10  =  1.16e+10 + alpha*5.03e-02
Valid performance:
 mse:9.26e+03, IC:-2.42e-04, RIC:-3.41e-02, prec@10:5.85e-01, SR:1.48e+00
Test performance:
 mse:1.16e+10, IC:5.85e-03, RIC:8.13e-02, prec@10:5.30e-01, SR:1.05e+00 


epoch125##########################################################
Train : loss:3.05e+03  =  3.05e+03 + alpha*1.90e-02
Valid : loss:8.08e+03  =  8.08e+03 + alpha*5.42e-02
Test: loss:1.16e+10  =  1.16e+10 + alpha*4.26e-02
Valid performance:
 mse:8.08e+03, IC:-2.30e-04, RIC:-3.24e-02, prec@10:5.77e-01, SR:2.00e+00
Test performance:
 mse:1.16e+10, IC:5.40e-03, RIC:7.79e-02, prec@10:5.10e-01, SR:1.05e+00 


epoch126##########################################################
Train : loss:3.12e+03  =  3.12e+03 + alpha*2.01e-02
Valid : loss:1.01e+04  =  1.01e+04 + alpha*5.53e-02
Test: loss:1.16e+10  =  1.16e+10 + alpha*5.36e-02
Valid performance:
 mse:1.01e+04, IC:-3.91e-04, RIC:-5.52e-02, prec@10:5.84e-01, SR:3.74e+00
Test performance:
 mse:1.16e+10, IC:3.26e-03, RIC:4.64e-02, prec@10:5.05e-01, SR:1.05e+00 


epoch127##########################################################
Train : loss:2.72e+03  =  2.72e+03 + alpha*1.78e-02
Valid : loss:9.96e+03  =  9.96e+03 + alpha*5.46e-02
Test: loss:1.16e+10  =  1.16e+10 + alpha*6.67e+05
Valid performance:
 mse:9.96e+03, IC:4.01e-04, RIC:5.65e-02, prec@10:5.83e-01, SR:1.11e+00
Test performance:
 mse:1.16e+10, IC:-3.23e-03, RIC:-4.60e-02, prec@10:5.10e-01, SR:2.52e+00 


epoch128##########################################################
Train : loss:3.15e+03  =  3.15e+03 + alpha*1.89e-02
Valid : loss:8.52e+03  =  8.52e+03 + alpha*5.52e-02
Test: loss:1.16e+10  =  1.16e+10 + alpha*4.71e-02
Valid performance:
 mse:8.52e+03, IC:-3.89e-04, RIC:-5.48e-02, prec@10:5.69e-01, SR:1.49e+00
Test performance:
 mse:1.16e+10, IC:4.67e-03, RIC:6.80e-02, prec@10:5.29e-01, SR:1.05e+00 


epoch129##########################################################
Train : loss:3.31e+03  =  3.31e+03 + alpha*1.95e-02
Valid : loss:8.96e+03  =  8.96e+03 + alpha*5.40e-02
Test: loss:1.16e+10  =  1.16e+10 + alpha*5.00e-02
Valid performance:
 mse:8.96e+03, IC:-6.79e-04, RIC:-9.60e-02, prec@10:5.73e-01, SR:1.17e+00
Test performance:
 mse:1.16e+10, IC:4.93e-03, RIC:7.02e-02, prec@10:5.22e-01, SR:1.05e+00 


epoch130##########################################################
Train : loss:4.22e+03  =  4.22e+03 + alpha*2.15e-02
Valid : loss:1.02e+04  =  1.02e+04 + alpha*5.81e-02
Test: loss:1.16e+10  =  1.16e+10 + alpha*1.60e+06
Valid performance:
 mse:1.02e+04, IC:-5.49e-04, RIC:-7.74e-02, prec@10:5.80e-01, SR:1.76e+00
Test performance:
 mse:1.16e+10, IC:-6.15e-03, RIC:-8.81e-02, prec@10:5.10e-01, SR:2.23e+00 


epoch131##########################################################
Train : loss:3.66e+03  =  3.66e+03 + alpha*2.02e-02
Valid : loss:1.01e+04  =  1.01e+04 + alpha*5.47e-02
Test: loss:1.16e+10  =  1.16e+10 + alpha*3.86e-02
Valid performance:
 mse:1.01e+04, IC:5.83e-05, RIC:8.21e-03, prec@10:5.62e-01, SR:1.18e+00
Test performance:
 mse:1.16e+10, IC:3.22e-03, RIC:4.64e-02, prec@10:5.27e-01, SR:1.05e+00 


epoch132##########################################################
Train : loss:3.37e+03  =  3.37e+03 + alpha*1.98e-02
Valid : loss:9.50e+03  =  9.50e+03 + alpha*5.47e-02
Test: loss:1.16e+10  =  1.16e+10 + alpha*4.98e-02
Valid performance:
 mse:9.50e+03, IC:2.72e-04, RIC:3.83e-02, prec@10:5.76e-01, SR:1.16e+00
Test performance:
 mse:1.16e+10, IC:4.51e-03, RIC:6.39e-02, prec@10:5.17e-01, SR:1.05e+00 


epoch133##########################################################
Train : loss:3.75e+03  =  3.75e+03 + alpha*2.16e-02
Valid : loss:9.09e+03  =  9.09e+03 + alpha*5.25e-02
Test: loss:1.16e+10  =  1.16e+10 + alpha*1.48e+04
Valid performance:
 mse:9.09e+03, IC:4.55e-04, RIC:6.41e-02, prec@10:5.86e-01, SR:1.50e+00
Test performance:
 mse:1.16e+10, IC:-1.17e-03, RIC:-1.67e-02, prec@10:5.35e-01, SR:3.65e+00 


epoch134##########################################################
Train : loss:3.28e+03  =  3.28e+03 + alpha*1.90e-02
Valid : loss:9.85e+03  =  9.85e+03 + alpha*5.35e-02
Test: loss:1.16e+10  =  1.16e+10 + alpha*7.83e+04
Valid performance:
 mse:9.85e+03, IC:4.27e-04, RIC:6.02e-02, prec@10:5.67e-01, SR:1.26e+00
Test performance:
 mse:1.16e+10, IC:-3.25e-03, RIC:-4.64e-02, prec@10:5.23e-01, SR:3.68e+00 


epoch135##########################################################
Train : loss:3.78e+03  =  3.78e+03 + alpha*2.12e-02
Valid : loss:7.71e+03  =  7.71e+03 + alpha*4.64e-02
Test: loss:1.16e+10  =  1.16e+10 + alpha*4.56e-02
Valid performance:
 mse:7.71e+03, IC:7.35e-04, RIC:1.04e-01, prec@10:5.65e-01, SR:1.43e+00
Test performance:
 mse:1.16e+10, IC:3.37e-03, RIC:4.74e-02, prec@10:5.30e-01, SR:1.05e+00 


epoch136##########################################################
Train : loss:2.94e+03  =  2.94e+03 + alpha*1.89e-02
Valid : loss:9.69e+03  =  9.69e+03 + alpha*5.69e-02
Test: loss:1.16e+10  =  1.16e+10 + alpha*4.08e-02
Valid performance:
 mse:9.69e+03, IC:-2.61e-04, RIC:-3.68e-02, prec@10:5.76e-01, SR:1.20e+00
Test performance:
 mse:1.16e+10, IC:5.64e-03, RIC:8.15e-02, prec@10:5.26e-01, SR:1.05e+00 


epoch137##########################################################
Train : loss:3.17e+03  =  3.17e+03 + alpha*1.93e-02
Valid : loss:9.55e+03  =  9.55e+03 + alpha*5.59e-02
Test: loss:1.16e+10  =  1.16e+10 + alpha*4.15e-02
Valid performance:
 mse:9.55e+03, IC:-8.49e-04, RIC:-1.20e-01, prec@10:5.79e-01, SR:2.63e+00
Test performance:
 mse:1.16e+10, IC:5.79e-03, RIC:8.30e-02, prec@10:5.09e-01, SR:1.05e+00 


epoch138##########################################################
Train : loss:2.78e+03  =  2.78e+03 + alpha*1.98e-02
Valid : loss:1.01e+04  =  1.01e+04 + alpha*5.75e-02
Test: loss:1.16e+10  =  1.16e+10 + alpha*5.86e+05
Valid performance:
 mse:1.01e+04, IC:-5.70e-04, RIC:-8.08e-02, prec@10:5.75e-01, SR:1.16e+00
Test performance:
 mse:1.16e+10, IC:-4.79e-03, RIC:-6.94e-02, prec@10:5.27e-01, SR:2.87e+00 


epoch139##########################################################
Train : loss:4.40e+03  =  4.40e+03 + alpha*2.36e-02
Valid : loss:1.02e+04  =  1.02e+04 + alpha*5.90e-02
Test: loss:1.16e+10  =  1.16e+10 + alpha*1.05e+06
Valid performance:
 mse:1.02e+04, IC:-1.01e-03, RIC:-1.44e-01, prec@10:5.73e-01, SR:2.05e+00
Test performance:
 mse:1.16e+10, IC:-5.10e-03, RIC:-7.29e-02, prec@10:5.22e-01, SR:2.42e+00 


epoch140##########################################################
Train : loss:2.77e+03  =  2.77e+03 + alpha*1.73e-02
Valid : loss:7.96e+03  =  7.96e+03 + alpha*5.09e-02
Test: loss:1.16e+10  =  1.16e+10 + alpha*4.54e+04
Valid performance:
 mse:7.96e+03, IC:-7.34e-04, RIC:-1.04e-01, prec@10:5.75e-01, SR:2.57e+00
Test performance:
 mse:1.16e+10, IC:-5.50e-03, RIC:-7.92e-02, prec@10:5.29e-01, SR:2.83e+00 


epoch141##########################################################
Train : loss:3.40e+03  =  3.40e+03 + alpha*1.99e-02
Valid : loss:9.70e+03  =  9.70e+03 + alpha*5.94e-02
Test: loss:1.16e+10  =  1.16e+10 + alpha*1.57e+06
Valid performance:
 mse:9.70e+03, IC:-2.64e-04, RIC:-3.72e-02, prec@10:5.75e-01, SR:2.36e+00
Test performance:
 mse:1.16e+10, IC:-2.94e-03, RIC:-4.19e-02, prec@10:5.17e-01, SR:1.44e+00 


epoch142##########################################################
Train : loss:3.09e+03  =  3.09e+03 + alpha*1.78e-02
Valid : loss:1.04e+04  =  1.04e+04 + alpha*5.87e-02
Test: loss:1.16e+10  =  1.16e+10 + alpha*4.87e+05
Valid performance:
 mse:1.04e+04, IC:-4.29e-04, RIC:-6.05e-02, prec@10:5.65e-01, SR:1.17e+00
Test performance:
 mse:1.16e+10, IC:-3.30e-03, RIC:-4.63e-02, prec@10:5.18e-01, SR:1.57e+00 


epoch143##########################################################
Train : loss:3.20e+03  =  3.20e+03 + alpha*1.87e-02
Valid : loss:9.58e+03  =  9.58e+03 + alpha*5.12e-02
Test: loss:1.16e+10  =  1.16e+10 + alpha*5.00e-02
Valid performance:
 mse:9.58e+03, IC:2.62e-04, RIC:3.69e-02, prec@10:5.67e-01, SR:1.13e+00
Test performance:
 mse:1.16e+10, IC:4.52e-03, RIC:6.54e-02, prec@10:5.40e-01, SR:1.05e+00 


epoch144##########################################################
Train : loss:3.52e+03  =  3.52e+03 + alpha*2.05e-02
Valid : loss:1.02e+04  =  1.02e+04 + alpha*5.89e-02
Test: loss:1.16e+10  =  1.16e+10 + alpha*4.74e-02
Valid performance:
 mse:1.02e+04, IC:-1.55e-04, RIC:-2.18e-02, prec@10:5.66e-01, SR:2.47e+00
Test performance:
 mse:1.16e+10, IC:4.69e-03, RIC:6.69e-02, prec@10:5.20e-01, SR:1.05e+00 


epoch145##########################################################
Train : loss:3.61e+03  =  3.61e+03 + alpha*1.86e-02
Valid : loss:9.62e+03  =  9.62e+03 + alpha*5.21e-02
Test: loss:1.16e+10  =  1.16e+10 + alpha*4.84e+05
Valid performance:
 mse:9.62e+03, IC:4.14e-04, RIC:5.84e-02, prec@10:5.74e-01, SR:2.70e+00
Test performance:
 mse:1.16e+10, IC:-5.00e-03, RIC:-7.29e-02, prec@10:5.13e-01, SR:3.21e+00 


epoch146##########################################################
Train : loss:3.24e+03  =  3.24e+03 + alpha*1.93e-02
Valid : loss:7.78e+03  =  7.78e+03 + alpha*4.60e-02
Test: loss:1.16e+10  =  1.16e+10 + alpha*4.56e-02
Valid performance:
 mse:7.78e+03, IC:7.79e-04, RIC:1.10e-01, prec@10:5.80e-01, SR:3.86e+00
Test performance:
 mse:1.16e+10, IC:5.14e-03, RIC:7.42e-02, prec@10:5.29e-01, SR:1.05e+00 


epoch147##########################################################
Train : loss:3.22e+03  =  3.22e+03 + alpha*1.91e-02
Valid : loss:8.79e+03  =  8.79e+03 + alpha*5.70e-02
Test: loss:1.16e+10  =  1.16e+10 + alpha*2.30e+06
Valid performance:
 mse:8.79e+03, IC:-1.48e-04, RIC:-2.08e-02, prec@10:5.76e-01, SR:1.30e+00
Test performance:
 mse:1.16e+10, IC:-5.21e-03, RIC:-7.46e-02, prec@10:5.10e-01, SR:2.14e+00 


epoch148##########################################################
Train : loss:3.84e+03  =  3.84e+03 + alpha*2.00e-02
Valid : loss:9.01e+03  =  9.01e+03 + alpha*5.00e-02
Test: loss:1.16e+10  =  1.16e+10 + alpha*4.24e-02
Valid performance:
 mse:9.01e+03, IC:4.34e-04, RIC:6.12e-02, prec@10:5.64e-01, SR:1.21e+00
Test performance:
 mse:1.16e+10, IC:2.32e-03, RIC:3.33e-02, prec@10:5.25e-01, SR:1.05e+00 


epoch149##########################################################
Train : loss:3.39e+03  =  3.39e+03 + alpha*1.77e-02
Valid : loss:1.09e+04  =  1.09e+04 + alpha*5.77e-02
Test: loss:1.16e+10  =  1.16e+10 + alpha*4.69e-02
Valid performance:
 mse:1.09e+04, IC:-1.48e-04, RIC:-2.08e-02, prec@10:5.65e-01, SR:1.22e+00
Test performance:
 mse:1.16e+10, IC:5.34e-03, RIC:7.70e-02, prec@10:5.22e-01, SR:1.05e+00 


epoch150##########################################################
Train : loss:2.97e+03  =  2.97e+03 + alpha*1.92e-02
Valid : loss:1.03e+04  =  1.03e+04 + alpha*5.51e-02
Test: loss:1.16e+10  =  1.16e+10 + alpha*4.57e-02
Valid performance:
 mse:1.03e+04, IC:-2.57e-04, RIC:-3.62e-02, prec@10:5.73e-01, SR:1.14e+00
Test performance:
 mse:1.16e+10, IC:4.76e-03, RIC:6.76e-02, prec@10:5.15e-01, SR:1.05e+00 


epoch151##########################################################
Train : loss:3.46e+03  =  3.46e+03 + alpha*1.99e-02
Valid : loss:1.10e+04  =  1.10e+04 + alpha*5.68e-02
Test: loss:1.16e+10  =  1.16e+10 + alpha*3.63e+05
Valid performance:
 mse:1.10e+04, IC:-1.13e-04, RIC:-1.59e-02, prec@10:5.73e-01, SR:2.61e+00
Test performance:
 mse:1.16e+10, IC:-4.37e-03, RIC:-6.33e-02, prec@10:5.11e-01, SR:2.00e+00 


epoch152##########################################################
Train : loss:3.27e+03  =  3.27e+03 + alpha*2.06e-02
Valid : loss:1.01e+04  =  1.01e+04 + alpha*5.57e-02
Test: loss:1.16e+10  =  1.16e+10 + alpha*1.02e+06
Valid performance:
 mse:1.01e+04, IC:-4.70e-04, RIC:-6.63e-02, prec@10:5.66e-01, SR:1.34e+00
Test performance:
 mse:1.16e+10, IC:-4.77e-03, RIC:-6.82e-02, prec@10:5.18e-01, SR:3.18e+00 


epoch153##########################################################
Train : loss:3.03e+03  =  3.03e+03 + alpha*1.89e-02
Valid : loss:9.05e+03  =  9.05e+03 + alpha*5.43e-02
Test: loss:1.16e+10  =  1.16e+10 + alpha*4.80e-02
Valid performance:
 mse:9.05e+03, IC:4.39e-05, RIC:6.18e-03, prec@10:5.67e-01, SR:1.98e+00
Test performance:
 mse:1.16e+10, IC:6.41e-03, RIC:9.24e-02, prec@10:5.34e-01, SR:1.05e+00 


epoch154##########################################################
Train : loss:4.13e+03  =  4.13e+03 + alpha*2.24e-02
Valid : loss:1.10e+04  =  1.10e+04 + alpha*5.75e-02
Test: loss:1.16e+10  =  1.16e+10 + alpha*1.17e+06
Valid performance:
 mse:1.10e+04, IC:-2.86e-04, RIC:-4.03e-02, prec@10:5.68e-01, SR:1.09e+00
Test performance:
 mse:1.16e+10, IC:-4.41e-03, RIC:-6.26e-02, prec@10:5.16e-01, SR:1.56e+00 


epoch155##########################################################
Train : loss:3.84e+03  =  3.84e+03 + alpha*2.19e-02
Valid : loss:1.00e+04  =  1.00e+04 + alpha*5.07e-02
Test: loss:1.16e+10  =  1.16e+10 + alpha*4.73e-02
Valid performance:
 mse:1.00e+04, IC:3.64e-04, RIC:5.13e-02, prec@10:5.72e-01, SR:1.15e+00
Test performance:
 mse:1.16e+10, IC:6.59e-03, RIC:9.40e-02, prec@10:5.37e-01, SR:1.05e+00 


epoch156##########################################################
Train : loss:2.95e+03  =  2.95e+03 + alpha*1.92e-02
Valid : loss:9.54e+03  =  9.54e+03 + alpha*5.35e-02
Test: loss:1.16e+10  =  1.16e+10 + alpha*1.25e+06
Valid performance:
 mse:9.54e+03, IC:-4.33e-04, RIC:-6.10e-02, prec@10:5.83e-01, SR:2.67e+00
Test performance:
 mse:1.16e+10, IC:-3.93e-03, RIC:-5.61e-02, prec@10:5.14e-01, SR:2.39e+00 


epoch157##########################################################
Train : loss:2.87e+03  =  2.87e+03 + alpha*1.61e-02
Valid : loss:1.01e+04  =  1.01e+04 + alpha*5.50e-02
Test: loss:1.16e+10  =  1.16e+10 + alpha*4.55e-02
Valid performance:
 mse:1.01e+04, IC:3.48e-04, RIC:4.91e-02, prec@10:5.63e-01, SR:1.12e+00
Test performance:
 mse:1.16e+10, IC:3.38e-03, RIC:4.91e-02, prec@10:5.22e-01, SR:1.05e+00 


epoch158##########################################################
Train : loss:3.05e+03  =  3.05e+03 + alpha*1.85e-02
Valid : loss:1.15e+04  =  1.15e+04 + alpha*5.43e-02
Test: loss:1.16e+10  =  1.16e+10 + alpha*8.14e+05
Valid performance:
 mse:1.15e+04, IC:3.49e-04, RIC:4.92e-02, prec@10:5.68e-01, SR:2.40e+00
Test performance:
 mse:1.16e+10, IC:-2.26e-03, RIC:-3.26e-02, prec@10:5.42e-01, SR:3.12e+00 


epoch159##########################################################
Train : loss:3.59e+03  =  3.59e+03 + alpha*2.24e-02
Valid : loss:9.81e+03  =  9.81e+03 + alpha*5.53e-02
Test: loss:1.16e+10  =  1.16e+10 + alpha*3.01e+06
Valid performance:
 mse:9.81e+03, IC:-1.62e-05, RIC:-2.29e-03, prec@10:5.80e-01, SR:1.12e+00
Test performance:
 mse:1.16e+10, IC:-4.95e-03, RIC:-7.17e-02, prec@10:5.20e-01, SR:2.09e+00 


epoch160##########################################################
Train : loss:3.19e+03  =  3.19e+03 + alpha*2.04e-02
Valid : loss:9.62e+03  =  9.62e+03 + alpha*5.68e-02
Test: loss:1.16e+10  =  1.16e+10 + alpha*4.79e-02
Valid performance:
 mse:9.62e+03, IC:-8.93e-04, RIC:-1.27e-01, prec@10:5.55e-01, SR:1.12e+00
Test performance:
 mse:1.16e+10, IC:4.26e-03, RIC:6.18e-02, prec@10:5.29e-01, SR:1.05e+00 


epoch161##########################################################
Train : loss:2.97e+03  =  2.97e+03 + alpha*1.95e-02
Valid : loss:1.19e+04  =  1.19e+04 + alpha*5.92e-02
Test: loss:1.16e+10  =  1.16e+10 + alpha*3.83e-02
Valid performance:
 mse:1.19e+04, IC:7.40e-04, RIC:1.05e-01, prec@10:5.84e-01, SR:2.76e+00
Test performance:
 mse:1.16e+10, IC:3.41e-03, RIC:4.87e-02, prec@10:5.26e-01, SR:1.05e+00 


epoch162##########################################################
Train : loss:3.23e+03  =  3.23e+03 + alpha*1.86e-02
Valid : loss:8.47e+03  =  8.47e+03 + alpha*5.39e-02
Test: loss:1.16e+10  =  1.16e+10 + alpha*4.59e-02
Valid performance:
 mse:8.47e+03, IC:-9.78e-04, RIC:-1.39e-01, prec@10:5.72e-01, SR:1.47e+00
Test performance:
 mse:1.16e+10, IC:4.17e-03, RIC:5.99e-02, prec@10:5.18e-01, SR:1.05e+00 


epoch163##########################################################
Train : loss:3.45e+03  =  3.45e+03 + alpha*2.00e-02
Valid : loss:9.34e+03  =  9.34e+03 + alpha*5.54e-02
Test: loss:1.16e+10  =  1.16e+10 + alpha*3.85e+05
Valid performance:
 mse:9.34e+03, IC:-2.43e-04, RIC:-3.42e-02, prec@10:5.86e-01, SR:1.47e+00
Test performance:
 mse:1.16e+10, IC:-3.00e-03, RIC:-4.30e-02, prec@10:5.20e-01, SR:1.51e+00 


epoch164##########################################################
Train : loss:3.30e+03  =  3.30e+03 + alpha*1.95e-02
Valid : loss:1.07e+04  =  1.07e+04 + alpha*5.94e-02
Test: loss:1.16e+10  =  1.16e+10 + alpha*4.50e-02
Valid performance:
 mse:1.07e+04, IC:-4.97e-04, RIC:-7.01e-02, prec@10:5.85e-01, SR:1.44e+00
Test performance:
 mse:1.16e+10, IC:4.26e-03, RIC:6.12e-02, prec@10:5.20e-01, SR:1.05e+00 


epoch165##########################################################
Train : loss:3.24e+03  =  3.24e+03 + alpha*2.03e-02
Valid : loss:9.38e+03  =  9.38e+03 + alpha*5.55e-02
Test: loss:1.16e+10  =  1.16e+10 + alpha*4.58e-02
Valid performance:
 mse:9.38e+03, IC:6.28e-04, RIC:8.87e-02, prec@10:5.79e-01, SR:1.12e+00
Test performance:
 mse:1.16e+10, IC:5.38e-03, RIC:7.75e-02, prec@10:5.28e-01, SR:1.05e+00 


epoch166##########################################################
Train : loss:3.45e+03  =  3.45e+03 + alpha*1.78e-02
Valid : loss:1.03e+04  =  1.03e+04 + alpha*5.61e-02
Test: loss:1.16e+10  =  1.16e+10 + alpha*3.68e+05
Valid performance:
 mse:1.03e+04, IC:-3.22e-04, RIC:-4.54e-02, prec@10:5.70e-01, SR:1.16e+00
Test performance:
 mse:1.16e+10, IC:-7.16e-03, RIC:-1.04e-01, prec@10:5.08e-01, SR:2.24e+00 


epoch167##########################################################
Train : loss:3.78e+03  =  3.78e+03 + alpha*2.04e-02
Valid : loss:7.23e+03  =  7.23e+03 + alpha*5.04e-02
Test: loss:1.16e+10  =  1.16e+10 + alpha*3.15e+06
Valid performance:
 mse:7.23e+03, IC:-4.53e-04, RIC:-6.38e-02, prec@10:5.71e-01, SR:2.22e+00
Test performance:
 mse:1.16e+10, IC:-2.93e-03, RIC:-4.15e-02, prec@10:5.14e-01, SR:1.79e+00 


epoch168##########################################################
Train : loss:3.33e+03  =  3.33e+03 + alpha*2.11e-02
Valid : loss:1.06e+04  =  1.06e+04 + alpha*5.71e-02
Test: loss:1.16e+10  =  1.16e+10 + alpha*4.87e-02
Valid performance:
 mse:1.06e+04, IC:-6.24e-05, RIC:-8.79e-03, prec@10:5.80e-01, SR:1.19e+00
Test performance:
 mse:1.16e+10, IC:3.45e-03, RIC:4.96e-02, prec@10:5.10e-01, SR:1.05e+00 


epoch169##########################################################
Train : loss:2.75e+03  =  2.75e+03 + alpha*1.73e-02
Valid : loss:1.16e+04  =  1.16e+04 + alpha*5.77e-02
Test: loss:1.16e+10  =  1.16e+10 + alpha*4.83e-02
Valid performance:
 mse:1.16e+04, IC:-3.84e-04, RIC:-5.41e-02, prec@10:5.69e-01, SR:1.60e+00
Test performance:
 mse:1.16e+10, IC:3.26e-03, RIC:4.78e-02, prec@10:5.31e-01, SR:1.05e+00 


epoch170##########################################################
Train : loss:3.25e+03  =  3.25e+03 + alpha*1.89e-02
Valid : loss:9.86e+03  =  9.86e+03 + alpha*5.82e-02
Test: loss:1.16e+10  =  1.16e+10 + alpha*4.59e-02
Valid performance:
 mse:9.86e+03, IC:-7.14e-04, RIC:-1.01e-01, prec@10:5.79e-01, SR:2.51e+00
Test performance:
 mse:1.16e+10, IC:5.32e-03, RIC:7.54e-02, prec@10:5.23e-01, SR:1.05e+00 


epoch171##########################################################
Train : loss:3.89e+03  =  3.89e+03 + alpha*2.05e-02
Valid : loss:9.35e+03  =  9.35e+03 + alpha*5.70e-02
Test: loss:1.16e+10  =  1.16e+10 + alpha*1.08e+06
Valid performance:
 mse:9.35e+03, IC:-9.45e-05, RIC:-1.33e-02, prec@10:5.76e-01, SR:1.39e+00
Test performance:
 mse:1.16e+10, IC:-5.89e-03, RIC:-8.50e-02, prec@10:5.14e-01, SR:3.63e+00 


epoch172##########################################################
Train : loss:3.97e+03  =  3.97e+03 + alpha*2.10e-02
Valid : loss:1.03e+04  =  1.03e+04 + alpha*5.59e-02
Test: loss:1.16e+10  =  1.16e+10 + alpha*4.08e-02
Valid performance:
 mse:1.03e+04, IC:5.35e-04, RIC:7.55e-02, prec@10:5.74e-01, SR:1.45e+00
Test performance:
 mse:1.16e+10, IC:3.56e-03, RIC:5.19e-02, prec@10:5.20e-01, SR:1.05e+00 


epoch173##########################################################
Train : loss:2.60e+03  =  2.60e+03 + alpha*1.85e-02
Valid : loss:8.55e+03  =  8.55e+03 + alpha*5.20e-02
Test: loss:1.16e+10  =  1.16e+10 + alpha*4.09e-02
Valid performance:
 mse:8.55e+03, IC:1.27e-04, RIC:1.79e-02, prec@10:5.81e-01, SR:1.20e+00
Test performance:
 mse:1.16e+10, IC:3.27e-03, RIC:4.75e-02, prec@10:5.21e-01, SR:1.05e+00 


epoch174##########################################################
Train : loss:3.32e+03  =  3.32e+03 + alpha*2.02e-02
Valid : loss:9.77e+03  =  9.77e+03 + alpha*5.27e-02
Test: loss:1.16e+10  =  1.16e+10 + alpha*4.23e-02
Valid performance:
 mse:9.77e+03, IC:1.05e-03, RIC:1.49e-01, prec@10:5.86e-01, SR:1.42e+00
Test performance:
 mse:1.16e+10, IC:3.21e-03, RIC:4.62e-02, prec@10:5.13e-01, SR:1.05e+00 


epoch175##########################################################
Train : loss:3.48e+03  =  3.48e+03 + alpha*2.02e-02
Valid : loss:8.76e+03  =  8.76e+03 + alpha*5.04e-02
Test: loss:1.16e+10  =  1.16e+10 + alpha*1.69e+06
Valid performance:
 mse:8.76e+03, IC:4.43e-04, RIC:6.24e-02, prec@10:5.90e-01, SR:1.17e+00
Test performance:
 mse:1.16e+10, IC:-4.34e-03, RIC:-6.33e-02, prec@10:5.32e-01, SR:2.39e+00 


epoch176##########################################################
Train : loss:3.21e+03  =  3.21e+03 + alpha*1.89e-02
Valid : loss:8.89e+03  =  8.89e+03 + alpha*4.89e-02
Test: loss:1.16e+10  =  1.16e+10 + alpha*2.53e+05
Valid performance:
 mse:8.89e+03, IC:5.77e-05, RIC:8.12e-03, prec@10:5.81e-01, SR:1.15e+00
Test performance:
 mse:1.16e+10, IC:-3.49e-03, RIC:-4.96e-02, prec@10:5.35e-01, SR:1.34e+00 


epoch177##########################################################
Train : loss:3.50e+03  =  3.50e+03 + alpha*1.84e-02
Valid : loss:1.00e+04  =  1.00e+04 + alpha*5.67e-02
Test: loss:1.16e+10  =  1.16e+10 + alpha*4.73e-02
Valid performance:
 mse:1.00e+04, IC:3.76e-06, RIC:5.29e-04, prec@10:5.88e-01, SR:1.37e+00
Test performance:
 mse:1.16e+10, IC:5.20e-03, RIC:7.47e-02, prec@10:5.40e-01, SR:1.05e+00 


epoch178##########################################################
Train : loss:3.69e+03  =  3.69e+03 + alpha*2.09e-02
Valid : loss:9.28e+03  =  9.28e+03 + alpha*5.48e-02
Test: loss:1.16e+10  =  1.16e+10 + alpha*5.41e+05
Valid performance:
 mse:9.28e+03, IC:-2.17e-04, RIC:-3.06e-02, prec@10:5.76e-01, SR:1.21e+00
Test performance:
 mse:1.16e+10, IC:-6.11e-03, RIC:-8.53e-02, prec@10:5.23e-01, SR:2.90e+00 


epoch179##########################################################
Train : loss:3.49e+03  =  3.49e+03 + alpha*1.91e-02
Valid : loss:8.37e+03  =  8.37e+03 + alpha*5.00e-02
Test: loss:1.16e+10  =  1.16e+10 + alpha*3.08e+06
Valid performance:
 mse:8.37e+03, IC:2.60e-04, RIC:3.67e-02, prec@10:5.97e-01, SR:1.19e+00
Test performance:
 mse:1.16e+10, IC:-4.57e-03, RIC:-6.59e-02, prec@10:5.19e-01, SR:3.08e+00 


epoch180##########################################################
Train : loss:3.35e+03  =  3.35e+03 + alpha*2.00e-02
Valid : loss:8.76e+03  =  8.76e+03 + alpha*5.41e-02
Test: loss:1.16e+10  =  1.16e+10 + alpha*4.69e-02
Valid performance:
 mse:8.76e+03, IC:-4.92e-05, RIC:-6.92e-03, prec@10:5.85e-01, SR:3.90e+00
Test performance:
 mse:1.16e+10, IC:5.20e-03, RIC:7.51e-02, prec@10:5.19e-01, SR:1.05e+00 


epoch181##########################################################
Train : loss:3.24e+03  =  3.24e+03 + alpha*1.97e-02
Valid : loss:8.36e+03  =  8.36e+03 + alpha*5.60e-02
Test: loss:1.16e+10  =  1.16e+10 + alpha*4.97e-02
Valid performance:
 mse:8.36e+03, IC:-2.09e-04, RIC:-2.95e-02, prec@10:5.87e-01, SR:1.44e+00
Test performance:
 mse:1.16e+10, IC:3.99e-03, RIC:5.74e-02, prec@10:5.00e-01, SR:1.05e+00 


epoch182##########################################################
Train : loss:3.36e+03  =  3.36e+03 + alpha*2.01e-02
Valid : loss:8.01e+03  =  8.01e+03 + alpha*5.05e-02
Test: loss:1.16e+10  =  1.16e+10 + alpha*1.01e+06
Valid performance:
 mse:8.01e+03, IC:-1.71e-04, RIC:-2.40e-02, prec@10:5.79e-01, SR:2.01e+00
Test performance:
 mse:1.16e+10, IC:-3.87e-03, RIC:-5.58e-02, prec@10:5.22e-01, SR:2.51e+00 


epoch183##########################################################
Train : loss:3.13e+03  =  3.13e+03 + alpha*1.97e-02
Valid : loss:1.03e+04  =  1.03e+04 + alpha*5.71e-02
Test: loss:1.16e+10  =  1.16e+10 + alpha*9.19e+05
Valid performance:
 mse:1.03e+04, IC:6.53e-05, RIC:9.19e-03, prec@10:5.76e-01, SR:1.37e+00
Test performance:
 mse:1.16e+10, IC:-4.73e-03, RIC:-6.77e-02, prec@10:5.23e-01, SR:1.86e+00 


epoch184##########################################################
Train : loss:3.89e+03  =  3.89e+03 + alpha*2.15e-02
Valid : loss:8.11e+03  =  8.11e+03 + alpha*5.09e-02
Test: loss:1.16e+10  =  1.16e+10 + alpha*4.26e-02
Valid performance:
 mse:8.11e+03, IC:1.17e-04, RIC:1.65e-02, prec@10:5.70e-01, SR:1.25e+00
Test performance:
 mse:1.16e+10, IC:5.31e-03, RIC:7.52e-02, prec@10:5.26e-01, SR:1.05e+00 


epoch185##########################################################
Train : loss:3.39e+03  =  3.39e+03 + alpha*1.87e-02
Valid : loss:7.98e+03  =  7.98e+03 + alpha*5.16e-02
Test: loss:1.16e+10  =  1.16e+10 + alpha*1.18e+06
Valid performance:
 mse:7.98e+03, IC:-8.09e-04, RIC:-1.15e-01, prec@10:5.86e-01, SR:1.46e+00
Test performance:
 mse:1.16e+10, IC:-3.18e-03, RIC:-4.48e-02, prec@10:5.25e-01, SR:3.05e+00 


epoch186##########################################################
Train : loss:3.30e+03  =  3.30e+03 + alpha*1.98e-02
Valid : loss:1.04e+04  =  1.04e+04 + alpha*5.39e-02
Test: loss:1.16e+10  =  1.16e+10 + alpha*4.48e-02
Valid performance:
 mse:1.04e+04, IC:7.76e-04, RIC:1.10e-01, prec@10:5.76e-01, SR:2.28e+00
Test performance:
 mse:1.16e+10, IC:4.97e-03, RIC:7.15e-02, prec@10:5.39e-01, SR:1.05e+00 


epoch187##########################################################
Train : loss:3.85e+03  =  3.85e+03 + alpha*2.05e-02
Valid : loss:8.92e+03  =  8.92e+03 + alpha*5.60e-02
Test: loss:1.16e+10  =  1.16e+10 + alpha*4.59e-02
Valid performance:
 mse:8.92e+03, IC:8.44e-05, RIC:1.19e-02, prec@10:5.63e-01, SR:1.23e+00
Test performance:
 mse:1.16e+10, IC:2.09e-03, RIC:3.01e-02, prec@10:5.07e-01, SR:1.05e+00 


epoch188##########################################################
Train : loss:4.14e+03  =  4.14e+03 + alpha*2.19e-02
Valid : loss:9.72e+03  =  9.72e+03 + alpha*5.80e-02
Test: loss:1.16e+10  =  1.16e+10 + alpha*4.99e+05
Valid performance:
 mse:9.72e+03, IC:2.71e-04, RIC:3.82e-02, prec@10:5.67e-01, SR:2.25e+00
Test performance:
 mse:1.16e+10, IC:-3.88e-03, RIC:-5.50e-02, prec@10:4.98e-01, SR:1.25e+00 


epoch189##########################################################
Train : loss:3.42e+03  =  3.42e+03 + alpha*1.74e-02
Valid : loss:1.15e+04  =  1.15e+04 + alpha*5.68e-02
Test: loss:1.16e+10  =  1.16e+10 + alpha*2.46e+05
Valid performance:
 mse:1.15e+04, IC:7.36e-04, RIC:1.04e-01, prec@10:5.79e-01, SR:1.41e+00
Test performance:
 mse:1.16e+10, IC:-3.89e-03, RIC:-5.56e-02, prec@10:5.20e-01, SR:1.27e+00 


epoch190##########################################################
Train : loss:3.81e+03  =  3.81e+03 + alpha*2.18e-02
Valid : loss:9.54e+03  =  9.54e+03 + alpha*5.79e-02
Test: loss:1.16e+10  =  1.16e+10 + alpha*1.71e+06
Valid performance:
 mse:9.54e+03, IC:-1.58e-04, RIC:-2.22e-02, prec@10:5.83e-01, SR:1.16e+00
Test performance:
 mse:1.16e+10, IC:-4.86e-03, RIC:-6.96e-02, prec@10:5.28e-01, SR:3.75e+00 


epoch191##########################################################
Train : loss:3.41e+03  =  3.41e+03 + alpha*2.01e-02
Valid : loss:8.66e+03  =  8.66e+03 + alpha*5.60e-02
Test: loss:1.16e+10  =  1.16e+10 + alpha*1.96e+06
Valid performance:
 mse:8.66e+03, IC:1.16e-04, RIC:1.64e-02, prec@10:5.68e-01, SR:1.54e+00
Test performance:
 mse:1.16e+10, IC:-4.54e-03, RIC:-6.56e-02, prec@10:5.16e-01, SR:3.35e+00 


epoch192##########################################################
Train : loss:3.75e+03  =  3.75e+03 + alpha*2.19e-02
Valid : loss:9.26e+03  =  9.26e+03 + alpha*5.46e-02
Test: loss:1.16e+10  =  1.16e+10 + alpha*1.76e+06
Valid performance:
 mse:9.26e+03, IC:2.50e-04, RIC:3.51e-02, prec@10:5.85e-01, SR:1.35e+00
Test performance:
 mse:1.16e+10, IC:-3.34e-03, RIC:-4.78e-02, prec@10:5.32e-01, SR:3.60e+00 


epoch193##########################################################
Train : loss:3.23e+03  =  3.23e+03 + alpha*2.17e-02
Valid : loss:1.10e+04  =  1.10e+04 + alpha*5.96e-02
Test: loss:1.16e+10  =  1.16e+10 + alpha*1.67e+06
Valid performance:
 mse:1.10e+04, IC:-9.27e-04, RIC:-1.32e-01, prec@10:5.74e-01, SR:1.17e+00
Test performance:
 mse:1.16e+10, IC:-4.87e-03, RIC:-7.03e-02, prec@10:5.09e-01, SR:1.84e+00 


epoch194##########################################################
Train : loss:3.19e+03  =  3.19e+03 + alpha*2.01e-02
Valid : loss:9.81e+03  =  9.81e+03 + alpha*5.38e-02
Test: loss:1.16e+10  =  1.16e+10 + alpha*4.09e-02
Valid performance:
 mse:9.81e+03, IC:6.72e-04, RIC:9.51e-02, prec@10:5.89e-01, SR:1.51e+00
Test performance:
 mse:1.16e+10, IC:3.12e-03, RIC:4.53e-02, prec@10:5.23e-01, SR:1.05e+00 


epoch195##########################################################
Train : loss:2.88e+03  =  2.88e+03 + alpha*1.79e-02
Valid : loss:9.08e+03  =  9.08e+03 + alpha*5.52e-02
Test: loss:1.16e+10  =  1.16e+10 + alpha*4.51e-02
Valid performance:
 mse:9.08e+03, IC:-7.85e-04, RIC:-1.11e-01, prec@10:5.63e-01, SR:1.37e+00
Test performance:
 mse:1.16e+10, IC:4.39e-03, RIC:6.38e-02, prec@10:5.20e-01, SR:1.05e+00 


epoch196##########################################################
Train : loss:3.11e+03  =  3.11e+03 + alpha*2.05e-02
Valid : loss:1.24e+04  =  1.24e+04 + alpha*6.66e-02
Test: loss:1.16e+10  =  1.16e+10 + alpha*9.83e+04
Valid performance:
 mse:1.24e+04, IC:-6.51e-04, RIC:-9.20e-02, prec@10:5.78e-01, SR:1.21e+00
Test performance:
 mse:1.16e+10, IC:-5.10e-03, RIC:-7.37e-02, prec@10:5.21e-01, SR:2.81e+00 


epoch197##########################################################
Train : loss:3.38e+03  =  3.38e+03 + alpha*1.97e-02
Valid : loss:8.59e+03  =  8.59e+03 + alpha*5.23e-02
Test: loss:1.16e+10  =  1.16e+10 + alpha*4.79e-02
Valid performance:
 mse:8.59e+03, IC:-9.49e-06, RIC:-1.34e-03, prec@10:5.83e-01, SR:1.48e+00
Test performance:
 mse:1.16e+10, IC:4.46e-03, RIC:6.44e-02, prec@10:5.40e-01, SR:1.05e+00 


epoch198##########################################################
Train : loss:3.56e+03  =  3.56e+03 + alpha*1.86e-02
Valid : loss:9.84e+03  =  9.84e+03 + alpha*5.36e-02
Test: loss:1.16e+10  =  1.16e+10 + alpha*4.57e-02
Valid performance:
 mse:9.84e+03, IC:-3.33e-06, RIC:-4.68e-04, prec@10:5.70e-01, SR:1.42e+00
Test performance:
 mse:1.16e+10, IC:2.94e-03, RIC:4.22e-02, prec@10:5.36e-01, SR:1.05e+00 


epoch199##########################################################
Train : loss:2.91e+03  =  2.91e+03 + alpha*1.71e-02
Valid : loss:8.21e+03  =  8.21e+03 + alpha*5.16e-02
Test: loss:1.16e+10  =  1.16e+10 + alpha*1.10e+06
Valid performance:
 mse:8.21e+03, IC:-6.20e-05, RIC:-8.73e-03, prec@10:5.83e-01, SR:1.57e+00
Test performance:
 mse:1.16e+10, IC:-4.37e-03, RIC:-6.33e-02, prec@10:5.22e-01, SR:3.46e+00 


epoch200##########################################################
Train : loss:3.48e+03  =  3.48e+03 + alpha*2.21e-02
Valid : loss:8.95e+03  =  8.95e+03 + alpha*5.24e-02
Test: loss:1.16e+10  =  1.16e+10 + alpha*3.67e+05
Valid performance:
 mse:8.95e+03, IC:5.60e-05, RIC:7.89e-03, prec@10:5.87e-01, SR:1.23e+00
Test performance:
 mse:1.16e+10, IC:-4.11e-03, RIC:-5.95e-02, prec@10:5.13e-01, SR:2.21e+00 


Training finished.
Best Validation Performance (based on highest validation IC):
mse:1.25e+04, IC:1.05e-03, RIC:1.49e-01, prec@10:5.81e-01, SR:1.21e+00
Corresponding Test Performance:
mse:1.16e+10, IC:-5.85e-03, RIC:-8.41e-02, prec@10:5.33e-01, SR:2.62e+00
Results for StockPredict appended to ../training_results.xlsx (active sheet: Training Results)
