原始SP500数据形状: (464, 1148, 5) (股票数: 464, 天数: 1148, 特征数: 5)
使用全部5年数据 (2020-2024)，数据形状: (464, 1148, 5)
市场为 SP500，实际加载股票数量更新为: 464
市场为 SP500，实际加载股票数量更新为: 464
总交易天数: 1148
根据 60%/20%/_ 分割比例 (已调整为满足最小数据集要求):
训练集天数 (0-indexed, up to valid_index-1): 688 (实际比例: 59.9%)
验证集天数 (valid_index to test_index-1): 230 (实际比例: 20.0%)
测试集天数 (test_index to end): 230 (实际比例: 20.0%)
验证集起始索引 (valid_index): 688
测试集起始索引 (test_index): 918
✅ 数据集分割检查通过
epoch1##########################################################
Train : loss:8.40e+09  =  8.40e+09 + alpha*2.00e+02
Valid : loss:1.17e+09  =  1.17e+09 + alpha*9.07e+01
Test: loss:4.96e+08  =  4.96e+08 + alpha*7.52e+01
Valid performance:
 mse:1.17e+09, IC:-1.67e-03, RIC:-2.07e-02, prec@10:5.23e-01, SR:1.19e+00
Test performance:
 mse:4.96e+08, IC:-4.98e-03, RIC:-6.98e-02, prec@10:5.20e-01, SR:1.30e+00 


epoch2##########################################################
Train : loss:1.51e+09  =  1.51e+09 + alpha*8.01e+01
Valid : loss:1.43e+08  =  1.43e+08 + alpha*3.27e+01
Test: loss:7.20e+07  =  7.20e+07 + alpha*2.85e+01
Valid performance:
 mse:1.43e+08, IC:-3.29e-03, RIC:-3.80e-02, prec@10:5.24e-01, SR:5.09e-01
Test performance:
 mse:7.20e+07, IC:-8.09e-04, RIC:-1.08e-02, prec@10:5.23e-01, SR:2.06e+00 


epoch3##########################################################
Train : loss:2.97e+08  =  2.97e+08 + alpha*3.52e+01
Valid : loss:3.06e+07  =  3.06e+07 + alpha*1.45e+01
Test: loss:1.44e+07  =  1.44e+07 + alpha*1.27e+01
Valid performance:
 mse:3.06e+07, IC:3.31e-03, RIC:3.56e-02, prec@10:5.08e-01, SR:1.53e-01
Test performance:
 mse:1.44e+07, IC:1.42e-03, RIC:1.92e-02, prec@10:5.18e-01, SR:1.57e+00 


epoch4##########################################################
Train : loss:5.05e+07  =  5.05e+07 + alpha*1.45e+01
Valid : loss:3.41e+06  =  3.41e+06 + alpha*4.82e+00
Test: loss:1.61e+06  =  1.61e+06 + alpha*4.11e+00
Valid performance:
 mse:3.41e+06, IC:-4.37e-03, RIC:-5.31e-02, prec@10:5.11e-01, SR:5.32e-01
Test performance:
 mse:1.61e+06, IC:-4.54e-03, RIC:-6.02e-02, prec@10:5.23e-01, SR:1.19e+00 


epoch5##########################################################
Train : loss:5.25e+06  =  5.25e+06 + alpha*4.60e+00
Valid : loss:3.98e+05  =  3.98e+05 + alpha*1.55e+00
Test: loss:1.61e+05  =  1.61e+05 + alpha*1.31e+00
Valid performance:
 mse:3.98e+05, IC:6.78e-03, RIC:7.79e-02, prec@10:5.10e-01, SR:3.79e-01
Test performance:
 mse:1.61e+05, IC:4.78e-03, RIC:6.44e-02, prec@10:5.20e-01, SR:9.90e-01 


epoch6##########################################################
Train : loss:2.21e+05  =  2.21e+05 + alpha*8.96e-01
Valid : loss:6.72e+03  =  6.72e+03 + alpha*2.11e-01
Test: loss:2.74e+03  =  2.74e+03 + alpha*1.78e-01
Valid performance:
 mse:6.72e+03, IC:7.38e-03, RIC:8.23e-02, prec@10:5.09e-01, SR:5.53e-01
Test performance:
 mse:2.74e+03, IC:4.21e-03, RIC:5.48e-02, prec@10:5.17e-01, SR:1.43e+00 


epoch7##########################################################
Train : loss:7.92e+03  =  7.92e+03 + alpha*1.42e-01
Valid : loss:5.79e+00  =  5.79e+00 + alpha*5.69e-03
Test: loss:3.45e+00  =  3.45e+00 + alpha*5.01e-03
Valid performance:
 mse:5.79e+00, IC:1.51e-03, RIC:1.91e-02, prec@10:5.13e-01, SR:5.76e-01
Test performance:
 mse:3.45e+00, IC:-3.39e-03, RIC:-4.62e-02, prec@10:5.20e-01, SR:1.19e+00 


epoch8##########################################################
Train : loss:1.95e+01  =  1.95e+01 + alpha*8.48e-03
Valid : loss:1.10e+00  =  1.10e+00 + alpha*1.12e-03
Test: loss:9.76e-01  =  9.75e-01 + alpha*8.97e-04
Valid performance:
 mse:1.10e+00, IC:-1.81e-03, RIC:-2.33e-02, prec@10:5.17e-01, SR:1.05e+00
Test performance:
 mse:9.75e-01, IC:-4.76e-04, RIC:-6.80e-03, prec@10:5.31e-01, SR:1.59e+00 


epoch9##########################################################
Train : loss:1.29e+00  =  1.29e+00 + alpha*1.47e-03
Valid : loss:1.14e+00  =  1.14e+00 + alpha*1.52e-03
Test: loss:9.40e-01  =  9.40e-01 + alpha*1.15e-03
Valid performance:
 mse:1.14e+00, IC:-8.97e-03, RIC:-1.06e-01, prec@10:5.17e-01, SR:9.46e-02
Test performance:
 mse:9.40e-01, IC:-8.61e-03, RIC:-1.11e-01, prec@10:5.21e-01, SR:2.98e-01 


epoch10##########################################################
Train : loss:1.28e+05  =  1.28e+05 + alpha*4.20e-01
Valid : loss:3.43e+04  =  3.43e+04 + alpha*4.91e-01
Test: loss:1.57e+04  =  1.57e+04 + alpha*4.25e-01
Valid performance:
 mse:3.43e+04, IC:-1.74e-03, RIC:-2.19e-02, prec@10:5.23e-01, SR:1.43e+00
Test performance:
 mse:1.57e+04, IC:-3.67e-03, RIC:-5.25e-02, prec@10:5.32e-01, SR:1.49e+00 


epoch11##########################################################
Train : loss:1.32e+08  =  1.32e+08 + alpha*1.46e+01
Valid : loss:1.96e+07  =  1.96e+07 + alpha*1.15e+01
Test: loss:7.18e+06  =  7.18e+06 + alpha*9.19e+00
Valid performance:
 mse:1.96e+07, IC:6.37e-03, RIC:7.12e-02, prec@10:5.24e-01, SR:1.14e+00
Test performance:
 mse:7.18e+06, IC:8.25e-03, RIC:1.04e-01, prec@10:5.25e-01, SR:1.38e+00 


epoch12##########################################################
Train : loss:7.62e+06  =  7.62e+06 + alpha*5.18e+00
Valid : loss:1.64e+04  =  1.64e+04 + alpha*3.49e-01
Test: loss:8.36e+03  =  8.36e+03 + alpha*2.88e-01
Valid performance:
 mse:1.64e+04, IC:-5.05e-03, RIC:-6.39e-02, prec@10:5.21e-01, SR:1.29e+00
Test performance:
 mse:8.36e+03, IC:2.32e-03, RIC:3.41e-02, prec@10:5.30e-01, SR:1.46e+00 


epoch13##########################################################
Train : loss:2.43e+06  =  2.43e+06 + alpha*2.11e+00
Valid : loss:4.37e+05  =  4.37e+05 + alpha*1.83e+00
Test: loss:1.89e+05  =  1.89e+05 + alpha*1.51e+00
Valid performance:
 mse:4.37e+05, IC:-2.89e-03, RIC:-3.40e-02, prec@10:5.19e-01, SR:4.24e-01
Test performance:
 mse:1.89e+05, IC:-4.19e-03, RIC:-5.93e-02, prec@10:5.23e-01, SR:1.89e+00 


epoch14##########################################################
Train : loss:1.37e+08  =  1.37e+08 + alpha*1.42e+01
Valid : loss:3.29e+07  =  3.29e+07 + alpha*1.62e+01
Test: loss:1.36e+07  =  1.36e+07 + alpha*1.31e+01
Valid performance:
 mse:3.29e+07, IC:-4.63e-03, RIC:-5.11e-02, prec@10:5.17e-01, SR:1.13e+00
Test performance:
 mse:1.36e+07, IC:-2.37e-03, RIC:-3.05e-02, prec@10:5.17e-01, SR:6.46e-01 


epoch15##########################################################
Train : loss:3.02e+07  =  3.02e+07 + alpha*8.50e+00
Valid : loss:1.95e+05  =  1.95e+05 + alpha*1.25e+00
Test: loss:6.63e+04  =  6.63e+04 + alpha*9.57e-01
Valid performance:
 mse:1.95e+05, IC:-8.85e-03, RIC:-1.07e-01, prec@10:5.29e-01, SR:-1.94e-01
Test performance:
 mse:6.63e+04, IC:-6.84e-03, RIC:-8.95e-02, prec@10:5.17e-01, SR:1.05e+00 


epoch16##########################################################
Train : loss:4.52e+04  =  4.52e+04 + alpha*3.96e-01
Valid : loss:1.62e+02  =  1.62e+02 + alpha*3.44e-02
Test: loss:6.58e+01  =  6.58e+01 + alpha*2.76e-02
Valid performance:
 mse:1.62e+02, IC:1.41e-04, RIC:1.50e-03, prec@10:5.29e-01, SR:1.62e+00
Test performance:
 mse:6.58e+01, IC:-4.98e-03, RIC:-6.98e-02, prec@10:5.39e-01, SR:1.47e+00 


epoch17##########################################################
Train : loss:8.29e+03  =  8.29e+03 + alpha*1.22e-01
Valid : loss:6.17e+03  =  6.17e+03 + alpha*2.00e-01
Test: loss:2.11e+03  =  2.11e+03 + alpha*1.61e-01
Valid performance:
 mse:6.17e+03, IC:7.63e-03, RIC:8.92e-02, prec@10:5.18e-01, SR:1.36e+00
Test performance:
 mse:2.11e+03, IC:8.29e-03, RIC:1.12e-01, prec@10:5.23e-01, SR:1.40e+00 


epoch18##########################################################
Train : loss:2.82e+06  =  2.82e+06 + alpha*2.59e+00
Valid : loss:3.17e+06  =  3.17e+06 + alpha*4.14e+00
Test: loss:1.07e+06  =  1.07e+06 + alpha*3.35e+00
Valid performance:
 mse:3.17e+06, IC:6.61e-03, RIC:8.31e-02, prec@10:5.20e-01, SR:1.75e+00
Test performance:
 mse:1.07e+06, IC:8.28e-03, RIC:1.09e-01, prec@10:5.15e-01, SR:1.07e+00 


epoch19##########################################################
Train : loss:7.11e+07  =  7.11e+07 + alpha*1.45e+01
Valid : loss:1.81e+07  =  1.81e+07 + alpha*1.18e+01
Test: loss:7.26e+06  =  7.26e+06 + alpha*9.14e+00
Valid performance:
 mse:1.81e+07, IC:-4.40e-03, RIC:-4.96e-02, prec@10:5.37e-01, SR:1.82e+00
Test performance:
 mse:7.26e+06, IC:-5.40e-03, RIC:-6.89e-02, prec@10:5.23e-01, SR:1.35e+00 


epoch20##########################################################
Train : loss:2.56e+07  =  2.56e+07 + alpha*8.24e+00
Valid : loss:1.03e+05  =  1.03e+05 + alpha*8.51e-01
Test: loss:4.26e+04  =  4.26e+04 + alpha*7.22e-01
Valid performance:
 mse:1.03e+05, IC:2.81e-03, RIC:3.47e-02, prec@10:5.10e-01, SR:1.00e-01
Test performance:
 mse:4.26e+04, IC:-4.08e-03, RIC:-5.16e-02, prec@10:5.10e-01, SR:9.84e-01 


epoch21##########################################################
Train : loss:1.93e+08  =  1.93e+08 + alpha*1.70e+01
Valid : loss:4.37e+07  =  4.37e+07 + alpha*1.76e+01
Test: loss:1.87e+07  =  1.87e+07 + alpha*1.39e+01
Valid performance:
 mse:4.37e+07, IC:-2.70e-03, RIC:-3.08e-02, prec@10:5.28e-01, SR:1.18e+00
Test performance:
 mse:1.87e+07, IC:-4.70e-03, RIC:-6.83e-02, prec@10:5.26e-01, SR:4.93e-02 


epoch22##########################################################
Train : loss:1.78e+07  =  1.78e+07 + alpha*8.64e+00
Valid : loss:2.34e+05  =  2.34e+05 + alpha*1.24e+00
Test: loss:9.00e+04  =  9.00e+04 + alpha*1.06e+00
Valid performance:
 mse:2.34e+05, IC:9.05e-03, RIC:1.12e-01, prec@10:5.12e-01, SR:7.79e-01
Test performance:
 mse:9.00e+04, IC:7.58e-03, RIC:8.89e-02, prec@10:5.15e-01, SR:1.12e+00 


epoch23##########################################################
Train : loss:2.13e+05  =  2.13e+05 + alpha*8.26e-01
Valid : loss:6.29e+03  =  6.29e+03 + alpha*2.18e-01
Test: loss:2.74e+03  =  2.74e+03 + alpha*1.80e-01
Valid performance:
 mse:6.29e+03, IC:-3.35e-03, RIC:-4.12e-02, prec@10:5.25e-01, SR:7.66e-01
Test performance:
 mse:2.74e+03, IC:-5.83e-03, RIC:-8.07e-02, prec@10:5.07e-01, SR:1.13e+00 


epoch24##########################################################
Train : loss:7.27e+05  =  7.27e+05 + alpha*1.33e+00
Valid : loss:5.18e+06  =  5.18e+06 + alpha*6.85e+00
Test: loss:1.72e+06  =  1.72e+06 + alpha*5.10e+00
Valid performance:
 mse:5.18e+06, IC:-1.06e-02, RIC:-1.22e-01, prec@10:5.50e-01, SR:7.56e-01
Test performance:
 mse:1.72e+06, IC:-8.78e-03, RIC:-1.10e-01, prec@10:5.40e-01, SR:1.96e+00 


epoch25##########################################################
Train : loss:1.38e+08  =  1.38e+08 + alpha*2.00e+01
Valid : loss:2.11e+07  =  2.11e+07 + alpha*1.37e+01
Test: loss:7.47e+06  =  7.47e+06 + alpha*1.03e+01
Valid performance:
 mse:2.11e+07, IC:-1.08e-02, RIC:-1.27e-01, prec@10:5.33e-01, SR:1.67e+00
Test performance:
 mse:7.47e+06, IC:-7.87e-03, RIC:-9.75e-02, prec@10:5.06e-01, SR:1.07e+00 


epoch26##########################################################
Train : loss:2.00e+07  =  2.00e+07 + alpha*7.88e+00
Valid : loss:6.92e+04  =  6.92e+04 + alpha*6.60e-01
Test: loss:2.85e+04  =  2.85e+04 + alpha*5.69e-01
Valid performance:
 mse:6.92e+04, IC:-1.39e-03, RIC:-1.81e-02, prec@10:5.13e-01, SR:8.47e-01
Test performance:
 mse:2.85e+04, IC:-1.20e-03, RIC:-1.70e-02, prec@10:5.19e-01, SR:8.30e-01 


epoch27##########################################################
Train : loss:2.63e+05  =  2.63e+05 + alpha*9.41e-01
Valid : loss:9.77e+03  =  9.77e+03 + alpha*2.50e-01
Test: loss:3.48e+03  =  3.48e+03 + alpha*2.02e-01
Valid performance:
 mse:9.77e+03, IC:2.06e-04, RIC:2.59e-03, prec@10:5.23e-01, SR:1.51e+00
Test performance:
 mse:3.48e+03, IC:-7.80e-03, RIC:-1.12e-01, prec@10:5.09e-01, SR:-4.63e-02 


epoch28##########################################################
Train : loss:5.28e+07  =  5.28e+07 + alpha*1.15e+01
Valid : loss:3.53e+07  =  3.53e+07 + alpha*1.77e+01
Test: loss:1.21e+07  =  1.21e+07 + alpha*1.31e+01
Valid performance:
 mse:3.53e+07, IC:-8.81e-03, RIC:-1.03e-01, prec@10:5.35e-01, SR:-3.29e-01
Test performance:
 mse:1.21e+07, IC:-8.17e-03, RIC:-1.07e-01, prec@10:5.36e-01, SR:1.10e+00 


epoch29##########################################################
Train : loss:1.90e+07  =  1.90e+07 + alpha*7.11e+00
Valid : loss:2.30e+05  =  2.30e+05 + alpha*1.43e+00
Test: loss:8.53e+04  =  8.53e+04 + alpha*1.06e+00
Valid performance:
 mse:2.30e+05, IC:-1.11e-02, RIC:-1.24e-01, prec@10:5.26e-01, SR:3.00e-01
Test performance:
 mse:8.53e+04, IC:-8.10e-03, RIC:-9.47e-02, prec@10:5.19e-01, SR:5.53e-01 


epoch30##########################################################
Train : loss:1.87e+08  =  1.87e+08 + alpha*1.64e+01
Valid : loss:8.49e+07  =  8.49e+07 + alpha*2.29e+01
Test: loss:3.25e+07  =  3.25e+07 + alpha*1.85e+01
Valid performance:
 mse:8.49e+07, IC:1.88e-03, RIC:2.19e-02, prec@10:5.06e-01, SR:-2.08e-01
Test performance:
 mse:3.25e+07, IC:-7.08e-03, RIC:-9.26e-02, prec@10:5.38e-01, SR:4.57e-01 


epoch31##########################################################
Train : loss:9.84e+07  =  9.84e+07 + alpha*1.70e+01
Valid : loss:1.67e+05  =  1.67e+05 + alpha*1.09e+00
Test: loss:8.06e+04  =  8.06e+04 + alpha*9.36e-01
Valid performance:
 mse:1.67e+05, IC:-3.83e-03, RIC:-4.50e-02, prec@10:5.15e-01, SR:9.73e-02
Test performance:
 mse:8.06e+04, IC:-6.57e-03, RIC:-8.66e-02, prec@10:5.23e-01, SR:8.72e-01 


epoch32##########################################################
Train : loss:7.96e+05  =  7.96e+05 + alpha*1.53e+00
Valid : loss:6.66e+02  =  6.66e+02 + alpha*6.95e-02
Test: loss:2.83e+02  =  2.83e+02 + alpha*5.46e-02
Valid performance:
 mse:6.66e+02, IC:-5.07e-03, RIC:-6.31e-02, prec@10:5.20e-01, SR:1.65e+00
Test performance:
 mse:2.83e+02, IC:-5.64e-03, RIC:-7.46e-02, prec@10:5.20e-01, SR:1.21e+00 


epoch33##########################################################
Train : loss:3.25e+03  =  3.25e+03 + alpha*9.53e-02
Valid : loss:1.33e+03  =  1.33e+03 + alpha*1.07e-01
Test: loss:5.41e+02  =  5.41e+02 + alpha*8.22e-02
Valid performance:
 mse:1.33e+03, IC:-1.11e-02, RIC:-1.22e-01, prec@10:5.18e-01, SR:2.85e-01
Test performance:
 mse:5.41e+02, IC:-8.70e-03, RIC:-1.06e-01, prec@10:5.28e-01, SR:1.54e+00 


epoch34##########################################################
Train : loss:5.96e+06  =  5.96e+06 + alpha*3.10e+00
Valid : loss:1.06e+07  =  1.06e+07 + alpha*9.29e+00
Test: loss:3.73e+06  =  3.73e+06 + alpha*6.98e+00
Valid performance:
 mse:1.06e+07, IC:-1.38e-02, RIC:-1.64e-01, prec@10:5.14e-01, SR:-2.29e-01
Test performance:
 mse:3.73e+06, IC:-7.17e-03, RIC:-8.56e-02, prec@10:5.09e-01, SR:4.53e-01 


epoch35##########################################################
Train : loss:1.10e+08  =  1.10e+08 + alpha*1.75e+01
Valid : loss:1.03e+07  =  1.03e+07 + alpha*8.32e+00
Test: loss:3.48e+06  =  3.48e+06 + alpha*6.78e+00
Valid performance:
 mse:1.03e+07, IC:1.00e-02, RIC:1.14e-01, prec@10:5.13e-01, SR:1.41e+00
Test performance:
 mse:3.48e+06, IC:7.51e-03, RIC:9.32e-02, prec@10:5.23e-01, SR:8.51e-01 


epoch36##########################################################
Train : loss:6.07e+07  =  6.07e+07 + alpha*1.46e+01
Valid : loss:9.51e+05  =  9.51e+05 + alpha*2.58e+00
Test: loss:3.80e+05  =  3.80e+05 + alpha*2.02e+00
Valid performance:
 mse:9.51e+05, IC:-5.18e-03, RIC:-6.06e-02, prec@10:5.12e-01, SR:1.12e+00
Test performance:
 mse:3.80e+05, IC:-6.77e-03, RIC:-9.94e-02, prec@10:5.24e-01, SR:2.07e+00 


epoch37##########################################################
Train : loss:1.28e+06  =  1.28e+06 + alpha*2.22e+00
Valid : loss:9.41e+03  =  9.41e+03 + alpha*2.76e-01
Test: loss:3.95e+03  =  3.95e+03 + alpha*2.10e-01
Valid performance:
 mse:9.41e+03, IC:-1.66e-03, RIC:-2.09e-02, prec@10:5.07e-01, SR:4.66e-01
Test performance:
 mse:3.95e+03, IC:7.08e-03, RIC:1.02e-01, prec@10:5.22e-01, SR:1.34e+00 


epoch38##########################################################
Train : loss:3.63e+06  =  3.63e+06 + alpha*2.42e+00
Valid : loss:3.09e+06  =  3.09e+06 + alpha*4.46e+00
Test: loss:1.24e+06  =  1.24e+06 + alpha*3.62e+00
Valid performance:
 mse:3.09e+06, IC:1.95e-03, RIC:2.28e-02, prec@10:5.25e-01, SR:9.50e-01
Test performance:
 mse:1.24e+06, IC:4.11e-03, RIC:5.50e-02, prec@10:5.27e-01, SR:7.12e-01 


epoch39##########################################################
Train : loss:5.98e+07  =  5.98e+07 + alpha*1.37e+01
Valid : loss:2.58e+07  =  2.58e+07 + alpha*1.26e+01
Test: loss:9.81e+06  =  9.81e+06 + alpha*1.02e+01
Valid performance:
 mse:2.58e+07, IC:8.60e-04, RIC:1.08e-02, prec@10:5.10e-01, SR:5.24e-01
Test performance:
 mse:9.81e+06, IC:-2.52e-03, RIC:-3.61e-02, prec@10:5.06e-01, SR:-1.87e-01 


epoch40##########################################################
Train : loss:3.89e+07  =  3.89e+07 + alpha*1.16e+01
Valid : loss:2.87e+06  =  2.87e+06 + alpha*4.02e+00
Test: loss:9.67e+05  =  9.67e+05 + alpha*3.27e+00
Valid performance:
 mse:2.87e+06, IC:9.26e-03, RIC:1.18e-01, prec@10:5.23e-01, SR:1.88e+00
Test performance:
 mse:9.67e+05, IC:8.47e-03, RIC:1.23e-01, prec@10:5.09e-01, SR:1.45e+00 


epoch41##########################################################
Train : loss:2.64e+07  =  2.64e+07 + alpha*8.10e+00
Valid : loss:2.56e+07  =  2.56e+07 + alpha*1.30e+01
Test: loss:9.78e+06  =  9.78e+06 + alpha*1.07e+01
Valid performance:
 mse:2.56e+07, IC:1.02e-02, RIC:1.12e-01, prec@10:5.11e-01, SR:1.86e+00
Test performance:
 mse:9.78e+06, IC:7.72e-03, RIC:9.69e-02, prec@10:5.28e-01, SR:1.46e+00 


epoch42##########################################################
Train : loss:1.41e+08  =  1.41e+08 + alpha*1.84e+01
Valid : loss:2.61e+06  =  2.61e+06 + alpha*4.34e+00
Test: loss:9.02e+05  =  9.02e+05 + alpha*3.33e+00
Valid performance:
 mse:2.61e+06, IC:-1.12e-02, RIC:-1.41e-01, prec@10:5.06e-01, SR:4.61e-01
Test performance:
 mse:9.02e+05, IC:-2.53e-03, RIC:-3.36e-02, prec@10:5.06e-01, SR:1.87e+00 


epoch43##########################################################
Train : loss:4.35e+06  =  4.35e+06 + alpha*2.63e+00
Valid : loss:3.11e+04  =  3.11e+04 + alpha*5.09e-01
Test: loss:1.20e+04  =  1.20e+04 + alpha*3.84e-01
Valid performance:
 mse:3.11e+04, IC:-4.93e-03, RIC:-5.29e-02, prec@10:5.34e-01, SR:1.37e+00
Test performance:
 mse:1.20e+04, IC:-8.31e-03, RIC:-1.07e-01, prec@10:5.28e-01, SR:1.78e+00 


epoch44##########################################################
Train : loss:4.99e+05  =  4.99e+05 + alpha*1.31e+00
Valid : loss:2.88e+05  =  2.88e+05 + alpha*1.38e+00
Test: loss:1.00e+05  =  1.00e+05 + alpha*1.12e+00
Valid performance:
 mse:2.88e+05, IC:8.52e-03, RIC:1.00e-01, prec@10:5.17e-01, SR:1.79e+00
Test performance:
 mse:1.00e+05, IC:4.23e-03, RIC:5.79e-02, prec@10:5.22e-01, SR:1.40e+00 


epoch45##########################################################
Train : loss:7.26e+07  =  7.26e+07 + alpha*1.34e+01
Valid : loss:3.28e+06  =  3.28e+06 + alpha*5.00e+00
Test: loss:1.52e+06  =  1.52e+06 + alpha*4.21e+00
Valid performance:
 mse:3.28e+06, IC:-7.59e-04, RIC:-8.88e-03, prec@10:5.14e-01, SR:1.07e+00
Test performance:
 mse:1.52e+06, IC:-6.22e-03, RIC:-8.21e-02, prec@10:5.24e-01, SR:1.48e+00 


epoch46##########################################################
Train : loss:2.59e+07  =  2.59e+07 + alpha*9.62e+00
Valid : loss:1.34e+06  =  1.34e+06 + alpha*3.53e+00
Test: loss:5.10e+05  =  5.10e+05 + alpha*2.65e+00
Valid performance:
 mse:1.34e+06, IC:-5.65e-03, RIC:-6.13e-02, prec@10:5.23e-01, SR:1.32e+00
Test performance:
 mse:5.10e+05, IC:-8.05e-03, RIC:-9.89e-02, prec@10:5.19e-01, SR:3.91e-01 


epoch47##########################################################
Train : loss:6.39e+07  =  6.39e+07 + alpha*1.06e+01
Valid : loss:2.78e+06  =  2.78e+06 + alpha*4.25e+00
Test: loss:9.78e+05  =  9.78e+05 + alpha*3.48e+00
Valid performance:
 mse:2.78e+06, IC:6.02e-03, RIC:6.77e-02, prec@10:5.21e-01, SR:1.13e+00
Test performance:
 mse:9.78e+05, IC:8.29e-03, RIC:1.04e-01, prec@10:5.29e-01, SR:1.02e+00 


epoch48##########################################################
Train : loss:5.03e+06  =  5.03e+06 + alpha*4.37e+00
Valid : loss:1.23e+05  =  1.23e+05 + alpha*8.94e-01
Test: loss:5.02e+04  =  5.02e+04 + alpha*7.59e-01
Valid performance:
 mse:1.23e+05, IC:5.17e-03, RIC:6.26e-02, prec@10:5.22e-01, SR:1.93e+00
Test performance:
 mse:5.02e+04, IC:-6.13e-03, RIC:-9.04e-02, prec@10:5.20e-01, SR:-6.68e-01 


epoch49##########################################################
Train : loss:3.15e+07  =  3.15e+07 + alpha*5.28e+00
Valid : loss:9.41e+07  =  9.41e+07 + alpha*2.79e+01
Test: loss:3.18e+07  =  3.18e+07 + alpha*2.08e+01
Valid performance:
 mse:9.41e+07, IC:-1.17e-02, RIC:-1.29e-01, prec@10:5.08e-01, SR:-2.58e-01
Test performance:
 mse:3.18e+07, IC:-8.57e-03, RIC:-1.09e-01, prec@10:5.16e-01, SR:1.26e+00 


epoch50##########################################################
Train : loss:2.20e+08  =  2.20e+08 + alpha*1.68e+01
Valid : loss:2.80e+05  =  2.80e+05 + alpha*1.33e+00
Test: loss:1.11e+05  =  1.11e+05 + alpha*1.11e+00
Valid performance:
 mse:2.80e+05, IC:4.66e-03, RIC:5.78e-02, prec@10:5.10e-01, SR:7.36e-01
Test performance:
 mse:1.11e+05, IC:4.78e-03, RIC:6.41e-02, prec@10:5.28e-01, SR:1.78e+00 


epoch51##########################################################
Train : loss:1.66e+05  =  1.66e+05 + alpha*7.18e-01
Valid : loss:1.65e+03  =  1.65e+03 + alpha*1.04e-01
Test: loss:6.20e+02  =  6.20e+02 + alpha*8.73e-02
Valid performance:
 mse:1.65e+03, IC:1.05e-02, RIC:1.23e-01, prec@10:5.21e-01, SR:1.60e+00
Test performance:
 mse:6.20e+02, IC:5.52e-03, RIC:7.23e-02, prec@10:5.25e-01, SR:1.63e+00 


epoch52##########################################################
Train : loss:3.13e+03  =  3.13e+03 + alpha*9.49e-02
Valid : loss:1.41e+02  =  1.41e+02 + alpha*3.12e-02
Test: loss:6.02e+01  =  6.02e+01 + alpha*2.41e-02
Valid performance:
 mse:1.41e+02, IC:-9.46e-03, RIC:-1.11e-01, prec@10:5.24e-01, SR:2.81e-01
Test performance:
 mse:6.02e+01, IC:-8.25e-03, RIC:-1.08e-01, prec@10:5.10e-01, SR:8.17e-01 


epoch53##########################################################
Train : loss:8.23e+04  =  8.23e+04 + alpha*2.67e-01
Valid : loss:1.73e+05  =  1.73e+05 + alpha*9.91e-01
Test: loss:6.26e+04  =  6.26e+04 + alpha*8.48e-01
Valid performance:
 mse:1.73e+05, IC:8.72e-03, RIC:1.16e-01, prec@10:5.23e-01, SR:1.79e+00
Test performance:
 mse:6.26e+04, IC:6.49e-03, RIC:8.54e-02, prec@10:5.20e-01, SR:6.57e-01 


epoch54##########################################################
Train : loss:1.42e+08  =  1.42e+08 + alpha*1.81e+01
Valid : loss:3.19e+07  =  3.19e+07 + alpha*1.41e+01
Test: loss:1.27e+07  =  1.27e+07 + alpha*1.18e+01
Valid performance:
 mse:3.19e+07, IC:1.40e-03, RIC:1.91e-02, prec@10:5.15e-01, SR:9.17e-01
Test performance:
 mse:1.27e+07, IC:6.67e-03, RIC:8.49e-02, prec@10:5.18e-01, SR:8.27e-01 


epoch55##########################################################
Train : loss:2.26e+07  =  2.26e+07 + alpha*8.58e+00
Valid : loss:2.90e+04  =  2.90e+04 + alpha*4.86e-01
Test: loss:1.38e+04  =  1.38e+04 + alpha*4.01e-01
Valid performance:
 mse:2.90e+04, IC:-1.17e-02, RIC:-1.53e-01, prec@10:5.08e-01, SR:-5.67e-01
Test performance:
 mse:1.38e+04, IC:-3.58e-03, RIC:-4.88e-02, prec@10:5.35e-01, SR:1.57e+00 


epoch56##########################################################
Train : loss:6.61e+04  =  6.61e+04 + alpha*4.59e-01
Valid : loss:1.41e+04  =  1.41e+04 + alpha*3.05e-01
Test: loss:6.46e+03  =  6.46e+03 + alpha*2.82e-01
Valid performance:
 mse:1.41e+04, IC:8.47e-03, RIC:8.98e-02, prec@10:5.26e-01, SR:8.85e-01
Test performance:
 mse:6.46e+03, IC:-2.23e-03, RIC:-2.82e-02, prec@10:5.17e-01, SR:2.03e+00 


epoch57##########################################################
Train : loss:5.28e+07  =  5.28e+07 + alpha*9.21e+00
Valid : loss:3.22e+06  =  3.22e+06 + alpha*5.43e+00
Test: loss:1.24e+06  =  1.24e+06 + alpha*3.98e+00
Valid performance:
 mse:3.22e+06, IC:-9.22e-03, RIC:-9.71e-02, prec@10:5.16e-01, SR:-2.25e-01
Test performance:
 mse:1.24e+06, IC:-1.98e-03, RIC:-2.53e-02, prec@10:5.26e-01, SR:1.19e+00 


epoch58##########################################################
Train : loss:5.58e+07  =  5.58e+07 + alpha*1.09e+01
Valid : loss:1.99e+07  =  1.99e+07 + alpha*1.18e+01
Test: loss:8.44e+06  =  8.44e+06 + alpha*1.02e+01
Valid performance:
 mse:1.99e+07, IC:7.09e-03, RIC:7.73e-02, prec@10:5.06e-01, SR:1.08e+00
Test performance:
 mse:8.44e+06, IC:-4.88e-03, RIC:-5.76e-02, prec@10:5.30e-01, SR:1.43e-01 


epoch59##########################################################
Train : loss:3.95e+07  =  3.95e+07 + alpha*1.04e+01
Valid : loss:3.84e+07  =  3.84e+07 + alpha*1.66e+01
Test: loss:1.32e+07  =  1.32e+07 + alpha*1.34e+01
Valid performance:
 mse:3.84e+07, IC:1.00e-02, RIC:1.15e-01, prec@10:5.22e-01, SR:1.63e+00
Test performance:
 mse:1.32e+07, IC:8.45e-03, RIC:1.07e-01, prec@10:5.18e-01, SR:9.45e-01 


epoch60##########################################################
Train : loss:1.01e+07  =  1.01e+07 + alpha*5.24e+00
Valid : loss:1.44e+05  =  1.44e+05 + alpha*9.55e-01
Test: loss:6.09e+04  =  6.09e+04 + alpha*8.07e-01
Valid performance:
 mse:1.44e+05, IC:-4.47e-03, RIC:-5.72e-02, prec@10:5.21e-01, SR:1.25e+00
Test performance:
 mse:6.09e+04, IC:1.69e-03, RIC:2.42e-02, prec@10:5.28e-01, SR:8.54e-01 


epoch61##########################################################
Train : loss:1.08e+08  =  1.08e+08 + alpha*1.65e+01
Valid : loss:3.78e+05  =  3.78e+05 + alpha*1.59e+00
Test: loss:1.32e+05  =  1.32e+05 + alpha*1.27e+00
Valid performance:
 mse:3.78e+05, IC:9.44e-03, RIC:1.09e-01, prec@10:5.11e-01, SR:1.52e+00
Test performance:
 mse:1.32e+05, IC:8.73e-03, RIC:1.12e-01, prec@10:5.20e-01, SR:1.12e+00 


epoch62##########################################################
Train : loss:2.58e+05  =  2.58e+05 + alpha*8.64e-01
Valid : loss:1.10e+05  =  1.10e+05 + alpha*8.70e-01
Test: loss:3.78e+04  =  3.78e+04 + alpha*7.08e-01
Valid performance:
 mse:1.10e+05, IC:1.17e-02, RIC:1.35e-01, prec@10:5.21e-01, SR:1.71e+00
Test performance:
 mse:3.78e+04, IC:6.01e-03, RIC:7.53e-02, prec@10:5.20e-01, SR:7.98e-01 


epoch63##########################################################
Train : loss:1.06e+08  =  1.06e+08 + alpha*1.48e+01
Valid : loss:1.58e+07  =  1.58e+07 + alpha*1.03e+01
Test: loss:5.37e+06  =  5.37e+06 + alpha*8.31e+00
Valid performance:
 mse:1.58e+07, IC:9.85e-03, RIC:1.18e-01, prec@10:5.14e-01, SR:1.64e+00
Test performance:
 mse:5.37e+06, IC:7.93e-03, RIC:1.02e-01, prec@10:5.18e-01, SR:1.05e+00 


epoch64##########################################################
Train : loss:3.47e+06  =  3.47e+06 + alpha*2.63e+00
Valid : loss:5.43e+03  =  5.43e+03 + alpha*1.89e-01
Test: loss:2.44e+03  =  2.44e+03 + alpha*1.58e-01
Valid performance:
 mse:5.43e+03, IC:2.33e-03, RIC:2.86e-02, prec@10:5.13e-01, SR:1.43e+00
Test performance:
 mse:2.44e+03, IC:8.93e-03, RIC:1.19e-01, prec@10:5.32e-01, SR:9.23e-01 


epoch65##########################################################
Train : loss:1.22e+04  =  1.22e+04 + alpha*2.16e-01
Valid : loss:1.71e+03  =  1.71e+03 + alpha*1.08e-01
Test: loss:6.29e+02  =  6.29e+02 + alpha*9.34e-02
Valid performance:
 mse:1.71e+03, IC:1.10e-02, RIC:1.30e-01, prec@10:5.18e-01, SR:1.37e+00
Test performance:
 mse:6.29e+02, IC:9.68e-03, RIC:1.15e-01, prec@10:5.10e-01, SR:1.09e+00 


epoch66##########################################################
Train : loss:1.72e+08  =  1.72e+08 + alpha*1.65e+01
Valid : loss:7.73e+07  =  7.73e+07 + alpha*2.72e+01
Test: loss:2.61e+07  =  2.61e+07 + alpha*1.98e+01
Valid performance:
 mse:7.73e+07, IC:-1.07e-02, RIC:-1.24e-01, prec@10:5.44e-01, SR:6.36e-01
Test performance:
 mse:2.61e+07, IC:-8.07e-03, RIC:-9.97e-02, prec@10:5.38e-01, SR:2.57e+00 


epoch67##########################################################
Train : loss:6.97e+06  =  6.97e+06 + alpha*4.31e+00
Valid : loss:4.44e+03  =  4.44e+03 + alpha*1.60e-01
Test: loss:2.07e+03  =  2.07e+03 + alpha*1.40e-01
Valid performance:
 mse:4.44e+03, IC:6.07e-03, RIC:7.65e-02, prec@10:5.16e-01, SR:2.02e+00
Test performance:
 mse:2.07e+03, IC:7.59e-03, RIC:9.96e-02, prec@10:5.33e-01, SR:7.88e-01 


epoch68##########################################################
Train : loss:9.46e+03  =  9.46e+03 + alpha*1.64e-01
Valid : loss:3.42e+02  =  3.42e+02 + alpha*4.86e-02
Test: loss:1.32e+02  =  1.32e+02 + alpha*4.03e-02
Valid performance:
 mse:3.42e+02, IC:7.07e-03, RIC:7.49e-02, prec@10:5.11e-01, SR:1.33e+00
Test performance:
 mse:1.32e+02, IC:6.77e-03, RIC:8.70e-02, prec@10:5.32e-01, SR:1.44e+00 


epoch69##########################################################
Train : loss:6.11e+06  =  6.11e+06 + alpha*2.51e+00
Valid : loss:2.78e+06  =  2.78e+06 + alpha*4.91e+00
Test: loss:1.07e+06  =  1.07e+06 + alpha*3.81e+00
Valid performance:
 mse:2.78e+06, IC:-9.67e-03, RIC:-1.14e-01, prec@10:5.23e-01, SR:1.71e+00
Test performance:
 mse:1.07e+06, IC:-6.69e-03, RIC:-9.02e-02, prec@10:5.25e-01, SR:7.55e-01 


epoch70##########################################################
Train : loss:9.84e+07  =  9.84e+07 + alpha*1.86e+01
Valid : loss:1.75e+07  =  1.75e+07 + alpha*1.10e+01
Test: loss:7.75e+06  =  7.75e+06 + alpha*9.37e+00
Valid performance:
 mse:1.75e+07, IC:1.05e-02, RIC:1.29e-01, prec@10:5.13e-01, SR:1.29e+00
Test performance:
 mse:7.75e+06, IC:7.14e-03, RIC:9.75e-02, prec@10:5.23e-01, SR:4.59e-01 


epoch71##########################################################
Train : loss:1.38e+07  =  1.38e+07 + alpha*5.98e+00
Valid : loss:5.11e+06  =  5.11e+06 + alpha*6.42e+00
Test: loss:1.68e+06  =  1.68e+06 + alpha*4.86e+00
Valid performance:
 mse:5.11e+06, IC:-8.18e-03, RIC:-9.60e-02, prec@10:5.34e-01, SR:6.07e-01
Test performance:
 mse:1.68e+06, IC:-9.79e-03, RIC:-1.27e-01, prec@10:5.26e-01, SR:1.43e+00 


epoch72##########################################################
Train : loss:2.11e+06  =  2.11e+06 + alpha*2.43e+00
Valid : loss:2.10e+05  =  2.10e+05 + alpha*1.35e+00
Test: loss:7.94e+04  =  7.94e+04 + alpha*9.75e-01
Valid performance:
 mse:2.10e+05, IC:-9.33e-03, RIC:-1.02e-01, prec@10:5.14e-01, SR:7.36e-01
Test performance:
 mse:7.94e+04, IC:-5.19e-03, RIC:-6.64e-02, prec@10:5.24e-01, SR:1.45e+00 


epoch73##########################################################
Train : loss:1.35e+08  =  1.35e+08 + alpha*2.13e+01
Valid : loss:1.52e+07  =  1.52e+07 + alpha*1.12e+01
Test: loss:5.50e+06  =  5.50e+06 + alpha*8.59e+00
Valid performance:
 mse:1.52e+07, IC:-1.04e-02, RIC:-1.14e-01, prec@10:5.08e-01, SR:4.32e-01
Test performance:
 mse:5.50e+06, IC:-7.15e-03, RIC:-8.75e-02, prec@10:5.14e-01, SR:9.68e-03 


epoch74##########################################################
Train : loss:6.98e+06  =  6.98e+06 + alpha*5.47e+00
Valid : loss:4.38e+06  =  4.38e+06 + alpha*5.12e+00
Test: loss:1.51e+06  =  1.51e+06 + alpha*4.21e+00
Valid performance:
 mse:4.38e+06, IC:1.07e-02, RIC:1.27e-01, prec@10:5.26e-01, SR:2.00e+00
Test performance:
 mse:1.51e+06, IC:7.11e-03, RIC:9.24e-02, prec@10:5.16e-01, SR:1.02e+00 


epoch75##########################################################
Train : loss:5.99e+06  =  5.99e+06 + alpha*4.19e+00
Valid : loss:3.44e+05  =  3.44e+05 + alpha*1.73e+00
Test: loss:1.20e+05  =  1.20e+05 + alpha*1.29e+00
Valid performance:
 mse:3.44e+05, IC:-1.30e-02, RIC:-1.45e-01, prec@10:5.23e-01, SR:5.35e-01
Test performance:
 mse:1.20e+05, IC:-6.13e-03, RIC:-7.67e-02, prec@10:5.12e-01, SR:4.41e-01 


epoch76##########################################################
Train : loss:5.75e+06  =  5.75e+06 + alpha*3.96e+00
Valid : loss:2.14e+06  =  2.14e+06 + alpha*3.81e+00
Test: loss:8.59e+05  =  8.59e+05 + alpha*2.96e+00
Valid performance:
 mse:2.14e+06, IC:-2.56e-03, RIC:-3.10e-02, prec@10:5.13e-01, SR:6.18e-01
Test performance:
 mse:8.59e+05, IC:-6.14e-03, RIC:-8.16e-02, prec@10:5.27e-01, SR:7.55e-01 


epoch77##########################################################
Train : loss:4.66e+07  =  4.66e+07 + alpha*1.13e+01
Valid : loss:4.06e+06  =  4.06e+06 + alpha*6.15e+00
Test: loss:1.36e+06  =  1.36e+06 + alpha*4.49e+00
Valid performance:
 mse:4.06e+06, IC:-9.46e-03, RIC:-1.10e-01, prec@10:5.47e-01, SR:7.17e-01
Test performance:
 mse:1.36e+06, IC:-7.80e-03, RIC:-9.97e-02, prec@10:5.34e-01, SR:2.02e+00 


epoch78##########################################################
Train : loss:1.50e+07  =  1.50e+07 + alpha*7.16e+00
Valid : loss:7.23e+06  =  7.23e+06 + alpha*7.28e+00
Test: loss:2.64e+06  =  2.64e+06 + alpha*5.59e+00
Valid performance:
 mse:7.23e+06, IC:-9.01e-03, RIC:-1.01e-01, prec@10:5.11e-01, SR:4.09e-01
Test performance:
 mse:2.64e+06, IC:-4.67e-03, RIC:-6.88e-02, prec@10:5.36e-01, SR:8.22e-01 


epoch79##########################################################
Train : loss:1.10e+08  =  1.10e+08 + alpha*1.79e+01
Valid : loss:3.13e+05  =  3.13e+05 + alpha*1.34e+00
Test: loss:1.18e+05  =  1.18e+05 + alpha*1.06e+00
Valid performance:
 mse:3.13e+05, IC:2.54e-03, RIC:3.35e-02, prec@10:5.10e-01, SR:1.61e+00
Test performance:
 mse:1.18e+05, IC:9.31e-03, RIC:1.37e-01, prec@10:5.23e-01, SR:1.73e+00 


epoch80##########################################################
Train : loss:4.08e+05  =  4.08e+05 + alpha*1.08e+00
Valid : loss:1.80e+04  =  1.80e+04 + alpha*3.89e-01
Test: loss:6.20e+03  =  6.20e+03 + alpha*2.90e-01
Valid performance:
 mse:1.80e+04, IC:-9.85e-03, RIC:-1.15e-01, prec@10:5.40e-01, SR:5.32e-01
Test performance:
 mse:6.20e+03, IC:-7.76e-03, RIC:-1.05e-01, prec@10:5.33e-01, SR:1.30e+00 


epoch81##########################################################
Train : loss:4.41e+07  =  4.41e+07 + alpha*1.22e+01
Valid : loss:1.36e+06  =  1.36e+06 + alpha*3.39e+00
Test: loss:5.77e+05  =  5.77e+05 + alpha*2.60e+00
Valid performance:
 mse:1.36e+06, IC:-5.98e-03, RIC:-6.25e-02, prec@10:5.13e-01, SR:5.98e-01
Test performance:
 mse:5.77e+05, IC:-1.28e-02, RIC:-1.58e-01, prec@10:5.20e-01, SR:9.69e-02 


epoch82##########################################################
Train : loss:2.06e+07  =  2.06e+07 + alpha*6.94e+00
Valid : loss:9.52e+05  =  9.52e+05 + alpha*2.44e+00
Test: loss:3.48e+05  =  3.48e+05 + alpha*1.95e+00
Valid performance:
 mse:9.52e+05, IC:4.48e-03, RIC:5.43e-02, prec@10:5.23e-01, SR:1.50e+00
Test performance:
 mse:3.48e+05, IC:6.68e-03, RIC:9.53e-02, prec@10:5.20e-01, SR:1.41e+00 


epoch83##########################################################
Train : loss:1.01e+08  =  1.01e+08 + alpha*1.63e+01
Valid : loss:2.16e+07  =  2.16e+07 + alpha*1.26e+01
Test: loss:9.33e+06  =  9.33e+06 + alpha*1.04e+01
Valid performance:
 mse:2.16e+07, IC:-4.46e-03, RIC:-6.09e-02, prec@10:5.10e-01, SR:5.40e-01
Test performance:
 mse:9.33e+06, IC:1.74e-03, RIC:2.33e-02, prec@10:5.32e-01, SR:5.31e-01 


epoch84##########################################################
Train : loss:5.34e+07  =  5.34e+07 + alpha*1.16e+01
Valid : loss:1.53e+05  =  1.53e+05 + alpha*9.55e-01
Test: loss:5.60e+04  =  5.60e+04 + alpha*7.72e-01
Valid performance:
 mse:1.53e+05, IC:5.26e-03, RIC:6.15e-02, prec@10:5.11e-01, SR:1.21e+00
Test performance:
 mse:5.60e+04, IC:8.90e-03, RIC:1.16e-01, prec@10:5.20e-01, SR:1.61e+00 


epoch85##########################################################
Train : loss:1.91e+05  =  1.91e+05 + alpha*8.76e-01
Valid : loss:1.27e+05  =  1.27e+05 + alpha*9.11e-01
Test: loss:4.47e+04  =  4.47e+04 + alpha*7.63e-01
Valid performance:
 mse:1.27e+05, IC:1.08e-02, RIC:1.26e-01, prec@10:5.19e-01, SR:1.68e+00
Test performance:
 mse:4.47e+04, IC:7.30e-03, RIC:8.81e-02, prec@10:5.23e-01, SR:6.28e-01 


epoch86##########################################################
Train : loss:8.70e+07  =  8.70e+07 + alpha*1.26e+01
Valid : loss:1.03e+07  =  1.03e+07 + alpha*8.13e+00
Test: loss:4.61e+06  =  4.61e+06 + alpha*7.19e+00
Valid performance:
 mse:1.03e+07, IC:-9.12e-04, RIC:-1.09e-02, prec@10:5.20e-01, SR:4.61e-01
Test performance:
 mse:4.61e+06, IC:-7.21e-03, RIC:-9.21e-02, prec@10:5.25e-01, SR:1.27e+00 


epoch87##########################################################
Train : loss:1.64e+07  =  1.64e+07 + alpha*6.31e+00
Valid : loss:7.51e+04  =  7.51e+04 + alpha*6.36e-01
Test: loss:2.94e+04  =  2.94e+04 + alpha*5.52e-01
Valid performance:
 mse:7.51e+04, IC:9.75e-03, RIC:1.11e-01, prec@10:5.13e-01, SR:2.40e+00
Test performance:
 mse:2.94e+04, IC:1.10e-02, RIC:1.31e-01, prec@10:5.21e-01, SR:1.19e+00 


epoch88##########################################################
Train : loss:2.54e+06  =  2.54e+06 + alpha*2.34e+00
Valid : loss:4.67e+05  =  4.67e+05 + alpha*1.75e+00
Test: loss:2.17e+05  =  2.17e+05 + alpha*1.57e+00
Valid performance:
 mse:4.67e+05, IC:-1.42e-03, RIC:-1.73e-02, prec@10:5.24e-01, SR:1.47e+00
Test performance:
 mse:2.17e+05, IC:-9.02e-03, RIC:-1.08e-01, prec@10:5.16e-01, SR:-4.24e-02 


epoch89##########################################################
Train : loss:5.77e+07  =  5.77e+07 + alpha*1.22e+01
Valid : loss:3.54e+07  =  3.54e+07 + alpha*1.55e+01
Test: loss:1.19e+07  =  1.19e+07 + alpha*1.25e+01
Valid performance:
 mse:3.54e+07, IC:1.05e-02, RIC:1.20e-01, prec@10:5.10e-01, SR:1.66e+00
Test performance:
 mse:1.19e+07, IC:8.18e-03, RIC:1.05e-01, prec@10:5.16e-01, SR:1.59e+00 


epoch90##########################################################
Train : loss:2.74e+08  =  2.74e+08 + alpha*2.79e+01
Valid : loss:1.03e+07  =  1.03e+07 + alpha*9.11e+00
Test: loss:4.39e+06  =  4.39e+06 + alpha*7.32e+00
Valid performance:
 mse:1.03e+07, IC:-8.42e-03, RIC:-1.08e-01, prec@10:5.14e-01, SR:1.23e+00
Test performance:
 mse:4.39e+06, IC:-3.28e-03, RIC:-4.40e-02, prec@10:5.17e-01, SR:1.21e+00 


epoch91##########################################################
Train : loss:8.83e+06  =  8.83e+06 + alpha*5.30e+00
Valid : loss:3.10e+04  =  3.10e+04 + alpha*4.70e-01
Test: loss:1.17e+04  =  1.17e+04 + alpha*3.65e-01
Valid performance:
 mse:3.10e+04, IC:-6.75e-03, RIC:-7.86e-02, prec@10:5.14e-01, SR:9.44e-01
Test performance:
 mse:1.17e+04, IC:-6.31e-03, RIC:-8.92e-02, prec@10:5.31e-01, SR:1.10e+00 


epoch92##########################################################
Train : loss:4.23e+04  =  4.23e+04 + alpha*3.70e-01
Valid : loss:2.03e+02  =  2.03e+02 + alpha*3.83e-02
Test: loss:9.36e+01  =  9.36e+01 + alpha*3.08e-02
Valid performance:
 mse:2.03e+02, IC:-6.18e-03, RIC:-7.35e-02, prec@10:5.21e-01, SR:8.60e-01
Test performance:
 mse:9.36e+01, IC:-1.50e-03, RIC:-1.90e-02, prec@10:5.22e-01, SR:1.58e+00 


epoch93##########################################################
Train : loss:4.85e+03  =  4.85e+03 + alpha*1.13e-01
Valid : loss:4.95e+01  =  4.95e+01 + alpha*1.75e-02
Test: loss:2.60e+01  =  2.60e+01 + alpha*1.55e-02
Valid performance:
 mse:4.95e+01, IC:5.15e-03, RIC:6.52e-02, prec@10:5.20e-01, SR:9.41e-01
Test performance:
 mse:2.60e+01, IC:-2.66e-03, RIC:-3.27e-02, prec@10:5.07e-01, SR:1.54e+00 


epoch94##########################################################
Train : loss:9.29e+07  =  9.29e+07 + alpha*9.49e+00
Valid : loss:2.61e+08  =  2.61e+08 + alpha*4.80e+01
Test: loss:9.36e+07  =  9.36e+07 + alpha*3.51e+01
Valid performance:
 mse:2.61e+08, IC:-9.19e-03, RIC:-1.02e-01, prec@10:5.27e-01, SR:4.95e-01
Test performance:
 mse:9.36e+07, IC:-7.90e-03, RIC:-1.03e-01, prec@10:5.33e-01, SR:1.60e+00 


epoch95##########################################################
Train : loss:5.47e+07  =  5.47e+07 + alpha*1.22e+01
Valid : loss:3.74e+05  =  3.74e+05 + alpha*1.44e+00
Test: loss:1.44e+05  =  1.44e+05 + alpha*1.25e+00
Valid performance:
 mse:3.74e+05, IC:7.09e-03, RIC:8.36e-02, prec@10:5.17e-01, SR:1.75e+00
Test performance:
 mse:1.44e+05, IC:8.06e-03, RIC:9.64e-02, prec@10:5.16e-01, SR:1.23e+00 


epoch96##########################################################
Train : loss:3.53e+05  =  3.53e+05 + alpha*1.08e+00
Valid : loss:3.09e+04  =  3.09e+04 + alpha*4.46e-01
Test: loss:1.24e+04  =  1.24e+04 + alpha*3.70e-01
Valid performance:
 mse:3.09e+04, IC:-6.35e-04, RIC:-7.22e-03, prec@10:5.17e-01, SR:1.81e+00
Test performance:
 mse:1.24e+04, IC:-5.93e-03, RIC:-8.11e-02, prec@10:5.16e-01, SR:9.16e-01 


epoch97##########################################################
Train : loss:1.77e+07  =  1.77e+07 + alpha*3.73e+00
Valid : loss:1.30e+08  =  1.30e+08 + alpha*3.62e+01
Test: loss:4.50e+07  =  4.50e+07 + alpha*2.59e+01
Valid performance:
 mse:1.30e+08, IC:-1.17e-02, RIC:-1.28e-01, prec@10:5.38e-01, SR:3.89e-01
Test performance:
 mse:4.50e+07, IC:-6.87e-03, RIC:-8.61e-02, prec@10:5.32e-01, SR:1.97e+00 


epoch98##########################################################
Train : loss:1.36e+08  =  1.36e+08 + alpha*1.71e+01
Valid : loss:1.26e+06  =  1.26e+06 + alpha*3.34e+00
Test: loss:4.21e+05  =  4.21e+05 + alpha*2.48e+00
Valid performance:
 mse:1.26e+06, IC:-1.03e-02, RIC:-1.19e-01, prec@10:5.37e-01, SR:-1.06e+00
Test performance:
 mse:4.21e+05, IC:-8.44e-03, RIC:-1.10e-01, prec@10:5.40e-01, SR:8.76e-01 


epoch99##########################################################
Train : loss:1.65e+06  =  1.65e+06 + alpha*2.50e+00
Valid : loss:2.21e+04  =  2.21e+04 + alpha*4.00e-01
Test: loss:9.53e+03  =  9.53e+03 + alpha*3.25e-01
Valid performance:
 mse:2.21e+04, IC:-3.78e-03, RIC:-4.23e-02, prec@10:5.14e-01, SR:6.63e-01
Test performance:
 mse:9.53e+03, IC:-3.08e-03, RIC:-4.05e-02, prec@10:5.20e-01, SR:1.24e+00 


epoch100##########################################################
Train : loss:7.76e+07  =  7.76e+07 + alpha*9.53e+00
Valid : loss:3.34e+06  =  3.34e+06 + alpha*4.84e+00
Test: loss:1.47e+06  =  1.47e+06 + alpha*4.07e+00
Valid performance:
 mse:3.34e+06, IC:5.48e-03, RIC:7.04e-02, prec@10:5.18e-01, SR:1.81e+00
Test performance:
 mse:1.47e+06, IC:-1.83e-04, RIC:-2.45e-03, prec@10:5.18e-01, SR:7.75e-01 


Training finished.
Best Validation Performance (based on lowest validation loss for LinearModel):
mse:1.10e+00, IC:-1.81e-03, RIC:-2.33e-02, prec@10:5.17e-01, SR:1.05e+00
Corresponding Test Performance for LinearModel:
mse:9.75e-01, IC:-4.76e-04, RIC:-6.80e-03, prec@10:5.31e-01, SR:1.59e+00
Results for LinearModel appended to ../training_results.xlsx (active sheet: Training Results)
