Using device: cpu
Loading data from: ../dataset\SP500
原始SP500数据形状: (464, 1148, 5) (股票数: 464, 天数: 1148, 特征数: 5)
使用全部5年数据 (2020-2024)，数据形状: (464, 1148, 5)
Warning: stock_num (1026) does not match eod_data.shape[0] (464). Adjusting stock_num.
市场为 SP500，实际加载股票数量更新为: 464
总交易天数: 1148
根据 60%/20%/_ 分割比例 (已调整为满足最小数据集要求):
训练集天数 (0-indexed, up to valid_index-1): 688 (实际比例: 59.9%)
验证集天数 (valid_index to test_index-1): 230 (实际比例: 20.0%)
测试集天数 (test_index to end): 230 (实际比例: 20.0%)
验证集起始索引 (valid_index): 688
测试集起始索引 (test_index): 918
✅ 数据集分割检查通过
Starting training...
Epoch 1/100 ##########################################################
Train: loss:9.7320e-01 = 9.7318e-01 + alpha*1.1980e-04
Valid: loss:9.7390e-01 = 9.7389e-01 + alpha*9.8979e-05
  Perf: mse:9.7389e-01, IC:-0.0064, RIC:-0.0487, prec@10:0.5174, SR:0.6264
Test : loss:9.7704e-01 = 9.7703e-01 + alpha*9.1342e-05
  Perf: mse:9.7703e-01, IC:0.0046, RIC:0.0411, prec@10:0.5357, SR:0.4803

New best validation loss found at epoch 1
Epoch 2/100 ##########################################################
Train: loss:9.7320e-01 = 9.7318e-01 + alpha*1.1980e-04
Valid: loss:9.7390e-01 = 9.7389e-01 + alpha*9.8979e-05
  Perf: mse:9.7389e-01, IC:-0.0064, RIC:-0.0487, prec@10:0.5174, SR:0.6264
Test : loss:9.7704e-01 = 9.7703e-01 + alpha*9.1342e-05
  Perf: mse:9.7703e-01, IC:0.0046, RIC:0.0411, prec@10:0.5357, SR:0.4803

Epoch 3/100 ##########################################################
Train: loss:9.7320e-01 = 9.7318e-01 + alpha*1.1980e-04
Valid: loss:9.7390e-01 = 9.7389e-01 + alpha*9.8979e-05
  Perf: mse:9.7389e-01, IC:-0.0064, RIC:-0.0487, prec@10:0.5174, SR:0.6264
Test : loss:9.7704e-01 = 9.7703e-01 + alpha*9.1342e-05
  Perf: mse:9.7703e-01, IC:0.0046, RIC:0.0411, prec@10:0.5357, SR:0.4803

Epoch 4/100 ##########################################################
Train: loss:9.7320e-01 = 9.7318e-01 + alpha*1.1980e-04
Valid: loss:9.7390e-01 = 9.7389e-01 + alpha*9.8979e-05
  Perf: mse:9.7389e-01, IC:-0.0064, RIC:-0.0487, prec@10:0.5174, SR:0.6264
Test : loss:9.7704e-01 = 9.7703e-01 + alpha*9.1342e-05
  Perf: mse:9.7703e-01, IC:0.0046, RIC:0.0411, prec@10:0.5357, SR:0.4803

Epoch 5/100 ##########################################################
Train: loss:9.7320e-01 = 9.7318e-01 + alpha*1.1980e-04
Valid: loss:9.7390e-01 = 9.7389e-01 + alpha*9.8979e-05
  Perf: mse:9.7389e-01, IC:-0.0064, RIC:-0.0487, prec@10:0.5174, SR:0.6264
Test : loss:9.7704e-01 = 9.7703e-01 + alpha*9.1342e-05
  Perf: mse:9.7703e-01, IC:0.0046, RIC:0.0411, prec@10:0.5357, SR:0.4803

Epoch 6/100 ##########################################################
Train: loss:9.7320e-01 = 9.7318e-01 + alpha*1.1980e-04
Valid: loss:9.7390e-01 = 9.7389e-01 + alpha*9.8979e-05
  Perf: mse:9.7389e-01, IC:-0.0064, RIC:-0.0487, prec@10:0.5174, SR:0.6264
Test : loss:9.7704e-01 = 9.7703e-01 + alpha*9.1342e-05
  Perf: mse:9.7703e-01, IC:0.0046, RIC:0.0411, prec@10:0.5357, SR:0.4803

Epoch 7/100 ##########################################################
Train: loss:9.7320e-01 = 9.7318e-01 + alpha*1.1980e-04
Valid: loss:9.7390e-01 = 9.7389e-01 + alpha*9.8979e-05
  Perf: mse:9.7389e-01, IC:-0.0064, RIC:-0.0487, prec@10:0.5174, SR:0.6264
Test : loss:9.7704e-01 = 9.7703e-01 + alpha*9.1342e-05
  Perf: mse:9.7703e-01, IC:0.0046, RIC:0.0411, prec@10:0.5357, SR:0.4803

Epoch 8/100 ##########################################################
Train: loss:9.7320e-01 = 9.7318e-01 + alpha*1.1980e-04
Valid: loss:9.7390e-01 = 9.7389e-01 + alpha*9.8979e-05
  Perf: mse:9.7389e-01, IC:-0.0064, RIC:-0.0487, prec@10:0.5174, SR:0.6264
Test : loss:9.7704e-01 = 9.7703e-01 + alpha*9.1342e-05
  Perf: mse:9.7703e-01, IC:0.0046, RIC:0.0411, prec@10:0.5357, SR:0.4803

Epoch 9/100 ##########################################################
Train: loss:9.7320e-01 = 9.7318e-01 + alpha*1.1980e-04
Valid: loss:9.7390e-01 = 9.7389e-01 + alpha*9.8979e-05
  Perf: mse:9.7389e-01, IC:-0.0064, RIC:-0.0487, prec@10:0.5174, SR:0.6264
Test : loss:9.7704e-01 = 9.7703e-01 + alpha*9.1342e-05
  Perf: mse:9.7703e-01, IC:0.0046, RIC:0.0411, prec@10:0.5357, SR:0.4803

Epoch 10/100 ##########################################################
Train: loss:9.7320e-01 = 9.7318e-01 + alpha*1.1980e-04
Valid: loss:9.7390e-01 = 9.7389e-01 + alpha*9.8979e-05
  Perf: mse:9.7389e-01, IC:-0.0064, RIC:-0.0487, prec@10:0.5174, SR:0.6264
Test : loss:9.7704e-01 = 9.7703e-01 + alpha*9.1342e-05
  Perf: mse:9.7703e-01, IC:0.0046, RIC:0.0411, prec@10:0.5357, SR:0.4803

Epoch 11/100 ##########################################################
Train: loss:9.7320e-01 = 9.7318e-01 + alpha*1.1980e-04
Valid: loss:9.7390e-01 = 9.7389e-01 + alpha*9.8979e-05
  Perf: mse:9.7389e-01, IC:-0.0064, RIC:-0.0487, prec@10:0.5174, SR:0.6264
Test : loss:9.7704e-01 = 9.7703e-01 + alpha*9.1342e-05
  Perf: mse:9.7703e-01, IC:0.0046, RIC:0.0411, prec@10:0.5357, SR:0.4803

Epoch 12/100 ##########################################################
Train: loss:9.7320e-01 = 9.7318e-01 + alpha*1.1980e-04
Valid: loss:9.7390e-01 = 9.7389e-01 + alpha*9.8979e-05
  Perf: mse:9.7389e-01, IC:-0.0064, RIC:-0.0487, prec@10:0.5174, SR:0.6264
Test : loss:9.7704e-01 = 9.7703e-01 + alpha*9.1342e-05
  Perf: mse:9.7703e-01, IC:0.0046, RIC:0.0411, prec@10:0.5357, SR:0.4803

Epoch 13/100 ##########################################################
Train: loss:9.7320e-01 = 9.7318e-01 + alpha*1.1980e-04
Valid: loss:9.7390e-01 = 9.7389e-01 + alpha*9.8979e-05
  Perf: mse:9.7389e-01, IC:-0.0064, RIC:-0.0487, prec@10:0.5174, SR:0.6264
Test : loss:9.7704e-01 = 9.7703e-01 + alpha*9.1342e-05
  Perf: mse:9.7703e-01, IC:0.0046, RIC:0.0411, prec@10:0.5357, SR:0.4803

Epoch 14/100 ##########################################################
Train: loss:9.7320e-01 = 9.7318e-01 + alpha*1.1980e-04
Valid: loss:9.7390e-01 = 9.7389e-01 + alpha*9.8979e-05
  Perf: mse:9.7389e-01, IC:-0.0064, RIC:-0.0487, prec@10:0.5174, SR:0.6264
Test : loss:9.7704e-01 = 9.7703e-01 + alpha*9.1342e-05
  Perf: mse:9.7703e-01, IC:0.0046, RIC:0.0411, prec@10:0.5357, SR:0.4803

Epoch 15/100 ##########################################################
Train: loss:9.7320e-01 = 9.7318e-01 + alpha*1.1980e-04
Valid: loss:9.7390e-01 = 9.7389e-01 + alpha*9.8979e-05
  Perf: mse:9.7389e-01, IC:-0.0064, RIC:-0.0487, prec@10:0.5174, SR:0.6264
Test : loss:9.7704e-01 = 9.7703e-01 + alpha*9.1342e-05
  Perf: mse:9.7703e-01, IC:0.0046, RIC:0.0411, prec@10:0.5357, SR:0.4803

Epoch 16/100 ##########################################################
Train: loss:9.7320e-01 = 9.7318e-01 + alpha*1.1980e-04
Valid: loss:9.7390e-01 = 9.7389e-01 + alpha*9.8979e-05
  Perf: mse:9.7389e-01, IC:-0.0064, RIC:-0.0487, prec@10:0.5174, SR:0.6264
Test : loss:9.7704e-01 = 9.7703e-01 + alpha*9.1342e-05
  Perf: mse:9.7703e-01, IC:0.0046, RIC:0.0411, prec@10:0.5357, SR:0.4803

Epoch 17/100 ##########################################################
Train: loss:9.7320e-01 = 9.7318e-01 + alpha*1.1980e-04
Valid: loss:9.7390e-01 = 9.7389e-01 + alpha*9.8979e-05
  Perf: mse:9.7389e-01, IC:-0.0064, RIC:-0.0487, prec@10:0.5174, SR:0.6264
Test : loss:9.7704e-01 = 9.7703e-01 + alpha*9.1342e-05
  Perf: mse:9.7703e-01, IC:0.0046, RIC:0.0411, prec@10:0.5357, SR:0.4803

Epoch 18/100 ##########################################################
Train: loss:9.7320e-01 = 9.7318e-01 + alpha*1.1980e-04
Valid: loss:9.7390e-01 = 9.7389e-01 + alpha*9.8979e-05
  Perf: mse:9.7389e-01, IC:-0.0064, RIC:-0.0487, prec@10:0.5174, SR:0.6264
Test : loss:9.7704e-01 = 9.7703e-01 + alpha*9.1342e-05
  Perf: mse:9.7703e-01, IC:0.0046, RIC:0.0411, prec@10:0.5357, SR:0.4803

Epoch 19/100 ##########################################################
Train: loss:9.7320e-01 = 9.7318e-01 + alpha*1.1980e-04
Valid: loss:9.7390e-01 = 9.7389e-01 + alpha*9.8979e-05
  Perf: mse:9.7389e-01, IC:-0.0064, RIC:-0.0487, prec@10:0.5174, SR:0.6264
Test : loss:9.7704e-01 = 9.7703e-01 + alpha*9.1342e-05
  Perf: mse:9.7703e-01, IC:0.0046, RIC:0.0411, prec@10:0.5357, SR:0.4803

Epoch 20/100 ##########################################################
Train: loss:9.7320e-01 = 9.7318e-01 + alpha*1.1980e-04
Valid: loss:9.7390e-01 = 9.7389e-01 + alpha*9.8979e-05
  Perf: mse:9.7389e-01, IC:-0.0064, RIC:-0.0487, prec@10:0.5174, SR:0.6264
Test : loss:9.7704e-01 = 9.7703e-01 + alpha*9.1342e-05
  Perf: mse:9.7703e-01, IC:0.0046, RIC:0.0411, prec@10:0.5357, SR:0.4803

Epoch 21/100 ##########################################################
Train: loss:9.7320e-01 = 9.7318e-01 + alpha*1.1980e-04
Valid: loss:9.7390e-01 = 9.7389e-01 + alpha*9.8979e-05
  Perf: mse:9.7389e-01, IC:-0.0064, RIC:-0.0487, prec@10:0.5174, SR:0.6264
Test : loss:9.7704e-01 = 9.7703e-01 + alpha*9.1342e-05
  Perf: mse:9.7703e-01, IC:0.0046, RIC:0.0411, prec@10:0.5357, SR:0.4803

Epoch 22/100 ##########################################################
Train: loss:9.7320e-01 = 9.7318e-01 + alpha*1.1980e-04
Valid: loss:9.7390e-01 = 9.7389e-01 + alpha*9.8979e-05
  Perf: mse:9.7389e-01, IC:-0.0064, RIC:-0.0487, prec@10:0.5174, SR:0.6264
Test : loss:9.7704e-01 = 9.7703e-01 + alpha*9.1342e-05
  Perf: mse:9.7703e-01, IC:0.0046, RIC:0.0411, prec@10:0.5357, SR:0.4803

Epoch 23/100 ##########################################################
Train: loss:9.7320e-01 = 9.7318e-01 + alpha*1.1980e-04
Valid: loss:9.7390e-01 = 9.7389e-01 + alpha*9.8979e-05
  Perf: mse:9.7389e-01, IC:-0.0064, RIC:-0.0487, prec@10:0.5174, SR:0.6264
Test : loss:9.7704e-01 = 9.7703e-01 + alpha*9.1342e-05
  Perf: mse:9.7703e-01, IC:0.0046, RIC:0.0411, prec@10:0.5357, SR:0.4803

Epoch 24/100 ##########################################################
Train: loss:9.7320e-01 = 9.7318e-01 + alpha*1.1980e-04
