Using device: cuda
Loading data from: ../dataset\SP500
原始SP500数据形状: (464, 1148, 5) (股票数: 464, 天数: 1148, 特征数: 5)
使用全部5年数据 (2020-2024)，数据形状: (464, 1148, 5)
Warning: Initial stock_num (1026) does not match SP500.npy shape (464). Adjusting stock_num.
Market is SP500. stock_num adjusted to: 464. Data shapes: eod_data=(464, 1148, 5), price_data=(464, 1148), gt_data=(464, 1148), mask_data=(464, 1148)
市场为 SP500，实际加载股票数量更新为: 464
总交易天数: 1148
根据 60%/20%/_ 分割比例 (已调整为满足最小数据集要求):
训练集天数 (0-indexed, up to valid_index-1): 688 (实际比例: 59.9%)
验证集天数 (valid_index to test_index-1): 230 (实际比例: 20.0%)
测试集天数 (test_index to end): 230 (实际比例: 20.0%)
验证集起始索引 (valid_index): 688
测试集起始索引 (test_index): 918
✅ 数据集分割检查通过
Starting STHAN-SR training...
Epoch 1/100 ##########################################################
Train: loss:9.7649e-01 = 9.7648e-01 + alpha*1.0720e-04
Valid: loss:9.7390e-01 = 9.7389e-01 + alpha*9.8965e-05 | IC: -0.0064, RIC: -0.0487, Prec@10: 0.5174, SR: 0.6264
Test (at best valid): loss:9.7704e-01 = 9.7704e-01 + alpha*9.1329e-05 | IC: 0.0046, RIC: 0.0411, Prec@10: 0.5357, SR: 0.4803

Epoch 2/100 ##########################################################
Train: loss:9.7320e-01 = 9.7319e-01 + alpha*1.1978e-04
Valid: loss:9.7390e-01 = 9.7389e-01 + alpha*9.8971e-05 | IC: -0.0064, RIC: -0.0487, Prec@10: 0.5174, SR: 0.6264
Test (at best valid): loss:9.7704e-01 = 9.7703e-01 + alpha*9.1334e-05 | IC: 0.0046, RIC: 0.0411, Prec@10: 0.5357, SR: 0.4803

Epoch 3/100 ##########################################################
Train: loss:9.7320e-01 = 9.7319e-01 + alpha*1.1979e-04
Valid: loss:9.7390e-01 = 9.7389e-01 + alpha*9.8972e-05 | IC: -0.0064, RIC: -0.0487, Prec@10: 0.5174, SR: 0.6264
Test (at best valid): loss:9.7704e-01 = 9.7703e-01 + alpha*9.1335e-05 | IC: 0.0046, RIC: 0.0411, Prec@10: 0.5357, SR: 0.4803

Epoch 4/100 ##########################################################
Train: loss:9.7320e-01 = 9.7319e-01 + alpha*1.1979e-04
Valid: loss:9.7390e-01 = 9.7389e-01 + alpha*9.8973e-05 | IC: -0.0064, RIC: -0.0487, Prec@10: 0.5174, SR: 0.6264
Test (at best valid): loss:9.7704e-01 = 9.7703e-01 + alpha*9.1336e-05 | IC: 0.0046, RIC: 0.0411, Prec@10: 0.5357, SR: 0.4803

Epoch 5/100 ##########################################################
Train: loss:9.7320e-01 = 9.7319e-01 + alpha*1.1979e-04
Valid: loss:9.7390e-01 = 9.7389e-01 + alpha*9.8973e-05 | IC: -0.0064, RIC: -0.0487, Prec@10: 0.5174, SR: 0.6264
Test (at best valid): loss:9.7704e-01 = 9.7703e-01 + alpha*9.1336e-05 | IC: 0.0046, RIC: 0.0411, Prec@10: 0.5357, SR: 0.4803

Epoch 6/100 ##########################################################
Train: loss:9.7320e-01 = 9.7319e-01 + alpha*1.1979e-04
Valid: loss:9.7390e-01 = 9.7389e-01 + alpha*9.8974e-05 | IC: -0.0064, RIC: -0.0487, Prec@10: 0.5174, SR: 0.6264
Test (at best valid): loss:9.7704e-01 = 9.7703e-01 + alpha*9.1337e-05 | IC: 0.0046, RIC: 0.0411, Prec@10: 0.5357, SR: 0.4803

Epoch 7/100 ##########################################################
Train: loss:9.7320e-01 = 9.7318e-01 + alpha*1.1979e-04
Valid: loss:9.7390e-01 = 9.7389e-01 + alpha*9.8975e-05 | IC: -0.0064, RIC: -0.0487, Prec@10: 0.5174, SR: 0.6264
Test (at best valid): loss:9.7704e-01 = 9.7703e-01 + alpha*9.1337e-05 | IC: 0.0046, RIC: 0.0411, Prec@10: 0.5357, SR: 0.4803

Epoch 8/100 ##########################################################
Train: loss:9.7320e-01 = 9.7318e-01 + alpha*1.1979e-04
Valid: loss:9.7390e-01 = 9.7389e-01 + alpha*9.8975e-05 | IC: -0.0064, RIC: -0.0487, Prec@10: 0.5174, SR: 0.6264
Test (at best valid): loss:9.7704e-01 = 9.7703e-01 + alpha*9.1338e-05 | IC: 0.0046, RIC: 0.0411, Prec@10: 0.5357, SR: 0.4803

Epoch 9/100 ##########################################################
Train: loss:9.7320e-01 = 9.7318e-01 + alpha*1.1979e-04
Valid: loss:9.7390e-01 = 9.7389e-01 + alpha*9.8976e-05 | IC: -0.0064, RIC: -0.0487, Prec@10: 0.5174, SR: 0.6264
Test (at best valid): loss:9.7704e-01 = 9.7703e-01 + alpha*9.1338e-05 | IC: 0.0046, RIC: 0.0411, Prec@10: 0.5357, SR: 0.4803

Epoch 10/100 ##########################################################
Train: loss:9.7320e-01 = 9.7318e-01 + alpha*1.1979e-04
Valid: loss:9.7390e-01 = 9.7389e-01 + alpha*9.8976e-05 | IC: -0.0064, RIC: -0.0487, Prec@10: 0.5174, SR: 0.6264
Test (at best valid): loss:9.7704e-01 = 9.7703e-01 + alpha*9.1339e-05 | IC: 0.0046, RIC: 0.0411, Prec@10: 0.5357, SR: 0.4803

Epoch 11/100 ##########################################################
Train: loss:9.7320e-01 = 9.7318e-01 + alpha*1.1979e-04
Valid: loss:9.7390e-01 = 9.7389e-01 + alpha*9.8976e-05 | IC: -0.0064, RIC: -0.0487, Prec@10: 0.5174, SR: 0.6264
Test (at best valid): loss:9.7704e-01 = 9.7703e-01 + alpha*9.1339e-05 | IC: 0.0046, RIC: 0.0411, Prec@10: 0.5357, SR: 0.4803

Epoch 12/100 ##########################################################
Train: loss:9.7320e-01 = 9.7318e-01 + alpha*1.1979e-04
Valid: loss:9.7390e-01 = 9.7389e-01 + alpha*9.8977e-05 | IC: -0.0064, RIC: -0.0487, Prec@10: 0.5174, SR: 0.6264
Test (at best valid): loss:9.7704e-01 = 9.7703e-01 + alpha*9.1339e-05 | IC: 0.0046, RIC: 0.0411, Prec@10: 0.5357, SR: 0.4803

Epoch 13/100 ##########################################################
Train: loss:9.7320e-01 = 9.7318e-01 + alpha*1.1979e-04
Valid: loss:9.7390e-01 = 9.7389e-01 + alpha*9.8977e-05 | IC: -0.0064, RIC: -0.0487, Prec@10: 0.5174, SR: 0.6264
Test (at best valid): loss:9.7704e-01 = 9.7703e-01 + alpha*9.1340e-05 | IC: 0.0046, RIC: 0.0411, Prec@10: 0.5357, SR: 0.4803

Epoch 14/100 ##########################################################
Train: loss:9.7320e-01 = 9.7318e-01 + alpha*1.1979e-04
Valid: loss:9.7390e-01 = 9.7389e-01 + alpha*9.8977e-05 | IC: -0.0064, RIC: -0.0487, Prec@10: 0.5174, SR: 0.6264
Test (at best valid): loss:9.7704e-01 = 9.7703e-01 + alpha*9.1340e-05 | IC: 0.0046, RIC: 0.0411, Prec@10: 0.5357, SR: 0.4803

Epoch 15/100 ##########################################################
Train: loss:9.7320e-01 = 9.7318e-01 + alpha*1.1979e-04
Valid: loss:9.7390e-01 = 9.7389e-01 + alpha*9.8977e-05 | IC: -0.0064, RIC: -0.0487, Prec@10: 0.5174, SR: 0.6264
Test (at best valid): loss:9.7704e-01 = 9.7703e-01 + alpha*9.1340e-05 | IC: 0.0046, RIC: 0.0411, Prec@10: 0.5357, SR: 0.4803

Epoch 16/100 ##########################################################
Train: loss:9.7320e-01 = 9.7318e-01 + alpha*1.1979e-04
Valid: loss:9.7390e-01 = 9.7389e-01 + alpha*9.8977e-05 | IC: -0.0064, RIC: -0.0487, Prec@10: 0.5174, SR: 0.6264
Test (at best valid): loss:9.7704e-01 = 9.7703e-01 + alpha*9.1340e-05 | IC: 0.0046, RIC: 0.0411, Prec@10: 0.5357, SR: 0.4803

Epoch 17/100 ##########################################################
Train: loss:9.7320e-01 = 9.7318e-01 + alpha*1.1979e-04
Valid: loss:9.7390e-01 = 9.7389e-01 + alpha*9.8978e-05 | IC: -0.0064, RIC: -0.0487, Prec@10: 0.5174, SR: 0.6264
Test (at best valid): loss:9.7704e-01 = 9.7703e-01 + alpha*9.1340e-05 | IC: 0.0046, RIC: 0.0411, Prec@10: 0.5357, SR: 0.4803

Epoch 18/100 ##########################################################
Train: loss:9.7320e-01 = 9.7318e-01 + alpha*1.1979e-04
Valid: loss:9.7390e-01 = 9.7389e-01 + alpha*9.8978e-05 | IC: -0.0064, RIC: -0.0487, Prec@10: 0.5174, SR: 0.6264
Test (at best valid): loss:9.7704e-01 = 9.7703e-01 + alpha*9.1340e-05 | IC: 0.0046, RIC: 0.0411, Prec@10: 0.5357, SR: 0.4803

Epoch 19/100 ##########################################################
Train: loss:9.7320e-01 = 9.7318e-01 + alpha*1.1979e-04
Valid: loss:9.7390e-01 = 9.7389e-01 + alpha*9.8978e-05 | IC: -0.0064, RIC: -0.0487, Prec@10: 0.5174, SR: 0.6264
Test (at best valid): loss:9.7704e-01 = 9.7703e-01 + alpha*9.1340e-05 | IC: 0.0046, RIC: 0.0411, Prec@10: 0.5357, SR: 0.4803

Epoch 20/100 ##########################################################
Train: loss:9.7320e-01 = 9.7318e-01 + alpha*1.1979e-04
Valid: loss:9.7390e-01 = 9.7389e-01 + alpha*9.8978e-05 | IC: -0.0064, RIC: -0.0487, Prec@10: 0.5174, SR: 0.6264
Test (at best valid): loss:9.7704e-01 = 9.7703e-01 + alpha*9.1340e-05 | IC: 0.0046, RIC: 0.0411, Prec@10: 0.5357, SR: 0.4803

Epoch 21/100 ##########################################################
Train: loss:9.7320e-01 = 9.7318e-01 + alpha*1.1979e-04
Valid: loss:9.7390e-01 = 9.7389e-01 + alpha*9.8978e-05 | IC: -0.0064, RIC: -0.0487, Prec@10: 0.5174, SR: 0.6264
Test (at best valid): loss:9.7704e-01 = 9.7703e-01 + alpha*9.1340e-05 | IC: 0.0046, RIC: 0.0411, Prec@10: 0.5357, SR: 0.4803

Epoch 22/100 ##########################################################
Train: loss:9.7320e-01 = 9.7318e-01 + alpha*1.1980e-04
Valid: loss:9.7390e-01 = 9.7389e-01 + alpha*9.8978e-05 | IC: -0.0064, RIC: -0.0487, Prec@10: 0.5174, SR: 0.6264
Test (at best valid): loss:9.7704e-01 = 9.7703e-01 + alpha*9.1341e-05 | IC: 0.0046, RIC: 0.0411, Prec@10: 0.5357, SR: 0.4803

Epoch 23/100 ##########################################################
Train: loss:9.7320e-01 = 9.7318e-01 + alpha*1.1980e-04
Valid: loss:9.7390e-01 = 9.7389e-01 + alpha*9.8978e-05 | IC: -0.0064, RIC: -0.0487, Prec@10: 0.5174, SR: 0.6264
Test (at best valid): loss:9.7704e-01 = 9.7703e-01 + alpha*9.1341e-05 | IC: 0.0046, RIC: 0.0411, Prec@10: 0.5357, SR: 0.4803

Epoch 24/100 ##########################################################
Train: loss:9.7320e-01 = 9.7318e-01 + alpha*1.1980e-04
Valid: loss:9.7390e-01 = 9.7389e-01 + alpha*9.8978e-05 | IC: -0.0064, RIC: -0.0487, Prec@10: 0.5174, SR: 0.6264
Test (at best valid): loss:9.7704e-01 = 9.7703e-01 + alpha*9.1341e-05 | IC: 0.0046, RIC: 0.0411, Prec@10: 0.5357, SR: 0.4803

Epoch 25/100 ##########################################################
Train: loss:9.7320e-01 = 9.7318e-01 + alpha*1.1980e-04
Valid: loss:9.7390e-01 = 9.7389e-01 + alpha*9.8978e-05 | IC: -0.0064, RIC: -0.0487, Prec@10: 0.5174, SR: 0.6264
Test (at best valid): loss:9.7704e-01 = 9.7703e-01 + alpha*9.1341e-05 | IC: 0.0046, RIC: 0.0411, Prec@10: 0.5357, SR: 0.4803

Epoch 26/100 ##########################################################
Train: loss:9.7320e-01 = 9.7318e-01 + alpha*1.1980e-04
Valid: loss:9.7390e-01 = 9.7389e-01 + alpha*9.8978e-05 | IC: -0.0064, RIC: -0.0487, Prec@10: 0.5174, SR: 0.6264
Test (at best valid): loss:9.7704e-01 = 9.7703e-01 + alpha*9.1341e-05 | IC: 0.0046, RIC: 0.0411, Prec@10: 0.5357, SR: 0.4803

Epoch 27/100 ##########################################################
Train: loss:9.7320e-01 = 9.7318e-01 + alpha*1.1980e-04
Valid: loss:9.7390e-01 = 9.7389e-01 + alpha*9.8978e-05 | IC: -0.0064, RIC: -0.0487, Prec@10: 0.5174, SR: 0.6264
Test (at best valid): loss:9.7704e-01 = 9.7703e-01 + alpha*9.1341e-05 | IC: 0.0046, RIC: 0.0411, Prec@10: 0.5357, SR: 0.4803

Epoch 28/100 ##########################################################
Train: loss:9.7320e-01 = 9.7318e-01 + alpha*1.1980e-04
Valid: loss:9.7390e-01 = 9.7389e-01 + alpha*9.8978e-05 | IC: -0.0064, RIC: -0.0487, Prec@10: 0.5174, SR: 0.6264
Test (at best valid): loss:9.7704e-01 = 9.7703e-01 + alpha*9.1341e-05 | IC: 0.0046, RIC: 0.0411, Prec@10: 0.5357, SR: 0.4803

Epoch 29/100 ##########################################################
Train: loss:9.7320e-01 = 9.7318e-01 + alpha*1.1980e-04
Valid: loss:9.7390e-01 = 9.7389e-01 + alpha*9.8978e-05 | IC: -0.0064, RIC: -0.0487, Prec@10: 0.5174, SR: 0.6264
Test (at best valid): loss:9.7704e-01 = 9.7703e-01 + alpha*9.1341e-05 | IC: 0.0046, RIC: 0.0411, Prec@10: 0.5357, SR: 0.4803

Epoch 30/100 ##########################################################
Train: loss:9.7320e-01 = 9.7318e-01 + alpha*1.1980e-04
Valid: loss:9.7390e-01 = 9.7389e-01 + alpha*9.8978e-05 | IC: -0.0064, RIC: -0.0487, Prec@10: 0.5174, SR: 0.6264

Epoch 31/100 ##########################################################
Train: loss:9.7320e-01 = 9.7318e-01 + alpha*1.1980e-04
Valid: loss:9.7390e-01 = 9.7389e-01 + alpha*9.8978e-05 | IC: -0.0064, RIC: -0.0487, Prec@10: 0.5174, SR: 0.6264
Test (at best valid): loss:9.7704e-01 = 9.7703e-01 + alpha*9.1341e-05 | IC: 0.0046, RIC: 0.0411, Prec@10: 0.5357, SR: 0.4803

Epoch 32/100 ##########################################################
Train: loss:9.7320e-01 = 9.7318e-01 + alpha*1.1980e-04
Valid: loss:9.7390e-01 = 9.7389e-01 + alpha*9.8979e-05 | IC: -0.0064, RIC: -0.0487, Prec@10: 0.5174, SR: 0.6264
Test (at best valid): loss:9.7704e-01 = 9.7703e-01 + alpha*9.1341e-05 | IC: 0.0046, RIC: 0.0411, Prec@10: 0.5357, SR: 0.4803

Epoch 33/100 ##########################################################
Train: loss:9.7320e-01 = 9.7318e-01 + alpha*1.1980e-04
Valid: loss:9.7390e-01 = 9.7389e-01 + alpha*9.8979e-05 | IC: -0.0064, RIC: -0.0487, Prec@10: 0.5174, SR: 0.6264
Test (at best valid): loss:9.7704e-01 = 9.7703e-01 + alpha*9.1341e-05 | IC: 0.0046, RIC: 0.0411, Prec@10: 0.5357, SR: 0.4803

Epoch 34/100 ##########################################################
Train: loss:9.7320e-01 = 9.7318e-01 + alpha*1.1980e-04
Valid: loss:9.7390e-01 = 9.7389e-01 + alpha*9.8979e-05 | IC: -0.0064, RIC: -0.0487, Prec@10: 0.5174, SR: 0.6264
Test (at best valid): loss:9.7704e-01 = 9.7703e-01 + alpha*9.1341e-05 | IC: 0.0046, RIC: 0.0411, Prec@10: 0.5357, SR: 0.4803

Epoch 35/100 ##########################################################
Train: loss:9.7320e-01 = 9.7318e-01 + alpha*1.1980e-04
Valid: loss:9.7390e-01 = 9.7389e-01 + alpha*9.8979e-05 | IC: -0.0064, RIC: -0.0487, Prec@10: 0.5174, SR: 0.6264
Test (at best valid): loss:9.7704e-01 = 9.7703e-01 + alpha*9.1341e-05 | IC: 0.0046, RIC: 0.0411, Prec@10: 0.5357, SR: 0.4803

Epoch 36/100 ##########################################################
Train: loss:9.7320e-01 = 9.7318e-01 + alpha*1.1980e-04
Valid: loss:9.7390e-01 = 9.7389e-01 + alpha*9.8979e-05 | IC: -0.0064, RIC: -0.0487, Prec@10: 0.5174, SR: 0.6264

Epoch 37/100 ##########################################################
Train: loss:9.7320e-01 = 9.7318e-01 + alpha*1.1980e-04
Valid: loss:9.7390e-01 = 9.7389e-01 + alpha*9.8979e-05 | IC: -0.0064, RIC: -0.0487, Prec@10: 0.5174, SR: 0.6264
Test (at best valid): loss:9.7704e-01 = 9.7703e-01 + alpha*9.1341e-05 | IC: 0.0046, RIC: 0.0411, Prec@10: 0.5357, SR: 0.4803

Epoch 38/100 ##########################################################
Train: loss:9.7320e-01 = 9.7318e-01 + alpha*1.1980e-04
Valid: loss:9.7390e-01 = 9.7389e-01 + alpha*9.8979e-05 | IC: -0.0064, RIC: -0.0487, Prec@10: 0.5174, SR: 0.6264

Epoch 39/100 ##########################################################
Train: loss:9.7320e-01 = 9.7318e-01 + alpha*1.1980e-04
Valid: loss:9.7390e-01 = 9.7389e-01 + alpha*9.8979e-05 | IC: -0.0064, RIC: -0.0487, Prec@10: 0.5174, SR: 0.6264
Test (at best valid): loss:9.7704e-01 = 9.7703e-01 + alpha*9.1341e-05 | IC: 0.0046, RIC: 0.0411, Prec@10: 0.5357, SR: 0.4803

Epoch 40/100 ##########################################################
Train: loss:9.7320e-01 = 9.7318e-01 + alpha*1.1980e-04
Valid: loss:9.7390e-01 = 9.7389e-01 + alpha*9.8979e-05 | IC: -0.0064, RIC: -0.0487, Prec@10: 0.5174, SR: 0.6264
Test (at best valid): loss:9.7704e-01 = 9.7703e-01 + alpha*9.1341e-05 | IC: 0.0046, RIC: 0.0411, Prec@10: 0.5357, SR: 0.4803

Epoch 41/100 ##########################################################
Train: loss:9.7320e-01 = 9.7318e-01 + alpha*1.1980e-04
Valid: loss:9.7390e-01 = 9.7389e-01 + alpha*9.8979e-05 | IC: -0.0064, RIC: -0.0487, Prec@10: 0.5174, SR: 0.6264

Epoch 42/100 ##########################################################
Train: loss:9.7320e-01 = 9.7318e-01 + alpha*1.1980e-04
Valid: loss:9.7390e-01 = 9.7389e-01 + alpha*9.8979e-05 | IC: -0.0064, RIC: -0.0487, Prec@10: 0.5174, SR: 0.6264
Test (at best valid): loss:9.7704e-01 = 9.7703e-01 + alpha*9.1341e-05 | IC: 0.0046, RIC: 0.0411, Prec@10: 0.5357, SR: 0.4803

Epoch 43/100 ##########################################################
Train: loss:9.7320e-01 = 9.7318e-01 + alpha*1.1980e-04
Valid: loss:9.7390e-01 = 9.7389e-01 + alpha*9.8979e-05 | IC: -0.0064, RIC: -0.0487, Prec@10: 0.5174, SR: 0.6264

Epoch 44/100 ##########################################################
Train: loss:9.7320e-01 = 9.7318e-01 + alpha*1.1980e-04
Valid: loss:9.7390e-01 = 9.7389e-01 + alpha*9.8979e-05 | IC: -0.0064, RIC: -0.0487, Prec@10: 0.5174, SR: 0.6264

Epoch 45/100 ##########################################################
Train: loss:9.7320e-01 = 9.7318e-01 + alpha*1.1980e-04
Valid: loss:9.7390e-01 = 9.7389e-01 + alpha*9.8979e-05 | IC: -0.0064, RIC: -0.0487, Prec@10: 0.5174, SR: 0.6264
Test (at best valid): loss:9.7704e-01 = 9.7703e-01 + alpha*9.1341e-05 | IC: 0.0046, RIC: 0.0411, Prec@10: 0.5357, SR: 0.4803

Epoch 46/100 ##########################################################
Train: loss:9.7320e-01 = 9.7318e-01 + alpha*1.1980e-04
Valid: loss:9.7390e-01 = 9.7389e-01 + alpha*9.8979e-05 | IC: -0.0064, RIC: -0.0487, Prec@10: 0.5174, SR: 0.6264
Test (at best valid): loss:9.7704e-01 = 9.7703e-01 + alpha*9.1341e-05 | IC: 0.0046, RIC: 0.0411, Prec@10: 0.5357, SR: 0.4803

Epoch 47/100 ##########################################################
Train: loss:9.7320e-01 = 9.7318e-01 + alpha*1.1980e-04
Valid: loss:9.7390e-01 = 9.7389e-01 + alpha*9.8979e-05 | IC: -0.0064, RIC: -0.0487, Prec@10: 0.5174, SR: 0.6264

Epoch 48/100 ##########################################################
Train: loss:9.7320e-01 = 9.7318e-01 + alpha*1.1980e-04
Valid: loss:9.7390e-01 = 9.7389e-01 + alpha*9.8979e-05 | IC: -0.0064, RIC: -0.0487, Prec@10: 0.5174, SR: 0.6264

Epoch 49/100 ##########################################################
Train: loss:9.7320e-01 = 9.7318e-01 + alpha*1.1980e-04
Valid: loss:9.7390e-01 = 9.7389e-01 + alpha*9.8979e-05 | IC: -0.0064, RIC: -0.0487, Prec@10: 0.5174, SR: 0.6264
Test (at best valid): loss:9.7704e-01 = 9.7703e-01 + alpha*9.1341e-05 | IC: 0.0046, RIC: 0.0411, Prec@10: 0.5357, SR: 0.4803

Epoch 50/100 ##########################################################
Train: loss:9.7320e-01 = 9.7318e-01 + alpha*1.1980e-04
Valid: loss:9.7390e-01 = 9.7389e-01 + alpha*9.8979e-05 | IC: -0.0064, RIC: -0.0487, Prec@10: 0.5174, SR: 0.6264

Epoch 51/100 ##########################################################
Train: loss:9.7320e-01 = 9.7318e-01 + alpha*1.1980e-04
Valid: loss:9.7390e-01 = 9.7389e-01 + alpha*9.8979e-05 | IC: -0.0064, RIC: -0.0487, Prec@10: 0.5174, SR: 0.6264

Epoch 52/100 ##########################################################
Train: loss:9.7320e-01 = 9.7318e-01 + alpha*1.1980e-04
Valid: loss:9.7390e-01 = 9.7389e-01 + alpha*9.8979e-05 | IC: -0.0064, RIC: -0.0487, Prec@10: 0.5174, SR: 0.6264

Epoch 53/100 ##########################################################
Train: loss:9.7320e-01 = 9.7318e-01 + alpha*1.1980e-04
Valid: loss:9.7390e-01 = 9.7389e-01 + alpha*9.8979e-05 | IC: -0.0064, RIC: -0.0487, Prec@10: 0.5174, SR: 0.6264

Epoch 54/100 ##########################################################
Train: loss:9.7320e-01 = 9.7318e-01 + alpha*1.1980e-04
Valid: loss:9.7390e-01 = 9.7389e-01 + alpha*9.8979e-05 | IC: -0.0064, RIC: -0.0487, Prec@10: 0.5174, SR: 0.6264

Epoch 55/100 ##########################################################
Train: loss:9.7320e-01 = 9.7318e-01 + alpha*1.1980e-04
Valid: loss:9.7390e-01 = 9.7389e-01 + alpha*9.8979e-05 | IC: -0.0064, RIC: -0.0487, Prec@10: 0.5174, SR: 0.6264
Test (at best valid): loss:9.7704e-01 = 9.7703e-01 + alpha*9.1341e-05 | IC: 0.0046, RIC: 0.0411, Prec@10: 0.5357, SR: 0.4803

Epoch 56/100 ##########################################################
Train: loss:9.7320e-01 = 9.7318e-01 + alpha*1.1980e-04
Valid: loss:9.7390e-01 = 9.7389e-01 + alpha*9.8979e-05 | IC: -0.0064, RIC: -0.0487, Prec@10: 0.5174, SR: 0.6264
Test (at best valid): loss:9.7704e-01 = 9.7703e-01 + alpha*9.1341e-05 | IC: 0.0046, RIC: 0.0411, Prec@10: 0.5357, SR: 0.4803

Epoch 57/100 ##########################################################
Train: loss:9.7320e-01 = 9.7318e-01 + alpha*1.1980e-04
Valid: loss:9.7390e-01 = 9.7389e-01 + alpha*9.8979e-05 | IC: -0.0064, RIC: -0.0487, Prec@10: 0.5174, SR: 0.6264

Epoch 58/100 ##########################################################
Train: loss:9.7320e-01 = 9.7318e-01 + alpha*1.1980e-04
Valid: loss:9.7390e-01 = 9.7389e-01 + alpha*9.8979e-05 | IC: -0.0064, RIC: -0.0487, Prec@10: 0.5174, SR: 0.6264

Epoch 59/100 ##########################################################
Train: loss:9.7320e-01 = 9.7318e-01 + alpha*1.1980e-04
Valid: loss:9.7390e-01 = 9.7389e-01 + alpha*9.8979e-05 | IC: -0.0064, RIC: -0.0487, Prec@10: 0.5174, SR: 0.6264

Epoch 60/100 ##########################################################
Train: loss:9.7320e-01 = 9.7318e-01 + alpha*1.1980e-04
Valid: loss:9.7390e-01 = 9.7389e-01 + alpha*9.8979e-05 | IC: -0.0064, RIC: -0.0487, Prec@10: 0.5174, SR: 0.6264

Epoch 61/100 ##########################################################
Train: loss:9.7320e-01 = 9.7318e-01 + alpha*1.1980e-04
Valid: loss:9.7390e-01 = 9.7389e-01 + alpha*9.8979e-05 | IC: -0.0064, RIC: -0.0487, Prec@10: 0.5174, SR: 0.6264

Epoch 62/100 ##########################################################
Train: loss:9.7320e-01 = 9.7318e-01 + alpha*1.1980e-04
Valid: loss:9.7390e-01 = 9.7389e-01 + alpha*9.8979e-05 | IC: -0.0064, RIC: -0.0487, Prec@10: 0.5174, SR: 0.6264
Test (at best valid): loss:9.7704e-01 = 9.7703e-01 + alpha*9.1341e-05 | IC: 0.0046, RIC: 0.0411, Prec@10: 0.5357, SR: 0.4803

Epoch 63/100 ##########################################################
Train: loss:9.7320e-01 = 9.7318e-01 + alpha*1.1980e-04
Valid: loss:9.7390e-01 = 9.7389e-01 + alpha*9.8979e-05 | IC: -0.0064, RIC: -0.0487, Prec@10: 0.5174, SR: 0.6264
Test (at best valid): loss:9.7704e-01 = 9.7703e-01 + alpha*9.1341e-05 | IC: 0.0046, RIC: 0.0411, Prec@10: 0.5357, SR: 0.4803

Epoch 64/100 ##########################################################
Train: loss:9.7320e-01 = 9.7318e-01 + alpha*1.1980e-04
Valid: loss:9.7390e-01 = 9.7389e-01 + alpha*9.8979e-05 | IC: -0.0064, RIC: -0.0487, Prec@10: 0.5174, SR: 0.6264

Epoch 65/100 ##########################################################
Train: loss:9.7320e-01 = 9.7318e-01 + alpha*1.1980e-04
Valid: loss:9.7390e-01 = 9.7389e-01 + alpha*9.8979e-05 | IC: -0.0064, RIC: -0.0487, Prec@10: 0.5174, SR: 0.6264

Epoch 66/100 ##########################################################
Train: loss:9.7320e-01 = 9.7318e-01 + alpha*1.1980e-04
Valid: loss:9.7390e-01 = 9.7389e-01 + alpha*9.8979e-05 | IC: -0.0064, RIC: -0.0487, Prec@10: 0.5174, SR: 0.6264

Epoch 67/100 ##########################################################
Train: loss:9.7320e-01 = 9.7318e-01 + alpha*1.1980e-04
Valid: loss:9.7390e-01 = 9.7389e-01 + alpha*9.8979e-05 | IC: -0.0064, RIC: -0.0487, Prec@10: 0.5174, SR: 0.6264

Epoch 68/100 ##########################################################
Train: loss:9.7320e-01 = 9.7318e-01 + alpha*1.1980e-04
Valid: loss:9.7390e-01 = 9.7389e-01 + alpha*9.8979e-05 | IC: -0.0064, RIC: -0.0487, Prec@10: 0.5174, SR: 0.6264

Epoch 69/100 ##########################################################
Train: loss:9.7320e-01 = 9.7318e-01 + alpha*1.1980e-04
Valid: loss:9.7390e-01 = 9.7389e-01 + alpha*9.8979e-05 | IC: -0.0064, RIC: -0.0487, Prec@10: 0.5174, SR: 0.6264

Epoch 70/100 ##########################################################
Train: loss:9.7320e-01 = 9.7318e-01 + alpha*1.1980e-04
Valid: loss:9.7390e-01 = 9.7389e-01 + alpha*9.8979e-05 | IC: -0.0064, RIC: -0.0487, Prec@10: 0.5174, SR: 0.6264

Epoch 71/100 ##########################################################
Train: loss:9.7320e-01 = 9.7318e-01 + alpha*1.1980e-04
Valid: loss:9.7390e-01 = 9.7389e-01 + alpha*9.8979e-05 | IC: -0.0064, RIC: -0.0487, Prec@10: 0.5174, SR: 0.6264

Epoch 72/100 ##########################################################
Train: loss:9.7320e-01 = 9.7318e-01 + alpha*1.1980e-04
Valid: loss:9.7390e-01 = 9.7389e-01 + alpha*9.8979e-05 | IC: -0.0064, RIC: -0.0487, Prec@10: 0.5174, SR: 0.6264

Epoch 73/100 ##########################################################
Train: loss:9.7320e-01 = 9.7318e-01 + alpha*1.1980e-04
Valid: loss:9.7390e-01 = 9.7389e-01 + alpha*9.8979e-05 | IC: -0.0064, RIC: -0.0487, Prec@10: 0.5174, SR: 0.6264
Test (at best valid): loss:9.7704e-01 = 9.7703e-01 + alpha*9.1342e-05 | IC: 0.0046, RIC: 0.0411, Prec@10: 0.5357, SR: 0.4803

Epoch 74/100 ##########################################################
Train: loss:9.7320e-01 = 9.7318e-01 + alpha*1.1980e-04
Valid: loss:9.7390e-01 = 9.7389e-01 + alpha*9.8979e-05 | IC: -0.0064, RIC: -0.0487, Prec@10: 0.5174, SR: 0.6264

Epoch 75/100 ##########################################################
Train: loss:9.7320e-01 = 9.7318e-01 + alpha*1.1980e-04
Valid: loss:9.7390e-01 = 9.7389e-01 + alpha*9.8979e-05 | IC: -0.0064, RIC: -0.0487, Prec@10: 0.5174, SR: 0.6264
Test (at best valid): loss:9.7704e-01 = 9.7703e-01 + alpha*9.1342e-05 | IC: 0.0046, RIC: 0.0411, Prec@10: 0.5357, SR: 0.4803

Epoch 76/100 ##########################################################
Train: loss:9.7320e-01 = 9.7318e-01 + alpha*1.1980e-04
Valid: loss:9.7390e-01 = 9.7389e-01 + alpha*9.8979e-05 | IC: -0.0064, RIC: -0.0487, Prec@10: 0.5174, SR: 0.6264

Epoch 77/100 ##########################################################
Train: loss:9.7320e-01 = 9.7318e-01 + alpha*1.1980e-04
Valid: loss:9.7390e-01 = 9.7389e-01 + alpha*9.8979e-05 | IC: -0.0064, RIC: -0.0487, Prec@10: 0.5174, SR: 0.6264

Epoch 78/100 ##########################################################
Train: loss:9.7320e-01 = 9.7318e-01 + alpha*1.1980e-04
Valid: loss:9.7390e-01 = 9.7389e-01 + alpha*9.8979e-05 | IC: -0.0064, RIC: -0.0487, Prec@10: 0.5174, SR: 0.6264

Epoch 79/100 ##########################################################
Train: loss:9.7320e-01 = 9.7318e-01 + alpha*1.1980e-04
Valid: loss:9.7390e-01 = 9.7389e-01 + alpha*9.8979e-05 | IC: -0.0064, RIC: -0.0487, Prec@10: 0.5174, SR: 0.6264

Epoch 80/100 ##########################################################
Train: loss:9.7320e-01 = 9.7318e-01 + alpha*1.1980e-04
Valid: loss:9.7390e-01 = 9.7389e-01 + alpha*9.8979e-05 | IC: -0.0064, RIC: -0.0487, Prec@10: 0.5174, SR: 0.6264

Epoch 81/100 ##########################################################
Train: loss:9.7320e-01 = 9.7318e-01 + alpha*1.1980e-04
Valid: loss:9.7390e-01 = 9.7389e-01 + alpha*9.8979e-05 | IC: -0.0064, RIC: -0.0487, Prec@10: 0.5174, SR: 0.6264

Epoch 82/100 ##########################################################
Train: loss:9.7320e-01 = 9.7318e-01 + alpha*1.1980e-04
Valid: loss:9.7390e-01 = 9.7389e-01 + alpha*9.8979e-05 | IC: -0.0064, RIC: -0.0487, Prec@10: 0.5174, SR: 0.6264

Epoch 83/100 ##########################################################
Train: loss:9.7320e-01 = 9.7318e-01 + alpha*1.1980e-04
Valid: loss:9.7390e-01 = 9.7389e-01 + alpha*9.8979e-05 | IC: -0.0064, RIC: -0.0487, Prec@10: 0.5174, SR: 0.6264

Epoch 84/100 ##########################################################
Train: loss:9.7320e-01 = 9.7318e-01 + alpha*1.1980e-04
Valid: loss:9.7390e-01 = 9.7389e-01 + alpha*9.8979e-05 | IC: -0.0064, RIC: -0.0487, Prec@10: 0.5174, SR: 0.6264

Epoch 85/100 ##########################################################
Train: loss:9.7320e-01 = 9.7318e-01 + alpha*1.1980e-04
Valid: loss:9.7390e-01 = 9.7389e-01 + alpha*9.8979e-05 | IC: -0.0064, RIC: -0.0487, Prec@10: 0.5174, SR: 0.6264

Epoch 86/100 ##########################################################
Train: loss:9.7320e-01 = 9.7318e-01 + alpha*1.1980e-04
Valid: loss:9.7390e-01 = 9.7389e-01 + alpha*9.8979e-05 | IC: -0.0064, RIC: -0.0487, Prec@10: 0.5174, SR: 0.6264

Epoch 87/100 ##########################################################
Train: loss:9.7320e-01 = 9.7318e-01 + alpha*1.1980e-04
Valid: loss:9.7390e-01 = 9.7389e-01 + alpha*9.8979e-05 | IC: -0.0064, RIC: -0.0487, Prec@10: 0.5174, SR: 0.6264

Epoch 88/100 ##########################################################
Train: loss:9.7320e-01 = 9.7318e-01 + alpha*1.1980e-04
Valid: loss:9.7390e-01 = 9.7389e-01 + alpha*9.8979e-05 | IC: -0.0064, RIC: -0.0487, Prec@10: 0.5174, SR: 0.6264

Epoch 89/100 ##########################################################
Train: loss:9.7320e-01 = 9.7318e-01 + alpha*1.1980e-04
Valid: loss:9.7390e-01 = 9.7389e-01 + alpha*9.8979e-05 | IC: -0.0064, RIC: -0.0487, Prec@10: 0.5174, SR: 0.6264

Epoch 90/100 ##########################################################
Train: loss:9.7320e-01 = 9.7318e-01 + alpha*1.1980e-04
Valid: loss:9.7390e-01 = 9.7389e-01 + alpha*9.8979e-05 | IC: -0.0064, RIC: -0.0487, Prec@10: 0.5174, SR: 0.6264

Epoch 91/100 ##########################################################
Train: loss:9.7320e-01 = 9.7318e-01 + alpha*1.1980e-04
Valid: loss:9.7390e-01 = 9.7389e-01 + alpha*9.8979e-05 | IC: -0.0064, RIC: -0.0487, Prec@10: 0.5174, SR: 0.6264

Epoch 92/100 ##########################################################
Train: loss:9.7320e-01 = 9.7318e-01 + alpha*1.1980e-04
Valid: loss:9.7390e-01 = 9.7389e-01 + alpha*9.8979e-05 | IC: -0.0064, RIC: -0.0487, Prec@10: 0.5174, SR: 0.6264

Epoch 93/100 ##########################################################
Train: loss:9.7320e-01 = 9.7318e-01 + alpha*1.1980e-04
Valid: loss:9.7390e-01 = 9.7389e-01 + alpha*9.8979e-05 | IC: -0.0064, RIC: -0.0487, Prec@10: 0.5174, SR: 0.6264

Epoch 94/100 ##########################################################
Train: loss:9.7320e-01 = 9.7318e-01 + alpha*1.1980e-04
Valid: loss:9.7390e-01 = 9.7389e-01 + alpha*9.8979e-05 | IC: -0.0064, RIC: -0.0487, Prec@10: 0.5174, SR: 0.6264
Test (at best valid): loss:9.7704e-01 = 9.7703e-01 + alpha*9.1342e-05 | IC: 0.0046, RIC: 0.0411, Prec@10: 0.5357, SR: 0.4803

Epoch 95/100 ##########################################################
Train: loss:9.7320e-01 = 9.7318e-01 + alpha*1.1980e-04
Valid: loss:9.7390e-01 = 9.7389e-01 + alpha*9.8979e-05 | IC: -0.0064, RIC: -0.0487, Prec@10: 0.5174, SR: 0.6264

Epoch 96/100 ##########################################################
Train: loss:9.7320e-01 = 9.7318e-01 + alpha*1.1980e-04
Valid: loss:9.7390e-01 = 9.7389e-01 + alpha*9.8979e-05 | IC: -0.0064, RIC: -0.0487, Prec@10: 0.5174, SR: 0.6264

Epoch 97/100 ##########################################################
Train: loss:9.7320e-01 = 9.7318e-01 + alpha*1.1980e-04
Valid: loss:9.7390e-01 = 9.7389e-01 + alpha*9.8979e-05 | IC: -0.0064, RIC: -0.0487, Prec@10: 0.5174, SR: 0.6264

Epoch 98/100 ##########################################################
Train: loss:9.7320e-01 = 9.7318e-01 + alpha*1.1980e-04
Valid: loss:9.7390e-01 = 9.7389e-01 + alpha*9.8979e-05 | IC: -0.0064, RIC: -0.0487, Prec@10: 0.5174, SR: 0.6264

Epoch 99/100 ##########################################################
Train: loss:9.7320e-01 = 9.7318e-01 + alpha*1.1980e-04
Valid: loss:9.7390e-01 = 9.7389e-01 + alpha*9.8979e-05 | IC: -0.0064, RIC: -0.0487, Prec@10: 0.5174, SR: 0.6264
Test (at best valid): loss:9.7704e-01 = 9.7703e-01 + alpha*9.1342e-05 | IC: 0.0046, RIC: 0.0411, Prec@10: 0.5357, SR: 0.4803

Epoch 100/100 ##########################################################
Train: loss:9.7320e-01 = 9.7318e-01 + alpha*1.1980e-04
Valid: loss:9.7390e-01 = 9.7389e-01 + alpha*9.8979e-05 | IC: -0.0064, RIC: -0.0487, Prec@10: 0.5174, SR: 0.6264


STHAN-SR Training Finished.
Best Epoch: 99
Best Valid Loss: 9.7390e-01
Best Valid Performance: IC: -0.0064, RIC: -0.0487, Prec@10: 0.5174, SR: 0.6264
 Corresponding Test Performance: IC: 0.0046, RIC: 0.0411, Prec@10: 0.5357, SR: 0.4803
Results appended to ../training_results.xlsx
