市场为 NASDAQ，实际加载股票数量更新为: 951
总交易天数: 1148
根据 60%/20%/_ 分割比例 (已调整为满足最小数据集要求):
训练集天数 (0-indexed, up to valid_index-1): 688 (实际比例: 59.9%)
验证集天数 (valid_index to test_index-1): 230 (实际比例: 20.0%)
测试集天数 (test_index to end): 230 (实际比例: 20.0%)
验证集起始索引 (valid_index): 688
测试集起始索引 (test_index): 918
✅ 数据集分割检查通过
✅ EOD数据已使用训练集的均值和标准差进行标准化
C:\ProgramData\anaconda3\envs\mypytorch\lib\site-packages\torch\optim\lr_scheduler.py:62: UserWarning: The verbose parameter is deprecated. Please use get_last_lr() to access the learning rate.
  warnings.warn(
epoch1##########################################################
Train : loss:7.55e+05  =  7.55e+05 + alpha*2.88e-01
train.py:204: DeprecationWarning: __array__ implementation doesn't accept a copy keyword, so passing copy=False failed. __array__ must implement 'dtype' and 'copy' keyword arguments.
  cur_valid_pred[:, cur_offset - (start_index - lookback_length - steps + 1)] = cur_rr[:, 0].cpu()
train.py:205: DeprecationWarning: __array__ implementation doesn't accept a copy keyword, so passing copy=False failed. __array__ must implement 'dtype' and 'copy' keyword arguments.
  cur_valid_gt[:, cur_offset - (start_index - lookback_length - steps + 1)] = gt_batch[:, 0].cpu()
train.py:206: DeprecationWarning: __array__ implementation doesn't accept a copy keyword, so passing copy=False failed. __array__ must implement 'dtype' and 'copy' keyword arguments.
  cur_valid_mask[:, cur_offset - (start_index - lookback_length - steps + 1)] = mask_batch[:, 0].cpu()
Valid : loss:2.45e+06  =  2.45e+06 + alpha*8.96e-01
Test: loss:1.16e+10  =  1.16e+10 + alpha*2.88e+07
Valid performance:
 mse:2.45e+06, IC:-1.81e-04, RIC:-2.55e-02, prec@10:5.74e-01, SR:1.19e+00
Test performance:
 mse:1.16e+10, IC:-2.71e-03, RIC:-3.92e-02, prec@10:5.22e-01, SR:1.82e+00 


epoch2##########################################################
Train : loss:6.26e+05  =  6.26e+05 + alpha*2.85e-01
Valid : loss:1.76e+06  =  1.76e+06 + alpha*7.56e-01
Test: loss:1.16e+10  =  1.16e+10 + alpha*2.56e+07
Valid performance:
 mse:1.76e+06, IC:-2.55e-04, RIC:-3.59e-02, prec@10:5.72e-01, SR:1.09e+00
Test performance:
 mse:1.16e+10, IC:-1.66e-03, RIC:-2.26e-02, prec@10:5.38e-01, SR:1.56e+00 


epoch3##########################################################
Train : loss:5.94e+05  =  5.94e+05 + alpha*2.69e-01
Valid : loss:1.37e+06  =  1.37e+06 + alpha*6.53e-01
Test: loss:1.16e+10  =  1.16e+10 + alpha*5.88e-01
Valid performance:
 mse:1.37e+06, IC:4.34e-04, RIC:6.12e-02, prec@10:5.82e-01, SR:3.47e+00
Test performance:
 mse:1.16e+10, IC:5.19e-03, RIC:7.30e-02, prec@10:5.19e-01, SR:1.05e+00 


epoch4##########################################################
Train : loss:4.03e+05  =  4.03e+05 + alpha*1.75e-01
Valid : loss:1.14e+06  =  1.14e+06 + alpha*6.01e-01
Test: loss:1.16e+10  =  1.16e+10 + alpha*4.72e-01
Valid performance:
 mse:1.14e+06, IC:2.33e-04, RIC:3.28e-02, prec@10:5.98e-01, SR:1.29e+00
Test performance:
 mse:1.16e+10, IC:2.43e-03, RIC:3.46e-02, prec@10:5.13e-01, SR:1.05e+00 


epoch5##########################################################
Train : loss:4.41e+05  =  4.41e+05 + alpha*2.33e-01
Valid : loss:1.26e+06  =  1.26e+06 + alpha*5.80e-01
Test: loss:1.15e+10  =  1.15e+10 + alpha*5.35e-01
Valid performance:
 mse:1.26e+06, IC:9.63e-04, RIC:1.37e-01, prec@10:6.04e-01, SR:1.21e+00
Test performance:
 mse:1.15e+10, IC:5.45e-03, RIC:7.73e-02, prec@10:5.30e-01, SR:1.05e+00 


epoch6##########################################################
Train : loss:2.81e+05  =  2.81e+05 + alpha*1.84e-01
Valid : loss:9.14e+05  =  9.14e+05 + alpha*5.33e-01
Test: loss:1.16e+10  =  1.16e+10 + alpha*4.56e-01
Valid performance:
 mse:9.14e+05, IC:-2.74e-04, RIC:-3.86e-02, prec@10:5.99e-01, SR:1.19e+00
Test performance:
 mse:1.16e+10, IC:5.57e-03, RIC:7.84e-02, prec@10:5.30e-01, SR:1.05e+00 


epoch7##########################################################
Train : loss:2.98e+05  =  2.98e+05 + alpha*1.88e-01
Valid : loss:8.44e+05  =  8.44e+05 + alpha*5.45e-01
Test: loss:1.16e+10  =  1.16e+10 + alpha*4.37e-01
Valid performance:
 mse:8.44e+05, IC:-7.10e-04, RIC:-1.00e-01, prec@10:5.84e-01, SR:1.31e+00
Test performance:
 mse:1.16e+10, IC:1.46e-04, RIC:2.03e-03, prec@10:5.41e-01, SR:1.05e+00 


epoch8##########################################################
Train : loss:2.59e+05  =  2.59e+05 + alpha*1.68e-01
Valid : loss:7.77e+05  =  7.77e+05 + alpha*4.97e-01
Test: loss:1.16e+10  =  1.16e+10 + alpha*2.29e+07
Valid performance:
 mse:7.77e+05, IC:4.60e-04, RIC:6.49e-02, prec@10:5.90e-01, SR:3.33e+00
Test performance:
 mse:1.16e+10, IC:-1.96e-03, RIC:-2.81e-02, prec@10:5.47e-01, SR:1.70e+00 


epoch9##########################################################
Train : loss:2.47e+05  =  2.47e+05 + alpha*1.60e-01
Valid : loss:7.11e+05  =  7.11e+05 + alpha*4.88e-01
Test: loss:1.16e+10  =  1.16e+10 + alpha*4.22e+05
Valid performance:
 mse:7.11e+05, IC:2.71e-04, RIC:3.82e-02, prec@10:5.99e-01, SR:2.18e+00
Test performance:
 mse:1.16e+10, IC:-3.60e-03, RIC:-5.00e-02, prec@10:5.23e-01, SR:1.30e+00 


epoch10##########################################################
Train : loss:2.03e+05  =  2.03e+05 + alpha*1.49e-01
Valid : loss:6.52e+05  =  6.52e+05 + alpha*4.49e-01
Test: loss:1.16e+10  =  1.16e+10 + alpha*1.18e+07
Valid performance:
 mse:6.52e+05, IC:-2.40e-04, RIC:-3.38e-02, prec@10:5.93e-01, SR:3.29e+00
Test performance:
 mse:1.16e+10, IC:-2.97e-03, RIC:-4.09e-02, prec@10:5.33e-01, SR:1.52e+00 


epoch11##########################################################
Train : loss:1.62e+05  =  1.62e+05 + alpha*1.23e-01
Valid : loss:5.70e+05  =  5.70e+05 + alpha*3.89e-01
Test: loss:1.16e+10  =  1.16e+10 + alpha*8.89e+06
Valid performance:
 mse:5.70e+05, IC:4.05e-04, RIC:5.71e-02, prec@10:6.04e-01, SR:1.26e+00
Test performance:
 mse:1.16e+10, IC:-5.58e-03, RIC:-7.52e-02, prec@10:5.10e-01, SR:1.69e+00 


epoch12##########################################################
Train : loss:1.80e+05  =  1.80e+05 + alpha*1.44e-01
Valid : loss:4.56e+05  =  4.56e+05 + alpha*3.79e-01
Test: loss:1.16e+10  =  1.16e+10 + alpha*3.55e-01
Valid performance:
 mse:4.56e+05, IC:-4.11e-05, RIC:-5.78e-03, prec@10:6.05e-01, SR:1.39e+00
Test performance:
 mse:1.16e+10, IC:4.06e-03, RIC:5.75e-02, prec@10:5.42e-01, SR:1.05e+00 


epoch13##########################################################
Train : loss:1.67e+05  =  1.67e+05 + alpha*1.28e-01
Valid : loss:5.17e+05  =  5.17e+05 + alpha*3.72e-01
Test: loss:1.16e+10  =  1.16e+10 + alpha*3.13e-01
Valid performance:
 mse:5.17e+05, IC:2.73e-04, RIC:3.84e-02, prec@10:5.93e-01, SR:2.01e+00
Test performance:
 mse:1.16e+10, IC:3.87e-03, RIC:5.32e-02, prec@10:5.37e-01, SR:1.05e+00 


epoch14##########################################################
Train : loss:1.95e+05  =  1.95e+05 + alpha*1.36e-01
Valid : loss:4.10e+05  =  4.10e+05 + alpha*3.50e-01
Test: loss:1.16e+10  =  1.16e+10 + alpha*1.35e+07
Valid performance:
 mse:4.10e+05, IC:2.64e-04, RIC:3.72e-02, prec@10:5.91e-01, SR:1.16e+00
Test performance:
 mse:1.16e+10, IC:-5.81e-03, RIC:-8.30e-02, prec@10:5.14e-01, SR:2.25e+00 


epoch15##########################################################
Train : loss:1.40e+05  =  1.40e+05 + alpha*1.16e-01
Valid : loss:4.20e+05  =  4.20e+05 + alpha*3.40e-01
Test: loss:1.16e+10  =  1.16e+10 + alpha*1.57e+07
Valid performance:
 mse:4.20e+05, IC:8.85e-04, RIC:1.25e-01, prec@10:5.89e-01, SR:1.31e+00
Test performance:
 mse:1.16e+10, IC:-1.91e-03, RIC:-2.69e-02, prec@10:5.16e-01, SR:1.62e+00 


epoch16##########################################################
Train : loss:1.31e+05  =  1.31e+05 + alpha*1.32e-01
Valid : loss:3.94e+05  =  3.94e+05 + alpha*3.62e-01
Test: loss:1.16e+10  =  1.16e+10 + alpha*4.61e+06
Valid performance:
 mse:3.94e+05, IC:3.99e-04, RIC:5.62e-02, prec@10:5.90e-01, SR:1.40e+00
Test performance:
 mse:1.16e+10, IC:-2.52e-03, RIC:-3.49e-02, prec@10:5.15e-01, SR:1.29e+00 


epoch17##########################################################
Train : loss:1.25e+05  =  1.25e+05 + alpha*1.17e-01
Valid : loss:3.84e+05  =  3.84e+05 + alpha*3.43e-01
Test: loss:1.16e+10  =  1.16e+10 + alpha*3.19e-01
Valid performance:
 mse:3.84e+05, IC:4.60e-04, RIC:6.49e-02, prec@10:5.79e-01, SR:1.99e+00
Test performance:
 mse:1.16e+10, IC:2.15e-03, RIC:2.91e-02, prec@10:5.20e-01, SR:1.05e+00 


epoch18##########################################################
Train : loss:1.03e+05  =  1.03e+05 + alpha*1.03e-01
Valid : loss:3.90e+05  =  3.90e+05 + alpha*3.38e-01
Test: loss:1.16e+10  =  1.16e+10 + alpha*6.52e+05
Valid performance:
 mse:3.90e+05, IC:2.30e-04, RIC:3.24e-02, prec@10:5.89e-01, SR:1.18e+00
Test performance:
 mse:1.16e+10, IC:-5.00e-03, RIC:-7.02e-02, prec@10:5.16e-01, SR:1.84e+00 


epoch19##########################################################
Train : loss:1.27e+05  =  1.27e+05 + alpha*1.10e-01
Valid : loss:3.66e+05  =  3.66e+05 + alpha*3.23e-01
Test: loss:1.16e+10  =  1.16e+10 + alpha*2.52e-01
Valid performance:
 mse:3.66e+05, IC:3.20e-04, RIC:4.51e-02, prec@10:5.91e-01, SR:1.41e+00
Test performance:
 mse:1.16e+10, IC:2.06e-03, RIC:2.90e-02, prec@10:5.27e-01, SR:1.05e+00 


epoch20##########################################################
Train : loss:1.11e+05  =  1.11e+05 + alpha*1.13e-01
Valid : loss:3.47e+05  =  3.47e+05 + alpha*3.42e-01
Test: loss:1.16e+10  =  1.16e+10 + alpha*2.96e-01
Valid performance:
 mse:3.47e+05, IC:-7.76e-05, RIC:-1.09e-02, prec@10:5.92e-01, SR:1.25e+00
Test performance:
 mse:1.16e+10, IC:5.61e-03, RIC:8.00e-02, prec@10:5.37e-01, SR:1.05e+00 


epoch21##########################################################
Train : loss:1.03e+05  =  1.03e+05 + alpha*1.04e-01
Valid : loss:3.69e+05  =  3.69e+05 + alpha*3.48e-01
Test: loss:1.16e+10  =  1.16e+10 + alpha*1.77e+06
Valid performance:
 mse:3.69e+05, IC:-2.27e-04, RIC:-3.20e-02, prec@10:5.84e-01, SR:1.17e+00
Test performance:
 mse:1.16e+10, IC:3.07e-04, RIC:4.29e-03, prec@10:5.30e-01, SR:1.28e+00 


epoch22##########################################################
Train : loss:1.04e+05  =  1.04e+05 + alpha*1.04e-01
Valid : loss:3.42e+05  =  3.42e+05 + alpha*3.34e-01
Test: loss:1.16e+10  =  1.16e+10 + alpha*2.67e-01
Valid performance:
 mse:3.42e+05, IC:-3.30e-04, RIC:-4.66e-02, prec@10:6.07e-01, SR:1.15e+00
Test performance:
 mse:1.16e+10, IC:5.37e-03, RIC:7.63e-02, prec@10:5.26e-01, SR:1.05e+00 


epoch23##########################################################
Train : loss:1.18e+05  =  1.18e+05 + alpha*1.01e-01
Valid : loss:3.23e+05  =  3.23e+05 + alpha*3.02e-01
Test: loss:1.16e+10  =  1.16e+10 + alpha*2.99e-01
Valid performance:
 mse:3.23e+05, IC:5.66e-04, RIC:8.00e-02, prec@10:5.86e-01, SR:2.40e+00
Test performance:
 mse:1.16e+10, IC:5.54e-03, RIC:7.49e-02, prec@10:5.27e-01, SR:1.05e+00 


epoch24##########################################################
Train : loss:1.14e+05  =  1.14e+05 + alpha*1.03e-01
Valid : loss:3.76e+05  =  3.76e+05 + alpha*3.46e-01
Test: loss:1.16e+10  =  1.16e+10 + alpha*2.78e-01
Valid performance:
 mse:3.76e+05, IC:5.56e-05, RIC:7.83e-03, prec@10:6.01e-01, SR:1.14e+00
Test performance:
 mse:1.16e+10, IC:5.14e-03, RIC:7.40e-02, prec@10:5.26e-01, SR:1.05e+00 


epoch25##########################################################
Train : loss:1.18e+05  =  1.18e+05 + alpha*1.07e-01
Valid : loss:2.58e+05  =  2.58e+05 + alpha*2.81e-01
Test: loss:1.16e+10  =  1.16e+10 + alpha*2.72e-01
Valid performance:
 mse:2.58e+05, IC:-2.75e-04, RIC:-3.87e-02, prec@10:6.06e-01, SR:1.47e+00
Test performance:
 mse:1.16e+10, IC:4.84e-03, RIC:6.90e-02, prec@10:5.26e-01, SR:1.05e+00 


epoch26##########################################################
Train : loss:1.08e+05  =  1.08e+05 + alpha*1.18e-01
Valid : loss:2.95e+05  =  2.95e+05 + alpha*3.09e-01
Test: loss:1.16e+10  =  1.16e+10 + alpha*2.77e-01
Valid performance:
 mse:2.95e+05, IC:6.73e-05, RIC:9.47e-03, prec@10:5.91e-01, SR:1.14e+00
Test performance:
 mse:1.16e+10, IC:3.11e-03, RIC:4.40e-02, prec@10:5.36e-01, SR:1.05e+00 


epoch27##########################################################
Train : loss:9.67e+04  =  9.67e+04 + alpha*1.02e-01
Valid : loss:3.26e+05  =  3.26e+05 + alpha*3.18e-01
Test: loss:1.16e+10  =  1.16e+10 + alpha*2.65e-01
Valid performance:
 mse:3.26e+05, IC:-2.25e-04, RIC:-3.16e-02, prec@10:5.95e-01, SR:1.13e+00
Test performance:
 mse:1.16e+10, IC:4.10e-03, RIC:5.74e-02, prec@10:5.35e-01, SR:1.05e+00 


epoch28##########################################################
Train : loss:1.14e+05  =  1.14e+05 + alpha*1.03e-01
Valid : loss:2.88e+05  =  2.88e+05 + alpha*2.92e-01
Test: loss:1.16e+10  =  1.16e+10 + alpha*2.66e-01
Valid performance:
 mse:2.88e+05, IC:-2.86e-05, RIC:-4.03e-03, prec@10:5.94e-01, SR:1.18e+00
Test performance:
 mse:1.16e+10, IC:2.73e-03, RIC:3.87e-02, prec@10:5.18e-01, SR:1.05e+00 


epoch29##########################################################
Train : loss:8.20e+04  =  8.20e+04 + alpha*8.50e-02
Valid : loss:2.87e+05  =  2.87e+05 + alpha*2.95e-01
Test: loss:1.16e+10  =  1.16e+10 + alpha*8.85e+06
Valid performance:
 mse:2.87e+05, IC:-3.02e-05, RIC:-4.26e-03, prec@10:5.83e-01, SR:1.51e+00
Test performance:
 mse:1.16e+10, IC:-3.93e-03, RIC:-5.37e-02, prec@10:5.20e-01, SR:1.15e+00 


epoch30##########################################################
Train : loss:1.15e+05  =  1.15e+05 + alpha*9.99e-02
Valid : loss:2.60e+05  =  2.60e+05 + alpha*2.79e-01
Test: loss:1.16e+10  =  1.16e+10 + alpha*2.20e-01
Valid performance:
 mse:2.60e+05, IC:-4.44e-04, RIC:-6.26e-02, prec@10:5.90e-01, SR:1.24e+00
Test performance:
 mse:1.16e+10, IC:4.58e-03, RIC:6.28e-02, prec@10:5.34e-01, SR:1.05e+00 


epoch31##########################################################
Train : loss:8.77e+04  =  8.77e+04 + alpha*9.37e-02
Valid : loss:3.21e+05  =  3.21e+05 + alpha*3.06e-01
Test: loss:1.16e+10  =  1.16e+10 + alpha*8.29e+06
Valid performance:
 mse:3.21e+05, IC:-2.88e-05, RIC:-4.06e-03, prec@10:5.86e-01, SR:1.52e+00
Test performance:
 mse:1.16e+10, IC:-4.41e-03, RIC:-5.90e-02, prec@10:5.33e-01, SR:1.65e+00 


epoch32##########################################################
Train : loss:8.24e+04  =  8.24e+04 + alpha*1.03e-01
Valid : loss:2.62e+05  =  2.62e+05 + alpha*2.79e-01
Test: loss:1.16e+10  =  1.16e+10 + alpha*2.16e-01
Valid performance:
 mse:2.62e+05, IC:7.01e-04, RIC:9.92e-02, prec@10:5.93e-01, SR:1.13e+00
Test performance:
 mse:1.16e+10, IC:4.71e-03, RIC:6.67e-02, prec@10:5.24e-01, SR:1.05e+00 


epoch33##########################################################
Train : loss:9.61e+04  =  9.61e+04 + alpha*1.07e-01
Valid : loss:3.70e+05  =  3.70e+05 + alpha*3.10e-01
Test: loss:1.16e+10  =  1.16e+10 + alpha*2.49e-01
Valid performance:
 mse:3.70e+05, IC:5.61e-04, RIC:7.93e-02, prec@10:5.85e-01, SR:1.43e+00
Test performance:
 mse:1.16e+10, IC:1.81e-03, RIC:2.55e-02, prec@10:5.18e-01, SR:1.05e+00 


epoch34##########################################################
Train : loss:9.43e+04  =  9.43e+04 + alpha*9.10e-02
Valid : loss:3.01e+05  =  3.01e+05 + alpha*2.97e-01
Test: loss:1.16e+10  =  1.16e+10 + alpha*2.60e-01
Valid performance:
 mse:3.01e+05, IC:4.37e-04, RIC:6.16e-02, prec@10:6.10e-01, SR:1.20e+00
Test performance:
 mse:1.16e+10, IC:1.88e-03, RIC:2.65e-02, prec@10:5.26e-01, SR:1.05e+00 


epoch35##########################################################
Train : loss:9.12e+04  =  9.12e+04 + alpha*8.62e-02
Valid : loss:2.68e+05  =  2.68e+05 + alpha*2.79e-01
Test: loss:1.16e+10  =  1.16e+10 + alpha*3.42e+06
Valid performance:
 mse:2.68e+05, IC:-1.82e-04, RIC:-2.56e-02, prec@10:5.99e-01, SR:1.19e+00
Test performance:
 mse:1.16e+10, IC:-4.08e-03, RIC:-5.66e-02, prec@10:5.20e-01, SR:2.65e+00 


epoch36##########################################################
Train : loss:9.76e+04  =  9.76e+04 + alpha*1.02e-01
Valid : loss:2.71e+05  =  2.71e+05 + alpha*2.72e-01
Test: loss:1.16e+10  =  1.16e+10 + alpha*4.44e+06
Valid performance:
 mse:2.71e+05, IC:-5.06e-04, RIC:-7.14e-02, prec@10:5.86e-01, SR:1.15e+00
Test performance:
 mse:1.16e+10, IC:7.62e-04, RIC:1.03e-02, prec@10:5.27e-01, SR:1.36e+00 


epoch37##########################################################
Train : loss:1.11e+05  =  1.11e+05 + alpha*1.09e-01
Valid : loss:3.14e+05  =  3.14e+05 + alpha*3.14e-01
Test: loss:1.16e+10  =  1.16e+10 + alpha*2.59e+07
Valid performance:
 mse:3.14e+05, IC:-1.24e-04, RIC:-1.75e-02, prec@10:5.85e-01, SR:1.13e+00
Test performance:
 mse:1.16e+10, IC:-4.06e-03, RIC:-5.76e-02, prec@10:5.33e-01, SR:2.78e+00 


epoch38##########################################################
Train : loss:9.50e+04  =  9.50e+04 + alpha*1.05e-01
Valid : loss:2.78e+05  =  2.78e+05 + alpha*3.12e-01
Test: loss:1.16e+10  =  1.16e+10 + alpha*2.51e+06
Valid performance:
 mse:2.78e+05, IC:-2.14e-04, RIC:-3.02e-02, prec@10:5.87e-01, SR:1.16e+00
Test performance:
 mse:1.16e+10, IC:-1.73e-03, RIC:-2.45e-02, prec@10:5.15e-01, SR:2.57e+00 


epoch39##########################################################
Train : loss:9.82e+04  =  9.82e+04 + alpha*9.92e-02
Valid : loss:2.91e+05  =  2.91e+05 + alpha*3.06e-01
Test: loss:1.16e+10  =  1.16e+10 + alpha*2.54e-01
Valid performance:
 mse:2.91e+05, IC:-2.30e-04, RIC:-3.24e-02, prec@10:5.97e-01, SR:3.55e+00
Test performance:
 mse:1.16e+10, IC:4.05e-03, RIC:5.66e-02, prec@10:5.21e-01, SR:1.05e+00 


epoch40##########################################################
Train : loss:1.11e+05  =  1.11e+05 + alpha*1.01e-01
Valid : loss:3.09e+05  =  3.09e+05 + alpha*3.16e-01
Test: loss:1.16e+10  =  1.16e+10 + alpha*2.36e-01
Valid performance:
 mse:3.09e+05, IC:1.21e-04, RIC:1.71e-02, prec@10:5.95e-01, SR:1.16e+00
Test performance:
 mse:1.16e+10, IC:3.78e-03, RIC:5.29e-02, prec@10:5.28e-01, SR:1.05e+00 


epoch41##########################################################
Train : loss:8.18e+04  =  8.18e+04 + alpha*9.43e-02
Valid : loss:2.15e+05  =  2.15e+05 + alpha*2.54e-01
Test: loss:1.16e+10  =  1.16e+10 + alpha*2.44e-01
Valid performance:
 mse:2.15e+05, IC:-3.25e-04, RIC:-4.59e-02, prec@10:6.09e-01, SR:1.14e+00
Test performance:
 mse:1.16e+10, IC:7.00e-03, RIC:9.79e-02, prec@10:5.12e-01, SR:1.05e+00 


epoch42##########################################################
Train : loss:1.04e+05  =  1.04e+05 + alpha*1.10e-01
Valid : loss:2.89e+05  =  2.89e+05 + alpha*2.93e-01
Test: loss:1.16e+10  =  1.16e+10 + alpha*2.79e-01
Valid performance:
 mse:2.89e+05, IC:-8.23e-05, RIC:-1.16e-02, prec@10:6.16e-01, SR:1.17e+00
Test performance:
 mse:1.16e+10, IC:6.36e-03, RIC:8.78e-02, prec@10:5.08e-01, SR:1.05e+00 


epoch43##########################################################
Train : loss:9.62e+04  =  9.62e+04 + alpha*9.62e-02
Valid : loss:2.36e+05  =  2.36e+05 + alpha*2.80e-01
Test: loss:1.16e+10  =  1.16e+10 + alpha*2.40e-01
Valid performance:
 mse:2.36e+05, IC:1.19e-04, RIC:1.68e-02, prec@10:5.98e-01, SR:1.20e+00
Test performance:
 mse:1.16e+10, IC:4.45e-03, RIC:6.35e-02, prec@10:5.22e-01, SR:1.05e+00 


epoch44##########################################################
Train : loss:8.14e+04  =  8.14e+04 + alpha*9.88e-02
Valid : loss:2.95e+05  =  2.95e+05 + alpha*3.08e-01
Test: loss:1.16e+10  =  1.16e+10 + alpha*2.27e-01
Valid performance:
 mse:2.95e+05, IC:2.02e-04, RIC:2.85e-02, prec@10:5.95e-01, SR:1.25e+00
Test performance:
 mse:1.16e+10, IC:4.07e-03, RIC:5.58e-02, prec@10:5.40e-01, SR:1.05e+00 


epoch45##########################################################
Train : loss:7.89e+04  =  7.89e+04 + alpha*1.02e-01
Valid : loss:2.48e+05  =  2.48e+05 + alpha*2.82e-01
Test: loss:1.16e+10  =  1.16e+10 + alpha*7.19e+05
Valid performance:
 mse:2.48e+05, IC:1.52e-04, RIC:2.14e-02, prec@10:5.94e-01, SR:1.15e+00
Test performance:
 mse:1.16e+10, IC:-4.36e-03, RIC:-5.93e-02, prec@10:5.18e-01, SR:2.08e+00 


epoch46##########################################################
Train : loss:8.54e+04  =  8.54e+04 + alpha*9.59e-02
Valid : loss:2.88e+05  =  2.88e+05 + alpha*2.99e-01
Test: loss:1.16e+10  =  1.16e+10 + alpha*2.09e-01
Valid performance:
 mse:2.88e+05, IC:4.93e-04, RIC:6.96e-02, prec@10:5.97e-01, SR:1.17e+00
Test performance:
 mse:1.16e+10, IC:2.80e-03, RIC:3.91e-02, prec@10:5.11e-01, SR:1.05e+00 


epoch47##########################################################
Train : loss:8.24e+04  =  8.24e+04 + alpha*9.78e-02
Valid : loss:2.89e+05  =  2.89e+05 + alpha*2.83e-01
Test: loss:1.15e+10  =  1.15e+10 + alpha*2.33e-01
Valid performance:
 mse:2.89e+05, IC:2.05e-04, RIC:2.88e-02, prec@10:6.04e-01, SR:1.42e+00
Test performance:
 mse:1.15e+10, IC:3.41e-03, RIC:4.62e-02, prec@10:5.09e-01, SR:1.05e+00 


epoch48##########################################################
Train : loss:9.04e+04  =  9.04e+04 + alpha*1.02e-01
Valid : loss:2.60e+05  =  2.60e+05 + alpha*3.03e-01
Test: loss:1.16e+10  =  1.16e+10 + alpha*2.40e-01
Valid performance:
 mse:2.60e+05, IC:-6.85e-04, RIC:-9.68e-02, prec@10:6.00e-01, SR:1.33e+00
Test performance:
 mse:1.16e+10, IC:6.22e-03, RIC:8.75e-02, prec@10:5.19e-01, SR:1.05e+00 


epoch49##########################################################
Train : loss:1.08e+05  =  1.08e+05 + alpha*1.05e-01
Valid : loss:2.47e+05  =  2.47e+05 + alpha*2.82e-01
Test: loss:1.16e+10  =  1.16e+10 + alpha*1.60e+07
Valid performance:
 mse:2.47e+05, IC:-9.35e-05, RIC:-1.31e-02, prec@10:5.94e-01, SR:1.14e+00
Test performance:
 mse:1.16e+10, IC:-3.59e-03, RIC:-5.10e-02, prec@10:5.26e-01, SR:1.42e+00 


epoch50##########################################################
Train : loss:8.60e+04  =  8.60e+04 + alpha*9.95e-02
Valid : loss:2.63e+05  =  2.63e+05 + alpha*2.69e-01
Test: loss:1.16e+10  =  1.16e+10 + alpha*2.27e-01
Valid performance:
 mse:2.63e+05, IC:2.63e-04, RIC:3.71e-02, prec@10:5.87e-01, SR:1.14e+00
Test performance:
 mse:1.16e+10, IC:4.50e-03, RIC:6.32e-02, prec@10:5.25e-01, SR:1.05e+00 


epoch51##########################################################
Train : loss:8.84e+04  =  8.84e+04 + alpha*9.28e-02
Valid : loss:2.81e+05  =  2.81e+05 + alpha*2.69e-01
Test: loss:1.16e+10  =  1.16e+10 + alpha*2.64e-01
Valid performance:
 mse:2.81e+05, IC:6.07e-04, RIC:8.57e-02, prec@10:5.98e-01, SR:1.16e+00
Test performance:
 mse:1.16e+10, IC:4.07e-03, RIC:5.53e-02, prec@10:5.33e-01, SR:1.05e+00 


epoch52##########################################################
Train : loss:1.00e+05  =  1.00e+05 + alpha*9.09e-02
Valid : loss:2.69e+05  =  2.69e+05 + alpha*2.61e-01
Test: loss:1.16e+10  =  1.16e+10 + alpha*2.78e-01
Valid performance:
 mse:2.69e+05, IC:8.69e-04, RIC:1.23e-01, prec@10:6.00e-01, SR:1.22e+00
Test performance:
 mse:1.16e+10, IC:3.61e-03, RIC:4.99e-02, prec@10:5.38e-01, SR:1.05e+00 


epoch53##########################################################
Train : loss:8.84e+04  =  8.84e+04 + alpha*1.05e-01
Valid : loss:2.93e+05  =  2.93e+05 + alpha*3.14e-01
Test: loss:1.16e+10  =  1.16e+10 + alpha*6.47e+06
Valid performance:
 mse:2.93e+05, IC:4.30e-04, RIC:6.06e-02, prec@10:5.85e-01, SR:3.98e+00
Test performance:
 mse:1.16e+10, IC:-4.22e-03, RIC:-5.92e-02, prec@10:5.24e-01, SR:2.56e+00 


epoch54##########################################################
Train : loss:1.18e+05  =  1.18e+05 + alpha*1.17e-01
Valid : loss:2.80e+05  =  2.80e+05 + alpha*3.02e-01
Test: loss:1.16e+10  =  1.16e+10 + alpha*8.00e+06
Valid performance:
 mse:2.80e+05, IC:-6.32e-04, RIC:-8.92e-02, prec@10:5.82e-01, SR:1.32e+00
Test performance:
 mse:1.16e+10, IC:-4.23e-03, RIC:-5.88e-02, prec@10:5.25e-01, SR:2.03e+00 


epoch55##########################################################
Train : loss:9.67e+04  =  9.67e+04 + alpha*1.03e-01
Valid : loss:3.18e+05  =  3.18e+05 + alpha*3.23e-01
Test: loss:1.16e+10  =  1.16e+10 + alpha*2.25e-01
Valid performance:
 mse:3.18e+05, IC:-6.80e-04, RIC:-9.61e-02, prec@10:5.87e-01, SR:2.37e+00
Test performance:
 mse:1.16e+10, IC:6.07e-03, RIC:8.62e-02, prec@10:5.25e-01, SR:1.05e+00 


epoch56##########################################################
Train : loss:7.76e+04  =  7.76e+04 + alpha*9.08e-02
Valid : loss:2.39e+05  =  2.39e+05 + alpha*2.78e-01
Test: loss:1.16e+10  =  1.16e+10 + alpha*2.58e+06
Valid performance:
 mse:2.39e+05, IC:3.37e-04, RIC:4.74e-02, prec@10:6.00e-01, SR:1.20e+00
Test performance:
 mse:1.16e+10, IC:-4.52e-03, RIC:-6.16e-02, prec@10:5.23e-01, SR:1.34e+00 


epoch57##########################################################
Train : loss:8.91e+04  =  8.91e+04 + alpha*9.43e-02
Valid : loss:2.35e+05  =  2.35e+05 + alpha*2.80e-01
Test: loss:1.16e+10  =  1.16e+10 + alpha*2.21e+06
Valid performance:
 mse:2.35e+05, IC:-2.77e-04, RIC:-3.90e-02, prec@10:5.90e-01, SR:1.16e+00
Test performance:
 mse:1.16e+10, IC:-1.62e-03, RIC:-2.22e-02, prec@10:5.33e-01, SR:1.33e+00 


epoch58##########################################################
Train : loss:1.17e+05  =  1.17e+05 + alpha*1.06e-01
Valid : loss:2.55e+05  =  2.55e+05 + alpha*2.96e-01
Test: loss:1.16e+10  =  1.16e+10 + alpha*3.42e+06
Valid performance:
 mse:2.55e+05, IC:-3.09e-04, RIC:-4.36e-02, prec@10:5.83e-01, SR:1.11e+00
Test performance:
 mse:1.16e+10, IC:-2.66e-03, RIC:-3.67e-02, prec@10:5.30e-01, SR:2.38e+00 


epoch59##########################################################
Train : loss:9.38e+04  =  9.38e+04 + alpha*1.01e-01
Valid : loss:2.48e+05  =  2.48e+05 + alpha*2.74e-01
Test: loss:1.16e+10  =  1.16e+10 + alpha*2.45e-01
Valid performance:
 mse:2.48e+05, IC:-2.66e-04, RIC:-3.73e-02, prec@10:6.01e-01, SR:2.02e+00
Test performance:
 mse:1.16e+10, IC:6.40e-03, RIC:8.54e-02, prec@10:5.29e-01, SR:1.05e+00 


epoch60##########################################################
Train : loss:9.99e+04  =  9.99e+04 + alpha*1.02e-01
Valid : loss:2.92e+05  =  2.92e+05 + alpha*3.07e-01
Test: loss:1.16e+10  =  1.16e+10 + alpha*2.89e+05
Valid performance:
 mse:2.92e+05, IC:-2.43e-04, RIC:-3.42e-02, prec@10:5.94e-01, SR:1.16e+00
Test performance:
 mse:1.16e+10, IC:-4.54e-03, RIC:-6.48e-02, prec@10:5.30e-01, SR:1.63e+00 


epoch61##########################################################
Train : loss:8.42e+04  =  8.42e+04 + alpha*9.58e-02
Valid : loss:2.95e+05  =  2.95e+05 + alpha*2.88e-01
Test: loss:1.16e+10  =  1.16e+10 + alpha*2.21e-01
Valid performance:
 mse:2.95e+05, IC:1.49e-04, RIC:2.10e-02, prec@10:6.02e-01, SR:1.29e+00
Test performance:
 mse:1.16e+10, IC:6.47e-03, RIC:8.96e-02, prec@10:5.45e-01, SR:1.05e+00 


epoch62##########################################################
Train : loss:9.36e+04  =  9.36e+04 + alpha*9.64e-02
Valid : loss:2.61e+05  =  2.61e+05 + alpha*2.61e-01
Test: loss:1.16e+10  =  1.16e+10 + alpha*2.38e-01
Valid performance:
 mse:2.61e+05, IC:5.99e-04, RIC:8.46e-02, prec@10:5.99e-01, SR:1.17e+00
Test performance:
 mse:1.16e+10, IC:3.12e-03, RIC:4.42e-02, prec@10:5.21e-01, SR:1.05e+00 


epoch63##########################################################
Train : loss:9.06e+04  =  9.06e+04 + alpha*1.03e-01
Valid : loss:3.01e+05  =  3.01e+05 + alpha*2.90e-01
Test: loss:1.16e+10  =  1.16e+10 + alpha*2.32e-01
Valid performance:
 mse:3.01e+05, IC:1.04e-03, RIC:1.48e-01, prec@10:5.87e-01, SR:1.92e+00
Test performance:
 mse:1.16e+10, IC:7.76e-03, RIC:1.11e-01, prec@10:5.25e-01, SR:1.05e+00 


epoch64##########################################################
Train : loss:7.11e+04  =  7.11e+04 + alpha*8.71e-02
Valid : loss:2.47e+05  =  2.47e+05 + alpha*2.65e-01
Test: loss:1.16e+10  =  1.16e+10 + alpha*2.35e-01
Valid performance:
 mse:2.47e+05, IC:-4.40e-04, RIC:-6.20e-02, prec@10:5.92e-01, SR:1.13e+00
Test performance:
 mse:1.16e+10, IC:4.66e-03, RIC:6.61e-02, prec@10:5.28e-01, SR:1.05e+00 


epoch65##########################################################
Train : loss:9.69e+04  =  9.69e+04 + alpha*9.70e-02
Valid : loss:2.60e+05  =  2.60e+05 + alpha*2.81e-01
Test: loss:1.16e+10  =  1.16e+10 + alpha*2.34e-01
Valid performance:
 mse:2.60e+05, IC:-3.48e-05, RIC:-4.89e-03, prec@10:5.83e-01, SR:1.09e+00
Test performance:
 mse:1.16e+10, IC:5.15e-03, RIC:7.39e-02, prec@10:5.19e-01, SR:1.05e+00 


epoch66##########################################################
Train : loss:9.54e+04  =  9.54e+04 + alpha*1.02e-01
Valid : loss:2.52e+05  =  2.52e+05 + alpha*2.86e-01
Test: loss:1.16e+10  =  1.16e+10 + alpha*2.41e-01
Valid performance:
 mse:2.52e+05, IC:-2.09e-04, RIC:-2.94e-02, prec@10:6.09e-01, SR:1.39e+00
Test performance:
 mse:1.16e+10, IC:3.77e-03, RIC:5.21e-02, prec@10:5.31e-01, SR:1.05e+00 


epoch67##########################################################
Train : loss:8.25e+04  =  8.25e+04 + alpha*9.04e-02
Valid : loss:2.96e+05  =  2.96e+05 + alpha*2.92e-01
Test: loss:1.16e+10  =  1.16e+10 + alpha*2.53e-01
Valid performance:
 mse:2.96e+05, IC:-2.23e-04, RIC:-3.14e-02, prec@10:5.77e-01, SR:2.23e+00
Test performance:
 mse:1.16e+10, IC:4.77e-03, RIC:6.91e-02, prec@10:5.27e-01, SR:1.05e+00 


epoch68##########################################################
Train : loss:9.24e+04  =  9.24e+04 + alpha*9.01e-02
Valid : loss:3.34e+05  =  3.34e+05 + alpha*3.27e-01
Test: loss:1.16e+10  =  1.16e+10 + alpha*3.35e+06
Valid performance:
 mse:3.34e+05, IC:-7.57e-04, RIC:-1.07e-01, prec@10:5.94e-01, SR:1.49e+00
Test performance:
 mse:1.16e+10, IC:1.05e-03, RIC:1.36e-02, prec@10:5.30e-01, SR:1.39e+00 


epoch69##########################################################
Train : loss:8.03e+04  =  8.03e+04 + alpha*9.64e-02
Valid : loss:2.73e+05  =  2.73e+05 + alpha*3.10e-01
Test: loss:1.16e+10  =  1.16e+10 + alpha*2.67e-01
Valid performance:
 mse:2.73e+05, IC:-9.50e-04, RIC:-1.35e-01, prec@10:5.87e-01, SR:1.22e+00
Test performance:
 mse:1.16e+10, IC:4.31e-03, RIC:6.12e-02, prec@10:5.28e-01, SR:1.05e+00 


epoch70##########################################################
Train : loss:1.16e+05  =  1.16e+05 + alpha*1.25e-01
Valid : loss:2.87e+05  =  2.87e+05 + alpha*2.85e-01
Test: loss:1.16e+10  =  1.16e+10 + alpha*1.10e+07
Valid performance:
 mse:2.87e+05, IC:-6.39e-04, RIC:-9.02e-02, prec@10:5.83e-01, SR:1.20e+00
Test performance:
 mse:1.16e+10, IC:-6.85e-03, RIC:-9.36e-02, prec@10:5.35e-01, SR:2.63e+00 


epoch71##########################################################
Train : loss:8.23e+04  =  8.23e+04 + alpha*9.10e-02
Valid : loss:2.77e+05  =  2.77e+05 + alpha*2.83e-01
Test: loss:1.16e+10  =  1.16e+10 + alpha*6.46e+06
Valid performance:
 mse:2.77e+05, IC:2.26e-04, RIC:3.18e-02, prec@10:5.88e-01, SR:1.45e+00
Test performance:
 mse:1.16e+10, IC:-7.80e-04, RIC:-1.06e-02, prec@10:5.12e-01, SR:1.35e+00 


epoch72##########################################################
Train : loss:1.09e+05  =  1.09e+05 + alpha*1.06e-01
Valid : loss:2.72e+05  =  2.72e+05 + alpha*2.96e-01
Test: loss:1.16e+10  =  1.16e+10 + alpha*2.24e-01
Valid performance:
 mse:2.72e+05, IC:-1.84e-04, RIC:-2.59e-02, prec@10:5.80e-01, SR:1.16e+00
Test performance:
 mse:1.16e+10, IC:4.46e-03, RIC:6.20e-02, prec@10:5.15e-01, SR:1.05e+00 


epoch73##########################################################
Train : loss:9.11e+04  =  9.11e+04 + alpha*9.39e-02
Valid : loss:2.62e+05  =  2.62e+05 + alpha*2.76e-01
Test: loss:1.16e+10  =  1.16e+10 + alpha*2.53e-01
Valid performance:
 mse:2.62e+05, IC:1.47e-04, RIC:2.07e-02, prec@10:6.09e-01, SR:1.17e+00
Test performance:
 mse:1.16e+10, IC:4.23e-03, RIC:6.03e-02, prec@10:5.22e-01, SR:1.05e+00 


epoch74##########################################################
Train : loss:8.44e+04  =  8.44e+04 + alpha*1.10e-01
Valid : loss:2.71e+05  =  2.71e+05 + alpha*3.25e-01
Test: loss:1.16e+10  =  1.16e+10 + alpha*1.45e+06
Valid performance:
 mse:2.71e+05, IC:-9.45e-04, RIC:-1.34e-01, prec@10:6.07e-01, SR:3.23e+00
Test performance:
 mse:1.16e+10, IC:-4.25e-03, RIC:-5.73e-02, prec@10:5.33e-01, SR:3.24e+00 


epoch75##########################################################
Train : loss:9.32e+04  =  9.32e+04 + alpha*9.75e-02
Valid : loss:3.04e+05  =  3.04e+05 + alpha*2.95e-01
Test: loss:1.16e+10  =  1.16e+10 + alpha*2.50e-01
Valid performance:
 mse:3.04e+05, IC:2.35e-04, RIC:3.31e-02, prec@10:5.87e-01, SR:1.14e+00
Test performance:
 mse:1.16e+10, IC:4.16e-03, RIC:5.85e-02, prec@10:5.20e-01, SR:1.05e+00 


epoch76##########################################################
Train : loss:9.91e+04  =  9.91e+04 + alpha*1.07e-01
Valid : loss:2.56e+05  =  2.56e+05 + alpha*2.70e-01
Test: loss:1.16e+10  =  1.16e+10 + alpha*2.87e-01
Valid performance:
 mse:2.56e+05, IC:1.35e-04, RIC:1.89e-02, prec@10:6.03e-01, SR:1.21e+00
Test performance:
 mse:1.16e+10, IC:4.75e-03, RIC:6.64e-02, prec@10:5.39e-01, SR:1.05e+00 


epoch77##########################################################
Train : loss:1.12e+05  =  1.12e+05 + alpha*1.01e-01
Valid : loss:2.50e+05  =  2.50e+05 + alpha*2.70e-01
Test: loss:1.16e+10  =  1.16e+10 + alpha*4.77e+05
Valid performance:
 mse:2.50e+05, IC:-2.86e-04, RIC:-4.02e-02, prec@10:5.97e-01, SR:1.14e+00
Test performance:
 mse:1.16e+10, IC:-3.25e-03, RIC:-4.61e-02, prec@10:5.53e-01, SR:2.44e+00 


epoch78##########################################################
Train : loss:8.97e+04  =  8.97e+04 + alpha*9.69e-02
Valid : loss:3.10e+05  =  3.10e+05 + alpha*3.06e-01
Test: loss:1.16e+10  =  1.16e+10 + alpha*2.16e-01
Valid performance:
 mse:3.10e+05, IC:-5.60e-04, RIC:-7.91e-02, prec@10:5.88e-01, SR:1.11e+00
Test performance:
 mse:1.16e+10, IC:8.01e-03, RIC:1.06e-01, prec@10:5.19e-01, SR:1.05e+00 


epoch79##########################################################
Train : loss:8.80e+04  =  8.80e+04 + alpha*9.89e-02
Valid : loss:3.09e+05  =  3.09e+05 + alpha*2.89e-01
Test: loss:1.16e+10  =  1.16e+10 + alpha*2.49e-01
Valid performance:
 mse:3.09e+05, IC:5.61e-04, RIC:7.93e-02, prec@10:5.83e-01, SR:2.21e+00
Test performance:
 mse:1.16e+10, IC:2.92e-03, RIC:4.11e-02, prec@10:5.28e-01, SR:1.05e+00 


epoch80##########################################################
Train : loss:8.62e+04  =  8.62e+04 + alpha*9.10e-02
Valid : loss:3.01e+05  =  3.01e+05 + alpha*2.97e-01
Test: loss:1.16e+10  =  1.16e+10 + alpha*2.35e-01
Valid performance:
 mse:3.01e+05, IC:2.29e-04, RIC:3.23e-02, prec@10:5.74e-01, SR:1.12e+00
Test performance:
 mse:1.16e+10, IC:5.22e-03, RIC:7.50e-02, prec@10:5.32e-01, SR:1.05e+00 


epoch81##########################################################
