原始SP500数据形状: (464, 1148, 5) (股票数: 464, 天数: 1148, 特征数: 5)
使用全部5年数据 (2020-2024)，数据形状: (464, 1148, 5)
市场为 SP500，实际加载股票数量更新为: 464
市场为 SP500，实际加载股票数量更新为: 464
总交易天数: 1148
根据 60%/20%/_ 分割比例 (已调整为满足最小数据集要求):
训练集天数 (0-indexed, up to valid_index-1): 688 (实际比例: 59.9%)
验证集天数 (valid_index to test_index-1): 230 (实际比例: 20.0%)
测试集天数 (test_index to end): 230 (实际比例: 20.0%)
验证集起始索引 (valid_index): 688
测试集起始索引 (test_index): 918
✅ 数据集分割检查通过
epoch1##########################################################
Train : loss:2.35e-02  =  2.33e-02 + alpha*3.90e-04
Valid : loss:1.20e-03  =  1.11e-03 + alpha*1.83e-04
Test: loss:1.26e-03  =  1.16e-03 + alpha*1.98e-04
Valid performance:
 mse:1.11e-03, IC:1.47e-03, RIC:9.22e-03, prec@10:5.17e-01, SR:7.97e-01
Test performance:
 mse:1.16e-03, IC:1.81e-02, RIC:1.17e-01, prec@10:5.35e-01, SR:7.13e-01 


epoch2##########################################################
Train : loss:2.68e-03  =  2.57e-03 + alpha*2.24e-04
Valid : loss:8.55e-04  =  7.80e-04 + alpha*1.49e-04
Test: loss:8.94e-04  =  8.14e-04 + alpha*1.61e-04
Valid performance:
 mse:7.80e-04, IC:-1.62e-03, RIC:-1.10e-02, prec@10:5.17e-01, SR:5.66e-01
Test performance:
 mse:8.14e-04, IC:1.39e-02, RIC:9.28e-02, prec@10:5.50e-01, SR:1.70e+00 


epoch3##########################################################
Train : loss:3.18e-03  =  3.08e-03 + alpha*1.95e-04
Valid : loss:2.10e-03  =  2.02e-03 + alpha*1.55e-04
Test: loss:1.91e-03  =  1.82e-03 + alpha*1.67e-04
Valid performance:
 mse:2.02e-03, IC:1.67e-02, RIC:1.25e-01, prec@10:5.35e-01, SR:1.88e+00
Test performance:
 mse:1.82e-03, IC:1.51e-02, RIC:1.06e-01, prec@10:5.25e-01, SR:1.51e+00 


epoch4##########################################################
Train : loss:3.18e-03  =  3.09e-03 + alpha*1.79e-04
Valid : loss:3.79e-03  =  3.73e-03 + alpha*1.21e-04
Test: loss:3.68e-03  =  3.62e-03 + alpha*1.33e-04
Valid performance:
 mse:3.73e-03, IC:1.01e-02, RIC:7.42e-02, prec@10:5.19e-01, SR:8.27e-01
Test performance:
 mse:3.62e-03, IC:1.33e-02, RIC:9.20e-02, prec@10:5.26e-01, SR:1.28e+00 


epoch5##########################################################
Train : loss:3.33e-03  =  3.24e-03 + alpha*1.70e-04
Valid : loss:1.04e-03  =  9.88e-04 + alpha*9.90e-05
Test: loss:1.05e-03  =  9.93e-04 + alpha*1.08e-04
Valid performance:
 mse:9.88e-04, IC:5.73e-03, RIC:4.47e-02, prec@10:5.27e-01, SR:7.16e-01
Test performance:
 mse:9.93e-04, IC:1.35e-02, RIC:9.47e-02, prec@10:5.48e-01, SR:1.64e+00 


epoch6##########################################################
Train : loss:3.29e-03  =  3.21e-03 + alpha*1.47e-04
Valid : loss:1.27e-03  =  1.22e-03 + alpha*1.00e-04
Test: loss:1.27e-03  =  1.22e-03 + alpha*1.09e-04
Valid performance:
 mse:1.22e-03, IC:5.61e-03, RIC:4.80e-02, prec@10:5.37e-01, SR:1.72e+00
Test performance:
 mse:1.22e-03, IC:1.24e-02, RIC:9.03e-02, prec@10:5.36e-01, SR:1.74e+00 


epoch7##########################################################
Train : loss:3.77e-03  =  3.70e-03 + alpha*1.49e-04
Valid : loss:5.47e-03  =  5.42e-03 + alpha*1.13e-04
Test: loss:5.12e-03  =  5.06e-03 + alpha*1.21e-04
Valid performance:
 mse:5.42e-03, IC:1.87e-02, RIC:1.47e-01, prec@10:5.27e-01, SR:2.05e+00
Test performance:
 mse:5.06e-03, IC:1.36e-02, RIC:9.69e-02, prec@10:5.13e-01, SR:8.29e-01 


epoch8##########################################################
Train : loss:3.11e-03  =  3.04e-03 + alpha*1.47e-04
Valid : loss:5.93e-04  =  5.51e-04 + alpha*8.22e-05
Test: loss:5.88e-04  =  5.42e-04 + alpha*9.08e-05
Valid performance:
 mse:5.51e-04, IC:1.87e-02, RIC:1.51e-01, prec@10:5.35e-01, SR:1.32e+00
Test performance:
 mse:5.42e-04, IC:1.34e-02, RIC:9.91e-02, prec@10:5.23e-01, SR:7.80e-01 


epoch9##########################################################
Train : loss:2.77e-03  =  2.70e-03 + alpha*1.32e-04
Valid : loss:6.01e-04  =  5.66e-04 + alpha*7.08e-05
Test: loss:6.50e-04  =  6.10e-04 + alpha*7.88e-05
Valid performance:
 mse:5.66e-04, IC:1.33e-02, RIC:1.13e-01, prec@10:5.32e-01, SR:2.40e+00
Test performance:
 mse:6.10e-04, IC:1.36e-02, RIC:9.55e-02, prec@10:5.24e-01, SR:1.35e+00 


epoch10##########################################################
Train : loss:3.02e-03  =  2.95e-03 + alpha*1.32e-04
Valid : loss:8.46e-04  =  8.08e-04 + alpha*7.59e-05
Test: loss:8.04e-04  =  7.63e-04 + alpha*8.36e-05
Valid performance:
 mse:8.08e-04, IC:2.44e-02, RIC:1.94e-01, prec@10:5.39e-01, SR:2.40e+00
Test performance:
 mse:7.63e-04, IC:1.75e-02, RIC:1.24e-01, prec@10:5.14e-01, SR:1.18e+00 


epoch11##########################################################
Train : loss:3.38e-03  =  3.31e-03 + alpha*1.28e-04
Valid : loss:2.05e-03  =  2.00e-03 + alpha*1.04e-04
Test: loss:2.17e-03  =  2.12e-03 + alpha*9.80e-05
Valid performance:
 mse:2.00e-03, IC:-1.41e-02, RIC:-1.37e-01, prec@10:5.18e-01, SR:-2.07e-01
Test performance:
 mse:2.12e-03, IC:8.42e-03, RIC:6.83e-02, prec@10:5.55e-01, SR:2.38e+00 


epoch12##########################################################
Train : loss:2.84e-03  =  2.78e-03 + alpha*1.19e-04
Valid : loss:7.22e-04  =  6.90e-04 + alpha*6.51e-05
Test: loss:7.49e-04  =  7.14e-04 + alpha*7.06e-05
Valid performance:
 mse:6.90e-04, IC:5.00e-03, RIC:4.70e-02, prec@10:5.33e-01, SR:1.81e+00
Test performance:
 mse:7.14e-04, IC:7.98e-03, RIC:6.26e-02, prec@10:5.24e-01, SR:1.18e+00 


epoch13##########################################################
Train : loss:2.43e-03  =  2.37e-03 + alpha*1.09e-04
Valid : loss:7.46e-03  =  7.43e-03 + alpha*6.27e-05
Test: loss:7.36e-03  =  7.32e-03 + alpha*6.55e-05
Valid performance:
 mse:7.43e-03, IC:-1.14e-02, RIC:-8.42e-02, prec@10:5.26e-01, SR:1.37e-01
Test performance:
 mse:7.32e-03, IC:-3.25e-03, RIC:-2.38e-02, prec@10:5.33e-01, SR:4.34e-01 


epoch14##########################################################
Train : loss:2.67e-03  =  2.61e-03 + alpha*1.18e-04
Valid : loss:2.09e-03  =  2.06e-03 + alpha*6.05e-05
Test: loss:2.07e-03  =  2.04e-03 + alpha*6.38e-05
Valid performance:
 mse:2.06e-03, IC:-5.54e-03, RIC:-4.67e-02, prec@10:5.19e-01, SR:7.04e-01
Test performance:
 mse:2.04e-03, IC:2.61e-03, RIC:2.06e-02, prec@10:5.35e-01, SR:1.72e+00 


epoch15##########################################################
Train : loss:2.71e-03  =  2.66e-03 + alpha*1.03e-04
Valid : loss:5.78e-04  =  5.35e-04 + alpha*8.51e-05
Test: loss:5.36e-04  =  4.96e-04 + alpha*7.89e-05
Valid performance:
 mse:5.35e-04, IC:-1.89e-02, RIC:-1.88e-01, prec@10:5.22e-01, SR:-9.82e-01
Test performance:
 mse:4.96e-04, IC:1.90e-03, RIC:1.62e-02, prec@10:5.44e-01, SR:1.53e+00 


epoch16##########################################################
Train : loss:3.36e-03  =  3.30e-03 + alpha*1.21e-04
Valid : loss:3.74e-03  =  3.70e-03 + alpha*7.49e-05
Test: loss:3.71e-03  =  3.67e-03 + alpha*7.63e-05
Valid performance:
 mse:3.70e-03, IC:2.37e-03, RIC:2.07e-02, prec@10:5.21e-01, SR:1.39e+00
Test performance:
 mse:3.67e-03, IC:1.31e-02, RIC:1.07e-01, prec@10:5.10e-01, SR:1.44e+00 


epoch17##########################################################
Train : loss:2.83e-03  =  2.78e-03 + alpha*1.13e-04
Valid : loss:5.74e-04  =  5.40e-04 + alpha*6.73e-05
Test: loss:5.89e-04  =  5.54e-04 + alpha*6.96e-05
Valid performance:
 mse:5.40e-04, IC:-4.40e-03, RIC:-3.85e-02, prec@10:5.33e-01, SR:6.33e-01
Test performance:
 mse:5.54e-04, IC:4.66e-04, RIC:4.10e-03, prec@10:5.36e-01, SR:7.61e-01 


epoch18##########################################################
Train : loss:2.90e-03  =  2.85e-03 + alpha*1.06e-04
Valid : loss:2.67e-03  =  2.61e-03 + alpha*1.08e-04
Test: loss:3.04e-03  =  2.99e-03 + alpha*1.09e-04
Valid performance:
 mse:2.61e-03, IC:3.37e-02, RIC:3.05e-01, prec@10:5.37e-01, SR:3.48e+00
Test performance:
 mse:2.99e-03, IC:1.43e-02, RIC:1.18e-01, prec@10:5.10e-01, SR:8.35e-01 


epoch19##########################################################
Train : loss:3.47e-03  =  3.40e-03 + alpha*1.25e-04
Valid : loss:5.21e-04  =  4.87e-04 + alpha*6.78e-05
Test: loss:5.49e-04  =  5.14e-04 + alpha*7.12e-05
Valid performance:
 mse:4.87e-04, IC:1.21e-02, RIC:1.28e-01, prec@10:5.36e-01, SR:1.82e+00
Test performance:
 mse:5.14e-04, IC:7.99e-03, RIC:7.49e-02, prec@10:5.39e-01, SR:1.86e+00 


epoch20##########################################################
Train : loss:2.37e-03  =  2.32e-03 + alpha*9.57e-05
Valid : loss:1.54e-03  =  1.51e-03 + alpha*7.02e-05
Test: loss:1.49e-03  =  1.46e-03 + alpha*7.50e-05
Valid performance:
 mse:1.51e-03, IC:1.27e-02, RIC:1.15e-01, prec@10:5.24e-01, SR:8.62e-01
Test performance:
 mse:1.46e-03, IC:9.21e-03, RIC:7.36e-02, prec@10:5.21e-01, SR:1.36e+00 


epoch21##########################################################
Train : loss:2.63e-03  =  2.58e-03 + alpha*9.86e-05
Valid : loss:4.76e-04  =  4.46e-04 + alpha*6.16e-05
Test: loss:5.11e-04  =  4.80e-04 + alpha*6.24e-05
Valid performance:
 mse:4.46e-04, IC:-1.29e-02, RIC:-1.08e-01, prec@10:5.10e-01, SR:2.30e-01
Test performance:
 mse:4.80e-04, IC:-9.30e-04, RIC:-7.29e-03, prec@10:5.43e-01, SR:1.58e+00 


epoch22##########################################################
Train : loss:3.46e-03  =  3.40e-03 + alpha*1.09e-04
Valid : loss:4.95e-03  =  4.92e-03 + alpha*7.16e-05
Test: loss:4.99e-03  =  4.95e-03 + alpha*7.42e-05
Valid performance:
 mse:4.92e-03, IC:1.66e-03, RIC:1.29e-02, prec@10:5.27e-01, SR:1.37e+00
Test performance:
 mse:4.95e-03, IC:-3.57e-03, RIC:-3.00e-02, prec@10:5.28e-01, SR:5.72e-01 


epoch23##########################################################
Train : loss:2.63e-03  =  2.58e-03 + alpha*9.39e-05
Valid : loss:5.09e-04  =  4.85e-04 + alpha*4.72e-05
Test: loss:5.58e-04  =  5.33e-04 + alpha*5.04e-05
Valid performance:
 mse:4.85e-04, IC:1.87e-02, RIC:1.58e-01, prec@10:5.35e-01, SR:1.60e+00
Test performance:
 mse:5.33e-04, IC:1.15e-02, RIC:9.45e-02, prec@10:5.29e-01, SR:2.49e+00 


epoch24##########################################################
Train : loss:2.38e-03  =  2.33e-03 + alpha*9.17e-05
Valid : loss:2.16e-03  =  2.13e-03 + alpha*5.81e-05
Test: loss:2.16e-03  =  2.13e-03 + alpha*5.67e-05
Valid performance:
 mse:2.13e-03, IC:-5.53e-03, RIC:-5.72e-02, prec@10:5.23e-01, SR:6.80e-01
Test performance:
 mse:2.13e-03, IC:7.89e-04, RIC:7.84e-03, prec@10:5.17e-01, SR:-6.54e-01 


epoch25##########################################################
Train : loss:2.13e-03  =  2.08e-03 + alpha*9.78e-05
Valid : loss:1.06e-03  =  1.03e-03 + alpha*5.77e-05
Test: loss:1.04e-03  =  1.02e-03 + alpha*5.55e-05
Valid performance:
 mse:1.03e-03, IC:-7.53e-03, RIC:-8.03e-02, prec@10:5.18e-01, SR:6.66e-01
Test performance:
 mse:1.02e-03, IC:-3.01e-03, RIC:-2.86e-02, prec@10:5.20e-01, SR:-6.34e-01 


epoch26##########################################################
Train : loss:3.21e-03  =  3.15e-03 + alpha*1.06e-04
Valid : loss:5.08e-04  =  4.75e-04 + alpha*6.68e-05
Test: loss:5.48e-04  =  5.15e-04 + alpha*6.69e-05
Valid performance:
 mse:4.75e-04, IC:1.32e-02, RIC:1.26e-01, prec@10:5.25e-01, SR:1.76e+00
Test performance:
 mse:5.15e-04, IC:8.41e-03, RIC:8.17e-02, prec@10:5.11e-01, SR:1.05e+00 


epoch27##########################################################
Train : loss:2.53e-03  =  2.48e-03 + alpha*9.99e-05
Valid : loss:2.63e-03  =  2.59e-03 + alpha*6.60e-05
Test: loss:2.52e-03  =  2.48e-03 + alpha*6.26e-05
Valid performance:
 mse:2.59e-03, IC:-1.35e-02, RIC:-1.39e-01, prec@10:5.28e-01, SR:-3.32e-01
Test performance:
 mse:2.48e-03, IC:-3.73e-03, RIC:-3.43e-02, prec@10:5.43e-01, SR:1.33e+00 


epoch28##########################################################
Train : loss:2.71e-03  =  2.66e-03 + alpha*8.90e-05
Valid : loss:4.12e-03  =  4.08e-03 + alpha*7.00e-05
Test: loss:4.01e-03  =  3.98e-03 + alpha*6.67e-05
Valid performance:
 mse:4.08e-03, IC:-1.27e-02, RIC:-1.32e-01, prec@10:5.21e-01, SR:-5.30e-01
Test performance:
 mse:3.98e-03, IC:-1.89e-03, RIC:-1.89e-02, prec@10:5.15e-01, SR:-1.11e+00 


epoch29##########################################################
Train : loss:2.82e-03  =  2.78e-03 + alpha*8.94e-05
Valid : loss:6.39e-04  =  6.13e-04 + alpha*5.19e-05
Test: loss:6.68e-04  =  6.42e-04 + alpha*5.30e-05
Valid performance:
 mse:6.13e-04, IC:8.50e-03, RIC:8.11e-02, prec@10:5.16e-01, SR:1.57e+00
Test performance:
 mse:6.42e-04, IC:8.84e-03, RIC:7.69e-02, prec@10:5.20e-01, SR:2.11e+00 


epoch30##########################################################
Train : loss:2.52e-03  =  2.47e-03 + alpha*9.14e-05
Valid : loss:6.15e-03  =  6.12e-03 + alpha*5.33e-05
Test: loss:6.10e-03  =  6.08e-03 + alpha*5.31e-05
Valid performance:
 mse:6.12e-03, IC:-9.28e-03, RIC:-8.44e-02, prec@10:5.29e-01, SR:1.28e+00
Test performance:
 mse:6.08e-03, IC:-6.33e-03, RIC:-5.87e-02, prec@10:5.16e-01, SR:-7.51e-01 


epoch31##########################################################
Train : loss:3.48e-03  =  3.42e-03 + alpha*1.23e-04
Valid : loss:1.78e-03  =  1.75e-03 + alpha*6.90e-05
Test: loss:1.68e-03  =  1.64e-03 + alpha*6.66e-05
Valid performance:
 mse:1.75e-03, IC:-8.68e-03, RIC:-8.91e-02, prec@10:5.25e-01, SR:3.41e-01
Test performance:
 mse:1.64e-03, IC:4.80e-05, RIC:4.39e-04, prec@10:5.13e-01, SR:7.48e-01 


epoch32##########################################################
Train : loss:2.42e-03  =  2.38e-03 + alpha*8.67e-05
Valid : loss:1.42e-03  =  1.39e-03 + alpha*4.68e-05
Test: loss:1.35e-03  =  1.32e-03 + alpha*5.19e-05
Valid performance:
 mse:1.39e-03, IC:2.59e-02, RIC:2.16e-01, prec@10:5.32e-01, SR:1.73e+00
Test performance:
 mse:1.32e-03, IC:1.04e-02, RIC:7.77e-02, prec@10:5.07e-01, SR:7.81e-02 


epoch33##########################################################
Train : loss:3.11e-03  =  3.06e-03 + alpha*1.00e-04
Valid : loss:5.37e-04  =  5.12e-04 + alpha*4.87e-05
Test: loss:5.60e-04  =  5.36e-04 + alpha*4.98e-05
Valid performance:
 mse:5.12e-04, IC:3.76e-04, RIC:3.60e-03, prec@10:5.27e-01, SR:1.10e-01
Test performance:
 mse:5.36e-04, IC:-7.47e-04, RIC:-7.12e-03, prec@10:5.20e-01, SR:7.77e-01 


epoch34##########################################################
Train : loss:2.36e-03  =  2.32e-03 + alpha*8.94e-05
Valid : loss:4.89e-04  =  4.59e-04 + alpha*5.90e-05
Test: loss:5.12e-04  =  4.83e-04 + alpha*5.74e-05
Valid performance:
 mse:4.59e-04, IC:-6.77e-03, RIC:-7.02e-02, prec@10:5.07e-01, SR:4.08e-01
Test performance:
 mse:4.83e-04, IC:3.50e-03, RIC:3.36e-02, prec@10:5.32e-01, SR:9.32e-01 


epoch35##########################################################
Train : loss:2.29e-03  =  2.25e-03 + alpha*8.26e-05
Valid : loss:4.62e-03  =  4.56e-03 + alpha*1.19e-04
Test: loss:4.19e-03  =  4.13e-03 + alpha*1.16e-04
Valid performance:
 mse:4.56e-03, IC:2.64e-02, RIC:2.52e-01, prec@10:5.30e-01, SR:3.17e+00
Test performance:
 mse:4.13e-03, IC:1.24e-02, RIC:1.02e-01, prec@10:5.26e-01, SR:1.92e+00 


epoch36##########################################################
Train : loss:2.90e-03  =  2.85e-03 + alpha*9.92e-05
Valid : loss:4.33e-04  =  4.01e-04 + alpha*6.33e-05
Test: loss:4.24e-04  =  3.95e-04 + alpha*5.80e-05
Valid performance:
 mse:4.01e-04, IC:-1.30e-02, RIC:-1.44e-01, prec@10:5.13e-01, SR:9.86e-01
Test performance:
 mse:3.95e-04, IC:4.61e-03, RIC:4.52e-02, prec@10:5.17e-01, SR:3.35e-01 


epoch37##########################################################
Train : loss:2.40e-03  =  2.36e-03 + alpha*8.15e-05
Valid : loss:6.10e-03  =  6.08e-03 + alpha*4.18e-05
Test: loss:6.07e-03  =  6.04e-03 + alpha*4.44e-05
Valid performance:
 mse:6.08e-03, IC:-4.39e-03, RIC:-3.47e-02, prec@10:5.34e-01, SR:5.65e-01
Test performance:
 mse:6.04e-03, IC:-5.62e-03, RIC:-4.37e-02, prec@10:5.24e-01, SR:8.13e-01 


epoch38##########################################################
Train : loss:2.78e-03  =  2.74e-03 + alpha*9.29e-05
Valid : loss:1.04e-03  =  1.02e-03 + alpha*5.11e-05
Test: loss:1.11e-03  =  1.08e-03 + alpha*5.46e-05
Valid performance:
 mse:1.02e-03, IC:1.20e-02, RIC:9.07e-02, prec@10:5.27e-01, SR:1.35e+00
Test performance:
 mse:1.08e-03, IC:-2.42e-03, RIC:-2.18e-02, prec@10:5.10e-01, SR:2.37e-01 


epoch39##########################################################
Train : loss:2.16e-03  =  2.12e-03 + alpha*8.18e-05
Valid : loss:1.67e-03  =  1.65e-03 + alpha*4.76e-05
Test: loss:1.63e-03  =  1.61e-03 + alpha*4.94e-05
Valid performance:
 mse:1.65e-03, IC:4.64e-03, RIC:4.02e-02, prec@10:5.04e-01, SR:4.47e-01
Test performance:
 mse:1.61e-03, IC:1.19e-03, RIC:1.09e-02, prec@10:5.09e-01, SR:-3.26e-02 


epoch40##########################################################
Train : loss:2.50e-03  =  2.45e-03 + alpha*8.60e-05
Valid : loss:6.68e-04  =  6.31e-04 + alpha*7.52e-05
Test: loss:6.10e-04  =  5.73e-04 + alpha*7.36e-05
Valid performance:
 mse:6.31e-04, IC:2.70e-02, RIC:2.48e-01, prec@10:5.35e-01, SR:2.64e+00
Test performance:
 mse:5.73e-04, IC:9.28e-03, RIC:8.03e-02, prec@10:5.16e-01, SR:1.53e+00 


epoch41##########################################################
Train : loss:3.05e-03  =  3.00e-03 + alpha*1.00e-04
Valid : loss:8.90e-04  =  8.63e-04 + alpha*5.35e-05
Test: loss:8.59e-04  =  8.30e-04 + alpha*5.76e-05
Valid performance:
 mse:8.63e-04, IC:1.81e-02, RIC:1.42e-01, prec@10:5.34e-01, SR:1.21e+00
Test performance:
 mse:8.30e-04, IC:1.30e-02, RIC:9.19e-02, prec@10:5.14e-01, SR:1.57e+00 


epoch42##########################################################
Train : loss:2.29e-03  =  2.24e-03 + alpha*9.19e-05
Valid : loss:4.56e-04  =  4.33e-04 + alpha*4.45e-05
Test: loss:4.88e-04  =  4.65e-04 + alpha*4.55e-05
Valid performance:
 mse:4.33e-04, IC:1.14e-02, RIC:1.24e-01, prec@10:5.33e-01, SR:1.81e+00
Test performance:
 mse:4.65e-04, IC:5.14e-03, RIC:4.75e-02, prec@10:5.29e-01, SR:1.51e+00 


epoch43##########################################################
Train : loss:2.51e-03  =  2.46e-03 + alpha*9.73e-05
Valid : loss:5.06e-03  =  5.03e-03 + alpha*5.75e-05
Test: loss:4.84e-03  =  4.81e-03 + alpha*6.06e-05
Valid performance:
 mse:5.03e-03, IC:2.60e-02, RIC:2.15e-01, prec@10:5.25e-01, SR:2.11e+00
Test performance:
 mse:4.81e-03, IC:1.19e-02, RIC:8.89e-02, prec@10:5.06e-01, SR:6.88e-01 


epoch44##########################################################
Train : loss:2.35e-03  =  2.30e-03 + alpha*8.81e-05
Valid : loss:5.68e-03  =  5.64e-03 + alpha*8.40e-05
Test: loss:5.91e-03  =  5.87e-03 + alpha*7.63e-05
Valid performance:
 mse:5.64e-03, IC:-1.69e-02, RIC:-1.59e-01, prec@10:5.23e-01, SR:-1.51e-01
Test performance:
 mse:5.87e-03, IC:2.07e-03, RIC:2.06e-02, prec@10:5.40e-01, SR:1.46e+00 


epoch45##########################################################
Train : loss:2.71e-03  =  2.66e-03 + alpha*9.33e-05
Valid : loss:3.66e-04  =  3.48e-04 + alpha*3.45e-05
Test: loss:3.91e-04  =  3.73e-04 + alpha*3.62e-05
Valid performance:
 mse:3.48e-04, IC:4.66e-04, RIC:4.35e-03, prec@10:5.27e-01, SR:2.87e-01
Test performance:
 mse:3.73e-04, IC:-1.58e-03, RIC:-1.45e-02, prec@10:5.27e-01, SR:1.10e+00 


epoch46##########################################################
Train : loss:3.38e-03  =  3.33e-03 + alpha*1.03e-04
Valid : loss:3.85e-03  =  3.81e-03 + alpha*9.25e-05
Test: loss:3.68e-03  =  3.64e-03 + alpha*8.48e-05
Valid performance:
 mse:3.81e-03, IC:-1.16e-02, RIC:-1.36e-01, prec@10:5.10e-01, SR:-1.96e-01
Test performance:
 mse:3.64e-03, IC:-7.93e-03, RIC:-9.33e-02, prec@10:5.22e-01, SR:2.74e-01 


epoch47##########################################################
Train : loss:2.25e-03  =  2.21e-03 + alpha*7.79e-05
Valid : loss:2.94e-03  =  2.90e-03 + alpha*8.08e-05
Test: loss:2.78e-03  =  2.75e-03 + alpha*7.26e-05
Valid performance:
 mse:2.90e-03, IC:-2.10e-02, RIC:-2.07e-01, prec@10:5.31e-01, SR:-7.32e-01
Test performance:
 mse:2.75e-03, IC:-9.26e-03, RIC:-9.33e-02, prec@10:5.23e-01, SR:1.99e+00 


epoch48##########################################################
Train : loss:2.65e-03  =  2.61e-03 + alpha*8.85e-05
Valid : loss:1.96e-03  =  1.92e-03 + alpha*8.96e-05
Test: loss:2.13e-03  =  2.09e-03 + alpha*8.49e-05
Valid performance:
 mse:1.92e-03, IC:-2.75e-02, RIC:-2.47e-01, prec@10:5.29e-01, SR:1.51e+00
Test performance:
 mse:2.09e-03, IC:-7.81e-03, RIC:-6.91e-02, prec@10:5.26e-01, SR:1.87e+00 


epoch49##########################################################
Train : loss:2.38e-03  =  2.33e-03 + alpha*9.20e-05
Valid : loss:5.76e-04  =  5.32e-04 + alpha*8.91e-05
Test: loss:5.92e-04  =  5.53e-04 + alpha*7.72e-05
Valid performance:
 mse:5.32e-04, IC:-1.97e-02, RIC:-2.24e-01, prec@10:5.11e-01, SR:-1.03e+00
Test performance:
 mse:5.53e-04, IC:-8.17e-03, RIC:-8.83e-02, prec@10:5.30e-01, SR:6.75e-01 


epoch50##########################################################
Train : loss:3.19e-03  =  3.14e-03 + alpha*9.00e-05
Valid : loss:5.78e-03  =  5.75e-03 + alpha*5.36e-05
Test: loss:5.56e-03  =  5.54e-03 + alpha*4.98e-05
Valid performance:
 mse:5.75e-03, IC:-2.77e-02, RIC:-2.39e-01, prec@10:5.07e-01, SR:-1.42e+00
Test performance:
 mse:5.54e-03, IC:-1.30e-02, RIC:-1.19e-01, prec@10:5.18e-01, SR:-4.84e-01 


epoch51##########################################################
Train : loss:2.14e-03  =  2.10e-03 + alpha*8.58e-05
Valid : loss:1.94e-03  =  1.92e-03 + alpha*4.12e-05
Test: loss:2.04e-03  =  2.02e-03 + alpha*4.28e-05
Valid performance:
 mse:1.92e-03, IC:1.44e-02, RIC:1.23e-01, prec@10:5.31e-01, SR:2.11e+00
Test performance:
 mse:2.02e-03, IC:-6.57e-03, RIC:-6.53e-02, prec@10:4.98e-01, SR:-9.95e-01 


epoch52##########################################################
Train : loss:2.81e-03  =  2.76e-03 + alpha*9.43e-05
Valid : loss:4.09e-04  =  3.77e-04 + alpha*6.35e-05
Test: loss:4.31e-04  =  3.99e-04 + alpha*6.41e-05
Valid performance:
 mse:3.77e-04, IC:2.27e-02, RIC:1.94e-01, prec@10:5.33e-01, SR:2.75e+00
Test performance:
 mse:3.99e-04, IC:1.25e-02, RIC:1.05e-01, prec@10:5.26e-01, SR:6.57e-01 


epoch53##########################################################
Train : loss:2.52e-03  =  2.47e-03 + alpha*8.46e-05
Valid : loss:2.99e-03  =  2.97e-03 + alpha*4.10e-05
Test: loss:3.02e-03  =  3.00e-03 + alpha*4.34e-05
Valid performance:
 mse:2.97e-03, IC:-5.83e-03, RIC:-4.90e-02, prec@10:5.20e-01, SR:9.20e-01
Test performance:
 mse:3.00e-03, IC:-8.72e-03, RIC:-7.53e-02, prec@10:4.97e-01, SR:2.13e-01 


epoch54##########################################################
Train : loss:2.28e-03  =  2.23e-03 + alpha*8.45e-05
Valid : loss:8.71e-04  =  8.45e-04 + alpha*5.34e-05
Test: loss:8.42e-04  =  8.15e-04 + alpha*5.40e-05
Valid performance:
 mse:8.45e-04, IC:1.93e-02, RIC:1.78e-01, prec@10:5.31e-01, SR:2.19e+00
Test performance:
 mse:8.15e-04, IC:9.59e-03, RIC:8.67e-02, prec@10:5.11e-01, SR:1.35e+00 


epoch55##########################################################
Train : loss:2.32e-03  =  2.27e-03 + alpha*8.96e-05
Valid : loss:6.62e-04  =  6.35e-04 + alpha*5.44e-05
Test: loss:7.19e-04  =  6.93e-04 + alpha*5.31e-05
Valid performance:
 mse:6.35e-04, IC:1.54e-02, RIC:1.45e-01, prec@10:5.22e-01, SR:1.92e+00
Test performance:
 mse:6.93e-04, IC:-2.64e-04, RIC:-2.78e-03, prec@10:5.03e-01, SR:1.33e+00 


epoch56##########################################################
Train : loss:2.88e-03  =  2.84e-03 + alpha*9.15e-05
Valid : loss:9.76e-04  =  9.58e-04 + alpha*3.70e-05
Test: loss:9.73e-04  =  9.54e-04 + alpha*3.74e-05
Valid performance:
 mse:9.58e-04, IC:-1.35e-02, RIC:-1.26e-01, prec@10:5.24e-01, SR:9.91e-01
Test performance:
 mse:9.54e-04, IC:-3.28e-03, RIC:-3.62e-02, prec@10:5.35e-01, SR:1.47e+00 


epoch57##########################################################
Train : loss:2.39e-03  =  2.35e-03 + alpha*8.70e-05
Valid : loss:4.80e-03  =  4.77e-03 + alpha*6.03e-05
Test: loss:4.59e-03  =  4.56e-03 + alpha*6.19e-05
Valid performance:
 mse:4.77e-03, IC:2.52e-02, RIC:2.33e-01, prec@10:5.44e-01, SR:2.32e+00
Test performance:
 mse:4.56e-03, IC:1.42e-02, RIC:1.15e-01, prec@10:5.21e-01, SR:1.41e+00 


epoch58##########################################################
Train : loss:2.58e-03  =  2.54e-03 + alpha*8.00e-05
Valid : loss:5.14e-04  =  4.72e-04 + alpha*8.37e-05
Test: loss:5.49e-04  =  5.10e-04 + alpha*7.84e-05
Valid performance:
 mse:4.72e-04, IC:2.53e-02, RIC:2.65e-01, prec@10:5.43e-01, SR:3.25e+00
Test performance:
 mse:5.10e-04, IC:7.65e-03, RIC:7.91e-02, prec@10:5.18e-01, SR:1.46e+00 


epoch59##########################################################
Train : loss:2.71e-03  =  2.67e-03 + alpha*8.18e-05
Valid : loss:3.92e-04  =  3.65e-04 + alpha*5.31e-05
Test: loss:4.19e-04  =  3.93e-04 + alpha*5.16e-05
Valid performance:
 mse:3.65e-04, IC:1.19e-02, RIC:1.24e-01, prec@10:5.44e-01, SR:2.79e+00
Test performance:
 mse:3.93e-04, IC:3.13e-03, RIC:3.51e-02, prec@10:5.15e-01, SR:1.10e+00 


epoch60##########################################################
Train : loss:2.24e-03  =  2.20e-03 + alpha*8.70e-05
Valid : loss:1.92e-03  =  1.90e-03 + alpha*3.88e-05
Test: loss:1.92e-03  =  1.90e-03 + alpha*4.15e-05
Valid performance:
 mse:1.90e-03, IC:6.75e-03, RIC:6.04e-02, prec@10:5.41e-01, SR:1.47e+00
Test performance:
 mse:1.90e-03, IC:4.67e-03, RIC:3.79e-02, prec@10:5.27e-01, SR:8.73e-01 


epoch61##########################################################
Train : loss:3.07e-03  =  3.02e-03 + alpha*9.99e-05
Valid : loss:1.03e-02  =  1.02e-02 + alpha*6.06e-05
Test: loss:1.02e-02  =  1.01e-02 + alpha*5.87e-05
Valid performance:
 mse:1.02e-02, IC:-1.15e-02, RIC:-1.21e-01, prec@10:5.44e-01, SR:1.59e+00
Test performance:
 mse:1.01e-02, IC:-9.76e-03, RIC:-9.62e-02, prec@10:5.13e-01, SR:-7.30e-02 


epoch62##########################################################
Train : loss:2.78e-03  =  2.74e-03 + alpha*9.46e-05
Valid : loss:6.60e-03  =  6.56e-03 + alpha*7.07e-05
Test: loss:6.46e-03  =  6.43e-03 + alpha*6.61e-05
Valid performance:
 mse:6.56e-03, IC:-8.20e-03, RIC:-9.39e-02, prec@10:5.44e-01, SR:8.11e-01
Test performance:
 mse:6.43e-03, IC:-1.29e-02, RIC:-1.46e-01, prec@10:5.10e-01, SR:-5.81e-02 


epoch63##########################################################
Train : loss:2.36e-03  =  2.32e-03 + alpha*8.77e-05
Valid : loss:1.62e-03  =  1.54e-03 + alpha*1.61e-04
Test: loss:1.75e-03  =  1.69e-03 + alpha*1.35e-04
Valid performance:
 mse:1.54e-03, IC:-2.58e-02, RIC:-2.68e-01, prec@10:5.21e-01, SR:-6.99e-01
Test performance:
 mse:1.69e-03, IC:-6.06e-03, RIC:-6.43e-02, prec@10:5.24e-01, SR:8.67e-02 


epoch64##########################################################
Train : loss:2.47e-03  =  2.43e-03 + alpha*8.26e-05
Valid : loss:6.81e-03  =  6.77e-03 + alpha*8.15e-05
Test: loss:6.44e-03  =  6.40e-03 + alpha*7.30e-05
Valid performance:
 mse:6.77e-03, IC:-3.04e-02, RIC:-2.85e-01, prec@10:5.04e-01, SR:-1.54e+00
Test performance:
 mse:6.40e-03, IC:-1.21e-02, RIC:-1.15e-01, prec@10:5.28e-01, SR:-5.64e-01 


epoch65##########################################################
Train : loss:2.77e-03  =  2.72e-03 + alpha*1.01e-04
Valid : loss:8.65e-04  =  8.43e-04 + alpha*4.29e-05
Test: loss:8.61e-04  =  8.40e-04 + alpha*4.14e-05
Valid performance:
 mse:8.43e-04, IC:-1.37e-02, RIC:-1.45e-01, prec@10:5.25e-01, SR:5.75e-01
Test performance:
 mse:8.40e-04, IC:-5.63e-03, RIC:-6.24e-02, prec@10:5.15e-01, SR:3.49e-01 


epoch66##########################################################
Train : loss:2.98e-03  =  2.94e-03 + alpha*8.77e-05
Valid : loss:2.69e-03  =  2.66e-03 + alpha*5.81e-05
Test: loss:2.77e-03  =  2.74e-03 + alpha*5.42e-05
Valid performance:
 mse:2.66e-03, IC:-1.28e-02, RIC:-1.39e-01, prec@10:5.20e-01, SR:3.89e-01
Test performance:
 mse:2.74e-03, IC:-8.93e-04, RIC:-9.49e-03, prec@10:5.29e-01, SR:2.64e-01 


epoch67##########################################################
Train : loss:2.40e-03  =  2.36e-03 + alpha*8.71e-05
Valid : loss:4.57e-03  =  4.53e-03 + alpha*7.38e-05
Test: loss:4.81e-03  =  4.78e-03 + alpha*6.95e-05
Valid performance:
 mse:4.53e-03, IC:2.32e-02, RIC:2.68e-01, prec@10:5.30e-01, SR:2.77e+00
Test performance:
 mse:4.78e-03, IC:1.87e-03, RIC:2.01e-02, prec@10:5.08e-01, SR:9.15e-01 


epoch68##########################################################
Train : loss:2.79e-03  =  2.74e-03 + alpha*9.17e-05
Valid : loss:2.03e-03  =  2.01e-03 + alpha*3.22e-05
Test: loss:2.05e-03  =  2.04e-03 + alpha*3.37e-05
Valid performance:
 mse:2.01e-03, IC:-4.64e-04, RIC:-3.83e-03, prec@10:5.19e-01, SR:1.11e+00
Test performance:
 mse:2.04e-03, IC:4.60e-03, RIC:3.85e-02, prec@10:5.36e-01, SR:1.79e+00 


epoch69##########################################################
Train : loss:2.40e-03  =  2.36e-03 + alpha*7.97e-05
Valid : loss:2.80e-03  =  2.78e-03 + alpha*3.73e-05
Test: loss:2.91e-03  =  2.89e-03 + alpha*3.96e-05
Valid performance:
 mse:2.78e-03, IC:1.46e-02, RIC:1.41e-01, prec@10:5.33e-01, SR:1.98e+00
Test performance:
 mse:2.89e-03, IC:-1.13e-03, RIC:-1.01e-02, prec@10:5.07e-01, SR:4.40e-01 


epoch70##########################################################
Train : loss:2.71e-03  =  2.67e-03 + alpha*8.63e-05
Valid : loss:1.00e-03  =  9.81e-04 + alpha*4.33e-05
Test: loss:1.03e-03  =  1.00e-03 + alpha*4.43e-05
Valid performance:
 mse:9.81e-04, IC:-4.44e-03, RIC:-4.38e-02, prec@10:5.27e-01, SR:1.19e+00
Test performance:
 mse:1.00e-03, IC:-3.34e-04, RIC:-3.98e-03, prec@10:5.52e-01, SR:2.01e+00 


epoch71##########################################################
Train : loss:2.21e-03  =  2.17e-03 + alpha*7.94e-05
Valid : loss:5.46e-03  =  5.42e-03 + alpha*6.65e-05
Test: loss:5.46e-03  =  5.43e-03 + alpha*6.79e-05
Valid performance:
 mse:5.42e-03, IC:1.30e-03, RIC:9.16e-03, prec@10:5.20e-01, SR:1.12e+00
Test performance:
 mse:5.43e-03, IC:1.05e-02, RIC:8.03e-02, prec@10:5.26e-01, SR:2.08e+00 


epoch72##########################################################
Train : loss:3.08e-03  =  3.03e-03 + alpha*9.68e-05
Valid : loss:2.18e-03  =  2.15e-03 + alpha*4.95e-05
Test: loss:2.29e-03  =  2.26e-03 + alpha*4.77e-05
Valid performance:
 mse:2.15e-03, IC:2.11e-02, RIC:2.29e-01, prec@10:5.21e-01, SR:1.76e+00
Test performance:
 mse:2.26e-03, IC:3.73e-03, RIC:3.95e-02, prec@10:5.15e-01, SR:1.62e+00 


epoch73##########################################################
Train : loss:2.54e-03  =  2.50e-03 + alpha*8.02e-05
Valid : loss:3.48e-03  =  3.46e-03 + alpha*4.14e-05
Test: loss:3.42e-03  =  3.40e-03 + alpha*4.33e-05
Valid performance:
 mse:3.46e-03, IC:9.60e-03, RIC:7.42e-02, prec@10:5.22e-01, SR:1.77e+00
Test performance:
 mse:3.40e-03, IC:1.24e-02, RIC:1.07e-01, prec@10:5.04e-01, SR:7.34e-01 


epoch74##########################################################
Train : loss:2.92e-03  =  2.87e-03 + alpha*1.03e-04
Valid : loss:3.49e-04  =  3.31e-04 + alpha*3.63e-05
Test: loss:3.69e-04  =  3.51e-04 + alpha*3.64e-05
Valid performance:
 mse:3.31e-04, IC:-5.14e-03, RIC:-5.05e-02, prec@10:5.01e-01, SR:7.55e-01
Test performance:
 mse:3.51e-04, IC:1.03e-03, RIC:1.00e-02, prec@10:5.08e-01, SR:2.55e-01 


epoch75##########################################################
Train : loss:2.48e-03  =  2.44e-03 + alpha*7.90e-05
Valid : loss:4.83e-04  =  4.62e-04 + alpha*4.21e-05
Test: loss:5.03e-04  =  4.82e-04 + alpha*4.21e-05
Valid performance:
 mse:4.62e-04, IC:-4.37e-03, RIC:-3.86e-02, prec@10:5.20e-01, SR:8.44e-01
Test performance:
 mse:4.82e-04, IC:4.82e-03, RIC:4.38e-02, prec@10:5.19e-01, SR:1.81e+00 


epoch76##########################################################
Train : loss:2.66e-03  =  2.62e-03 + alpha*8.61e-05
Valid : loss:6.99e-04  =  6.79e-04 + alpha*4.04e-05
Test: loss:7.16e-04  =  6.97e-04 + alpha*3.84e-05
Valid performance:
 mse:6.79e-04, IC:-8.05e-03, RIC:-8.66e-02, prec@10:5.20e-01, SR:5.74e-01
Test performance:
 mse:6.97e-04, IC:2.44e-03, RIC:2.85e-02, prec@10:5.16e-01, SR:5.18e-01 


epoch77##########################################################
Train : loss:2.46e-03  =  2.42e-03 + alpha*7.92e-05
Valid : loss:2.65e-03  =  2.63e-03 + alpha*3.41e-05
Test: loss:2.78e-03  =  2.76e-03 + alpha*3.69e-05
Valid performance:
 mse:2.63e-03, IC:2.17e-02, RIC:1.78e-01, prec@10:5.26e-01, SR:1.49e+00
Test performance:
 mse:2.76e-03, IC:-3.17e-03, RIC:-2.65e-02, prec@10:5.03e-01, SR:-3.97e-01 


epoch78##########################################################
Train : loss:3.29e-03  =  3.25e-03 + alpha*9.36e-05
Valid : loss:4.39e-04  =  4.08e-04 + alpha*6.11e-05
Test: loss:4.46e-04  =  4.17e-04 + alpha*5.75e-05
Valid performance:
 mse:4.08e-04, IC:-1.32e-02, RIC:-1.51e-01, prec@10:5.26e-01, SR:6.07e-01
Test performance:
 mse:4.17e-04, IC:-7.84e-03, RIC:-9.76e-02, prec@10:5.24e-01, SR:1.33e+00 


epoch79##########################################################
Train : loss:2.57e-03  =  2.53e-03 + alpha*8.43e-05
Valid : loss:4.06e-04  =  3.75e-04 + alpha*6.11e-05
Test: loss:4.05e-04  =  3.77e-04 + alpha*5.52e-05
Valid performance:
 mse:3.75e-04, IC:-1.46e-02, RIC:-1.58e-01, prec@10:5.27e-01, SR:-1.82e-01
Test performance:
 mse:3.77e-04, IC:-5.32e-03, RIC:-5.98e-02, prec@10:5.17e-01, SR:-9.91e-02 


epoch80##########################################################
Train : loss:2.51e-03  =  2.47e-03 + alpha*8.00e-05
Valid : loss:2.10e-03  =  2.07e-03 + alpha*4.38e-05
Test: loss:2.12e-03  =  2.09e-03 + alpha*4.41e-05
Valid performance:
 mse:2.07e-03, IC:-4.34e-03, RIC:-4.36e-02, prec@10:5.35e-01, SR:1.06e+00
Test performance:
 mse:2.09e-03, IC:-1.01e-02, RIC:-1.16e-01, prec@10:5.23e-01, SR:1.94e+00 


epoch81##########################################################
Train : loss:2.10e-03  =  2.07e-03 + alpha*7.63e-05
Valid : loss:8.79e-03  =  8.76e-03 + alpha*6.78e-05
Test: loss:8.95e-03  =  8.92e-03 + alpha*6.80e-05
Valid performance:
 mse:8.76e-03, IC:1.63e-02, RIC:1.86e-01, prec@10:5.23e-01, SR:2.50e+00
Test performance:
 mse:8.92e-03, IC:-5.03e-03, RIC:-5.46e-02, prec@10:5.07e-01, SR:1.22e+00 


epoch82##########################################################
Train : loss:3.08e-03  =  3.03e-03 + alpha*8.45e-05
Valid : loss:3.97e-03  =  3.94e-03 + alpha*6.22e-05
Test: loss:4.13e-03  =  4.09e-03 + alpha*6.09e-05
Valid performance:
 mse:3.94e-03, IC:1.35e-02, RIC:1.24e-01, prec@10:5.23e-01, SR:2.93e+00
Test performance:
 mse:4.09e-03, IC:-5.56e-03, RIC:-5.04e-02, prec@10:5.13e-01, SR:1.08e+00 


epoch83##########################################################
Train : loss:2.59e-03  =  2.55e-03 + alpha*8.12e-05
Valid : loss:7.91e-04  =  7.65e-04 + alpha*5.01e-05
Test: loss:7.98e-04  =  7.74e-04 + alpha*4.88e-05
Valid performance:
 mse:7.65e-04, IC:-6.82e-03, RIC:-6.93e-02, prec@10:5.24e-01, SR:5.61e-02
Test performance:
 mse:7.74e-04, IC:-2.61e-03, RIC:-3.24e-02, prec@10:5.23e-01, SR:6.05e-01 


epoch84##########################################################
Train : loss:2.36e-03  =  2.32e-03 + alpha*7.97e-05
Valid : loss:3.63e-04  =  3.41e-04 + alpha*4.51e-05
Test: loss:3.75e-04  =  3.54e-04 + alpha*4.08e-05
Valid performance:
 mse:3.41e-04, IC:-1.94e-02, RIC:-1.94e-01, prec@10:5.28e-01, SR:-2.33e-01
Test performance:
 mse:3.54e-04, IC:-4.68e-03, RIC:-5.38e-02, prec@10:5.27e-01, SR:5.86e-01 


epoch85##########################################################
Train : loss:2.38e-03  =  2.35e-03 + alpha*7.41e-05
Valid : loss:4.26e-04  =  3.98e-04 + alpha*5.52e-05
Test: loss:4.39e-04  =  4.12e-04 + alpha*5.31e-05
Valid performance:
 mse:3.98e-04, IC:-1.46e-02, RIC:-1.56e-01, prec@10:5.00e-01, SR:1.03e+00
Test performance:
 mse:4.12e-04, IC:1.57e-03, RIC:1.64e-02, prec@10:5.06e-01, SR:-2.11e-01 


epoch86##########################################################
Train : loss:2.56e-03  =  2.51e-03 + alpha*9.59e-05
Valid : loss:8.62e-04  =  8.01e-04 + alpha*1.22e-04
Test: loss:9.55e-04  =  9.01e-04 + alpha*1.08e-04
Valid performance:
 mse:8.01e-04, IC:-2.60e-02, RIC:-2.43e-01, prec@10:5.01e-01, SR:-1.42e+00
Test performance:
 mse:9.01e-04, IC:-7.73e-03, RIC:-7.34e-02, prec@10:5.11e-01, SR:-3.60e-01 


epoch87##########################################################
Train : loss:3.11e-03  =  3.06e-03 + alpha*8.94e-05
Valid : loss:5.37e-04  =  5.01e-04 + alpha*7.11e-05
Test: loss:5.25e-04  =  4.91e-04 + alpha*6.88e-05
Valid performance:
 mse:5.01e-04, IC:3.77e-03, RIC:4.26e-02, prec@10:5.27e-01, SR:1.13e+00
Test performance:
 mse:4.91e-04, IC:7.59e-03, RIC:9.13e-02, prec@10:5.29e-01, SR:1.57e+00 


epoch88##########################################################
Train : loss:2.45e-03  =  2.41e-03 + alpha*8.28e-05
Valid : loss:1.10e-03  =  1.08e-03 + alpha*4.29e-05
Test: loss:1.14e-03  =  1.11e-03 + alpha*4.39e-05
Valid performance:
 mse:1.08e-03, IC:7.60e-03, RIC:7.89e-02, prec@10:5.11e-01, SR:2.16e+00
Test performance:
 mse:1.11e-03, IC:1.10e-03, RIC:1.22e-02, prec@10:5.17e-01, SR:1.78e+00 


epoch89##########################################################
Train : loss:2.90e-03  =  2.85e-03 + alpha*9.18e-05
Valid : loss:1.22e-03  =  1.17e-03 + alpha*9.14e-05
Test: loss:1.06e-03  =  1.02e-03 + alpha*8.84e-05
Valid performance:
 mse:1.17e-03, IC:3.12e-02, RIC:2.82e-01, prec@10:5.38e-01, SR:4.13e+00
Test performance:
 mse:1.02e-03, IC:1.25e-02, RIC:1.10e-01, prec@10:5.03e-01, SR:1.34e+00 


epoch90##########################################################
Train : loss:2.08e-03  =  2.04e-03 + alpha*7.14e-05
Valid : loss:1.74e-03  =  1.71e-03 + alpha*5.19e-05
Test: loss:1.77e-03  =  1.75e-03 + alpha*5.32e-05
Valid performance:
 mse:1.71e-03, IC:2.25e-03, RIC:2.23e-02, prec@10:5.33e-01, SR:1.49e+00
Test performance:
 mse:1.75e-03, IC:-4.63e-04, RIC:-5.02e-03, prec@10:5.25e-01, SR:1.09e+00 


epoch91##########################################################
Train : loss:2.61e-03  =  2.57e-03 + alpha*7.71e-05
Valid : loss:2.30e-03  =  2.27e-03 + alpha*5.54e-05
Test: loss:2.30e-03  =  2.27e-03 + alpha*5.72e-05
Valid performance:
 mse:2.27e-03, IC:1.17e-02, RIC:1.05e-01, prec@10:5.50e-01, SR:1.87e+00
Test performance:
 mse:2.27e-03, IC:1.14e-02, RIC:1.01e-01, prec@10:5.30e-01, SR:8.45e-01 


epoch92##########################################################
Train : loss:3.14e-03  =  3.10e-03 + alpha*9.34e-05
Valid : loss:7.79e-04  =  7.55e-04 + alpha*4.86e-05
Test: loss:8.34e-04  =  8.10e-04 + alpha*4.89e-05
Valid performance:
 mse:7.55e-04, IC:1.04e-02, RIC:1.19e-01, prec@10:5.16e-01, SR:2.07e+00
Test performance:
 mse:8.10e-04, IC:2.04e-03, RIC:2.49e-02, prec@10:5.13e-01, SR:9.88e-01 


epoch93##########################################################
Train : loss:2.41e-03  =  2.37e-03 + alpha*8.34e-05
Valid : loss:1.57e-03  =  1.54e-03 + alpha*7.49e-05
Test: loss:1.72e-03  =  1.69e-03 + alpha*7.07e-05
Valid performance:
 mse:1.54e-03, IC:2.17e-02, RIC:2.17e-01, prec@10:5.32e-01, SR:2.57e+00
Test performance:
 mse:1.69e-03, IC:3.61e-03, RIC:3.68e-02, prec@10:5.18e-01, SR:8.68e-01 


epoch94##########################################################
Train : loss:2.75e-03  =  2.71e-03 + alpha*8.56e-05
Valid : loss:2.34e-03  =  2.31e-03 + alpha*5.08e-05
Test: loss:2.41e-03  =  2.39e-03 + alpha*4.79e-05
Valid performance:
 mse:2.31e-03, IC:-9.97e-03, RIC:-1.06e-01, prec@10:5.12e-01, SR:-7.19e-02
Test performance:
 mse:2.39e-03, IC:5.74e-04, RIC:6.01e-03, prec@10:5.30e-01, SR:1.78e+00 


epoch95##########################################################
Train : loss:2.17e-03  =  2.13e-03 + alpha*7.72e-05
Valid : loss:3.33e-03  =  3.29e-03 + alpha*7.96e-05
Test: loss:3.08e-03  =  3.05e-03 + alpha*6.96e-05
Valid performance:
 mse:3.29e-03, IC:-2.82e-02, RIC:-2.71e-01, prec@10:5.16e-01, SR:4.14e-01
Test performance:
 mse:3.05e-03, IC:-8.68e-03, RIC:-8.06e-02, prec@10:5.20e-01, SR:4.68e-01 


epoch96##########################################################
Train : loss:2.94e-03  =  2.90e-03 + alpha*9.37e-05
Valid : loss:7.97e-03  =  7.92e-03 + alpha*9.46e-05
Test: loss:7.46e-03  =  7.42e-03 + alpha*9.33e-05
Valid performance:
 mse:7.92e-03, IC:1.51e-02, RIC:1.36e-01, prec@10:5.28e-01, SR:2.09e+00
Test performance:
 mse:7.42e-03, IC:9.26e-03, RIC:8.67e-02, prec@10:4.97e-01, SR:-1.32e-01 


epoch97##########################################################
Train : loss:2.91e-03  =  2.87e-03 + alpha*8.93e-05
Valid : loss:3.68e-04  =  3.54e-04 + alpha*2.89e-05
Test: loss:3.86e-04  =  3.71e-04 + alpha*2.99e-05
Valid performance:
 mse:3.54e-04, IC:5.62e-04, RIC:5.11e-03, prec@10:5.04e-01, SR:1.04e+00
Test performance:
 mse:3.71e-04, IC:4.60e-03, RIC:4.49e-02, prec@10:5.21e-01, SR:4.43e-01 


epoch98##########################################################
Train : loss:2.71e-03  =  2.67e-03 + alpha*8.64e-05
Valid : loss:3.58e-03  =  3.54e-03 + alpha*8.45e-05
Test: loss:3.67e-03  =  3.63e-03 + alpha*7.90e-05
Valid performance:
 mse:3.54e-03, IC:-6.30e-03, RIC:-5.88e-02, prec@10:5.15e-01, SR:5.90e-01
Test performance:
 mse:3.63e-03, IC:7.10e-03, RIC:6.93e-02, prec@10:5.27e-01, SR:1.58e+00 


epoch99##########################################################
Train : loss:2.60e-03  =  2.56e-03 + alpha*8.83e-05
Valid : loss:3.54e-04  =  3.33e-04 + alpha*4.15e-05
Test: loss:3.71e-04  =  3.51e-04 + alpha*4.03e-05
Valid performance:
 mse:3.33e-04, IC:1.82e-02, RIC:1.80e-01, prec@10:5.25e-01, SR:1.47e+00
Test performance:
 mse:3.51e-04, IC:7.33e-03, RIC:7.52e-02, prec@10:5.06e-01, SR:1.34e+00 


epoch100##########################################################
Train : loss:2.79e-03  =  2.75e-03 + alpha*8.51e-05
Valid : loss:7.39e-04  =  7.18e-04 + alpha*4.21e-05
Test: loss:7.81e-04  =  7.59e-04 + alpha*4.40e-05
Valid performance:
 mse:7.18e-04, IC:1.37e-02, RIC:1.51e-01, prec@10:5.18e-01, SR:1.68e+00
Test performance:
 mse:7.59e-04, IC:1.23e-03, RIC:1.18e-02, prec@10:5.19e-01, SR:1.25e+00 


Training finished.
Best Validation Performance (based on lowest validation loss for LinearModel):
mse:3.31e-04, IC:-5.14e-03, RIC:-5.05e-02, prec@10:5.01e-01, SR:7.55e-01
Corresponding Test Performance for LinearModel:
mse:3.51e-04, IC:1.03e-03, RIC:1.00e-02, prec@10:5.08e-01, SR:2.55e-01
Results for LinearModel appended to ../training_results.xlsx (active sheet: Training Results)
