市场为 NASDAQ，实际加载股票数量更新为: 951
总交易天数: 1148
根据 60%/20%/_ 分割比例 (已调整为满足最小数据集要求):
训练集天数 (0-indexed, up to valid_index-1): 688 (实际比例: 59.9%)
验证集天数 (valid_index to test_index-1): 230 (实际比例: 20.0%)
测试集天数 (test_index to end): 230 (实际比例: 20.0%)
验证集起始索引 (valid_index): 688
测试集起始索引 (test_index): 918
✅ 数据集分割检查通过
epoch1##########################################################
Train : loss:6.13e+12  =  6.13e+12 + alpha*1.54e+03
Valid : loss:5.52e+10  =  5.52e+10 + alpha*1.68e+03
Test: loss:1.35e+11  =  1.35e+11 + alpha*2.78e+09
Valid performance:
 mse:5.52e+10, IC:-5.34e-04, RIC:-1.54e-02, prec@10:4.83e-01, SR:1.56e+00
Test performance:
 mse:1.35e+11, IC:3.97e-05, RIC:5.07e-04, prec@10:4.79e-01, SR:2.00e+00 


epoch2##########################################################
Train : loss:2.48e+12  =  2.48e+12 + alpha*1.02e+03
Valid : loss:1.78e+11  =  1.78e+11 + alpha*2.58e+03
Test: loss:1.77e+11  =  1.76e+11 + alpha*5.53e+09
Valid performance:
 mse:1.78e+11, IC:-1.65e-03, RIC:-6.46e-02, prec@10:4.79e-01, SR:7.22e-01
Test performance:
 mse:1.76e+11, IC:-2.21e-03, RIC:-3.00e-02, prec@10:4.87e-01, SR:1.30e+00 


epoch3##########################################################
Train : loss:1.12e+12  =  1.12e+12 + alpha*5.62e+02
Valid : loss:4.01e+11  =  4.01e+11 + alpha*3.59e+03
Test: loss:3.07e+11  =  3.06e+11 + alpha*8.39e+09
Valid performance:
 mse:4.01e+11, IC:-1.84e-03, RIC:-7.47e-02, prec@10:4.87e-01, SR:1.58e+00
Test performance:
 mse:3.06e+11, IC:-3.38e-03, RIC:-4.79e-02, prec@10:4.83e-01, SR:8.65e-01 


epoch4##########################################################
Train : loss:4.45e+11  =  4.45e+11 + alpha*4.01e+02
Valid : loss:9.93e+09  =  9.93e+09 + alpha*6.55e+02
Test: loss:2.88e+10  =  2.87e+10 + alpha*1.25e+09
Valid performance:
 mse:9.93e+09, IC:-2.19e-03, RIC:-8.35e-02, prec@10:4.92e-01, SR:1.43e+00
Test performance:
 mse:2.87e+10, IC:-4.25e-03, RIC:-5.81e-02, prec@10:4.79e-01, SR:-2.48e-01 


epoch5##########################################################
Train : loss:1.94e+11  =  1.94e+11 + alpha*2.90e+02
Valid : loss:2.46e+10  =  2.46e+10 + alpha*9.47e+02
Test: loss:3.59e+10  =  3.57e+10 + alpha*2.06e+09
Valid performance:
 mse:2.46e+10, IC:-2.28e-03, RIC:-9.12e-02, prec@10:4.87e-01, SR:5.39e-01
Test performance:
 mse:3.57e+10, IC:-3.93e-03, RIC:-5.55e-02, prec@10:4.83e-01, SR:9.76e-01 


epoch6##########################################################
Train : loss:1.03e+11  =  1.03e+11 + alpha*2.64e+02
Valid : loss:8.98e+08  =  8.98e+08 + alpha*1.19e+02
Test: loss:1.52e+10  =  1.52e+10 + alpha*3.23e+02
Valid performance:
 mse:8.98e+08, IC:1.49e-03, RIC:4.49e-02, prec@10:6.03e-01, SR:1.37e+00
Test performance:
 mse:1.52e+10, IC:3.63e-03, RIC:5.35e-02, prec@10:5.05e-01, SR:1.05e+00 


epoch7##########################################################
Train : loss:1.12e+11  =  1.12e+11 + alpha*2.24e+02
Valid : loss:3.78e+11  =  3.78e+11 + alpha*6.52e+02
Test: loss:2.57e+11  =  2.57e+11 + alpha*5.83e+02
Valid performance:
 mse:3.78e+11, IC:2.03e-03, RIC:8.25e-02, prec@10:6.16e-01, SR:1.11e+00
Test performance:
 mse:2.57e+11, IC:4.82e-03, RIC:6.94e-02, prec@10:5.05e-01, SR:1.05e+00 


epoch8##########################################################
Train : loss:4.72e+10  =  4.72e+10 + alpha*1.22e+02
Valid : loss:1.05e+11  =  1.05e+11 + alpha*1.79e+03
Test: loss:8.78e+10  =  8.73e+10 + alpha*4.31e+09
Valid performance:
 mse:1.05e+11, IC:-1.90e-03, RIC:-7.77e-02, prec@10:4.81e-01, SR:1.15e+00
Test performance:
 mse:8.73e+10, IC:-6.29e-03, RIC:-9.02e-02, prec@10:4.54e-01, SR:-7.27e-01 


epoch9##########################################################
Train : loss:2.70e+10  =  2.70e+10 + alpha*1.14e+02
Valid : loss:2.93e+11  =  2.93e+11 + alpha*5.66e+02
Test: loss:2.00e+11  =  2.00e+11 + alpha*4.97e+02
Valid performance:
 mse:2.93e+11, IC:2.02e-03, RIC:8.22e-02, prec@10:6.21e-01, SR:1.08e+00
Test performance:
 mse:2.00e+11, IC:6.20e-03, RIC:8.81e-02, prec@10:5.02e-01, SR:1.05e+00 


epoch10##########################################################
Train : loss:1.25e+11  =  1.25e+11 + alpha*2.62e+02
Valid : loss:1.84e+10  =  1.84e+10 + alpha*7.73e+02
Test: loss:2.72e+10  =  2.70e+10 + alpha*1.80e+09
Valid performance:
 mse:1.84e+10, IC:-2.09e-03, RIC:-8.57e-02, prec@10:4.84e-01, SR:1.20e+00
Test performance:
 mse:2.70e+10, IC:-5.83e-03, RIC:-8.29e-02, prec@10:4.71e-01, SR:1.09e+00 


epoch11##########################################################
Train : loss:1.32e+11  =  1.32e+11 + alpha*2.10e+02
Valid : loss:6.02e+11  =  6.02e+11 + alpha*8.30e+02
Test: loss:4.04e+11  =  4.04e+11 + alpha*7.89e+02
Valid performance:
 mse:6.02e+11, IC:1.92e-03, RIC:7.79e-02, prec@10:6.18e-01, SR:1.10e+00
Test performance:
 mse:4.04e+11, IC:1.39e-03, RIC:1.92e-02, prec@10:4.93e-01, SR:1.05e+00 


epoch12##########################################################
Train : loss:9.11e+10  =  9.11e+10 + alpha*2.68e+02
Valid : loss:6.82e+11  =  6.82e+11 + alpha*4.48e+03
Test: loss:4.80e+11  =  4.78e+11 + alpha*1.10e+10
Valid performance:
 mse:6.82e+11, IC:-2.00e-03, RIC:-8.19e-02, prec@10:4.85e-01, SR:9.52e-01
Test performance:
 mse:4.78e+11, IC:-5.39e-03, RIC:-7.71e-02, prec@10:4.54e-01, SR:9.87e-01 


epoch13##########################################################
Train : loss:1.50e+11  =  1.50e+11 + alpha*2.40e+02
Valid : loss:9.25e+11  =  9.25e+11 + alpha*1.01e+03
Test: loss:6.17e+11  =  6.17e+11 + alpha*8.95e+02
Valid performance:
 mse:9.25e+11, IC:2.04e-03, RIC:8.33e-02, prec@10:6.17e-01, SR:1.13e+00
Test performance:
 mse:6.17e+11, IC:6.27e-03, RIC:8.92e-02, prec@10:5.17e-01, SR:1.05e+00 


epoch14##########################################################
Train : loss:1.95e+11  =  1.95e+11 + alpha*3.00e+02
Valid : loss:1.01e+11  =  1.01e+11 + alpha*1.76e+03
Test: loss:8.51e+10  =  8.46e+10 + alpha*4.21e+09
Valid performance:
 mse:1.01e+11, IC:-2.01e-03, RIC:-8.24e-02, prec@10:4.85e-01, SR:5.71e-01
Test performance:
 mse:8.46e+10, IC:-7.35e-03, RIC:-1.03e-01, prec@10:4.44e-01, SR:-1.53e+00 


epoch15##########################################################
Train : loss:1.01e+11  =  1.01e+11 + alpha*2.36e+02
Valid : loss:2.55e+10  =  2.55e+10 + alpha*2.30e+02
Test: loss:2.79e+10  =  2.79e+10 + alpha*3.45e+02
Valid performance:
 mse:2.55e+10, IC:1.43e-03, RIC:5.66e-02, prec@10:5.86e-01, SR:1.02e+00
Test performance:
 mse:2.79e+10, IC:2.20e-03, RIC:3.12e-02, prec@10:4.92e-01, SR:1.05e+00 


epoch16##########################################################
Train : loss:8.41e+10  =  8.41e+10 + alpha*1.83e+02
Valid : loss:1.09e+09  =  1.09e+09 + alpha*2.37e+02
Test: loss:1.54e+10  =  1.54e+10 + alpha*3.66e+08
Valid performance:
 mse:1.09e+09, IC:-2.93e-03, RIC:-7.66e-02, prec@10:4.80e-01, SR:-4.40e-01
Test performance:
 mse:1.54e+10, IC:-5.80e-03, RIC:-6.80e-02, prec@10:4.58e-01, SR:2.04e-01 


epoch17##########################################################
Train : loss:4.50e+11  =  4.50e+11 + alpha*5.00e+02
Valid : loss:9.05e+09  =  9.05e+09 + alpha*2.01e+02
Test: loss:2.01e+10  =  2.01e+10 + alpha*4.05e+02
Valid performance:
 mse:9.05e+09, IC:4.08e-03, RIC:1.20e-01, prec@10:5.88e-01, SR:1.38e+00
Test performance:
 mse:2.01e+10, IC:1.18e-02, RIC:1.54e-01, prec@10:4.97e-01, SR:1.05e+00 


epoch18##########################################################
Train : loss:1.36e+11  =  1.36e+11 + alpha*2.36e+02
Valid : loss:1.26e+10  =  1.26e+10 + alpha*1.85e+02
Test: loss:1.96e+10  =  1.96e+10 + alpha*2.89e+02
Valid performance:
 mse:1.26e+10, IC:1.74e-03, RIC:6.52e-02, prec@10:5.93e-01, SR:1.11e+00
Test performance:
 mse:1.96e+10, IC:4.51e-03, RIC:6.54e-02, prec@10:5.02e-01, SR:1.05e+00 


epoch19##########################################################
Train : loss:1.15e+11  =  1.15e+11 + alpha*2.88e+02
Valid : loss:9.60e+08  =  9.60e+08 + alpha*2.05e+02
Test: loss:1.35e+10  =  1.35e+10 + alpha*3.88e+08
Valid performance:
 mse:9.60e+08, IC:-2.09e-03, RIC:-7.01e-02, prec@10:4.90e-01, SR:1.57e+00
Test performance:
 mse:1.35e+10, IC:-5.79e-03, RIC:-9.28e-02, prec@10:4.55e-01, SR:-7.58e-01 


epoch20##########################################################
Train : loss:4.81e+10  =  4.81e+10 + alpha*1.25e+02
Valid : loss:1.09e+12  =  1.09e+12 + alpha*1.07e+03
Test: loss:7.23e+11  =  7.23e+11 + alpha*9.08e+02
Valid performance:
 mse:1.09e+12, IC:1.99e-03, RIC:8.08e-02, prec@10:6.25e-01, SR:1.13e+00
Test performance:
 mse:7.23e+11, IC:2.11e-03, RIC:2.91e-02, prec@10:4.96e-01, SR:1.05e+00 


epoch21##########################################################
Train : loss:1.30e+11  =  1.30e+11 + alpha*3.04e+02
Valid : loss:2.90e+10  =  2.90e+10 + alpha*2.50e+02
Test: loss:3.05e+10  =  3.05e+10 + alpha*3.76e+02
Valid performance:
 mse:2.90e+10, IC:1.75e-03, RIC:6.96e-02, prec@10:5.95e-01, SR:1.08e+00
Test performance:
 mse:3.05e+10, IC:5.68e-03, RIC:8.01e-02, prec@10:4.93e-01, SR:1.05e+00 


epoch22##########################################################
Train : loss:9.46e+10  =  9.46e+10 + alpha*2.50e+02
Valid : loss:2.57e+12  =  2.57e+12 + alpha*8.69e+03
Test: loss:1.75e+12  =  1.75e+12 + alpha*2.13e+10
Valid performance:
 mse:2.57e+12, IC:-2.01e-03, RIC:-8.21e-02, prec@10:4.89e-01, SR:4.82e-01
Test performance:
 mse:1.75e+12, IC:-5.13e-03, RIC:-7.19e-02, prec@10:4.65e-01, SR:-1.61e+00 


epoch23##########################################################
Train : loss:2.37e+11  =  2.37e+11 + alpha*2.99e+02
Valid : loss:3.60e+09  =  3.60e+09 + alpha*1.41e+02
Test: loss:1.49e+10  =  1.49e+10 + alpha*3.22e+02
Valid performance:
 mse:3.60e+09, IC:1.53e-03, RIC:5.39e-02, prec@10:5.90e-01, SR:1.04e+00
Test performance:
 mse:1.49e+10, IC:3.51e-03, RIC:4.68e-02, prec@10:4.91e-01, SR:1.05e+00 


epoch24##########################################################
Train : loss:1.04e+11  =  1.04e+11 + alpha*1.83e+02
Valid : loss:8.93e+10  =  8.93e+10 + alpha*1.68e+03
Test: loss:7.71e+10  =  7.66e+10 + alpha*3.97e+09
Valid performance:
 mse:8.93e+10, IC:-2.12e-03, RIC:-8.68e-02, prec@10:4.84e-01, SR:4.18e-01
Test performance:
 mse:7.66e+10, IC:-5.90e-03, RIC:-8.37e-02, prec@10:4.58e-01, SR:5.72e-01 


epoch25##########################################################
Train : loss:1.28e+11  =  1.28e+11 + alpha*3.38e+02
Valid : loss:2.66e+09  =  2.66e+09 + alpha*1.22e+02
Test: loss:1.41e+10  =  1.41e+10 + alpha*2.71e+02
Valid performance:
 mse:2.66e+09, IC:2.05e-03, RIC:7.12e-02, prec@10:5.93e-01, SR:1.11e+00
Test performance:
 mse:1.41e+10, IC:2.62e-03, RIC:3.46e-02, prec@10:4.87e-01, SR:1.05e+00 


epoch26##########################################################
Train : loss:1.88e+11  =  1.88e+11 + alpha*3.01e+02
Valid : loss:1.29e+11  =  1.29e+11 + alpha*2.01e+03
Test: loss:1.06e+11  =  1.05e+11 + alpha*4.77e+09
Valid performance:
 mse:1.29e+11, IC:-1.94e-03, RIC:-7.82e-02, prec@10:4.83e-01, SR:1.26e+00
Test performance:
 mse:1.05e+11, IC:-2.44e-03, RIC:-3.42e-02, prec@10:4.76e-01, SR:2.61e+00 


epoch27##########################################################
Train : loss:1.08e+11  =  1.08e+11 + alpha*1.70e+02
Valid : loss:8.46e+09  =  8.46e+09 + alpha*1.37e+02
Test: loss:1.69e+10  =  1.69e+10 + alpha*2.34e+02
Valid performance:
 mse:8.46e+09, IC:2.03e-03, RIC:8.23e-02, prec@10:5.91e-01, SR:1.15e+00
Test performance:
 mse:1.69e+10, IC:3.96e-03, RIC:5.56e-02, prec@10:4.90e-01, SR:1.05e+00 


epoch28##########################################################
Train : loss:5.98e+10  =  5.98e+10 + alpha*1.53e+02
Valid : loss:1.61e+10  =  1.61e+10 + alpha*7.51e+02
Test: loss:2.55e+10  =  2.53e+10 + alpha*1.68e+09
Valid performance:
 mse:1.61e+10, IC:-2.15e-03, RIC:-8.60e-02, prec@10:4.87e-01, SR:1.02e+00
Test performance:
 mse:2.53e+10, IC:-9.27e-03, RIC:-1.30e-01, prec@10:4.32e-01, SR:1.87e-01 


epoch29##########################################################
Train : loss:1.35e+11  =  1.35e+11 + alpha*2.73e+02
Valid : loss:1.24e+11  =  1.24e+11 + alpha*1.94e+03
Test: loss:1.01e+11  =  1.01e+11 + alpha*4.68e+09
Valid performance:
 mse:1.24e+11, IC:-1.91e-03, RIC:-7.80e-02, prec@10:4.93e-01, SR:1.25e+00
Test performance:
 mse:1.01e+11, IC:-1.57e-03, RIC:-2.23e-02, prec@10:4.71e-01, SR:2.81e+00 


epoch30##########################################################
Train : loss:1.51e+11  =  1.51e+11 + alpha*2.69e+02
Valid : loss:3.84e+11  =  3.84e+11 + alpha*6.77e+02
Test: loss:2.62e+11  =  2.62e+11 + alpha*6.78e+02
Valid performance:
 mse:3.84e+11, IC:1.99e-03, RIC:8.11e-02, prec@10:6.17e-01, SR:1.11e+00
Test performance:
 mse:2.62e+11, IC:6.54e-03, RIC:9.39e-02, prec@10:5.03e-01, SR:1.05e+00 


epoch31##########################################################
Train : loss:1.38e+11  =  1.38e+11 + alpha*2.46e+02
Valid : loss:1.50e+09  =  1.50e+09 + alpha*2.83e+02
Test: loss:1.59e+10  =  1.59e+10 + alpha*4.51e+08
Valid performance:
 mse:1.50e+09, IC:-2.08e-03, RIC:-5.47e-02, prec@10:4.84e-01, SR:1.36e+00
Test performance:
 mse:1.59e+10, IC:-8.65e-03, RIC:-1.30e-01, prec@10:4.56e-01, SR:-8.89e-01 


epoch32##########################################################
Train : loss:9.44e+10  =  9.44e+10 + alpha*2.45e+02
Valid : loss:2.93e+08  =  2.93e+08 + alpha*8.05e+01
Test: loss:1.34e+10  =  1.34e+10 + alpha*1.22e+04
Valid performance:
 mse:2.93e+08, IC:3.14e-03, RIC:6.92e-02, prec@10:6.00e-01, SR:1.10e+00
Test performance:
 mse:1.34e+10, IC:4.63e-03, RIC:7.13e-02, prec@10:5.17e-01, SR:1.05e+00 


epoch33##########################################################
Train : loss:1.86e+11  =  1.86e+11 + alpha*2.75e+02
Valid : loss:5.35e+11  =  5.35e+11 + alpha*4.02e+03
Test: loss:3.82e+11  =  3.81e+11 + alpha*9.72e+09
Valid performance:
 mse:5.35e+11, IC:-1.93e-03, RIC:-7.85e-02, prec@10:4.94e-01, SR:9.89e-01
Test performance:
 mse:3.81e+11, IC:-5.69e-03, RIC:-8.16e-02, prec@10:4.43e-01, SR:7.27e-01 


epoch34##########################################################
Train : loss:3.29e+11  =  3.29e+11 + alpha*3.01e+02
Valid : loss:1.70e+11  =  1.70e+11 + alpha*4.50e+02
Test: loss:1.21e+11  =  1.21e+11 + alpha*4.45e+02
Valid performance:
 mse:1.70e+11, IC:2.00e-03, RIC:8.15e-02, prec@10:6.14e-01, SR:1.17e+00
Test performance:
 mse:1.21e+11, IC:5.16e-03, RIC:7.10e-02, prec@10:5.08e-01, SR:1.05e+00 


epoch35##########################################################
Train : loss:5.39e+10  =  5.39e+10 + alpha*1.40e+02
Valid : loss:2.59e+10  =  2.59e+10 + alpha*2.05e+02
Test: loss:2.74e+10  =  2.74e+10 + alpha*2.62e+02
Valid performance:
 mse:2.59e+10, IC:1.90e-03, RIC:7.71e-02, prec@10:5.99e-01, SR:1.07e+00
Test performance:
 mse:2.74e+10, IC:5.37e-03, RIC:7.49e-02, prec@10:4.90e-01, SR:1.05e+00 


epoch36##########################################################
Train : loss:1.20e+11  =  1.20e+11 + alpha*3.06e+02
Valid : loss:6.52e+10  =  6.52e+10 + alpha*1.44e+03
Test: loss:6.03e+10  =  5.99e+10 + alpha*3.39e+09
Valid performance:
 mse:6.52e+10, IC:-2.14e-03, RIC:-8.62e-02, prec@10:4.89e-01, SR:3.00e-01
Test performance:
 mse:5.99e+10, IC:-4.68e-03, RIC:-6.64e-02, prec@10:4.77e-01, SR:1.16e+00 


epoch37##########################################################
Train : loss:8.06e+10  =  8.06e+10 + alpha*1.95e+02
Valid : loss:4.21e+10  =  4.21e+10 + alpha*1.21e+03
Test: loss:4.50e+10  =  4.47e+10 + alpha*2.71e+09
Valid performance:
 mse:4.21e+10, IC:-2.72e-03, RIC:-1.07e-01, prec@10:4.89e-01, SR:-1.98e-01
Test performance:
 mse:4.47e+10, IC:-8.19e-03, RIC:-1.12e-01, prec@10:4.38e-01, SR:-9.09e-01 


epoch38##########################################################
Train : loss:1.81e+11  =  1.81e+11 + alpha*3.78e+02
Valid : loss:1.98e+09  =  1.98e+09 + alpha*3.18e+02
Test: loss:1.65e+10  =  1.64e+10 + alpha*5.24e+08
Valid performance:
 mse:1.98e+09, IC:-1.72e-03, RIC:-6.36e-02, prec@10:4.91e-01, SR:1.66e+00
Test performance:
 mse:1.64e+10, IC:-1.69e-03, RIC:-2.34e-02, prec@10:4.60e-01, SR:-5.31e-01 


epoch39##########################################################
Train : loss:1.87e+11  =  1.87e+11 + alpha*3.58e+02
Valid : loss:1.27e+11  =  1.27e+11 + alpha*4.06e+02
Test: loss:9.27e+10  =  9.27e+10 + alpha*4.58e+02
Valid performance:
 mse:1.27e+11, IC:1.96e-03, RIC:7.94e-02, prec@10:6.12e-01, SR:1.10e+00
Test performance:
 mse:9.27e+10, IC:4.08e-03, RIC:5.76e-02, prec@10:4.90e-01, SR:1.05e+00 


epoch40##########################################################
Train : loss:9.09e+10  =  9.09e+10 + alpha*1.97e+02
Valid : loss:1.37e+11  =  1.37e+11 + alpha*4.33e+02
Test: loss:9.98e+10  =  9.98e+10 + alpha*4.90e+02
Valid performance:
 mse:1.37e+11, IC:2.09e-03, RIC:8.44e-02, prec@10:6.00e-01, SR:1.11e+00
Test performance:
 mse:9.98e+10, IC:5.64e-03, RIC:7.90e-02, prec@10:4.92e-01, SR:1.05e+00 


epoch41##########################################################
Train : loss:1.57e+11  =  1.57e+11 + alpha*2.28e+02
Valid : loss:5.74e+09  =  5.74e+09 + alpha*4.89e+02
Test: loss:1.89e+10  =  1.88e+10 + alpha*9.77e+08
Valid performance:
 mse:5.74e+09, IC:-1.88e-03, RIC:-7.12e-02, prec@10:4.90e-01, SR:2.10e-01
Test performance:
 mse:1.88e+10, IC:1.12e-03, RIC:1.47e-02, prec@10:4.65e-01, SR:6.70e-01 


epoch42##########################################################
Train : loss:1.46e+11  =  1.46e+11 + alpha*2.80e+02
Valid : loss:1.02e+10  =  1.02e+10 + alpha*6.16e+02
Test: loss:2.26e+10  =  2.25e+10 + alpha*1.32e+09
Valid performance:
 mse:1.02e+10, IC:-1.79e-03, RIC:-6.98e-02, prec@10:4.88e-01, SR:8.64e-01
Test performance:
 mse:2.25e+10, IC:-1.22e-03, RIC:-1.72e-02, prec@10:4.49e-01, SR:1.29e+00 


epoch43##########################################################
Train : loss:1.94e+11  =  1.94e+11 + alpha*3.13e+02
Valid : loss:1.55e+10  =  1.55e+10 + alpha*2.02e+02
Test: loss:2.24e+10  =  2.24e+10 + alpha*3.72e+02
Valid performance:
 mse:1.55e+10, IC:1.91e-03, RIC:7.32e-02, prec@10:5.86e-01, SR:1.07e+00
Test performance:
 mse:2.24e+10, IC:2.89e-03, RIC:3.92e-02, prec@10:4.99e-01, SR:1.05e+00 


epoch44##########################################################
Train : loss:1.32e+11  =  1.32e+11 + alpha*2.59e+02
Valid : loss:5.09e+08  =  5.09e+08 + alpha*1.15e+02
Test: loss:1.38e+10  =  1.38e+10 + alpha*3.11e+02
Valid performance:
 mse:5.09e+08, IC:-8.44e-04, RIC:-1.82e-02, prec@10:5.84e-01, SR:1.07e+00
Test performance:
 mse:1.38e+10, IC:-1.53e-03, RIC:-1.91e-02, prec@10:4.99e-01, SR:1.05e+00 


epoch45##########################################################
Train : loss:2.52e+11  =  2.52e+11 + alpha*2.90e+02
Valid : loss:6.36e+10  =  6.36e+10 + alpha*1.44e+03
Test: loss:5.98e+10  =  5.94e+10 + alpha*3.35e+09
Valid performance:
 mse:6.36e+10, IC:-2.43e-03, RIC:-9.85e-02, prec@10:4.85e-01, SR:1.31e-01
Test performance:
 mse:5.94e+10, IC:-4.20e-03, RIC:-5.99e-02, prec@10:4.63e-01, SR:1.40e+00 


epoch46##########################################################
Train : loss:7.32e+10  =  7.32e+10 + alpha*1.77e+02
Valid : loss:1.39e+11  =  1.39e+11 + alpha*4.24e+02
Test: loss:1.01e+11  =  1.01e+11 + alpha*4.69e+02
Valid performance:
 mse:1.39e+11, IC:1.87e-03, RIC:7.54e-02, prec@10:6.05e-01, SR:1.06e+00
Test performance:
 mse:1.01e+11, IC:4.37e-03, RIC:6.11e-02, prec@10:4.94e-01, SR:1.05e+00 


epoch47##########################################################
Train : loss:2.69e+11  =  2.69e+11 + alpha*4.41e+02
Valid : loss:2.88e+10  =  2.88e+10 + alpha*9.81e+02
Test: loss:3.50e+10  =  3.48e+10 + alpha*2.25e+09
Valid performance:
 mse:2.88e+10, IC:-1.72e-03, RIC:-6.80e-02, prec@10:4.88e-01, SR:6.82e-01
Test performance:
 mse:3.48e+10, IC:-2.68e-03, RIC:-3.62e-02, prec@10:4.85e-01, SR:1.09e+00 


epoch48##########################################################
Train : loss:6.52e+10  =  6.52e+10 + alpha*1.70e+02
Valid : loss:1.97e+08  =  1.97e+08 + alpha*6.76e+01
Test: loss:1.26e+10  =  1.26e+10 + alpha*1.98e+02
Valid performance:
 mse:1.97e+08, IC:3.89e-03, RIC:7.31e-02, prec@10:5.95e-01, SR:1.16e+00
Test performance:
 mse:1.26e+10, IC:9.74e-03, RIC:1.19e-01, prec@10:5.11e-01, SR:1.05e+00 


epoch49##########################################################
Train : loss:1.08e+11  =  1.08e+11 + alpha*2.79e+02
Valid : loss:2.55e+10  =  2.55e+10 + alpha*2.23e+02
Test: loss:2.81e+10  =  2.81e+10 + alpha*3.41e+02
Valid performance:
 mse:2.55e+10, IC:2.22e-03, RIC:8.81e-02, prec@10:5.99e-01, SR:1.11e+00
Test performance:
 mse:2.81e+10, IC:6.23e-03, RIC:8.51e-02, prec@10:4.91e-01, SR:1.05e+00 


epoch50##########################################################
Train : loss:9.04e+10  =  9.04e+10 + alpha*2.47e+02
Valid : loss:8.87e+09  =  8.87e+09 + alpha*5.96e+02
Test: loss:2.13e+10  =  2.12e+10 + alpha*1.23e+09
Valid performance:
 mse:8.87e+09, IC:-2.40e-03, RIC:-9.46e-02, prec@10:4.76e-01, SR:-3.00e-01
Test performance:
 mse:2.12e+10, IC:-7.87e-03, RIC:-1.07e-01, prec@10:4.52e-01, SR:-7.77e-01 


epoch51##########################################################
Train : loss:1.74e+11  =  1.74e+11 + alpha*2.67e+02
Valid : loss:3.46e+08  =  3.46e+08 + alpha*9.93e+01
Test: loss:1.44e+10  =  1.44e+10 + alpha*1.49e+05
Valid performance:
 mse:3.46e+08, IC:7.05e-03, RIC:1.10e-01, prec@10:5.87e-01, SR:1.19e+00
Test performance:
 mse:1.44e+10, IC:3.80e-03, RIC:4.42e-02, prec@10:4.97e-01, SR:1.05e+00 


epoch52##########################################################
Train : loss:1.13e+11  =  1.13e+11 + alpha*2.37e+02
Valid : loss:1.47e+12  =  1.47e+12 + alpha*6.60e+03
Test: loss:1.01e+12  =  1.01e+12 + alpha*1.61e+10
Valid performance:
 mse:1.47e+12, IC:-1.99e-03, RIC:-8.09e-02, prec@10:4.79e-01, SR:3.70e-01
Test performance:
 mse:1.01e+12, IC:-5.82e-03, RIC:-8.31e-02, prec@10:4.50e-01, SR:6.26e-01 


epoch53##########################################################
Train : loss:1.41e+11  =  1.41e+11 + alpha*3.26e+02
Valid : loss:7.11e+11  =  7.11e+11 + alpha*4.60e+03
Test: loss:4.98e+11  =  4.97e+11 + alpha*1.12e+10
Valid performance:
 mse:7.11e+11, IC:-1.97e-03, RIC:-8.02e-02, prec@10:4.90e-01, SR:7.88e-01
Test performance:
 mse:4.97e+11, IC:-5.27e-03, RIC:-7.56e-02, prec@10:4.32e-01, SR:-1.10e-01 


epoch54##########################################################
Train : loss:1.02e+11  =  1.02e+11 + alpha*2.36e+02
Valid : loss:2.25e+09  =  2.25e+09 + alpha*3.50e+02
Test: loss:1.54e+10  =  1.53e+10 + alpha*5.92e+08
Valid performance:
 mse:2.25e+09, IC:-3.27e-03, RIC:-9.40e-02, prec@10:4.77e-01, SR:7.47e-01
Test performance:
 mse:1.53e+10, IC:-1.08e-02, RIC:-1.34e-01, prec@10:4.58e-01, SR:-9.67e-01 


epoch55##########################################################
Train : loss:2.93e+11  =  2.93e+11 + alpha*2.66e+02
Valid : loss:2.25e+11  =  2.25e+11 + alpha*2.65e+03
Test: loss:1.71e+11  =  1.70e+11 + alpha*6.29e+09
Valid performance:
 mse:2.25e+11, IC:-1.85e-03, RIC:-7.37e-02, prec@10:4.94e-01, SR:1.11e+00
Test performance:
 mse:1.70e+11, IC:-3.63e-03, RIC:-5.24e-02, prec@10:4.56e-01, SR:1.47e+00 


epoch56##########################################################
Train : loss:1.16e+11  =  1.16e+11 + alpha*1.71e+02
Valid : loss:2.83e+11  =  2.83e+11 + alpha*5.62e+02
Test: loss:1.94e+11  =  1.94e+11 + alpha*5.17e+02
Valid performance:
 mse:2.83e+11, IC:1.91e-03, RIC:7.84e-02, prec@10:6.21e-01, SR:1.10e+00
Test performance:
 mse:1.94e+11, IC:5.23e-03, RIC:7.35e-02, prec@10:5.07e-01, SR:1.05e+00 


epoch57##########################################################
Train : loss:1.02e+11  =  1.02e+11 + alpha*1.60e+02
Valid : loss:1.81e+10  =  1.81e+10 + alpha*1.92e+02
Test: loss:2.36e+10  =  2.36e+10 + alpha*3.00e+02
Valid performance:
 mse:1.81e+10, IC:2.36e-03, RIC:9.76e-02, prec@10:5.94e-01, SR:1.09e+00
Test performance:
 mse:2.36e+10, IC:3.98e-03, RIC:5.62e-02, prec@10:4.98e-01, SR:1.05e+00 


epoch58##########################################################
Train : loss:9.60e+10  =  9.60e+10 + alpha*2.78e+02
Valid : loss:3.98e+10  =  3.98e+10 + alpha*2.76e+02
Test: loss:3.76e+10  =  3.76e+10 + alpha*4.24e+02
Valid performance:
 mse:3.98e+10, IC:1.89e-03, RIC:7.70e-02, prec@10:5.90e-01, SR:1.07e+00
Test performance:
 mse:3.76e+10, IC:3.74e-03, RIC:5.37e-02, prec@10:4.94e-01, SR:1.05e+00 


epoch59##########################################################
Train : loss:2.91e+11  =  2.91e+11 + alpha*3.09e+02
Valid : loss:4.40e+08  =  4.40e+08 + alpha*9.49e+01
Test: loss:1.33e+10  =  1.33e+10 + alpha*2.82e+02
Valid performance:
 mse:4.40e+08, IC:-2.20e-03, RIC:-5.95e-02, prec@10:5.92e-01, SR:1.04e+00
Test performance:
 mse:1.33e+10, IC:-1.15e-03, RIC:-1.38e-02, prec@10:4.95e-01, SR:1.05e+00 


epoch60##########################################################
Train : loss:9.32e+10  =  9.32e+10 + alpha*2.69e+02
Valid : loss:6.38e+10  =  6.38e+10 + alpha*2.97e+02
Test: loss:5.21e+10  =  5.21e+10 + alpha*3.49e+02
Valid performance:
 mse:6.38e+10, IC:2.07e-03, RIC:8.55e-02, prec@10:5.96e-01, SR:1.13e+00
Test performance:
 mse:5.21e+10, IC:4.25e-03, RIC:6.01e-02, prec@10:5.03e-01, SR:1.05e+00 


epoch61##########################################################
Train : loss:7.80e+10  =  7.80e+10 + alpha*1.66e+02
Valid : loss:1.39e+09  =  1.39e+09 + alpha*2.86e+02
Test: loss:1.46e+10  =  1.45e+10 + alpha*4.40e+08
Valid performance:
 mse:1.39e+09, IC:-2.66e-03, RIC:-9.39e-02, prec@10:4.90e-01, SR:7.26e-01
Test performance:
 mse:1.45e+10, IC:-1.91e-03, RIC:-2.82e-02, prec@10:4.57e-01, SR:1.29e+00 


epoch62##########################################################
Train : loss:1.26e+11  =  1.26e+11 + alpha*3.10e+02
Valid : loss:2.59e+11  =  2.59e+11 + alpha*5.71e+02
Test: loss:1.80e+11  =  1.80e+11 + alpha*6.25e+02
Valid performance:
 mse:2.59e+11, IC:1.81e-03, RIC:7.35e-02, prec@10:6.08e-01, SR:1.10e+00
Test performance:
 mse:1.80e+11, IC:1.27e-03, RIC:1.78e-02, prec@10:4.92e-01, SR:1.05e+00 


epoch63##########################################################
Train : loss:1.08e+11  =  1.08e+11 + alpha*3.35e+02
Valid : loss:1.49e+10  =  1.49e+10 + alpha*1.94e+02
Test: loss:2.19e+10  =  2.19e+10 + alpha*3.52e+02
Valid performance:
 mse:1.49e+10, IC:2.04e-03, RIC:8.11e-02, prec@10:5.98e-01, SR:1.09e+00
Test performance:
 mse:2.19e+10, IC:1.83e-03, RIC:2.59e-02, prec@10:4.88e-01, SR:1.05e+00 


epoch64##########################################################
Train : loss:2.10e+11  =  2.10e+11 + alpha*2.74e+02
Valid : loss:2.04e+11  =  2.04e+11 + alpha*5.13e+02
Test: loss:1.44e+11  =  1.44e+11 + alpha*5.65e+02
Valid performance:
 mse:2.04e+11, IC:2.21e-03, RIC:9.08e-02, prec@10:6.03e-01, SR:1.11e+00
Test performance:
 mse:1.44e+11, IC:4.69e-03, RIC:6.60e-02, prec@10:5.19e-01, SR:1.05e+00 


epoch65##########################################################
Train : loss:1.06e+11  =  1.06e+11 + alpha*2.44e+02
Valid : loss:2.54e+11  =  2.54e+11 + alpha*2.77e+03
Test: loss:1.89e+11  =  1.88e+11 + alpha*6.69e+09
Valid performance:
 mse:2.54e+11, IC:-1.99e-03, RIC:-8.06e-02, prec@10:4.96e-01, SR:3.74e-01
Test performance:
 mse:1.88e+11, IC:-6.48e-03, RIC:-9.35e-02, prec@10:4.52e-01, SR:1.02e+00 


epoch66##########################################################
Train : loss:6.69e+10  =  6.69e+10 + alpha*1.47e+02
Valid : loss:4.86e+09  =  4.86e+09 + alpha*1.59e+02
Test: loss:1.59e+10  =  1.59e+10 + alpha*3.49e+02
Valid performance:
 mse:4.86e+09, IC:8.34e-04, RIC:2.91e-02, prec@10:5.80e-01, SR:1.03e+00
Test performance:
 mse:1.59e+10, IC:-9.61e-04, RIC:-1.31e-02, prec@10:4.91e-01, SR:1.05e+00 


epoch67##########################################################
Train : loss:5.47e+10  =  5.47e+10 + alpha*1.92e+02
Valid : loss:5.71e+09  =  5.71e+09 + alpha*4.98e+02
Test: loss:1.89e+10  =  1.88e+10 + alpha*9.68e+08
Valid performance:
 mse:5.71e+09, IC:-1.88e-03, RIC:-7.23e-02, prec@10:4.83e-01, SR:4.63e-01
Test performance:
 mse:1.88e+10, IC:-3.88e-03, RIC:-5.15e-02, prec@10:4.52e-01, SR:8.72e-02 


epoch68##########################################################
Train : loss:2.24e+11  =  2.24e+11 + alpha*2.82e+02
Valid : loss:1.70e+11  =  1.70e+11 + alpha*4.99e+02
Test: loss:1.23e+11  =  1.23e+11 + alpha*6.05e+02
Valid performance:
 mse:1.70e+11, IC:1.64e-03, RIC:6.61e-02, prec@10:6.01e-01, SR:1.05e+00
Test performance:
 mse:1.23e+11, IC:3.36e-03, RIC:4.67e-02, prec@10:4.91e-01, SR:1.05e+00 


epoch69##########################################################
Train : loss:1.60e+11  =  1.60e+11 + alpha*3.81e+02
Valid : loss:1.99e+10  =  1.99e+10 + alpha*2.23e+02
Test: loss:2.49e+10  =  2.49e+10 + alpha*4.05e+02
Valid performance:
 mse:1.99e+10, IC:1.64e-03, RIC:6.18e-02, prec@10:5.73e-01, SR:1.10e+00
Test performance:
 mse:2.49e+10, IC:6.02e-04, RIC:8.12e-03, prec@10:4.80e-01, SR:1.05e+00 


epoch70##########################################################
Train : loss:9.70e+10  =  9.70e+10 + alpha*2.72e+02
Valid : loss:5.97e+10  =  5.97e+10 + alpha*2.92e+02
Test: loss:4.93e+10  =  4.93e+10 + alpha*3.51e+02
Valid performance:
 mse:5.97e+10, IC:1.63e-03, RIC:6.71e-02, prec@10:5.90e-01, SR:1.02e+00
Test performance:
 mse:4.93e+10, IC:1.69e-03, RIC:2.40e-02, prec@10:5.03e-01, SR:1.05e+00 


epoch71##########################################################
Train : loss:1.88e+11  =  1.88e+11 + alpha*3.29e+02
Valid : loss:1.23e+09  =  1.23e+09 + alpha*2.69e+02
Test: loss:1.50e+10  =  1.50e+10 + alpha*3.89e+08
Valid performance:
 mse:1.23e+09, IC:4.49e-04, RIC:1.48e-02, prec@10:4.85e-01, SR:2.07e+00
Test performance:
 mse:1.50e+10, IC:-3.55e-03, RIC:-4.86e-02, prec@10:4.45e-01, SR:2.52e-01 


epoch72##########################################################
Train : loss:1.36e+11  =  1.36e+11 + alpha*2.55e+02
Valid : loss:6.09e+09  =  6.09e+09 + alpha*1.72e+02
Test: loss:1.70e+10  =  1.70e+10 + alpha*3.59e+02
Valid performance:
 mse:6.09e+09, IC:2.65e-03, RIC:8.95e-02, prec@10:6.07e-01, SR:1.12e+00
Test performance:
 mse:1.70e+10, IC:9.28e-03, RIC:1.24e-01, prec@10:5.03e-01, SR:1.05e+00 


epoch73##########################################################
Train : loss:9.59e+10  =  9.59e+10 + alpha*1.73e+02
Valid : loss:2.52e+11  =  2.52e+11 + alpha*5.49e+02
Test: loss:1.75e+11  =  1.75e+11 + alpha*5.45e+02
Valid performance:
 mse:2.52e+11, IC:1.90e-03, RIC:7.80e-02, prec@10:6.06e-01, SR:1.09e+00
Test performance:
 mse:1.75e+11, IC:3.07e-03, RIC:4.33e-02, prec@10:5.01e-01, SR:1.05e+00 


epoch74##########################################################
Train : loss:1.07e+11  =  1.07e+11 + alpha*3.63e+02
Valid : loss:8.73e+11  =  8.73e+11 + alpha*5.10e+03
Test: loss:6.07e+11  =  6.06e+11 + alpha*1.24e+10
Valid performance:
 mse:8.73e+11, IC:-1.98e-03, RIC:-8.04e-02, prec@10:4.83e-01, SR:9.77e-02
Test performance:
 mse:6.06e+11, IC:-6.24e-03, RIC:-8.98e-02, prec@10:4.36e-01, SR:8.98e-01 


epoch75##########################################################
Train : loss:1.93e+11  =  1.93e+11 + alpha*2.12e+02
Valid : loss:6.42e+11  =  6.42e+11 + alpha*4.38e+03
Test: loss:4.51e+11  =  4.50e+11 + alpha*1.06e+10
Valid performance:
 mse:6.42e+11, IC:-2.01e-03, RIC:-8.18e-02, prec@10:4.79e-01, SR:2.39e+00
Test performance:
 mse:4.50e+11, IC:-4.99e-03, RIC:-7.20e-02, prec@10:4.41e-01, SR:3.09e-01 


epoch76##########################################################
Train : loss:1.02e+11  =  1.02e+11 + alpha*2.07e+02
Valid : loss:2.54e+09  =  2.54e+09 + alpha*3.43e+02
Test: loss:1.52e+10  =  1.51e+10 + alpha*6.42e+08
Valid performance:
 mse:2.54e+09, IC:-2.43e-03, RIC:-8.71e-02, prec@10:4.75e-01, SR:-6.26e-01
Test performance:
 mse:1.51e+10, IC:-3.02e-03, RIC:-4.04e-02, prec@10:4.56e-01, SR:1.48e-01 


epoch77##########################################################
Train : loss:4.95e+11  =  4.95e+11 + alpha*3.34e+02
Valid : loss:1.54e+11  =  1.54e+11 + alpha*4.49e+02
Test: loss:1.11e+11  =  1.11e+11 + alpha*5.12e+02
Valid performance:
 mse:1.54e+11, IC:1.99e-03, RIC:8.15e-02, prec@10:5.95e-01, SR:1.08e+00
Test performance:
 mse:1.11e+11, IC:3.42e-03, RIC:4.90e-02, prec@10:4.91e-01, SR:1.05e+00 


epoch78##########################################################
Train : loss:1.30e+11  =  1.30e+11 + alpha*2.09e+02
Valid : loss:6.68e+10  =  6.68e+10 + alpha*1.46e+03
Test: loss:6.05e+10  =  6.01e+10 + alpha*3.43e+09
Valid performance:
 mse:6.68e+10, IC:-2.02e-03, RIC:-8.06e-02, prec@10:4.87e-01, SR:6.74e-01
Test performance:
 mse:6.01e+10, IC:-1.08e-03, RIC:-1.46e-02, prec@10:4.67e-01, SR:1.35e+00 


epoch79##########################################################
Train : loss:7.26e+10  =  7.26e+10 + alpha*1.87e+02
Valid : loss:8.80e+07  =  8.80e+07 + alpha*6.44e+01
Test: loss:1.22e+10  =  1.22e+10 + alpha*3.29e+04
Valid performance:
 mse:8.80e+07, IC:-4.93e-03, RIC:-9.62e-02, prec@10:5.50e-01, SR:-5.13e-01
Test performance:
 mse:1.22e+10, IC:3.26e-03, RIC:4.24e-02, prec@10:5.13e-01, SR:1.05e+00 


epoch80##########################################################
Train : loss:1.70e+11  =  1.70e+11 + alpha*2.21e+02
Valid : loss:5.79e+09  =  5.79e+09 + alpha*5.07e+02
Test: loss:1.85e+10  =  1.84e+10 + alpha*9.77e+08
Valid performance:
 mse:5.79e+09, IC:-1.76e-03, RIC:-6.35e-02, prec@10:4.90e-01, SR:1.16e+00
Test performance:
 mse:1.84e+10, IC:-3.20e-04, RIC:-4.22e-03, prec@10:4.53e-01, SR:8.52e-01 


epoch81##########################################################
Train : loss:2.72e+11  =  2.72e+11 + alpha*3.60e+02
Valid : loss:3.68e+08  =  3.68e+08 + alpha*8.62e+01
Test: loss:1.34e+10  =  1.34e+10 + alpha*2.39e+02
Valid performance:
 mse:3.68e+08, IC:-4.62e-04, RIC:-1.25e-02, prec@10:5.90e-01, SR:1.11e+00
Test performance:
 mse:1.34e+10, IC:2.71e-03, RIC:3.47e-02, prec@10:4.94e-01, SR:1.05e+00 


epoch82##########################################################
Train : loss:8.85e+10  =  8.85e+10 + alpha*1.49e+02
Valid : loss:2.50e+08  =  2.50e+08 + alpha*1.34e+02
Test: loss:1.31e+10  =  1.31e+10 + alpha*1.21e+08
Valid performance:
 mse:2.50e+08, IC:-1.35e-03, RIC:-2.64e-02, prec@10:4.68e-01, SR:2.45e+00
Test performance:
 mse:1.31e+10, IC:-7.18e-03, RIC:-8.88e-02, prec@10:4.58e-01, SR:-7.04e-01 


epoch83##########################################################
Train : loss:1.54e+11  =  1.54e+11 + alpha*2.15e+02
Valid : loss:3.67e+09  =  3.67e+09 + alpha*4.09e+02
Test: loss:1.65e+10  =  1.64e+10 + alpha*7.73e+08
Valid performance:
 mse:3.67e+09, IC:-2.18e-03, RIC:-7.81e-02, prec@10:4.86e-01, SR:9.04e-01
Test performance:
 mse:1.64e+10, IC:-8.22e-03, RIC:-1.18e-01, prec@10:4.47e-01, SR:4.22e-01 


epoch84##########################################################
Train : loss:1.20e+11  =  1.20e+11 + alpha*2.12e+02
Valid : loss:8.43e+10  =  8.43e+10 + alpha*1.64e+03
Test: loss:7.34e+10  =  7.29e+10 + alpha*3.85e+09
Valid performance:
 mse:8.43e+10, IC:-2.04e-03, RIC:-8.24e-02, prec@10:4.90e-01, SR:7.93e-01
Test performance:
 mse:7.29e+10, IC:-4.19e-03, RIC:-5.88e-02, prec@10:4.40e-01, SR:5.35e-01 


epoch85##########################################################
Train : loss:1.29e+11  =  1.29e+11 + alpha*2.19e+02
Valid : loss:4.87e+08  =  4.87e+08 + alpha*1.84e+02
Test: loss:1.36e+10  =  1.35e+10 + alpha*2.25e+08
Valid performance:
 mse:4.87e+08, IC:-3.30e-03, RIC:-8.29e-02, prec@10:4.93e-01, SR:6.32e-01
Test performance:
 mse:1.35e+10, IC:-1.99e-03, RIC:-3.09e-02, prec@10:4.39e-01, SR:6.49e-01 


epoch86##########################################################
Train : loss:8.53e+10  =  8.53e+10 + alpha*1.86e+02
Valid : loss:2.29e+11  =  2.29e+11 + alpha*5.19e+02
Test: loss:1.59e+11  =  1.59e+11 + alpha*5.08e+02
Valid performance:
 mse:2.29e+11, IC:2.06e-03, RIC:8.46e-02, prec@10:6.05e-01, SR:1.06e+00
Test performance:
 mse:1.59e+11, IC:6.58e-03, RIC:9.42e-02, prec@10:5.02e-01, SR:1.05e+00 


epoch87##########################################################
Train : loss:1.18e+11  =  1.18e+11 + alpha*2.29e+02
Valid : loss:8.39e+11  =  8.39e+11 + alpha*5.01e+03
Test: loss:5.87e+11  =  5.85e+11 + alpha*1.22e+10
Valid performance:
 mse:8.39e+11, IC:-1.98e-03, RIC:-8.05e-02, prec@10:4.83e-01, SR:-2.09e-01
Test performance:
 mse:5.85e+11, IC:-3.69e-03, RIC:-5.21e-02, prec@10:4.73e-01, SR:1.63e+00 


epoch88##########################################################
Train : loss:2.39e+11  =  2.39e+11 + alpha*2.67e+02
Valid : loss:2.17e+09  =  2.17e+09 + alpha*1.28e+02
Test: loss:1.45e+10  =  1.45e+10 + alpha*3.01e+02
Valid performance:
 mse:2.17e+09, IC:1.61e-03, RIC:5.75e-02, prec@10:5.84e-01, SR:1.08e+00
Test performance:
 mse:1.45e+10, IC:-2.80e-03, RIC:-3.98e-02, prec@10:4.92e-01, SR:1.05e+00 


epoch89##########################################################
Train : loss:1.33e+11  =  1.33e+11 + alpha*2.54e+02
Valid : loss:1.28e+12  =  1.28e+12 + alpha*6.16e+03
Test: loss:8.80e+11  =  8.79e+11 + alpha*1.50e+10
Valid performance:
 mse:1.28e+12, IC:-1.95e-03, RIC:-7.90e-02, prec@10:4.80e-01, SR:-1.18e+00
Test performance:
 mse:8.79e+11, IC:-4.18e-03, RIC:-5.86e-02, prec@10:4.59e-01, SR:1.50e+00 


epoch90##########################################################
Train : loss:1.57e+11  =  1.57e+11 + alpha*2.41e+02
Valid : loss:1.40e+12  =  1.40e+12 + alpha*6.46e+03
Test: loss:9.65e+11  =  9.63e+11 + alpha*1.57e+10
Valid performance:
 mse:1.40e+12, IC:-2.01e-03, RIC:-8.17e-02, prec@10:4.76e-01, SR:-1.49e+00
Test performance:
 mse:9.63e+11, IC:-5.65e-03, RIC:-7.96e-02, prec@10:4.68e-01, SR:8.45e-01 


epoch91##########################################################
Train : loss:1.88e+11  =  1.88e+11 + alpha*2.28e+02
Valid : loss:2.05e+09  =  2.05e+09 + alpha*3.33e+02
Test: loss:1.54e+10  =  1.54e+10 + alpha*5.55e+08
Valid performance:
 mse:2.05e+09, IC:-2.28e-03, RIC:-7.04e-02, prec@10:4.83e-01, SR:8.95e-01
Test performance:
 mse:1.54e+10, IC:-7.06e-03, RIC:-9.13e-02, prec@10:4.29e-01, SR:-2.22e-01 


epoch92##########################################################
Train : loss:1.11e+11  =  1.11e+11 + alpha*4.28e+02
Valid : loss:3.57e+11  =  3.57e+11 + alpha*3.28e+03
Test: loss:2.59e+11  =  2.58e+11 + alpha*7.93e+09
Valid performance:
 mse:3.57e+11, IC:-1.93e-03, RIC:-7.81e-02, prec@10:4.91e-01, SR:1.25e+00
Test performance:
 mse:2.58e+11, IC:-2.64e-03, RIC:-3.67e-02, prec@10:4.50e-01, SR:1.79e+00 


epoch93##########################################################
Train : loss:1.50e+11  =  1.50e+11 + alpha*1.95e+02
Valid : loss:7.51e+11  =  7.51e+11 + alpha*4.74e+03
Test: loss:5.26e+11  =  5.24e+11 + alpha*1.15e+10
Valid performance:
 mse:7.51e+11, IC:-1.97e-03, RIC:-8.01e-02, prec@10:4.78e-01, SR:1.09e-01
Test performance:
 mse:5.24e+11, IC:-3.51e-03, RIC:-4.99e-02, prec@10:4.60e-01, SR:2.57e-01 


epoch94##########################################################
Train : loss:2.17e+11  =  2.17e+11 + alpha*3.35e+02
Valid : loss:2.30e+10  =  2.30e+10 + alpha*2.58e+02
Test: loss:2.83e+10  =  2.83e+10 + alpha*4.58e+02
Valid performance:
 mse:2.30e+10, IC:1.52e-03, RIC:5.87e-02, prec@10:5.86e-01, SR:1.05e+00
Test performance:
 mse:2.83e+10, IC:-5.97e-04, RIC:-8.19e-03, prec@10:4.78e-01, SR:1.05e+00 


epoch95##########################################################
Train : loss:9.40e+10  =  9.40e+10 + alpha*3.74e+02
Valid : loss:2.77e+08  =  2.77e+08 + alpha*9.12e+01
Test: loss:1.36e+10  =  1.36e+10 + alpha*2.78e+02
Valid performance:
 mse:2.77e+08, IC:3.50e-03, RIC:6.51e-02, prec@10:5.44e-01, SR:1.53e+00
Test performance:
 mse:1.36e+10, IC:4.40e-03, RIC:5.93e-02, prec@10:5.08e-01, SR:1.05e+00 


epoch96##########################################################
Train : loss:7.87e+10  =  7.87e+10 + alpha*2.41e+02
Valid : loss:4.27e+08  =  4.27e+08 + alpha*1.69e+02
Test: loss:1.37e+10  =  1.36e+10 + alpha*1.97e+08
Valid performance:
 mse:4.27e+08, IC:-2.21e-03, RIC:-6.33e-02, prec@10:4.85e-01, SR:9.91e-01
Test performance:
 mse:1.36e+10, IC:-7.55e-03, RIC:-9.93e-02, prec@10:4.50e-01, SR:-1.40e+00 


epoch97##########################################################
Train : loss:1.36e+11  =  1.36e+11 + alpha*2.36e+02
Valid : loss:1.18e+09  =  1.18e+09 + alpha*2.78e+02
Test: loss:1.53e+10  =  1.52e+10 + alpha*3.77e+08
Valid performance:
 mse:1.18e+09, IC:-1.99e-03, RIC:-5.23e-02, prec@10:4.96e-01, SR:-1.18e-01
Test performance:
 mse:1.52e+10, IC:-4.45e-03, RIC:-4.87e-02, prec@10:4.54e-01, SR:1.06e+00 


epoch98##########################################################
Train : loss:2.10e+11  =  2.10e+11 + alpha*2.59e+02
Valid : loss:4.91e+10  =  4.91e+10 + alpha*1.28e+03
Test: loss:4.91e+10  =  4.88e+10 + alpha*2.93e+09
Valid performance:
 mse:4.91e+10, IC:-2.09e-03, RIC:-8.28e-02, prec@10:4.90e-01, SR:1.43e+00
Test performance:
 mse:4.88e+10, IC:-4.95e-03, RIC:-6.99e-02, prec@10:4.77e-01, SR:8.08e-01 


epoch99##########################################################
Train : loss:1.47e+11  =  1.47e+11 + alpha*3.52e+02
Valid : loss:1.68e+11  =  1.68e+11 + alpha*2.28e+03
Test: loss:1.31e+11  =  1.30e+11 + alpha*5.44e+09
Valid performance:
 mse:1.68e+11, IC:-2.10e-03, RIC:-8.47e-02, prec@10:4.72e-01, SR:3.61e-01
Test performance:
 mse:1.30e+11, IC:-6.94e-03, RIC:-9.81e-02, prec@10:4.53e-01, SR:-1.03e+00 


epoch100##########################################################
Train : loss:9.95e+10  =  9.95e+10 + alpha*2.40e+02
Valid : loss:7.68e+09  =  7.68e+09 + alpha*5.72e+02
Test: loss:1.98e+10  =  1.97e+10 + alpha*1.13e+09
Valid performance:
 mse:7.68e+09, IC:-9.97e-04, RIC:-3.32e-02, prec@10:4.94e-01, SR:1.54e+00
Test performance:
 mse:1.97e+10, IC:-7.33e-04, RIC:-9.54e-03, prec@10:4.69e-01, SR:2.05e+00 


Training finished.
Best Validation Performance (based on lowest validation loss for LinearModel):
mse:8.80e+07, IC:-4.93e-03, RIC:-9.62e-02, prec@10:5.50e-01, SR:-5.13e-01
Corresponding Test Performance for LinearModel:
mse:1.22e+10, IC:3.26e-03, RIC:4.24e-02, prec@10:5.13e-01, SR:1.05e+00
Results for LinearModel appended to ../training_results.xlsx (active sheet: Training Results)
