Using device: cuda
Loading data from: ../dataset\NYSE
Warning: stock_num (1026) does not match eod_data.shape[0] (1008). Adjusting stock_num.
市场为 NYSE，实际加载股票数量更新为: 1008
总交易天数: 1148
根据 60%/20%/_ 分割比例 (已调整为满足最小数据集要求):
训练集天数 (0-indexed, up to valid_index-1): 688 (实际比例: 59.9%)
验证集天数 (valid_index to test_index-1): 230 (实际比例: 20.0%)
测试集天数 (test_index to end): 230 (实际比例: 20.0%)
验证集起始索引 (valid_index): 688
测试集起始索引 (test_index): 918
✅ 数据集分割检查通过
Starting training...
Epoch 1/100 ##########################################################
Train: loss:1.0608e+00 = 1.0607e+00 + alpha*1.1966e-03
Valid: loss:1.1361e+00 = 1.1360e+00 + alpha*1.3571e-03
  Perf: mse:1.1360e+00, IC:0.0003, RIC:0.0062, prec@10:0.5296, SR:0.3476
Test : loss:1.3976e+00 = 1.3973e+00 + alpha*2.5658e-03
  Perf: mse:1.3973e+00, IC:0.0023, RIC:0.0328, prec@10:0.5157, SR:1.6251

New best validation loss found at epoch 1
Epoch 2/100 ##########################################################
Train: loss:8.9200e-01 = 8.9191e-01 + alpha*9.1767e-04
Valid: loss:1.0927e+00 = 1.0926e+00 + alpha*1.2314e-03
  Perf: mse:1.0926e+00, IC:0.0003, RIC:0.0062, prec@10:0.5296, SR:0.3476
Test : loss:1.3178e+00 = 1.3176e+00 + alpha*2.3707e-03
  Perf: mse:1.3176e+00, IC:0.0023, RIC:0.0328, prec@10:0.5157, SR:1.6251

New best validation loss found at epoch 2
Epoch 3/100 ##########################################################
Train: loss:8.9070e-01 = 8.9061e-01 + alpha*9.0832e-04
Valid: loss:1.0988e+00 = 1.0987e+00 + alpha*1.2497e-03
  Perf: mse:1.0987e+00, IC:0.0003, RIC:0.0062, prec@10:0.5296, SR:0.3476
Test : loss:1.3376e+00 = 1.3373e+00 + alpha*2.4202e-03
  Perf: mse:1.3373e+00, IC:0.0023, RIC:0.0328, prec@10:0.5157, SR:1.6251

Epoch 4/100 ##########################################################
Train: loss:8.9150e-01 = 8.9141e-01 + alpha*9.5598e-04
Valid: loss:1.2630e+00 = 1.2628e+00 + alpha*1.6502e-03
  Perf: mse:1.2628e+00, IC:0.0003, RIC:0.0062, prec@10:0.5296, SR:0.3476
Test : loss:1.6636e+00 = 1.6633e+00 + alpha*3.1077e-03
  Perf: mse:1.6633e+00, IC:0.0023, RIC:0.0328, prec@10:0.5157, SR:1.6251

Epoch 5/100 ##########################################################
Train: loss:8.8694e-01 = 8.8685e-01 + alpha*9.0493e-04
Valid: loss:1.2000e+00 = 1.1998e+00 + alpha*1.5134e-03
  Perf: mse:1.1998e+00, IC:0.0003, RIC:0.0062, prec@10:0.5296, SR:0.3476
Test : loss:1.5563e+00 = 1.5560e+00 + alpha*2.9029e-03
  Perf: mse:1.5560e+00, IC:0.0023, RIC:0.0328, prec@10:0.5157, SR:1.6251

Epoch 6/100 ##########################################################
Train: loss:8.8720e-01 = 8.8710e-01 + alpha*9.9656e-04
Valid: loss:1.2630e+00 = 1.2629e+00 + alpha*1.6491e-03
  Perf: mse:1.2629e+00, IC:0.0003, RIC:0.0062, prec@10:0.5296, SR:0.3476
Test : loss:1.6895e+00 = 1.6891e+00 + alpha*3.1531e-03
  Perf: mse:1.6891e+00, IC:0.0023, RIC:0.0328, prec@10:0.5157, SR:1.6251

Epoch 7/100 ##########################################################
Train: loss:8.8591e-01 = 8.8582e-01 + alpha*9.2707e-04
Valid: loss:1.1982e+00 = 1.1981e+00 + alpha*1.5078e-03
  Perf: mse:1.1981e+00, IC:0.0003, RIC:0.0062, prec@10:0.5296, SR:0.3476
Test : loss:1.5782e+00 = 1.5779e+00 + alpha*2.9444e-03
  Perf: mse:1.5779e+00, IC:0.0023, RIC:0.0328, prec@10:0.5157, SR:1.6251

Epoch 8/100 ##########################################################
Train: loss:8.8177e-01 = 8.8167e-01 + alpha*9.6238e-04
Valid: loss:1.2787e+00 = 1.2785e+00 + alpha*1.6792e-03
  Perf: mse:1.2785e+00, IC:0.0003, RIC:0.0062, prec@10:0.5296, SR:0.3476
Test : loss:1.7507e+00 = 1.7504e+00 + alpha*3.2588e-03
  Perf: mse:1.7504e+00, IC:0.0023, RIC:0.0328, prec@10:0.5157, SR:1.6251

Epoch 9/100 ##########################################################
Train: loss:8.8297e-01 = 8.8287e-01 + alpha*1.0054e-03
Valid: loss:1.2589e+00 = 1.2588e+00 + alpha*1.6383e-03
  Perf: mse:1.2588e+00, IC:0.0003, RIC:0.0062, prec@10:0.5296, SR:0.3476
Test : loss:1.7294e+00 = 1.7291e+00 + alpha*3.2210e-03
  Perf: mse:1.7291e+00, IC:0.0023, RIC:0.0328, prec@10:0.5157, SR:1.6251

Epoch 10/100 ##########################################################
Train: loss:8.8154e-01 = 8.8145e-01 + alpha*9.3885e-04
Valid: loss:1.1381e+00 = 1.1379e+00 + alpha*1.3555e-03
  Perf: mse:1.1379e+00, IC:0.0003, RIC:0.0062, prec@10:0.5296, SR:0.3476
Test : loss:1.4985e+00 = 1.4982e+00 + alpha*2.7804e-03
  Perf: mse:1.4982e+00, IC:0.0023, RIC:0.0328, prec@10:0.5157, SR:1.6251

Epoch 11/100 ##########################################################
Train: loss:8.7841e-01 = 8.7831e-01 + alpha*9.8067e-04
Valid: loss:1.3267e+00 = 1.3265e+00 + alpha*1.7688e-03
  Perf: mse:1.3265e+00, IC:0.0003, RIC:0.0062, prec@10:0.5296, SR:0.3476
Test : loss:1.9008e+00 = 1.9004e+00 + alpha*3.5030e-03
  Perf: mse:1.9004e+00, IC:0.0023, RIC:0.0328, prec@10:0.5157, SR:1.6251

Epoch 12/100 ##########################################################
Train: loss:8.8139e-01 = 8.8130e-01 + alpha*9.6100e-04
Valid: loss:1.1564e+00 = 1.1563e+00 + alpha*1.4013e-03
  Perf: mse:1.1563e+00, IC:0.0003, RIC:0.0062, prec@10:0.5296, SR:0.3476
Test : loss:1.5705e+00 = 1.5702e+00 + alpha*2.9237e-03
  Perf: mse:1.5702e+00, IC:0.0023, RIC:0.0328, prec@10:0.5157, SR:1.6251

Epoch 13/100 ##########################################################
Train: loss:8.7951e-01 = 8.7941e-01 + alpha*1.0033e-03
Valid: loss:1.1618e+00 = 1.1616e+00 + alpha*1.4136e-03
  Perf: mse:1.1616e+00, IC:0.0003, RIC:0.0062, prec@10:0.5296, SR:0.3476
Test : loss:1.5990e+00 = 1.5987e+00 + alpha*2.9778e-03
  Perf: mse:1.5987e+00, IC:0.0023, RIC:0.0328, prec@10:0.5157, SR:1.6251

Epoch 14/100 ##########################################################
Train: loss:8.7588e-01 = 8.7578e-01 + alpha*9.7885e-04
Valid: loss:1.0692e+00 = 1.0691e+00 + alpha*1.1409e-03
  Perf: mse:1.0691e+00, IC:0.0003, RIC:0.0062, prec@10:0.5296, SR:0.3476
Test : loss:1.3997e+00 = 1.3995e+00 + alpha*2.5570e-03
  Perf: mse:1.3995e+00, IC:0.0023, RIC:0.0328, prec@10:0.5157, SR:1.6251

New best validation loss found at epoch 14
Epoch 15/100 ##########################################################
Train: loss:8.7616e-01 = 8.7607e-01 + alpha*9.5288e-04
Valid: loss:1.2787e+00 = 1.2785e+00 + alpha*1.6721e-03
  Perf: mse:1.2785e+00, IC:0.0003, RIC:0.0062, prec@10:0.5296, SR:0.3476
Test : loss:1.8901e+00 = 1.8897e+00 + alpha*3.4812e-03
  Perf: mse:1.8897e+00, IC:0.0023, RIC:0.0328, prec@10:0.5157, SR:1.6251

Epoch 16/100 ##########################################################
Train: loss:8.7561e-01 = 8.7550e-01 + alpha*1.0387e-03
Valid: loss:1.1031e+00 = 1.1030e+00 + alpha*1.2472e-03
  Perf: mse:1.1030e+00, IC:0.0003, RIC:0.0062, prec@10:0.5296, SR:0.3476
Test : loss:1.5177e+00 = 1.5174e+00 + alpha*2.8113e-03
  Perf: mse:1.5174e+00, IC:0.0023, RIC:0.0328, prec@10:0.5157, SR:1.6251

Epoch 17/100 ##########################################################
Train: loss:8.7249e-01 = 8.7240e-01 + alpha*9.6925e-04
Valid: loss:1.3245e+00 = 1.3243e+00 + alpha*1.7579e-03
  Perf: mse:1.3243e+00, IC:0.0003, RIC:0.0062, prec@10:0.5296, SR:0.3476
Test : loss:2.0370e+00 = 2.0367e+00 + alpha*3.7032e-03
  Perf: mse:2.0367e+00, IC:0.0023, RIC:0.0328, prec@10:0.5157, SR:1.6251

Epoch 18/100 ##########################################################
Train: loss:8.7355e-01 = 8.7345e-01 + alpha*1.0106e-03
Valid: loss:1.2234e+00 = 1.2233e+00 + alpha*1.5517e-03
  Perf: mse:1.2233e+00, IC:0.0003, RIC:0.0062, prec@10:0.5296, SR:0.3476
Test : loss:1.8412e+00 = 1.8409e+00 + alpha*3.3980e-03
  Perf: mse:1.8409e+00, IC:0.0023, RIC:0.0328, prec@10:0.5157, SR:1.6251

Epoch 19/100 ##########################################################
Train: loss:8.6875e-01 = 8.6865e-01 + alpha*9.9457e-04
Valid: loss:1.2985e+00 = 1.2984e+00 + alpha*1.7055e-03
  Perf: mse:1.2984e+00, IC:0.0003, RIC:0.0062, prec@10:0.5296, SR:0.3476
Test : loss:2.0344e+00 = 2.0340e+00 + alpha*3.6963e-03
  Perf: mse:2.0340e+00, IC:0.0023, RIC:0.0328, prec@10:0.5157, SR:1.6251

Epoch 20/100 ##########################################################
Train: loss:8.8338e-01 = 8.8328e-01 + alpha*1.0198e-03
Valid: loss:1.0014e+00 = 1.0013e+00 + alpha*8.2103e-04
  Perf: mse:1.0013e+00, IC:0.0003, RIC:0.0062, prec@10:0.5296, SR:0.3476
Test : loss:1.2856e+00 = 1.2853e+00 + alpha*2.2570e-03
  Perf: mse:1.2853e+00, IC:0.0023, RIC:0.0328, prec@10:0.5157, SR:1.6251

New best validation loss found at epoch 20
Epoch 21/100 ##########################################################
Train: loss:8.7959e-01 = 8.7949e-01 + alpha*1.0081e-03
Valid: loss:1.3554e+00 = 1.3552e+00 + alpha*1.8092e-03
  Perf: mse:1.3552e+00, IC:0.0003, RIC:0.0062, prec@10:0.5296, SR:0.3476
Test : loss:2.2080e+00 = 2.2076e+00 + alpha*3.9405e-03
  Perf: mse:2.2076e+00, IC:0.0023, RIC:0.0328, prec@10:0.5157, SR:1.6251

Epoch 22/100 ##########################################################
Train: loss:8.6782e-01 = 8.6772e-01 + alpha*1.0065e-03
Valid: loss:1.1525e+00 = 1.1524e+00 + alpha*1.3748e-03
  Perf: mse:1.1524e+00, IC:0.0003, RIC:0.0062, prec@10:0.5296, SR:0.3476
Test : loss:1.7605e+00 = 1.7602e+00 + alpha*3.2558e-03
  Perf: mse:1.7602e+00, IC:0.0023, RIC:0.0328, prec@10:0.5157, SR:1.6251

Epoch 23/100 ##########################################################
Train: loss:8.6695e-01 = 8.6686e-01 + alpha*9.6328e-04
Valid: loss:1.1778e+00 = 1.1777e+00 + alpha*1.4368e-03
  Perf: mse:1.1777e+00, IC:0.0003, RIC:0.0062, prec@10:0.5296, SR:0.3476
Test : loss:1.8491e+00 = 1.8488e+00 + alpha*3.4021e-03
  Perf: mse:1.8488e+00, IC:0.0023, RIC:0.0328, prec@10:0.5157, SR:1.6251

Epoch 24/100 ##########################################################
Train: loss:8.6750e-01 = 8.6740e-01 + alpha*1.0091e-03
Valid: loss:1.2133e+00 = 1.2131e+00 + alpha*1.5185e-03
  Perf: mse:1.2131e+00, IC:0.0003, RIC:0.0062, prec@10:0.5296, SR:0.3476
Test : loss:1.9636e+00 = 1.9632e+00 + alpha*3.5813e-03
  Perf: mse:1.9632e+00, IC:0.0023, RIC:0.0328, prec@10:0.5157, SR:1.6251

Epoch 25/100 ##########################################################
Train: loss:8.6516e-01 = 8.6506e-01 + alpha*1.0330e-03
Valid: loss:1.0711e+00 = 1.0710e+00 + alpha*1.1214e-03
  Perf: mse:1.0710e+00, IC:0.0003, RIC:0.0062, prec@10:0.5296, SR:0.3476
Test : loss:1.6029e+00 = 1.6026e+00 + alpha*2.9625e-03
  Perf: mse:1.6026e+00, IC:0.0023, RIC:0.0328, prec@10:0.5157, SR:1.6251

Epoch 26/100 ##########################################################
Train: loss:8.6508e-01 = 8.6497e-01 + alpha*1.0653e-03
Valid: loss:9.9128e-01 = 9.9121e-01 + alpha*7.1758e-04
  Perf: mse:9.9121e-01, IC:0.0003, RIC:0.0062, prec@10:0.5296, SR:0.3476
Test : loss:1.3196e+00 = 1.3194e+00 + alpha*2.3306e-03
  Perf: mse:1.3194e+00, IC:0.0023, RIC:0.0328, prec@10:0.5157, SR:1.6251

New best validation loss found at epoch 26
Epoch 27/100 ##########################################################
Train: loss:8.6553e-01 = 8.6543e-01 + alpha*9.9728e-04
Valid: loss:1.1117e+00 = 1.1115e+00 + alpha*1.2479e-03
  Perf: mse:1.1115e+00, IC:0.0003, RIC:0.0062, prec@10:0.5296, SR:0.3476
Test : loss:1.7692e+00 = 1.7689e+00 + alpha*3.2597e-03
  Perf: mse:1.7689e+00, IC:0.0023, RIC:0.0328, prec@10:0.5157, SR:1.6251

Epoch 28/100 ##########################################################
Train: loss:8.6691e-01 = 8.6680e-01 + alpha*1.0571e-03
Valid: loss:9.8301e-01 = 9.8294e-01 + alpha*6.1749e-04
  Perf: mse:9.8294e-01, IC:0.0003, RIC:0.0062, prec@10:0.5296, SR:0.3476
Test : loss:1.2911e+00 = 1.2909e+00 + alpha*2.2475e-03
  Perf: mse:1.2909e+00, IC:0.0023, RIC:0.0328, prec@10:0.5157, SR:1.6251

New best validation loss found at epoch 28
Epoch 29/100 ##########################################################
Train: loss:8.6613e-01 = 8.6603e-01 + alpha*9.8662e-04
Valid: loss:1.0852e+00 = 1.0851e+00 + alpha*1.1580e-03
  Perf: mse:1.0851e+00, IC:0.0003, RIC:0.0062, prec@10:0.5296, SR:0.3476
Test : loss:1.7328e+00 = 1.7325e+00 + alpha*3.1919e-03
  Perf: mse:1.7325e+00, IC:0.0023, RIC:0.0328, prec@10:0.5157, SR:1.6251

Epoch 30/100 ##########################################################
Train: loss:8.5658e-01 = 8.5648e-01 + alpha*1.0281e-03
Valid: loss:1.1905e+00 = 1.1904e+00 + alpha*1.4515e-03
  Perf: mse:1.1904e+00, IC:0.0003, RIC:0.0062, prec@10:0.5296, SR:0.3476
Test : loss:2.0698e+00 = 2.0694e+00 + alpha*3.7279e-03
  Perf: mse:2.0694e+00, IC:0.0023, RIC:0.0328, prec@10:0.5157, SR:1.6251

Epoch 31/100 ##########################################################
Train: loss:8.5512e-01 = 8.5502e-01 + alpha*1.0333e-03
Valid: loss:1.0965e+00 = 1.0964e+00 + alpha*1.1879e-03
  Perf: mse:1.0964e+00, IC:0.0003, RIC:0.0062, prec@10:0.5296, SR:0.3476
Test : loss:1.8227e+00 = 1.8224e+00 + alpha*3.3402e-03
  Perf: mse:1.8224e+00, IC:0.0023, RIC:0.0328, prec@10:0.5157, SR:1.6251

Epoch 32/100 ##########################################################
Train: loss:8.5427e-01 = 8.5417e-01 + alpha*1.0544e-03
Valid: loss:1.2887e+00 = 1.2885e+00 + alpha*1.6610e-03
  Perf: mse:1.2885e+00, IC:0.0003, RIC:0.0062, prec@10:0.5296, SR:0.3476
Test : loss:2.4048e+00 = 2.4044e+00 + alpha*4.1802e-03
  Perf: mse:2.4044e+00, IC:0.0023, RIC:0.0328, prec@10:0.5157, SR:1.6251

Epoch 33/100 ##########################################################
Train: loss:8.5320e-01 = 8.5310e-01 + alpha*1.0609e-03
Valid: loss:1.0933e+00 = 1.0931e+00 + alpha*1.1690e-03
  Perf: mse:1.0931e+00, IC:0.0003, RIC:0.0062, prec@10:0.5296, SR:0.3476
Test : loss:1.8686e+00 = 1.8683e+00 + alpha*3.4098e-03
  Perf: mse:1.8683e+00, IC:0.0023, RIC:0.0328, prec@10:0.5157, SR:1.6251

Epoch 34/100 ##########################################################
Train: loss:8.5286e-01 = 8.5275e-01 + alpha*1.0358e-03
Valid: loss:1.5132e+00 = 1.5130e+00 + alpha*2.0459e-03
  Perf: mse:1.5130e+00, IC:0.0003, RIC:0.0062, prec@10:0.5296, SR:0.3476
Test : loss:3.0484e+00 = 3.0479e+00 + alpha*4.9228e-03
  Perf: mse:3.0479e+00, IC:0.0023, RIC:0.0328, prec@10:0.5157, SR:1.6251

Epoch 35/100 ##########################################################
Train: loss:8.5714e-01 = 8.5703e-01 + alpha*1.0627e-03
Valid: loss:1.2641e+00 = 1.2639e+00 + alpha*1.6021e-03
  Perf: mse:1.2639e+00, IC:0.0003, RIC:0.0062, prec@10:0.5296, SR:0.3476
Test : loss:2.4507e+00 = 2.4502e+00 + alpha*4.2313e-03
  Perf: mse:2.4502e+00, IC:0.0023, RIC:0.0328, prec@10:0.5157, SR:1.6251

Epoch 36/100 ##########################################################
Train: loss:8.5210e-01 = 8.5199e-01 + alpha*1.0653e-03
Valid: loss:1.6292e+00 = 1.6290e+00 + alpha*2.2106e-03
  Perf: mse:1.6290e+00, IC:0.0003, RIC:0.0062, prec@10:0.5296, SR:0.3476
Test : loss:3.4196e+00 = 3.4190e+00 + alpha*5.2967e-03
  Perf: mse:3.4190e+00, IC:0.0023, RIC:0.0328, prec@10:0.5157, SR:1.6251

Epoch 37/100 ##########################################################
Train: loss:8.5073e-01 = 8.5062e-01 + alpha*1.0595e-03
Valid: loss:1.2368e+00 = 1.2366e+00 + alpha*1.5366e-03
  Perf: mse:1.2366e+00, IC:0.0003, RIC:0.0062, prec@10:0.5296, SR:0.3476
Test : loss:2.4508e+00 = 2.4504e+00 + alpha*4.2262e-03
  Perf: mse:2.4504e+00, IC:0.0023, RIC:0.0328, prec@10:0.5157, SR:1.6251

Epoch 38/100 ##########################################################
Train: loss:8.4763e-01 = 8.4752e-01 + alpha*1.0905e-03
Valid: loss:1.1350e+00 = 1.1349e+00 + alpha*1.2762e-03
  Perf: mse:1.1349e+00, IC:0.0003, RIC:0.0062, prec@10:0.5296, SR:0.3476
Test : loss:2.1697e+00 = 2.1693e+00 + alpha*3.8486e-03
  Perf: mse:2.1693e+00, IC:0.0023, RIC:0.0328, prec@10:0.5157, SR:1.6251

Epoch 39/100 ##########################################################
Train: loss:8.5385e-01 = 8.5374e-01 + alpha*1.0917e-03
Valid: loss:1.1266e+00 = 1.1265e+00 + alpha*1.2471e-03
  Perf: mse:1.1265e+00, IC:0.0003, RIC:0.0062, prec@10:0.5296, SR:0.3476
Test : loss:2.1718e+00 = 2.1714e+00 + alpha*3.8487e-03
  Perf: mse:2.1714e+00, IC:0.0023, RIC:0.0328, prec@10:0.5157, SR:1.6251

Epoch 40/100 ##########################################################
Train: loss:8.4238e-01 = 8.4227e-01 + alpha*1.0522e-03
Valid: loss:1.1584e+00 = 1.1583e+00 + alpha*1.3327e-03
  Perf: mse:1.1583e+00, IC:0.0003, RIC:0.0062, prec@10:0.5296, SR:0.3476
Test : loss:2.3207e+00 = 2.3203e+00 + alpha*4.0489e-03
  Perf: mse:2.3203e+00, IC:0.0023, RIC:0.0328, prec@10:0.5157, SR:1.6251

Epoch 41/100 ##########################################################
Train: loss:8.4632e-01 = 8.4621e-01 + alpha*1.0794e-03
Valid: loss:1.1969e+00 = 1.1968e+00 + alpha*1.4275e-03
  Perf: mse:1.1968e+00, IC:0.0003, RIC:0.0062, prec@10:0.5296, SR:0.3476
Test : loss:2.4901e+00 = 2.4897e+00 + alpha*4.2638e-03
  Perf: mse:2.4897e+00, IC:0.0023, RIC:0.0328, prec@10:0.5157, SR:1.6251

Epoch 42/100 ##########################################################
Train: loss:8.3957e-01 = 8.3946e-01 + alpha*1.1097e-03
Valid: loss:1.0862e+00 = 1.0861e+00 + alpha*1.0954e-03
  Perf: mse:1.0861e+00, IC:0.0003, RIC:0.0062, prec@10:0.5296, SR:0.3476
Test : loss:2.1284e+00 = 2.1280e+00 + alpha*3.7756e-03
  Perf: mse:2.1280e+00, IC:0.0023, RIC:0.0328, prec@10:0.5157, SR:1.6251

Epoch 43/100 ##########################################################
Train: loss:8.3977e-01 = 8.3966e-01 + alpha*1.1023e-03
Valid: loss:1.3539e+00 = 1.3538e+00 + alpha*1.7513e-03
  Perf: mse:1.3538e+00, IC:0.0003, RIC:0.0062, prec@10:0.5296, SR:0.3476
Test : loss:3.0761e+00 = 3.0756e+00 + alpha*4.9295e-03
  Perf: mse:3.0756e+00, IC:0.0023, RIC:0.0328, prec@10:0.5157, SR:1.6251

Epoch 44/100 ##########################################################
Train: loss:8.4754e-01 = 8.4743e-01 + alpha*1.0904e-03
Valid: loss:1.1953e+00 = 1.1951e+00 + alpha*1.4081e-03
  Perf: mse:1.1951e+00, IC:0.0003, RIC:0.0062, prec@10:0.5296, SR:0.3476
Test : loss:2.6190e+00 = 2.6186e+00 + alpha*4.4115e-03
  Perf: mse:2.6186e+00, IC:0.0023, RIC:0.0328, prec@10:0.5157, SR:1.6251

Epoch 45/100 ##########################################################
Train: loss:8.3912e-01 = 8.3901e-01 + alpha*1.1283e-03
Valid: loss:1.3649e+00 = 1.3647e+00 + alpha*1.7644e-03
  Perf: mse:1.3647e+00, IC:0.0003, RIC:0.0062, prec@10:0.5296, SR:0.3476
Test : loss:3.2048e+00 = 3.2043e+00 + alpha*5.0586e-03
  Perf: mse:3.2043e+00, IC:0.0023, RIC:0.0328, prec@10:0.5157, SR:1.6251

Epoch 46/100 ##########################################################
Train: loss:8.3962e-01 = 8.3951e-01 + alpha*1.0898e-03
Valid: loss:1.2240e+00 = 1.2239e+00 + alpha*1.4678e-03
  Perf: mse:1.2239e+00, IC:0.0003, RIC:0.0062, prec@10:0.5296, SR:0.3476
Test : loss:2.8083e+00 = 2.8078e+00 + alpha*4.6263e-03
  Perf: mse:2.8078e+00, IC:0.0023, RIC:0.0328, prec@10:0.5157, SR:1.6251

Epoch 47/100 ##########################################################
Train: loss:8.3517e-01 = 8.3505e-01 + alpha*1.1514e-03
Valid: loss:1.2920e+00 = 1.2919e+00 + alpha*1.6128e-03
  Perf: mse:1.2919e+00, IC:0.0003, RIC:0.0062, prec@10:0.5296, SR:0.3476
Test : loss:3.0885e+00 = 3.0880e+00 + alpha*4.9306e-03
  Perf: mse:3.0880e+00, IC:0.0023, RIC:0.0328, prec@10:0.5157, SR:1.6251

Epoch 48/100 ##########################################################
Train: loss:8.3318e-01 = 8.3307e-01 + alpha*1.1491e-03
Valid: loss:1.0211e+00 = 1.0210e+00 + alpha*7.2104e-04
  Perf: mse:1.0210e+00, IC:0.0000, RIC:0.0004, prec@10:0.5478, SR:0.1556
Test : loss:1.9383e+00 = 1.9379e+00 + alpha*3.4610e-03
  Perf: mse:1.9379e+00, IC:0.0023, RIC:0.0328, prec@10:0.5157, SR:1.6251

Epoch 49/100 ##########################################################
Train: loss:8.3446e-01 = 8.3434e-01 + alpha*1.1253e-03
Valid: loss:1.2475e+00 = 1.2473e+00 + alpha*1.5049e-03
  Perf: mse:1.2473e+00, IC:0.0003, RIC:0.0062, prec@10:0.5296, SR:0.3476
Test : loss:3.0445e+00 = 3.0440e+00 + alpha*4.8766e-03
  Perf: mse:3.0440e+00, IC:0.0023, RIC:0.0328, prec@10:0.5157, SR:1.6251

Epoch 50/100 ##########################################################
Train: loss:8.3197e-01 = 8.3186e-01 + alpha*1.1198e-03
Valid: loss:1.2816e+00 = 1.2815e+00 + alpha*1.5742e-03
  Perf: mse:1.2815e+00, IC:0.0003, RIC:0.0062, prec@10:0.5296, SR:0.3476
Test : loss:3.2220e+00 = 3.2215e+00 + alpha*5.0592e-03
  Perf: mse:3.2215e+00, IC:0.0023, RIC:0.0328, prec@10:0.5157, SR:1.6251

Epoch 51/100 ##########################################################
Train: loss:8.3235e-01 = 8.3223e-01 + alpha*1.1925e-03
Valid: loss:1.0263e+00 = 1.0263e+00 + alpha*7.0951e-04
  Perf: mse:1.0263e+00, IC:-0.0017, RIC:-0.0424, prec@10:0.5578, SR:-0.0243
Test : loss:2.0485e+00 = 2.0481e+00 + alpha*3.6160e-03
  Perf: mse:2.0481e+00, IC:0.0023, RIC:0.0328, prec@10:0.5157, SR:1.6251

Epoch 52/100 ##########################################################
Train: loss:8.2428e-01 = 8.2416e-01 + alpha*1.1257e-03
Valid: loss:1.7627e+00 = 1.7625e+00 + alpha*2.3410e-03
  Perf: mse:1.7625e+00, IC:0.0003, RIC:0.0062, prec@10:0.5296, SR:0.3476
Test : loss:4.7803e+00 = 4.7796e+00 + alpha*6.4447e-03
  Perf: mse:4.7796e+00, IC:0.0023, RIC:0.0328, prec@10:0.5157, SR:1.6251

Epoch 53/100 ##########################################################
Train: loss:8.3541e-01 = 8.3530e-01 + alpha*1.1764e-03
Valid: loss:1.3242e+00 = 1.3241e+00 + alpha*1.6471e-03
  Perf: mse:1.3241e+00, IC:0.0003, RIC:0.0062, prec@10:0.5296, SR:0.3476
Test : loss:3.5218e+00 = 3.5213e+00 + alpha*5.3489e-03
  Perf: mse:3.5213e+00, IC:0.0023, RIC:0.0328, prec@10:0.5157, SR:1.6251

Epoch 54/100 ##########################################################
Train: loss:8.3390e-01 = 8.3378e-01 + alpha*1.1627e-03
Valid: loss:1.4725e+00 = 1.4723e+00 + alpha*1.9127e-03
  Perf: mse:1.4723e+00, IC:0.0003, RIC:0.0062, prec@10:0.5296, SR:0.3476
Test : loss:4.0564e+00 = 4.0558e+00 + alpha*5.8388e-03
  Perf: mse:4.0558e+00, IC:0.0023, RIC:0.0328, prec@10:0.5157, SR:1.6251

Epoch 55/100 ##########################################################
Train: loss:8.3741e-01 = 8.3730e-01 + alpha*1.1892e-03
Valid: loss:1.1887e+00 = 1.1886e+00 + alpha*1.3293e-03
  Perf: mse:1.1886e+00, IC:0.0003, RIC:0.0062, prec@10:0.5296, SR:0.3476
Test : loss:3.0626e+00 = 3.0621e+00 + alpha*4.8757e-03
  Perf: mse:3.0621e+00, IC:0.0023, RIC:0.0328, prec@10:0.5157, SR:1.6251

Epoch 56/100 ##########################################################
Train: loss:8.2371e-01 = 8.2359e-01 + alpha*1.1696e-03
Valid: loss:1.2449e+00 = 1.2448e+00 + alpha*1.4635e-03
  Perf: mse:1.2448e+00, IC:0.0003, RIC:0.0062, prec@10:0.5296, SR:0.3476
Test : loss:3.3456e+00 = 3.3451e+00 + alpha*5.1652e-03
  Perf: mse:3.3451e+00, IC:0.0023, RIC:0.0328, prec@10:0.5157, SR:1.6251

Epoch 57/100 ##########################################################
Train: loss:8.2235e-01 = 8.2223e-01 + alpha*1.1524e-03
Valid: loss:1.2581e+00 = 1.2580e+00 + alpha*1.4874e-03
  Perf: mse:1.2580e+00, IC:0.0003, RIC:0.0062, prec@10:0.5296, SR:0.3476
Test : loss:3.4524e+00 = 3.4519e+00 + alpha*5.2675e-03
  Perf: mse:3.4519e+00, IC:0.0023, RIC:0.0328, prec@10:0.5157, SR:1.6251

Epoch 58/100 ##########################################################
Train: loss:8.2323e-01 = 8.2311e-01 + alpha*1.2057e-03
Valid: loss:1.2900e+00 = 1.2899e+00 + alpha*1.5533e-03
  Perf: mse:1.2899e+00, IC:0.0003, RIC:0.0062, prec@10:0.5296, SR:0.3476
Test : loss:3.6214e+00 = 3.6209e+00 + alpha*5.4280e-03
  Perf: mse:3.6209e+00, IC:0.0023, RIC:0.0328, prec@10:0.5157, SR:1.6251

Epoch 59/100 ##########################################################
Train: loss:8.2004e-01 = 8.1992e-01 + alpha*1.1980e-03
Valid: loss:1.2603e+00 = 1.2601e+00 + alpha*1.4794e-03
  Perf: mse:1.2601e+00, IC:0.0003, RIC:0.0062, prec@10:0.5296, SR:0.3476
Test : loss:3.5636e+00 = 3.5630e+00 + alpha*5.3686e-03
  Perf: mse:3.5630e+00, IC:0.0023, RIC:0.0328, prec@10:0.5157, SR:1.6251

Epoch 60/100 ##########################################################
Train: loss:8.2981e-01 = 8.2969e-01 + alpha*1.2127e-03
Valid: loss:1.2891e+00 = 1.2890e+00 + alpha*1.5388e-03
  Perf: mse:1.2890e+00, IC:0.0003, RIC:0.0062, prec@10:0.5296, SR:0.3476
Test : loss:3.7236e+00 = 3.7230e+00 + alpha*5.5173e-03
  Perf: mse:3.7230e+00, IC:0.0023, RIC:0.0328, prec@10:0.5157, SR:1.6251

Epoch 61/100 ##########################################################
Train: loss:8.2879e-01 = 8.2866e-01 + alpha*1.2282e-03
Valid: loss:1.1855e+00 = 1.1854e+00 + alpha*1.2772e-03
  Perf: mse:1.1854e+00, IC:-0.0003, RIC:-0.0083, prec@10:0.5309, SR:0.2315
Test : loss:3.3141e+00 = 3.3136e+00 + alpha*5.1162e-03
  Perf: mse:3.3136e+00, IC:0.0023, RIC:0.0328, prec@10:0.5157, SR:1.6251

Epoch 62/100 ##########################################################
Train: loss:8.1736e-01 = 8.1725e-01 + alpha*1.1791e-03
Valid: loss:1.2519e+00 = 1.2518e+00 + alpha*1.4414e-03
  Perf: mse:1.2518e+00, IC:0.0003, RIC:0.0062, prec@10:0.5296, SR:0.3476
Test : loss:3.6594e+00 = 3.6589e+00 + alpha*5.4511e-03
  Perf: mse:3.6589e+00, IC:0.0023, RIC:0.0328, prec@10:0.5157, SR:1.6251

Epoch 63/100 ##########################################################
Train: loss:8.1811e-01 = 8.1798e-01 + alpha*1.2478e-03
Valid: loss:1.2278e+00 = 1.2277e+00 + alpha*1.3745e-03
  Perf: mse:1.2277e+00, IC:-0.0003, RIC:-0.0083, prec@10:0.5309, SR:0.2315
Test : loss:3.6018e+00 = 3.6013e+00 + alpha*5.3927e-03
  Perf: mse:3.6013e+00, IC:0.0023, RIC:0.0328, prec@10:0.5157, SR:1.6251

Epoch 64/100 ##########################################################
Train: loss:8.1488e-01 = 8.1476e-01 + alpha*1.2063e-03
Valid: loss:1.1228e+00 = 1.1227e+00 + alpha*1.0568e-03
  Perf: mse:1.1227e+00, IC:-0.0009, RIC:-0.0226, prec@10:0.5452, SR:0.1366
Test : loss:3.1071e+00 = 3.1066e+00 + alpha*4.8879e-03
  Perf: mse:3.1066e+00, IC:0.0023, RIC:0.0328, prec@10:0.5157, SR:1.6251

Epoch 65/100 ##########################################################
Train: loss:8.1255e-01 = 8.1242e-01 + alpha*1.2058e-03
Valid: loss:1.3436e+00 = 1.3435e+00 + alpha*1.6234e-03
  Perf: mse:1.3435e+00, IC:0.0003, RIC:0.0062, prec@10:0.5296, SR:0.3476
Test : loss:4.1884e+00 = 4.1878e+00 + alpha*5.9195e-03
  Perf: mse:4.1878e+00, IC:0.0023, RIC:0.0328, prec@10:0.5157, SR:1.6251

Epoch 66/100 ##########################################################
Train: loss:8.1033e-01 = 8.1020e-01 + alpha*1.3019e-03
Valid: loss:1.1238e+00 = 1.1237e+00 + alpha*1.0290e-03
  Perf: mse:1.1237e+00, IC:-0.0017, RIC:-0.0406, prec@10:0.5517, SR:0.0146
Test : loss:3.2052e+00 = 3.2047e+00 + alpha*4.9807e-03
  Perf: mse:3.2047e+00, IC:0.0023, RIC:0.0328, prec@10:0.5157, SR:1.6251

Epoch 67/100 ##########################################################
Train: loss:8.0891e-01 = 8.0878e-01 + alpha*1.2518e-03
Valid: loss:1.1557e+00 = 1.1556e+00 + alpha*1.1260e-03
  Perf: mse:1.1556e+00, IC:-0.0009, RIC:-0.0226, prec@10:0.5452, SR:0.1366
Test : loss:3.4452e+00 = 3.4446e+00 + alpha*5.2212e-03
  Perf: mse:3.4446e+00, IC:0.0023, RIC:0.0328, prec@10:0.5157, SR:1.6251

Epoch 68/100 ##########################################################
Train: loss:8.2031e-01 = 8.2018e-01 + alpha*1.3354e-03
Valid: loss:1.1241e+00 = 1.1240e+00 + alpha*6.3703e-04
  Perf: mse:1.1240e+00, IC:-0.0057, RIC:-0.1407, prec@10:0.7943, SR:-2.1023
Test : loss:1.8405e+00 = 1.8402e+00 + alpha*3.1666e-03
  Perf: mse:1.8402e+00, IC:0.0023, RIC:0.0328, prec@10:0.5157, SR:1.6251

Epoch 69/100 ##########################################################
Train: loss:8.2580e-01 = 8.2567e-01 + alpha*1.2960e-03
Valid: loss:1.1746e+00 = 1.1745e+00 + alpha*1.1758e-03
  Perf: mse:1.1745e+00, IC:-0.0005, RIC:-0.0113, prec@10:0.5443, SR:0.2056
Test : loss:3.5991e+00 = 3.5986e+00 + alpha*5.3674e-03
  Perf: mse:3.5986e+00, IC:0.0023, RIC:0.0328, prec@10:0.5157, SR:1.6251

Epoch 70/100 ##########################################################
Train: loss:8.1008e-01 = 8.0995e-01 + alpha*1.2453e-03
Valid: loss:1.1611e+00 = 1.1610e+00 + alpha*1.1250e-03
  Perf: mse:1.1610e+00, IC:-0.0006, RIC:-0.0139, prec@10:0.5491, SR:0.1254
Test : loss:3.5560e+00 = 3.5554e+00 + alpha*5.3212e-03
  Perf: mse:3.5554e+00, IC:0.0023, RIC:0.0328, prec@10:0.5157, SR:1.6251

Epoch 71/100 ##########################################################
Train: loss:8.0971e-01 = 8.0958e-01 + alpha*1.3144e-03
Valid: loss:1.3883e+00 = 1.3881e+00 + alpha*1.6696e-03
  Perf: mse:1.3881e+00, IC:0.0003, RIC:0.0062, prec@10:0.5296, SR:0.3476
Test : loss:4.6808e+00 = 4.6802e+00 + alpha*6.3122e-03
  Perf: mse:4.6802e+00, IC:0.0023, RIC:0.0328, prec@10:0.5157, SR:1.6251

Epoch 72/100 ##########################################################
Train: loss:8.0814e-01 = 8.0801e-01 + alpha*1.3025e-03
Valid: loss:1.0997e+00 = 1.0996e+00 + alpha*8.8503e-04
  Perf: mse:1.0996e+00, IC:-0.0002, RIC:-0.0053, prec@10:0.5865, SR:0.1818
Test : loss:3.1363e+00 = 3.1358e+00 + alpha*4.8834e-03
  Perf: mse:3.1358e+00, IC:0.0023, RIC:0.0328, prec@10:0.5157, SR:1.6251

Epoch 73/100 ##########################################################
Train: loss:8.0967e-01 = 8.0954e-01 + alpha*1.2679e-03
Valid: loss:1.1357e+00 = 1.1356e+00 + alpha*1.0171e-03
  Perf: mse:1.1356e+00, IC:-0.0015, RIC:-0.0363, prec@10:0.5691, SR:0.0914
Test : loss:3.4710e+00 = 3.4704e+00 + alpha*5.2251e-03
  Perf: mse:3.4704e+00, IC:0.0023, RIC:0.0328, prec@10:0.5157, SR:1.6251

Epoch 74/100 ##########################################################
Train: loss:8.0462e-01 = 8.0449e-01 + alpha*1.2988e-03
Valid: loss:1.1524e+00 = 1.1523e+00 + alpha*1.0648e-03
  Perf: mse:1.1523e+00, IC:-0.0013, RIC:-0.0318, prec@10:0.5591, SR:0.0874
Test : loss:3.6234e+00 = 3.6228e+00 + alpha*5.3700e-03
  Perf: mse:3.6228e+00, IC:0.0023, RIC:0.0328, prec@10:0.5157, SR:1.6251

Epoch 75/100 ##########################################################
Train: loss:7.9862e-01 = 7.9849e-01 + alpha*1.3168e-03
Valid: loss:1.4987e+00 = 1.4985e+00 + alpha*1.8454e-03
  Perf: mse:1.4985e+00, IC:0.0003, RIC:0.0062, prec@10:0.5296, SR:0.3476
Test : loss:5.3282e+00 = 5.3275e+00 + alpha*6.8011e-03
  Perf: mse:5.3275e+00, IC:0.0023, RIC:0.0328, prec@10:0.5157, SR:1.6251

Epoch 76/100 ##########################################################
Train: loss:8.0417e-01 = 8.0404e-01 + alpha*1.3418e-03
Valid: loss:1.2398e+00 = 1.2397e+00 + alpha*1.2977e-03
  Perf: mse:1.2397e+00, IC:-0.0005, RIC:-0.0113, prec@10:0.5443, SR:0.2056
Test : loss:4.2307e+00 = 4.2301e+00 + alpha*5.9168e-03
  Perf: mse:4.2301e+00, IC:0.0023, RIC:0.0328, prec@10:0.5157, SR:1.6251

Epoch 77/100 ##########################################################
Train: loss:8.0461e-01 = 8.0448e-01 + alpha*1.2909e-03
Valid: loss:1.3919e+00 = 1.3917e+00 + alpha*1.6325e-03
  Perf: mse:1.3917e+00, IC:-0.0003, RIC:-0.0083, prec@10:0.5309, SR:0.2315
Test : loss:4.9951e+00 = 4.9945e+00 + alpha*6.5415e-03
  Perf: mse:4.9945e+00, IC:0.0023, RIC:0.0328, prec@10:0.5157, SR:1.6251

Epoch 78/100 ##########################################################
Train: loss:8.1337e-01 = 8.1323e-01 + alpha*1.3916e-03
Valid: loss:1.7427e+00 = 1.7424e+00 + alpha*2.2076e-03
  Perf: mse:1.7424e+00, IC:0.0003, RIC:0.0062, prec@10:0.5296, SR:0.3476
Test : loss:6.3208e+00 = 6.3201e+00 + alpha*7.4962e-03
  Perf: mse:6.3201e+00, IC:0.0023, RIC:0.0328, prec@10:0.5157, SR:1.6251

Epoch 79/100 ##########################################################
Train: loss:8.0906e-01 = 8.0892e-01 + alpha*1.4150e-03
Valid: loss:1.1225e+00 = 1.1224e+00 + alpha*9.3751e-04
  Perf: mse:1.1224e+00, IC:-0.0008, RIC:-0.0193, prec@10:0.5874, SR:0.0625
Test : loss:3.4853e+00 = 3.4848e+00 + alpha*5.2151e-03
  Perf: mse:3.4848e+00, IC:0.0023, RIC:0.0328, prec@10:0.5157, SR:1.6251

Epoch 80/100 ##########################################################
Train: loss:8.0460e-01 = 8.0447e-01 + alpha*1.2970e-03
Valid: loss:1.3042e+00 = 1.3040e+00 + alpha*1.4319e-03
  Perf: mse:1.3040e+00, IC:-0.0003, RIC:-0.0080, prec@10:0.5426, SR:0.2821
Test : loss:4.7053e+00 = 4.7047e+00 + alpha*6.3027e-03
  Perf: mse:4.7047e+00, IC:0.0023, RIC:0.0328, prec@10:0.5157, SR:1.6251

Epoch 81/100 ##########################################################
Train: loss:8.0275e-01 = 8.0262e-01 + alpha*1.3576e-03
Valid: loss:1.1657e+00 = 1.1656e+00 + alpha*1.0642e-03
  Perf: mse:1.1656e+00, IC:-0.0015, RIC:-0.0364, prec@10:0.5730, SR:-0.0757
Test : loss:3.9049e+00 = 3.9043e+00 + alpha*5.6074e-03
  Perf: mse:3.9043e+00, IC:0.0023, RIC:0.0328, prec@10:0.5157, SR:1.6251

Epoch 82/100 ##########################################################
Train: loss:8.0092e-01 = 8.0078e-01 + alpha*1.3537e-03
Valid: loss:1.4309e+00 = 1.4307e+00 + alpha*1.6817e-03
  Perf: mse:1.4307e+00, IC:-0.0007, RIC:-0.0172, prec@10:0.5309, SR:0.1743
Test : loss:5.3868e+00 = 5.3861e+00 + alpha*6.8232e-03
  Perf: mse:5.3861e+00, IC:0.0023, RIC:0.0328, prec@10:0.5157, SR:1.6251

Epoch 83/100 ##########################################################
Train: loss:7.9881e-01 = 7.9868e-01 + alpha*1.3905e-03
Valid: loss:1.1387e+00 = 1.1386e+00 + alpha*9.6297e-04
  Perf: mse:1.1386e+00, IC:-0.0016, RIC:-0.0381, prec@10:0.5917, SR:-0.1659
Test : loss:3.6931e+00 = 3.6926e+00 + alpha*5.3997e-03
  Perf: mse:3.6926e+00, IC:0.0023, RIC:0.0328, prec@10:0.5157, SR:1.6251

Epoch 84/100 ##########################################################
Train: loss:8.0596e-01 = 8.0582e-01 + alpha*1.3371e-03
Valid: loss:1.3821e+00 = 1.3820e+00 + alpha*1.5758e-03
  Perf: mse:1.3820e+00, IC:-0.0003, RIC:-0.0068, prec@10:0.5370, SR:0.2939
Test : loss:5.2275e+00 = 5.2268e+00 + alpha*6.6980e-03
  Perf: mse:5.2268e+00, IC:0.0023, RIC:0.0328, prec@10:0.5157, SR:1.6251

Epoch 85/100 ##########################################################
Train: loss:8.0199e-01 = 8.0185e-01 + alpha*1.4148e-03
Valid: loss:1.5311e+00 = 1.5309e+00 + alpha*1.8412e-03
  Perf: mse:1.5309e+00, IC:-0.0003, RIC:-0.0083, prec@10:0.5309, SR:0.2315
Test : loss:5.9176e+00 = 5.9169e+00 + alpha*7.1993e-03
  Perf: mse:5.9169e+00, IC:0.0023, RIC:0.0328, prec@10:0.5157, SR:1.6251

Epoch 86/100 ##########################################################
Train: loss:8.0568e-01 = 8.0554e-01 + alpha*1.3861e-03
Valid: loss:1.4326e+00 = 1.4325e+00 + alpha*1.6623e-03
  Perf: mse:1.4325e+00, IC:-0.0008, RIC:-0.0191, prec@10:0.5322, SR:0.1635
Test : loss:5.5238e+00 = 5.5231e+00 + alpha*6.9143e-03
  Perf: mse:5.5231e+00, IC:0.0023, RIC:0.0328, prec@10:0.5157, SR:1.6251

Epoch 87/100 ##########################################################
Train: loss:8.1530e-01 = 8.1516e-01 + alpha*1.4361e-03
Valid: loss:1.2118e+00 = 1.2117e+00 + alpha*1.1846e-03
  Perf: mse:1.2117e+00, IC:-0.0019, RIC:-0.0466, prec@10:0.5617, SR:0.0336
Test : loss:4.3027e+00 = 4.3021e+00 + alpha*5.9521e-03
  Perf: mse:4.3021e+00, IC:0.0023, RIC:0.0328, prec@10:0.5157, SR:1.6251

Epoch 88/100 ##########################################################
Train: loss:7.9888e-01 = 7.9874e-01 + alpha*1.4139e-03
Valid: loss:1.2361e+00 = 1.2360e+00 + alpha*1.2257e-03
  Perf: mse:1.2360e+00, IC:-0.0019, RIC:-0.0466, prec@10:0.5617, SR:0.0336
Test : loss:4.5147e+00 = 4.5141e+00 + alpha*6.1211e-03
  Perf: mse:4.5141e+00, IC:0.0023, RIC:0.0328, prec@10:0.5157, SR:1.6251

Epoch 89/100 ##########################################################
Train: loss:7.9516e-01 = 7.9503e-01 + alpha*1.3702e-03
Valid: loss:1.3108e+00 = 1.3107e+00 + alpha*1.3905e-03
  Perf: mse:1.3107e+00, IC:-0.0012, RIC:-0.0289, prec@10:0.5457, SR:0.0991
Test : loss:4.9871e+00 = 4.9864e+00 + alpha*6.5014e-03
  Perf: mse:4.9864e+00, IC:0.0023, RIC:0.0328, prec@10:0.5157, SR:1.6251

Epoch 90/100 ##########################################################
Train: loss:7.9340e-01 = 7.9326e-01 + alpha*1.4163e-03
Valid: loss:1.2255e+00 = 1.2254e+00 + alpha*1.1842e-03
  Perf: mse:1.2254e+00, IC:-0.0009, RIC:-0.0221, prec@10:0.5730, SR:0.0890
Test : loss:4.4833e+00 = 4.4827e+00 + alpha*6.0874e-03
  Perf: mse:4.4827e+00, IC:0.0023, RIC:0.0328, prec@10:0.5157, SR:1.6251

Epoch 91/100 ##########################################################
Train: loss:7.9498e-01 = 7.9484e-01 + alpha*1.4224e-03
Valid: loss:1.1928e+00 = 1.1927e+00 + alpha*1.0834e-03
  Perf: mse:1.1927e+00, IC:-0.0013, RIC:-0.0309, prec@10:0.5883, SR:-0.0535
Test : loss:4.2450e+00 = 4.2444e+00 + alpha*5.8780e-03
  Perf: mse:4.2444e+00, IC:0.0023, RIC:0.0328, prec@10:0.5157, SR:1.6251

Epoch 92/100 ##########################################################
Train: loss:7.9118e-01 = 7.9104e-01 + alpha*1.3807e-03
Valid: loss:1.3028e+00 = 1.3026e+00 + alpha*1.3540e-03
  Perf: mse:1.3026e+00, IC:-0.0014, RIC:-0.0342, prec@10:0.5583, SR:0.0496
Test : loss:5.0217e+00 = 5.0210e+00 + alpha*6.5178e-03
  Perf: mse:5.0210e+00, IC:0.0023, RIC:0.0328, prec@10:0.5157, SR:1.6251

Epoch 93/100 ##########################################################
Train: loss:7.9710e-01 = 7.9696e-01 + alpha*1.4083e-03
Valid: loss:1.1359e+00 = 1.1359e+00 + alpha*8.5780e-04
  Perf: mse:1.1359e+00, IC:-0.0046, RIC:-0.1135, prec@10:0.6330, SR:-0.3404
Test : loss:3.5155e+00 = 3.5149e+00 + alpha*5.1896e-03
  Perf: mse:3.5149e+00, IC:0.0023, RIC:0.0328, prec@10:0.5157, SR:1.6251

Epoch 94/100 ##########################################################
Train: loss:7.9653e-01 = 7.9639e-01 + alpha*1.3996e-03
Valid: loss:1.2195e+00 = 1.2194e+00 + alpha*1.1575e-03
  Perf: mse:1.2194e+00, IC:-0.0016, RIC:-0.0386, prec@10:0.5743, SR:-0.0581
Test : loss:4.4661e+00 = 4.4655e+00 + alpha*6.0629e-03
  Perf: mse:4.4655e+00, IC:0.0023, RIC:0.0328, prec@10:0.5157, SR:1.6251

Epoch 95/100 ##########################################################
Train: loss:7.9500e-01 = 7.9485e-01 + alpha*1.4571e-03
Valid: loss:1.1469e+00 = 1.1468e+00 + alpha*8.8602e-04
  Perf: mse:1.1468e+00, IC:-0.0046, RIC:-0.1135, prec@10:0.6330, SR:-0.3404
Test : loss:3.6612e+00 = 3.6607e+00 + alpha*5.3229e-03
  Perf: mse:3.6607e+00, IC:0.0023, RIC:0.0328, prec@10:0.5157, SR:1.6251

Epoch 96/100 ##########################################################
Train: loss:7.9045e-01 = 7.9031e-01 + alpha*1.4307e-03
Valid: loss:1.1976e+00 = 1.1974e+00 + alpha*1.0811e-03
  Perf: mse:1.1974e+00, IC:-0.0016, RIC:-0.0381, prec@10:0.5917, SR:-0.1663
Test : loss:4.3047e+00 = 4.3041e+00 + alpha*5.9162e-03
  Perf: mse:4.3041e+00, IC:0.0023, RIC:0.0328, prec@10:0.5157, SR:1.6251

Epoch 97/100 ##########################################################
Train: loss:7.8689e-01 = 7.8675e-01 + alpha*1.4447e-03
Valid: loss:1.1846e+00 = 1.1845e+00 + alpha*9.9674e-04
  Perf: mse:1.1845e+00, IC:-0.0019, RIC:-0.0457, prec@10:0.6152, SR:0.0939
Test : loss:4.1142e+00 = 4.1136e+00 + alpha*5.7390e-03
  Perf: mse:4.1136e+00, IC:0.0023, RIC:0.0328, prec@10:0.5157, SR:1.6251

Epoch 98/100 ##########################################################
Train: loss:7.8948e-01 = 7.8933e-01 + alpha*1.4503e-03
Valid: loss:1.1757e+00 = 1.1756e+00 + alpha*9.8846e-04
  Perf: mse:1.1756e+00, IC:-0.0010, RIC:-0.0241, prec@10:0.6135, SR:0.2464
Test : loss:4.0703e+00 = 4.0697e+00 + alpha*5.6984e-03
  Perf: mse:4.0697e+00, IC:0.0023, RIC:0.0328, prec@10:0.5157, SR:1.6251

Epoch 99/100 ##########################################################
Train: loss:8.0603e-01 = 8.0589e-01 + alpha*1.4281e-03
Valid: loss:1.2091e+00 = 1.2090e+00 + alpha*1.1308e-03
  Perf: mse:1.2090e+00, IC:-0.0006, RIC:-0.0147, prec@10:0.5826, SR:0.1712
Test : loss:4.4337e+00 = 4.4331e+00 + alpha*6.0384e-03
  Perf: mse:4.4331e+00, IC:0.0023, RIC:0.0328, prec@10:0.5157, SR:1.6251

Epoch 100/100 ##########################################################
Train: loss:7.9365e-01 = 7.9351e-01 + alpha*1.4088e-03
Valid: loss:1.3123e+00 = 1.3121e+00 + alpha*1.3834e-03
  Perf: mse:1.3121e+00, IC:-0.0010, RIC:-0.0251, prec@10:0.5570, SR:0.0532
Test : loss:5.1303e+00 = 5.1296e+00 + alpha*6.6008e-03
  Perf: mse:5.1296e+00, IC:0.0023, RIC:0.0328, prec@10:0.5157, SR:1.6251

Training finished.

Training finished. Best validation performance was at epoch 28.
Best Validation Performance (based on lowest validation loss):
mse:9.8294e-01, IC:0.0003, RIC:0.0062, prec@10:0.5296, SR:0.3476
Corresponding Test Performance:
mse:1.2909e+00, IC:0.0023, RIC:0.0328, prec@10:0.5157, SR:1.6251
Results appended to ../training_results.xlsx
