为 'A_SHARE' 数据集加载预计算的 .pkl 文件...
市场为 A_SHARE，实际加载股票数量更新为: 4819
总交易天数: 252
根据 60%/20%/_ 分割比例 (已调整为满足最小数据集要求):
训练集天数 (0-indexed, up to valid_index-1): 151 (实际比例: 59.9%)
验证集天数 (valid_index to test_index-1): 50 (实际比例: 19.8%)
测试集天数 (test_index to end): 51 (实际比例: 20.2%)
验证集起始索引 (valid_index): 151
测试集起始索引 (test_index): 201
✅ 数据集分割检查通过
epoch1##########################################################
Train : loss:9.95e-02  =  9.91e-02 + alpha*7.35e-04
Valid : loss:1.87e-02  =  1.81e-02 + alpha*1.38e-03
Test: loss:7.87e-03  =  7.34e-03 + alpha*1.06e-03
Valid performance:
 mse:1.81e-02, IC:3.41e-03, RIC:1.37e-02, prec@10:4.86e-01, SR:1.59e+00
Test performance:
 mse:7.34e-03, IC:-1.54e-03, RIC:-1.06e-02, prec@10:4.88e-01, SR:3.45e-01 


epoch2##########################################################
Train : loss:3.89e-03  =  3.59e-03 + alpha*5.98e-04
Valid : loss:1.56e-02  =  1.49e-02 + alpha*1.23e-03
Test: loss:6.25e-03  =  5.80e-03 + alpha*9.09e-04
Valid performance:
 mse:1.49e-02, IC:-1.48e-03, RIC:-5.91e-03, prec@10:4.86e-01, SR:1.44e+00
Test performance:
 mse:5.80e-03, IC:-3.66e-03, RIC:-2.37e-02, prec@10:4.76e-01, SR:-5.73e-02 


epoch3##########################################################
Train : loss:3.25e-03  =  2.99e-03 + alpha*5.14e-04
Valid : loss:9.09e-03  =  8.57e-03 + alpha*1.04e-03
Test: loss:4.77e-03  =  4.39e-03 + alpha*7.64e-04
Valid performance:
 mse:8.57e-03, IC:-9.32e-03, RIC:-3.80e-02, prec@10:4.72e-01, SR:-1.48e-01
Test performance:
 mse:4.39e-03, IC:-8.31e-03, RIC:-5.23e-02, prec@10:4.53e-01, SR:-2.35e-01 


epoch4##########################################################
Train : loss:2.69e-03  =  2.46e-03 + alpha*4.49e-04
Valid : loss:9.40e-03  =  8.93e-03 + alpha*9.51e-04
Test: loss:4.18e-03  =  3.83e-03 + alpha*6.96e-04
Valid performance:
 mse:8.93e-03, IC:-2.04e-02, RIC:-8.58e-02, prec@10:4.66e-01, SR:-4.77e-01
Test performance:
 mse:3.83e-03, IC:-1.11e-02, RIC:-6.87e-02, prec@10:4.35e-01, SR:-4.30e-01 


epoch5##########################################################
Train : loss:2.28e-03  =  2.08e-03 + alpha*4.04e-04
Valid : loss:7.97e-03  =  7.54e-03 + alpha*8.61e-04
Test: loss:3.78e-03  =  3.47e-03 + alpha*6.32e-04
Valid performance:
 mse:7.54e-03, IC:-3.65e-02, RIC:-1.60e-01, prec@10:4.66e-01, SR:-1.75e+00
Test performance:
 mse:3.47e-03, IC:-1.24e-02, RIC:-7.62e-02, prec@10:4.43e-01, SR:-1.94e+00 


epoch6##########################################################
Train : loss:2.22e-03  =  2.03e-03 + alpha*3.74e-04
Valid : loss:6.96e-03  =  6.56e-03 + alpha*7.99e-04
Test: loss:3.52e-03  =  3.23e-03 + alpha*5.91e-04
Valid performance:
 mse:6.56e-03, IC:-4.97e-02, RIC:-2.24e-01, prec@10:4.60e-01, SR:-2.47e+00
Test performance:
 mse:3.23e-03, IC:-1.61e-02, RIC:-9.83e-02, prec@10:4.31e-01, SR:-2.46e+00 


epoch7##########################################################
