2025-06-11 11:10:04,771 - INFO - 🎯 股票预测模型批量训练系统
2025-06-11 11:10:04,772 - INFO - ================================================================================
2025-06-11 11:10:04,772 - INFO - 📊 目标数据集: NASDAQ
2025-06-11 11:10:04,772 - INFO - 🔧 运行模式: parallel
2025-06-11 11:10:04,773 - INFO - 📝 要运行的模型: ['StockPredict', 'GCN', 'LSTM', 'LinearModel', 'STHAN-SR']
2025-06-11 11:10:04,773 - INFO - 📝 总模型数量: 5
2025-06-11 11:10:04,773 - INFO - 📁 工作目录: C:\Users\Administrator\Desktop\Stock\src
2025-06-11 11:10:04,774 - INFO - ================================================================================
2025-06-11 11:10:04,774 - INFO - 
🔍 步骤0: 环境检查
2025-06-11 11:10:04,775 - INFO - 🔍 检查运行环境...
2025-06-11 11:10:07,780 - INFO - ✅ 检测到 1 个GPU
2025-06-11 11:10:07,780 - INFO - ✅ 环境检查通过
2025-06-11 11:10:07,781 - INFO - 
📝 步骤1: 更新数据集设置
2025-06-11 11:10:07,781 - INFO - 🔄 开始更新脚本的数据集设置为: NASDAQ
2025-06-11 11:10:07,783 - INFO - 📁 已备份: train.py -> ../backup_original_files\train.py.backup_20250611_111007
2025-06-11 11:10:07,784 - INFO - 📁 已备份: gcn_train.py -> ../backup_original_files\gcn_train.py.backup_20250611_111007
2025-06-11 11:10:07,786 - INFO - 📁 已备份: lstm_train.py -> ../backup_original_files\lstm_train.py.backup_20250611_111007
2025-06-11 11:10:07,787 - INFO - 📁 已备份: linear_train.py -> ../backup_original_files\linear_train.py.backup_20250611_111007
2025-06-11 11:10:07,789 - INFO - 📁 已备份: sthan_sr_train.py -> ../backup_original_files\sthan_sr_train.py.backup_20250611_111007
2025-06-11 11:10:07,791 - INFO - ✅ 已更新 train.py 中的market_name为: NASDAQ
2025-06-11 11:10:07,792 - INFO - ✅ 已更新 gcn_train.py 中的market_name为: NASDAQ
2025-06-11 11:10:07,794 - INFO - ✅ 已更新 lstm_train.py 中的market_name为: NASDAQ
2025-06-11 11:10:07,795 - INFO - ✅ 已更新 linear_train.py 中的market_name为: NASDAQ
2025-06-11 11:10:07,797 - INFO - ✅ 已更新 sthan_sr_train.py 中的market_name为: NASDAQ
2025-06-11 11:10:07,797 - INFO - ✅ 成功更新 5/5 个脚本
2025-06-11 11:10:07,798 - INFO - 
🚀 步骤2: 开始parallel训练
2025-06-11 11:10:08,805 - INFO - 🚀 开始并行训练所有模型...
2025-06-11 11:10:08,805 - WARNING - ⚠️  并行模式可能需要大量GPU内存!
2025-06-11 11:10:08,807 - INFO - 🚀 启动 StockPredict 训练线程...
2025-06-11 11:10:08,808 - INFO - 🚀 开始训练 StockPredict...
2025-06-11 11:10:09,817 - INFO - 🚀 启动 GCN 训练线程...
2025-06-11 11:10:09,817 - INFO - 🚀 开始训练 GCN...
2025-06-11 11:10:10,822 - INFO - 🚀 启动 LSTM 训练线程...
2025-06-11 11:10:10,822 - INFO - 🚀 开始训练 LSTM...
2025-06-11 11:10:11,837 - INFO - 🚀 启动 LinearModel 训练线程...
2025-06-11 11:10:11,838 - INFO - 🚀 开始训练 LinearModel...
2025-06-11 11:10:12,847 - INFO - 🚀 启动 STHAN-SR 训练线程...
2025-06-11 11:10:12,848 - INFO - 🚀 开始训练 STHAN-SR...
2025-06-11 11:23:54,571 - INFO - ✅ LinearModel 训练完成! 耗时: 822.7秒
2025-06-11 11:23:54,572 - INFO - 📄 详细日志: ../logs\batch_training_NASDAQ_20250611_111004_LinearModel.log
2025-06-11 11:24:28,713 - INFO - ✅ GCN 训练完成! 耗时: 858.9秒
2025-06-11 11:24:28,713 - INFO - 📄 详细日志: ../logs\batch_training_NASDAQ_20250611_111004_GCN.log
2025-06-11 11:26:36,487 - INFO - ✅ STHAN-SR 训练完成! 耗时: 983.6秒
2025-06-11 11:26:36,487 - INFO - 📄 详细日志: ../logs\batch_training_NASDAQ_20250611_111004_STHAN-SR.log
2025-06-11 11:29:34,062 - INFO - ✅ LSTM 训练完成! 耗时: 1163.2秒
2025-06-11 11:29:34,063 - INFO - 📄 详细日志: ../logs\batch_training_NASDAQ_20250611_111004_LSTM.log
2025-06-11 11:55:29,570 - INFO - ✅ StockPredict 训练完成! 耗时: 2720.8秒
2025-06-11 11:55:29,571 - INFO - 📄 详细日志: ../logs\batch_training_NASDAQ_20250611_111004_StockPredict.log
2025-06-11 11:55:29,572 - INFO - 
🏁 所有模型训练完成! 总耗时: 2720.8秒
2025-06-11 11:55:29,572 - INFO - 
📊 步骤3: 汇总结果
2025-06-11 11:55:29,572 - INFO - 
================================================================================
2025-06-11 11:55:29,573 - INFO - 📊 训练结果汇总
2025-06-11 11:55:29,573 - INFO - ================================================================================
2025-06-11 11:55:29,573 - INFO - StockPredict   : ✅ 成功 (耗时: 2720.8s)
2025-06-11 11:55:29,574 - INFO - GCN            : ✅ 成功 (耗时: 858.9s)
2025-06-11 11:55:29,574 - INFO - LSTM           : ✅ 成功 (耗时: 1163.2s)
2025-06-11 11:55:29,574 - INFO - LinearModel    : ✅ 成功 (耗时: 822.7s)
2025-06-11 11:55:29,574 - INFO - STHAN-SR       : ✅ 成功 (耗时: 983.6s)
2025-06-11 11:55:29,574 - INFO - --------------------------------------------------------------------------------
2025-06-11 11:55:29,575 - INFO - 总计: 5/5 个模型训练成功
2025-06-11 11:55:29,575 - INFO - 🎉 所有模型训练完成！
2025-06-11 11:55:29,575 - INFO - 📈 结果文件: ../training_results.xlsx
2025-06-11 11:55:29,576 - INFO -    文件大小: 9196 bytes
2025-06-11 11:55:29,576 - INFO -    修改时间: 2025-06-11 11:55:28
2025-06-11 11:55:29,609 - INFO -    记录数量: 25 条
2025-06-11 11:55:29,610 - INFO -    最近结果:
2025-06-11 11:55:29,611 - INFO -      LinearModel: IC=-0.0093
2025-06-11 11:55:29,612 - INFO -      LinearModel: IC=0.0015
2025-06-11 11:55:29,612 - INFO -      LinearModel: IC=0.0015
2025-06-11 11:55:29,613 - INFO -      LinearModel: IC=-0.0024
2025-06-11 11:55:29,613 - INFO -      StockPredict: IC=0.0010
2025-06-11 11:55:29,613 - INFO - 
🎉 批量训练任务完成!
2025-06-11 11:55:29,613 - INFO - 📄 完整日志保存在: ../logs\batch_training_NASDAQ_20250611_111004.log
