Using device: cuda
Loading data from: ../dataset\NASDAQ
Warning: stock_num (1026) does not match eod_data.shape[0] (561). Adjusting stock_num.
市场为 NASDAQ，实际加载股票数量更新为: 561
总交易天数: 1148
根据 60%/20%/_ 分割比例 (已调整为满足最小数据集要求):
训练集天数 (0-indexed, up to valid_index-1): 688 (实际比例: 59.9%)
验证集天数 (valid_index to test_index-1): 230 (实际比例: 20.0%)
测试集天数 (test_index to end): 230 (实际比例: 20.0%)
验证集起始索引 (valid_index): 688
测试集起始索引 (test_index): 918
✅ 数据集分割检查通过
Starting training...
Epoch 1/100 ##########################################################
Train: loss:9.1661e-01 = 9.1628e-01 + alpha*3.2729e-03
Valid: loss:1.9911e+00 = 1.9898e+00 + alpha*1.2160e-02
  Perf: mse:1.9899e+00, IC:0.0157, RIC:0.1286, prec@10:0.4852, SR:3.0999
Test : loss:3.5117e+00 = 3.5099e+00 + alpha*1.8363e-02
  Perf: mse:3.5099e+00, IC:0.0034, RIC:0.0306, prec@10:0.4861, SR:1.1575

New best validation loss found at epoch 1
Epoch 2/100 ##########################################################
Train: loss:6.7085e-01 = 6.7045e-01 + alpha*4.0045e-03
Valid: loss:1.5705e+00 = 1.5695e+00 + alpha*1.0326e-02
  Perf: mse:1.5695e+00, IC:0.0157, RIC:0.1286, prec@10:0.4852, SR:3.0999
Test : loss:2.6752e+00 = 2.6737e+00 + alpha*1.5741e-02
  Perf: mse:2.6737e+00, IC:0.0034, RIC:0.0306, prec@10:0.4861, SR:1.1575

New best validation loss found at epoch 2
Epoch 3/100 ##########################################################
Train: loss:6.6789e-01 = 6.6749e-01 + alpha*4.0132e-03
Valid: loss:1.4630e+00 = 1.4620e+00 + alpha*9.7718e-03
  Perf: mse:1.4620e+00, IC:0.0157, RIC:0.1286, prec@10:0.4852, SR:3.0999
Test : loss:2.4663e+00 = 2.4648e+00 + alpha*1.4992e-02
  Perf: mse:2.4648e+00, IC:0.0034, RIC:0.0306, prec@10:0.4861, SR:1.1575

New best validation loss found at epoch 3
Epoch 4/100 ##########################################################
Train: loss:6.6739e-01 = 6.6699e-01 + alpha*4.0179e-03
Valid: loss:1.5182e+00 = 1.5172e+00 + alpha*1.0057e-02
  Perf: mse:1.5172e+00, IC:0.0157, RIC:0.1286, prec@10:0.4852, SR:3.0999
Test : loss:2.6000e+00 = 2.5985e+00 + alpha*1.5469e-02
  Perf: mse:2.5985e+00, IC:0.0034, RIC:0.0306, prec@10:0.4861, SR:1.1575

Epoch 5/100 ##########################################################
Train: loss:6.6612e-01 = 6.6572e-01 + alpha*3.9712e-03
Valid: loss:1.4699e+00 = 1.4689e+00 + alpha*9.8006e-03
  Perf: mse:1.4689e+00, IC:0.0157, RIC:0.1286, prec@10:0.4852, SR:3.0999
Test : loss:2.5180e+00 = 2.5165e+00 + alpha*1.5170e-02
  Perf: mse:2.5165e+00, IC:0.0034, RIC:0.0306, prec@10:0.4861, SR:1.1575

Epoch 6/100 ##########################################################
Train: loss:6.6510e-01 = 6.6469e-01 + alpha*4.0505e-03
Valid: loss:1.5427e+00 = 1.5417e+00 + alpha*1.0172e-02
  Perf: mse:1.5417e+00, IC:0.0157, RIC:0.1286, prec@10:0.4852, SR:3.0999
Test : loss:2.6946e+00 = 2.6931e+00 + alpha*1.5789e-02
  Perf: mse:2.6931e+00, IC:0.0034, RIC:0.0306, prec@10:0.4861, SR:1.1575

Epoch 7/100 ##########################################################
Train: loss:6.6435e-01 = 6.6395e-01 + alpha*3.9866e-03
Valid: loss:1.4977e+00 = 1.4967e+00 + alpha*9.9369e-03
  Perf: mse:1.4967e+00, IC:0.0157, RIC:0.1286, prec@10:0.4852, SR:3.0999
Test : loss:2.6234e+00 = 2.6219e+00 + alpha*1.5534e-02
  Perf: mse:2.6219e+00, IC:0.0034, RIC:0.0306, prec@10:0.4861, SR:1.1575

Epoch 8/100 ##########################################################
Train: loss:6.6284e-01 = 6.6244e-01 + alpha*4.0250e-03
Valid: loss:1.5193e+00 = 1.5182e+00 + alpha*1.0042e-02
  Perf: mse:1.5182e+00, IC:0.0157, RIC:0.1286, prec@10:0.4852, SR:3.0999
Test : loss:2.6958e+00 = 2.6943e+00 + alpha*1.5780e-02
  Perf: mse:2.6943e+00, IC:0.0034, RIC:0.0306, prec@10:0.4861, SR:1.1575

Epoch 9/100 ##########################################################
Train: loss:6.6168e-01 = 6.6128e-01 + alpha*4.0388e-03
Valid: loss:1.5345e+00 = 1.5335e+00 + alpha*1.0114e-02
  Perf: mse:1.5335e+00, IC:0.0157, RIC:0.1286, prec@10:0.4852, SR:3.0999
Test : loss:2.7571e+00 = 2.7555e+00 + alpha*1.5982e-02
  Perf: mse:2.7555e+00, IC:0.0034, RIC:0.0306, prec@10:0.4861, SR:1.1575

Epoch 10/100 ##########################################################
Train: loss:6.6080e-01 = 6.6040e-01 + alpha*3.9827e-03
Valid: loss:1.4501e+00 = 1.4491e+00 + alpha*9.6662e-03
  Perf: mse:1.4491e+00, IC:0.0157, RIC:0.1286, prec@10:0.4852, SR:3.0999
Test : loss:2.6015e+00 = 2.6000e+00 + alpha*1.5435e-02
  Perf: mse:2.6000e+00, IC:0.0034, RIC:0.0306, prec@10:0.4861, SR:1.1575

New best validation loss found at epoch 10
Epoch 11/100 ##########################################################
Train: loss:6.5906e-01 = 6.5866e-01 + alpha*4.0372e-03
Valid: loss:1.4795e+00 = 1.4785e+00 + alpha*9.8159e-03
  Perf: mse:1.4785e+00, IC:0.0157, RIC:0.1286, prec@10:0.4852, SR:3.0999
Test : loss:2.6974e+00 = 2.6958e+00 + alpha*1.5762e-02
  Perf: mse:2.6958e+00, IC:0.0034, RIC:0.0306, prec@10:0.4861, SR:1.1575

Epoch 12/100 ##########################################################
Train: loss:6.5838e-01 = 6.5798e-01 + alpha*3.9986e-03
Valid: loss:1.4513e+00 = 1.4504e+00 + alpha*9.6580e-03
  Perf: mse:1.4504e+00, IC:0.0157, RIC:0.1286, prec@10:0.4852, SR:3.0999
Test : loss:2.6657e+00 = 2.6641e+00 + alpha*1.5643e-02
  Perf: mse:2.6641e+00, IC:0.0034, RIC:0.0306, prec@10:0.4861, SR:1.1575

Epoch 13/100 ##########################################################
Train: loss:6.5696e-01 = 6.5656e-01 + alpha*4.0509e-03
Valid: loss:1.4105e+00 = 1.4096e+00 + alpha*9.4256e-03
  Perf: mse:1.4096e+00, IC:0.0157, RIC:0.1286, prec@10:0.4852, SR:3.0999
Test : loss:2.6047e+00 = 2.6032e+00 + alpha*1.5420e-02
  Perf: mse:2.6032e+00, IC:0.0034, RIC:0.0306, prec@10:0.4861, SR:1.1575

New best validation loss found at epoch 13
Epoch 14/100 ##########################################################
Train: loss:6.5584e-01 = 6.5543e-01 + alpha*4.0214e-03
Valid: loss:1.3232e+00 = 1.3223e+00 + alpha*8.9063e-03
  Perf: mse:1.3223e+00, IC:0.0157, RIC:0.1286, prec@10:0.4852, SR:3.0999
Test : loss:2.4313e+00 = 2.4299e+00 + alpha*1.4780e-02
  Perf: mse:2.4299e+00, IC:0.0034, RIC:0.0306, prec@10:0.4861, SR:1.1575

New best validation loss found at epoch 14
Epoch 15/100 ##########################################################
Train: loss:6.5491e-01 = 6.5451e-01 + alpha*3.9553e-03
Valid: loss:1.4318e+00 = 1.4308e+00 + alpha*9.5260e-03
  Perf: mse:1.4308e+00, IC:0.0157, RIC:0.1286, prec@10:0.4852, SR:3.0999
Test : loss:2.7220e+00 = 2.7204e+00 + alpha*1.5809e-02
  Perf: mse:2.7204e+00, IC:0.0034, RIC:0.0306, prec@10:0.4861, SR:1.1575

Epoch 16/100 ##########################################################
Train: loss:6.5359e-01 = 6.5319e-01 + alpha*4.0510e-03
Valid: loss:1.3257e+00 = 1.3248e+00 + alpha*8.9015e-03
  Perf: mse:1.3248e+00, IC:0.0157, RIC:0.1286, prec@10:0.4852, SR:3.0999
Test : loss:2.5037e+00 = 2.5022e+00 + alpha*1.5026e-02
  Perf: mse:2.5022e+00, IC:0.0034, RIC:0.0306, prec@10:0.4861, SR:1.1575

Epoch 17/100 ##########################################################
Train: loss:6.5211e-01 = 6.5171e-01 + alpha*4.0027e-03
Valid: loss:1.4578e+00 = 1.4568e+00 + alpha*9.6484e-03
  Perf: mse:1.4568e+00, IC:0.0157, RIC:0.1286, prec@10:0.4852, SR:3.0999
Test : loss:2.8562e+00 = 2.8546e+00 + alpha*1.6241e-02
  Perf: mse:2.8546e+00, IC:0.0034, RIC:0.0306, prec@10:0.4861, SR:1.1575

Epoch 18/100 ##########################################################
Train: loss:6.5227e-01 = 6.5187e-01 + alpha*4.0120e-03
Valid: loss:1.3682e+00 = 1.3673e+00 + alpha*9.1352e-03
  Perf: mse:1.3673e+00, IC:0.0157, RIC:0.1286, prec@10:0.4852, SR:3.0999
Test : loss:2.6764e+00 = 2.6749e+00 + alpha*1.5621e-02
  Perf: mse:2.6749e+00, IC:0.0034, RIC:0.0306, prec@10:0.4861, SR:1.1575

Epoch 19/100 ##########################################################
Train: loss:6.5011e-01 = 6.4971e-01 + alpha*4.0150e-03
Valid: loss:1.4011e+00 = 1.4001e+00 + alpha*9.3143e-03
  Perf: mse:1.4001e+00, IC:0.0157, RIC:0.1286, prec@10:0.4852, SR:3.0999
Test : loss:2.7927e+00 = 2.7911e+00 + alpha*1.6008e-02
  Perf: mse:2.7911e+00, IC:0.0034, RIC:0.0306, prec@10:0.4861, SR:1.1575

Epoch 20/100 ##########################################################
Train: loss:6.5137e-01 = 6.5097e-01 + alpha*4.0208e-03
Valid: loss:1.1672e+00 = 1.1664e+00 + alpha*7.7862e-03
  Perf: mse:1.1664e+00, IC:0.0157, RIC:0.1286, prec@10:0.4852, SR:3.0999
Test : loss:2.2205e+00 = 2.2191e+00 + alpha*1.3895e-02
  Perf: mse:2.2191e+00, IC:0.0034, RIC:0.0306, prec@10:0.4861, SR:1.1575

New best validation loss found at epoch 20
Epoch 21/100 ##########################################################
Train: loss:6.4966e-01 = 6.4925e-01 + alpha*4.0371e-03
Valid: loss:1.3549e+00 = 1.3540e+00 + alpha*9.0256e-03
  Perf: mse:1.3540e+00, IC:0.0157, RIC:0.1286, prec@10:0.4852, SR:3.0999
Test : loss:2.7445e+00 = 2.7430e+00 + alpha*1.5824e-02
  Perf: mse:2.7430e+00, IC:0.0034, RIC:0.0306, prec@10:0.4861, SR:1.1575

Epoch 22/100 ##########################################################
Train: loss:6.4711e-01 = 6.4671e-01 + alpha*4.0232e-03
Valid: loss:1.1910e+00 = 1.1902e+00 + alpha*7.9389e-03
  Perf: mse:1.1902e+00, IC:0.0157, RIC:0.1286, prec@10:0.4852, SR:3.0999
Test : loss:2.3426e+00 = 2.3412e+00 + alpha*1.4355e-02
  Perf: mse:2.3412e+00, IC:0.0034, RIC:0.0306, prec@10:0.4861, SR:1.1575

Epoch 23/100 ##########################################################
Train: loss:6.4741e-01 = 6.4702e-01 + alpha*3.9756e-03
Valid: loss:1.2843e+00 = 1.2834e+00 + alpha*8.5654e-03
  Perf: mse:1.2834e+00, IC:0.0157, RIC:0.1286, prec@10:0.4852, SR:3.0999
Test : loss:2.6271e+00 = 2.6255e+00 + alpha*1.5394e-02
  Perf: mse:2.6255e+00, IC:0.0034, RIC:0.0306, prec@10:0.4861, SR:1.1575

Epoch 24/100 ##########################################################
Train: loss:6.4634e-01 = 6.4594e-01 + alpha*3.9969e-03
Valid: loss:1.3005e+00 = 1.2997e+00 + alpha*8.6572e-03
  Perf: mse:1.2997e+00, IC:0.0157, RIC:0.1286, prec@10:0.4852, SR:3.0999
Test : loss:2.7021e+00 = 2.7005e+00 + alpha*1.5646e-02
  Perf: mse:2.7005e+00, IC:0.0034, RIC:0.0306, prec@10:0.4861, SR:1.1575

Epoch 25/100 ##########################################################
Train: loss:6.4536e-01 = 6.4496e-01 + alpha*4.0188e-03
Valid: loss:1.2562e+00 = 1.2554e+00 + alpha*8.3568e-03
  Perf: mse:1.2554e+00, IC:0.0157, RIC:0.1286, prec@10:0.4852, SR:3.0999
Test : loss:2.6124e+00 = 2.6109e+00 + alpha*1.5321e-02
  Perf: mse:2.6109e+00, IC:0.0034, RIC:0.0306, prec@10:0.4861, SR:1.1575

Epoch 26/100 ##########################################################
Train: loss:6.4512e-01 = 6.4472e-01 + alpha*4.0427e-03
Valid: loss:1.1525e+00 = 1.1518e+00 + alpha*7.5955e-03
  Perf: mse:1.1518e+00, IC:0.0157, RIC:0.1286, prec@10:0.4852, SR:3.0999
Test : loss:2.3435e+00 = 2.3421e+00 + alpha*1.4313e-02
  Perf: mse:2.3421e+00, IC:0.0034, RIC:0.0306, prec@10:0.4861, SR:1.1575

New best validation loss found at epoch 26
Epoch 27/100 ##########################################################
Train: loss:6.4416e-01 = 6.4376e-01 + alpha*4.0051e-03
Valid: loss:1.2614e+00 = 1.2606e+00 + alpha*8.3688e-03
  Perf: mse:1.2606e+00, IC:0.0157, RIC:0.1286, prec@10:0.4852, SR:3.0999
Test : loss:2.6816e+00 = 2.6800e+00 + alpha*1.5544e-02
  Perf: mse:2.6800e+00, IC:0.0034, RIC:0.0306, prec@10:0.4861, SR:1.1575

Epoch 28/100 ##########################################################
Train: loss:6.4468e-01 = 6.4427e-01 + alpha*4.0296e-03
Valid: loss:9.9659e-01 = 9.9598e-01 + alpha*6.0976e-03
  Perf: mse:9.9598e-01, IC:0.0157, RIC:0.1286, prec@10:0.4852, SR:3.0999
Test : loss:1.8807e+00 = 1.8795e+00 + alpha*1.2322e-02
  Perf: mse:1.8795e+00, IC:0.0034, RIC:0.0306, prec@10:0.4861, SR:1.1575

New best validation loss found at epoch 28
Epoch 29/100 ##########################################################
Train: loss:6.4508e-01 = 6.4468e-01 + alpha*3.9981e-03
Valid: loss:1.1083e+00 = 1.1076e+00 + alpha*7.1962e-03
  Perf: mse:1.1076e+00, IC:0.0157, RIC:0.1286, prec@10:0.4852, SR:3.0999
Test : loss:2.2733e+00 = 2.2719e+00 + alpha*1.4008e-02
  Perf: mse:2.2719e+00, IC:0.0034, RIC:0.0306, prec@10:0.4861, SR:1.1575

Epoch 30/100 ##########################################################
Train: loss:6.4307e-01 = 6.4267e-01 + alpha*4.0197e-03
Valid: loss:1.0889e+00 = 1.0882e+00 + alpha*7.0145e-03
  Perf: mse:1.0882e+00, IC:0.0157, RIC:0.1286, prec@10:0.4852, SR:3.0999
Test : loss:2.2271e+00 = 2.2257e+00 + alpha*1.3814e-02
  Perf: mse:2.2257e+00, IC:0.0034, RIC:0.0306, prec@10:0.4861, SR:1.1575

Epoch 31/100 ##########################################################
Train: loss:6.4297e-01 = 6.4257e-01 + alpha*3.9922e-03
Valid: loss:1.1646e+00 = 1.1639e+00 + alpha*7.6332e-03
  Perf: mse:1.1639e+00, IC:0.0157, RIC:0.1286, prec@10:0.4852, SR:3.0999
Test : loss:2.4837e+00 = 2.4822e+00 + alpha*1.4800e-02
  Perf: mse:2.4822e+00, IC:0.0034, RIC:0.0306, prec@10:0.4861, SR:1.1575

Epoch 32/100 ##########################################################
Train: loss:6.4133e-01 = 6.4092e-01 + alpha*4.0407e-03
Valid: loss:1.2122e+00 = 1.2114e+00 + alpha*7.9777e-03
  Perf: mse:1.2114e+00, IC:0.0157, RIC:0.1286, prec@10:0.4852, SR:3.0999
Test : loss:2.6447e+00 = 2.6432e+00 + alpha*1.5375e-02
  Perf: mse:2.6432e+00, IC:0.0034, RIC:0.0306, prec@10:0.4861, SR:1.1575

Epoch 33/100 ##########################################################
Train: loss:6.4104e-01 = 6.4064e-01 + alpha*3.9865e-03
Valid: loss:1.1671e+00 = 1.1664e+00 + alpha*7.6317e-03
  Perf: mse:1.1664e+00, IC:0.0157, RIC:0.1286, prec@10:0.4852, SR:3.0999
Test : loss:2.5261e+00 = 2.5246e+00 + alpha*1.4940e-02
  Perf: mse:2.5246e+00, IC:0.0034, RIC:0.0306, prec@10:0.4861, SR:1.1575

Epoch 34/100 ##########################################################
Train: loss:6.4215e-01 = 6.4175e-01 + alpha*4.0217e-03
Valid: loss:1.2321e+00 = 1.2313e+00 + alpha*8.1025e-03
  Perf: mse:1.2313e+00, IC:0.0157, RIC:0.1286, prec@10:0.4852, SR:3.0999
Test : loss:2.7355e+00 = 2.7340e+00 + alpha*1.5679e-02
  Perf: mse:2.7340e+00, IC:0.0034, RIC:0.0306, prec@10:0.4861, SR:1.1575

Epoch 35/100 ##########################################################
Train: loss:6.4130e-01 = 6.4090e-01 + alpha*4.0289e-03
Valid: loss:1.1832e+00 = 1.1824e+00 + alpha*7.7379e-03
  Perf: mse:1.1824e+00, IC:0.0157, RIC:0.1286, prec@10:0.4852, SR:3.0999
Test : loss:2.6024e+00 = 2.6009e+00 + alpha*1.5204e-02
  Perf: mse:2.6009e+00, IC:0.0034, RIC:0.0306, prec@10:0.4861, SR:1.1575

Epoch 36/100 ##########################################################
Train: loss:6.4109e-01 = 6.4069e-01 + alpha*4.0147e-03
Valid: loss:1.2851e+00 = 1.2842e+00 + alpha*8.4452e-03
  Perf: mse:1.2842e+00, IC:0.0157, RIC:0.1286, prec@10:0.4852, SR:3.0999
Test : loss:2.9200e+00 = 2.9184e+00 + alpha*1.6287e-02
  Perf: mse:2.9184e+00, IC:0.0034, RIC:0.0306, prec@10:0.4861, SR:1.1575

Epoch 37/100 ##########################################################
Train: loss:6.4023e-01 = 6.3983e-01 + alpha*4.0013e-03
Valid: loss:1.2308e+00 = 1.2300e+00 + alpha*8.0696e-03
  Perf: mse:1.2300e+00, IC:0.0157, RIC:0.1286, prec@10:0.4852, SR:3.0999
Test : loss:2.7711e+00 = 2.7695e+00 + alpha*1.5783e-02
  Perf: mse:2.7695e+00, IC:0.0034, RIC:0.0306, prec@10:0.4861, SR:1.1575

Epoch 38/100 ##########################################################
Train: loss:6.4041e-01 = 6.4001e-01 + alpha*3.9950e-03
Valid: loss:1.1994e+00 = 1.1986e+00 + alpha*7.8362e-03
  Perf: mse:1.1986e+00, IC:0.0157, RIC:0.1286, prec@10:0.4852, SR:3.0999
Test : loss:2.6850e+00 = 2.6835e+00 + alpha*1.5481e-02
  Perf: mse:2.6835e+00, IC:0.0034, RIC:0.0306, prec@10:0.4861, SR:1.1575

Epoch 39/100 ##########################################################
Train: loss:6.4036e-01 = 6.3995e-01 + alpha*4.0353e-03
Valid: loss:1.0873e+00 = 1.0866e+00 + alpha*6.9119e-03
  Perf: mse:1.0866e+00, IC:0.0157, RIC:0.1286, prec@10:0.4852, SR:3.0999
Test : loss:2.3287e+00 = 2.3272e+00 + alpha*1.4159e-02
  Perf: mse:2.3272e+00, IC:0.0034, RIC:0.0306, prec@10:0.4861, SR:1.1575

Epoch 40/100 ##########################################################
Train: loss:6.3996e-01 = 6.3956e-01 + alpha*3.9938e-03
Valid: loss:1.1245e+00 = 1.1238e+00 + alpha*7.2334e-03
  Perf: mse:1.1238e+00, IC:0.0157, RIC:0.1286, prec@10:0.4852, SR:3.0999
Test : loss:2.4602e+00 = 2.4587e+00 + alpha*1.4659e-02
  Perf: mse:2.4587e+00, IC:0.0034, RIC:0.0306, prec@10:0.4861, SR:1.1575

Epoch 41/100 ##########################################################
Train: loss:6.4045e-01 = 6.4005e-01 + alpha*4.0112e-03
Valid: loss:1.2638e+00 = 1.2630e+00 + alpha*8.2759e-03
  Perf: mse:1.2630e+00, IC:0.0157, RIC:0.1286, prec@10:0.4852, SR:3.0999
Test : loss:2.8998e+00 = 2.8981e+00 + alpha*1.6201e-02
  Perf: mse:2.8981e+00, IC:0.0034, RIC:0.0306, prec@10:0.4861, SR:1.1575

Epoch 42/100 ##########################################################
Train: loss:6.3965e-01 = 6.3924e-01 + alpha*4.0351e-03
Valid: loss:1.1331e+00 = 1.1324e+00 + alpha*7.2942e-03
  Perf: mse:1.1324e+00, IC:0.0157, RIC:0.1286, prec@10:0.4852, SR:3.0999
Test : loss:2.4990e+00 = 2.4975e+00 + alpha*1.4796e-02
  Perf: mse:2.4975e+00, IC:0.0034, RIC:0.0306, prec@10:0.4861, SR:1.1575

Epoch 43/100 ##########################################################
Train: loss:6.3960e-01 = 6.3919e-01 + alpha*4.0280e-03
Valid: loss:1.2234e+00 = 1.2226e+00 + alpha*7.9859e-03
  Perf: mse:1.2226e+00, IC:0.0157, RIC:0.1286, prec@10:0.4852, SR:3.0999
Test : loss:2.7884e+00 = 2.7869e+00 + alpha*1.5822e-02
  Perf: mse:2.7869e+00, IC:0.0034, RIC:0.0306, prec@10:0.4861, SR:1.1575

Epoch 44/100 ##########################################################
Train: loss:6.3955e-01 = 6.3915e-01 + alpha*3.9742e-03
Valid: loss:1.2815e+00 = 1.2806e+00 + alpha*8.3822e-03
  Perf: mse:1.2806e+00, IC:0.0157, RIC:0.1286, prec@10:0.4852, SR:3.0999
Test : loss:2.9649e+00 = 2.9632e+00 + alpha*1.6408e-02
  Perf: mse:2.9632e+00, IC:0.0034, RIC:0.0306, prec@10:0.4861, SR:1.1575

Epoch 45/100 ##########################################################
Train: loss:6.3998e-01 = 6.3957e-01 + alpha*4.0488e-03
Valid: loss:1.2026e+00 = 1.2018e+00 + alpha*7.8276e-03
  Perf: mse:1.2018e+00, IC:0.0157, RIC:0.1286, prec@10:0.4852, SR:3.0999
Test : loss:2.7273e+00 = 2.7257e+00 + alpha*1.5608e-02
  Perf: mse:2.7257e+00, IC:0.0034, RIC:0.0306, prec@10:0.4861, SR:1.1575

Epoch 46/100 ##########################################################
Train: loss:6.3981e-01 = 6.3941e-01 + alpha*3.9929e-03
Valid: loss:1.1820e+00 = 1.1813e+00 + alpha*7.6695e-03
  Perf: mse:1.1813e+00, IC:0.0157, RIC:0.1286, prec@10:0.4852, SR:3.0999
Test : loss:2.6646e+00 = 2.6630e+00 + alpha*1.5386e-02
  Perf: mse:2.6630e+00, IC:0.0034, RIC:0.0306, prec@10:0.4861, SR:1.1575

Epoch 47/100 ##########################################################
Train: loss:6.3873e-01 = 6.3832e-01 + alpha*4.0331e-03
Valid: loss:1.1498e+00 = 1.1490e+00 + alpha*7.4117e-03
  Perf: mse:1.1490e+00, IC:0.0157, RIC:0.1286, prec@10:0.4852, SR:3.0999
Test : loss:2.5628e+00 = 2.5613e+00 + alpha*1.5019e-02
  Perf: mse:2.5613e+00, IC:0.0034, RIC:0.0306, prec@10:0.4861, SR:1.1575

Epoch 48/100 ##########################################################
Train: loss:6.3916e-01 = 6.3876e-01 + alpha*4.0088e-03
Valid: loss:1.1181e+00 = 1.1174e+00 + alpha*7.1428e-03
  Perf: mse:1.1174e+00, IC:0.0157, RIC:0.1286, prec@10:0.4852, SR:3.0999
Test : loss:2.4592e+00 = 2.4577e+00 + alpha*1.4634e-02
  Perf: mse:2.4577e+00, IC:0.0034, RIC:0.0306, prec@10:0.4861, SR:1.1575

Epoch 49/100 ##########################################################
Train: loss:6.3885e-01 = 6.3845e-01 + alpha*4.0302e-03
Valid: loss:1.1227e+00 = 1.1220e+00 + alpha*7.1791e-03
  Perf: mse:1.1220e+00, IC:0.0157, RIC:0.1286, prec@10:0.4852, SR:3.0999
Test : loss:2.4751e+00 = 2.4736e+00 + alpha*1.4691e-02
  Perf: mse:2.4736e+00, IC:0.0034, RIC:0.0306, prec@10:0.4861, SR:1.1575

Epoch 50/100 ##########################################################
Train: loss:6.3869e-01 = 6.3829e-01 + alpha*3.9871e-03
Valid: loss:1.2258e+00 = 1.2250e+00 + alpha*7.9811e-03
  Perf: mse:1.2250e+00, IC:0.0157, RIC:0.1286, prec@10:0.4852, SR:3.0999
Test : loss:2.8058e+00 = 2.8042e+00 + alpha*1.5868e-02
  Perf: mse:2.8042e+00, IC:0.0034, RIC:0.0306, prec@10:0.4861, SR:1.1575

Epoch 51/100 ##########################################################
Train: loss:6.4081e-01 = 6.4041e-01 + alpha*4.0389e-03
Valid: loss:1.1059e+00 = 1.1052e+00 + alpha*7.0265e-03
  Perf: mse:1.1052e+00, IC:0.0157, RIC:0.1286, prec@10:0.4852, SR:3.0999
Test : loss:2.4168e+00 = 2.4154e+00 + alpha*1.4468e-02
  Perf: mse:2.4154e+00, IC:0.0034, RIC:0.0306, prec@10:0.4861, SR:1.1575

Epoch 52/100 ##########################################################
Train: loss:6.3851e-01 = 6.3811e-01 + alpha*4.0100e-03
Valid: loss:1.3321e+00 = 1.3312e+00 + alpha*8.6881e-03
  Perf: mse:1.3312e+00, IC:0.0157, RIC:0.1286, prec@10:0.4852, SR:3.0999
Test : loss:3.1182e+00 = 3.1166e+00 + alpha*1.6887e-02
  Perf: mse:3.1166e+00, IC:0.0034, RIC:0.0306, prec@10:0.4861, SR:1.1575

Epoch 53/100 ##########################################################
Train: loss:6.3920e-01 = 6.3880e-01 + alpha*4.0074e-03
Valid: loss:1.1482e+00 = 1.1475e+00 + alpha*7.3844e-03
  Perf: mse:1.1475e+00, IC:0.0157, RIC:0.1286, prec@10:0.4852, SR:3.0999
Test : loss:2.5523e+00 = 2.5508e+00 + alpha*1.4973e-02
  Perf: mse:2.5508e+00, IC:0.0034, RIC:0.0306, prec@10:0.4861, SR:1.1575

Epoch 54/100 ##########################################################
Train: loss:6.3992e-01 = 6.3951e-01 + alpha*4.0306e-03
Valid: loss:1.1169e+00 = 1.1162e+00 + alpha*7.1203e-03
  Perf: mse:1.1162e+00, IC:0.0157, RIC:0.1286, prec@10:0.4852, SR:3.0999
Test : loss:2.4439e+00 = 2.4424e+00 + alpha*1.4571e-02
  Perf: mse:2.4424e+00, IC:0.0034, RIC:0.0306, prec@10:0.4861, SR:1.1575

Epoch 55/100 ##########################################################
Train: loss:6.3858e-01 = 6.3818e-01 + alpha*4.0196e-03
Valid: loss:1.2247e+00 = 1.2239e+00 + alpha*7.9663e-03
  Perf: mse:1.2239e+00, IC:0.0157, RIC:0.1286, prec@10:0.4852, SR:3.0999
Test : loss:2.7901e+00 = 2.7885e+00 + alpha*1.5812e-02
  Perf: mse:2.7885e+00, IC:0.0034, RIC:0.0306, prec@10:0.4861, SR:1.1575

Epoch 56/100 ##########################################################
Train: loss:6.3937e-01 = 6.3896e-01 + alpha*4.0287e-03
Valid: loss:1.1477e+00 = 1.1470e+00 + alpha*7.3762e-03
  Perf: mse:1.1470e+00, IC:0.0157, RIC:0.1286, prec@10:0.4852, SR:3.0999
Test : loss:2.5437e+00 = 2.5422e+00 + alpha*1.4940e-02
  Perf: mse:2.5422e+00, IC:0.0034, RIC:0.0306, prec@10:0.4861, SR:1.1575

Epoch 57/100 ##########################################################
Train: loss:6.3878e-01 = 6.3838e-01 + alpha*4.0007e-03
Valid: loss:1.1965e+00 = 1.1957e+00 + alpha*7.7560e-03
  Perf: mse:1.1957e+00, IC:0.0157, RIC:0.1286, prec@10:0.4852, SR:3.0999
Test : loss:2.6982e+00 = 2.6967e+00 + alpha*1.5492e-02
  Perf: mse:2.6967e+00, IC:0.0034, RIC:0.0306, prec@10:0.4861, SR:1.1575

Epoch 58/100 ##########################################################
Train: loss:6.3986e-01 = 6.3946e-01 + alpha*4.0219e-03
Valid: loss:1.1096e+00 = 1.1089e+00 + alpha*7.0474e-03
  Perf: mse:1.1089e+00, IC:0.0157, RIC:0.1286, prec@10:0.4852, SR:3.0999
Test : loss:2.4132e+00 = 2.4118e+00 + alpha*1.4449e-02
  Perf: mse:2.4118e+00, IC:0.0034, RIC:0.0306, prec@10:0.4861, SR:1.1575

Epoch 59/100 ##########################################################
Train: loss:6.3828e-01 = 6.3788e-01 + alpha*4.0205e-03
Valid: loss:1.1344e+00 = 1.1336e+00 + alpha*7.2579e-03
  Perf: mse:1.1336e+00, IC:0.0157, RIC:0.1286, prec@10:0.4852, SR:3.0999
Test : loss:2.4967e+00 = 2.4952e+00 + alpha*1.4762e-02
  Perf: mse:2.4952e+00, IC:0.0034, RIC:0.0306, prec@10:0.4861, SR:1.1575

Epoch 60/100 ##########################################################
Train: loss:6.3837e-01 = 6.3797e-01 + alpha*4.0497e-03
Valid: loss:1.1880e+00 = 1.1873e+00 + alpha*7.6870e-03
  Perf: mse:1.1873e+00, IC:0.0157, RIC:0.1286, prec@10:0.4852, SR:3.0999
Test : loss:2.6666e+00 = 2.6651e+00 + alpha*1.5378e-02
  Perf: mse:2.6651e+00, IC:0.0034, RIC:0.0306, prec@10:0.4861, SR:1.1575

Epoch 61/100 ##########################################################
Train: loss:6.4023e-01 = 6.3983e-01 + alpha*3.9930e-03
Valid: loss:1.0442e+00 = 1.0435e+00 + alpha*6.4090e-03
  Perf: mse:1.0435e+00, IC:0.0157, RIC:0.1286, prec@10:0.4852, SR:3.0999
Test : loss:2.1784e+00 = 2.1770e+00 + alpha*1.3508e-02
  Perf: mse:2.1770e+00, IC:0.0034, RIC:0.0306, prec@10:0.4861, SR:1.1575

Epoch 62/100 ##########################################################
Train: loss:6.3876e-01 = 6.3835e-01 + alpha*4.0123e-03
Valid: loss:1.1692e+00 = 1.1685e+00 + alpha*7.5383e-03
  Perf: mse:1.1685e+00, IC:0.0157, RIC:0.1286, prec@10:0.4852, SR:3.0999
Test : loss:2.6040e+00 = 2.6025e+00 + alpha*1.5154e-02
  Perf: mse:2.6025e+00, IC:0.0034, RIC:0.0306, prec@10:0.4861, SR:1.1575

Epoch 63/100 ##########################################################
Train: loss:6.3820e-01 = 6.3780e-01 + alpha*4.0324e-03
Valid: loss:1.1397e+00 = 1.1390e+00 + alpha*7.2984e-03
  Perf: mse:1.1390e+00, IC:0.0157, RIC:0.1286, prec@10:0.4852, SR:3.0999
Test : loss:2.5056e+00 = 2.5041e+00 + alpha*1.4794e-02
  Perf: mse:2.5041e+00, IC:0.0034, RIC:0.0306, prec@10:0.4861, SR:1.1575

Epoch 64/100 ##########################################################
Train: loss:6.3835e-01 = 6.3794e-01 + alpha*4.0192e-03
Valid: loss:1.0555e+00 = 1.0548e+00 + alpha*6.5202e-03
  Perf: mse:1.0548e+00, IC:0.0157, RIC:0.1286, prec@10:0.4852, SR:3.0999
Test : loss:2.2151e+00 = 2.2137e+00 + alpha*1.3656e-02
  Perf: mse:2.2137e+00, IC:0.0034, RIC:0.0306, prec@10:0.4861, SR:1.1575

Epoch 65/100 ##########################################################
Train: loss:6.3840e-01 = 6.3800e-01 + alpha*3.9977e-03
Valid: loss:1.2221e+00 = 1.2213e+00 + alpha*7.9340e-03
  Perf: mse:1.2213e+00, IC:0.0157, RIC:0.1286, prec@10:0.4852, SR:3.0999
Test : loss:2.7617e+00 = 2.7601e+00 + alpha*1.5709e-02
  Perf: mse:2.7601e+00, IC:0.0034, RIC:0.0306, prec@10:0.4861, SR:1.1575

Epoch 66/100 ##########################################################
Train: loss:6.3830e-01 = 6.3789e-01 + alpha*4.0645e-03
Valid: loss:1.0574e+00 = 1.0568e+00 + alpha*6.5379e-03
  Perf: mse:1.0568e+00, IC:0.0157, RIC:0.1286, prec@10:0.4852, SR:3.0999
Test : loss:2.2170e+00 = 2.2156e+00 + alpha*1.3667e-02
  Perf: mse:2.2156e+00, IC:0.0034, RIC:0.0306, prec@10:0.4861, SR:1.1575

Epoch 67/100 ##########################################################
Train: loss:6.3835e-01 = 6.3795e-01 + alpha*3.9811e-03
Valid: loss:1.1383e+00 = 1.1375e+00 + alpha*7.2790e-03
  Perf: mse:1.1375e+00, IC:0.0157, RIC:0.1286, prec@10:0.4852, SR:3.0999
Test : loss:2.4926e+00 = 2.4912e+00 + alpha*1.4740e-02
  Perf: mse:2.4912e+00, IC:0.0034, RIC:0.0306, prec@10:0.4861, SR:1.1575

Epoch 68/100 ##########################################################
Train: loss:6.3778e-01 = 6.3737e-01 + alpha*4.0339e-03
Valid: loss:1.0286e+00 = 1.0280e+00 + alpha*6.2264e-03
  Perf: mse:1.0280e+00, IC:0.0157, RIC:0.1286, prec@10:0.4852, SR:3.0999
Test : loss:2.1049e+00 = 2.1036e+00 + alpha*1.3187e-02
  Perf: mse:2.1036e+00, IC:0.0034, RIC:0.0306, prec@10:0.4861, SR:1.1575

Epoch 69/100 ##########################################################
Train: loss:6.3809e-01 = 6.3769e-01 + alpha*4.0282e-03
Valid: loss:1.0732e+00 = 1.0725e+00 + alpha*6.6890e-03
  Perf: mse:1.0725e+00, IC:0.0157, RIC:0.1286, prec@10:0.4852, SR:3.0999
Test : loss:2.2675e+00 = 2.2661e+00 + alpha*1.3865e-02
  Perf: mse:2.2661e+00, IC:0.0034, RIC:0.0306, prec@10:0.4861, SR:1.1575

Epoch 70/100 ##########################################################
Train: loss:6.3917e-01 = 6.3877e-01 + alpha*3.9796e-03
Valid: loss:1.1989e+00 = 1.1981e+00 + alpha*7.7568e-03
  Perf: mse:1.1981e+00, IC:0.0157, RIC:0.1286, prec@10:0.4852, SR:3.0999
Test : loss:2.6793e+00 = 2.6777e+00 + alpha*1.5416e-02
  Perf: mse:2.6777e+00, IC:0.0034, RIC:0.0306, prec@10:0.4861, SR:1.1575

Epoch 71/100 ##########################################################
Train: loss:6.3841e-01 = 6.3801e-01 + alpha*4.0624e-03
Valid: loss:1.1604e+00 = 1.1596e+00 + alpha*7.4576e-03
  Perf: mse:1.1596e+00, IC:0.0157, RIC:0.1286, prec@10:0.4852, SR:3.0999
Test : loss:2.5543e+00 = 2.5528e+00 + alpha*1.4967e-02
  Perf: mse:2.5528e+00, IC:0.0034, RIC:0.0306, prec@10:0.4861, SR:1.1575

Epoch 72/100 ##########################################################
Train: loss:6.3787e-01 = 6.3747e-01 + alpha*4.0188e-03
Valid: loss:1.0507e+00 = 1.0501e+00 + alpha*6.4622e-03
  Perf: mse:1.0501e+00, IC:0.0157, RIC:0.1286, prec@10:0.4852, SR:3.0999
Test : loss:2.1774e+00 = 2.1761e+00 + alpha*1.3494e-02
  Perf: mse:2.1761e+00, IC:0.0034, RIC:0.0306, prec@10:0.4861, SR:1.1575

Epoch 73/100 ##########################################################
Train: loss:6.3887e-01 = 6.3847e-01 + alpha*3.9823e-03
Valid: loss:1.2260e+00 = 1.2252e+00 + alpha*7.9565e-03
  Perf: mse:1.2252e+00, IC:0.0157, RIC:0.1286, prec@10:0.4852, SR:3.0999
Test : loss:2.7513e+00 = 2.7497e+00 + alpha*1.5668e-02
  Perf: mse:2.7497e+00, IC:0.0034, RIC:0.0306, prec@10:0.4861, SR:1.1575

Epoch 74/100 ##########################################################
Train: loss:6.3816e-01 = 6.3776e-01 + alpha*4.0287e-03
Valid: loss:1.2279e+00 = 1.2271e+00 + alpha*7.9698e-03
  Perf: mse:1.2271e+00, IC:0.0157, RIC:0.1286, prec@10:0.4852, SR:3.0999
Test : loss:2.7548e+00 = 2.7532e+00 + alpha*1.5680e-02
  Perf: mse:2.7532e+00, IC:0.0034, RIC:0.0306, prec@10:0.4861, SR:1.1575

Epoch 75/100 ##########################################################
Train: loss:6.3807e-01 = 6.3767e-01 + alpha*4.0416e-03
Valid: loss:1.1218e+00 = 1.1211e+00 + alpha*7.1347e-03
  Perf: mse:1.1211e+00, IC:0.0157, RIC:0.1286, prec@10:0.4852, SR:3.0999
Test : loss:2.4168e+00 = 2.4153e+00 + alpha*1.4451e-02
  Perf: mse:2.4153e+00, IC:0.0034, RIC:0.0306, prec@10:0.4861, SR:1.1575

Epoch 76/100 ##########################################################
Train: loss:6.3762e-01 = 6.3722e-01 + alpha*4.0328e-03
Valid: loss:1.1270e+00 = 1.1263e+00 + alpha*7.1799e-03
  Perf: mse:1.1263e+00, IC:0.0157, RIC:0.1286, prec@10:0.4852, SR:3.0999
Test : loss:2.4309e+00 = 2.4295e+00 + alpha*1.4506e-02
  Perf: mse:2.4295e+00, IC:0.0034, RIC:0.0306, prec@10:0.4861, SR:1.1575

Epoch 77/100 ##########################################################
Train: loss:6.3851e-01 = 6.3811e-01 + alpha*3.9945e-03
Valid: loss:1.0969e+00 = 1.0962e+00 + alpha*6.9090e-03
  Perf: mse:1.0962e+00, IC:0.0157, RIC:0.1286, prec@10:0.4852, SR:3.0999
Test : loss:2.3310e+00 = 2.3296e+00 + alpha*1.4116e-02
  Perf: mse:2.3296e+00, IC:0.0034, RIC:0.0306, prec@10:0.4861, SR:1.1575

Epoch 78/100 ##########################################################
Train: loss:6.3856e-01 = 6.3816e-01 + alpha*4.0483e-03
Valid: loss:1.0368e+00 = 1.0362e+00 + alpha*6.3051e-03
  Perf: mse:1.0362e+00, IC:0.0157, RIC:0.1286, prec@10:0.4852, SR:3.0999
Test : loss:2.1164e+00 = 2.1151e+00 + alpha*1.3230e-02
  Perf: mse:2.1151e+00, IC:0.0034, RIC:0.0306, prec@10:0.4861, SR:1.1575

Epoch 79/100 ##########################################################
Train: loss:6.3813e-01 = 6.3773e-01 + alpha*3.9795e-03
Valid: loss:1.1485e+00 = 1.1478e+00 + alpha*7.3562e-03
  Perf: mse:1.1478e+00, IC:0.0157, RIC:0.1286, prec@10:0.4852, SR:3.0999
Test : loss:2.4971e+00 = 2.4956e+00 + alpha*1.4752e-02
  Perf: mse:2.4956e+00, IC:0.0034, RIC:0.0306, prec@10:0.4861, SR:1.1575

Epoch 80/100 ##########################################################
Train: loss:6.3784e-01 = 6.3744e-01 + alpha*4.0429e-03
Valid: loss:1.1378e+00 = 1.1371e+00 + alpha*7.2652e-03
  Perf: mse:1.1371e+00, IC:0.0157, RIC:0.1286, prec@10:0.4852, SR:3.0999
Test : loss:2.4620e+00 = 2.4605e+00 + alpha*1.4619e-02
  Perf: mse:2.4605e+00, IC:0.0034, RIC:0.0306, prec@10:0.4861, SR:1.1575

Epoch 81/100 ##########################################################
Train: loss:6.3821e-01 = 6.3781e-01 + alpha*4.0208e-03
Valid: loss:1.1383e+00 = 1.1376e+00 + alpha*7.2684e-03
  Perf: mse:1.1376e+00, IC:0.0157, RIC:0.1286, prec@10:0.4852, SR:3.0999
Test : loss:2.4622e+00 = 2.4608e+00 + alpha*1.4620e-02
  Perf: mse:2.4608e+00, IC:0.0034, RIC:0.0306, prec@10:0.4861, SR:1.1575

Epoch 82/100 ##########################################################
Train: loss:6.3789e-01 = 6.3749e-01 + alpha*4.0237e-03
Valid: loss:1.1757e+00 = 1.1749e+00 + alpha*7.5704e-03
  Perf: mse:1.1749e+00, IC:0.0157, RIC:0.1286, prec@10:0.4852, SR:3.0999
Test : loss:2.5808e+00 = 2.5793e+00 + alpha*1.5058e-02
  Perf: mse:2.5793e+00, IC:0.0034, RIC:0.0306, prec@10:0.4861, SR:1.1575

Epoch 83/100 ##########################################################
Train: loss:6.3853e-01 = 6.3812e-01 + alpha*4.0242e-03
Valid: loss:1.0292e+00 = 1.0285e+00 + alpha*6.2117e-03
  Perf: mse:1.0285e+00, IC:0.0157, RIC:0.1286, prec@10:0.4852, SR:3.0999
Test : loss:2.0819e+00 = 2.0805e+00 + alpha*1.3075e-02
  Perf: mse:2.0805e+00, IC:0.0034, RIC:0.0306, prec@10:0.4861, SR:1.1575

Epoch 84/100 ##########################################################
Train: loss:6.3888e-01 = 6.3848e-01 + alpha*4.0022e-03
Valid: loss:1.2397e+00 = 1.2389e+00 + alpha*8.0460e-03
  Perf: mse:1.2389e+00, IC:0.0157, RIC:0.1286, prec@10:0.4852, SR:3.0999
Test : loss:2.7737e+00 = 2.7722e+00 + alpha*1.5740e-02
  Perf: mse:2.7722e+00, IC:0.0034, RIC:0.0306, prec@10:0.4861, SR:1.1575

Epoch 85/100 ##########################################################
Train: loss:6.3862e-01 = 6.3821e-01 + alpha*4.0428e-03
Valid: loss:1.1520e+00 = 1.1513e+00 + alpha*7.3790e-03
  Perf: mse:1.1513e+00, IC:0.0157, RIC:0.1286, prec@10:0.4852, SR:3.0999
Test : loss:2.5010e+00 = 2.4995e+00 + alpha*1.4763e-02
  Perf: mse:2.4995e+00, IC:0.0034, RIC:0.0306, prec@10:0.4861, SR:1.1575

Epoch 86/100 ##########################################################
Train: loss:6.3752e-01 = 6.3712e-01 + alpha*4.0181e-03
Valid: loss:1.1169e+00 = 1.1162e+00 + alpha*7.0789e-03
  Perf: mse:1.1162e+00, IC:0.0157, RIC:0.1286, prec@10:0.4852, SR:3.0999
Test : loss:2.3851e+00 = 2.3837e+00 + alpha*1.4320e-02
  Perf: mse:2.3837e+00, IC:0.0034, RIC:0.0306, prec@10:0.4861, SR:1.1575

Epoch 87/100 ##########################################################
Train: loss:6.3847e-01 = 6.3806e-01 + alpha*4.0616e-03
Valid: loss:1.0750e+00 = 1.0743e+00 + alpha*6.6923e-03
  Perf: mse:1.0743e+00, IC:0.0157, RIC:0.1286, prec@10:0.4852, SR:3.0999
Test : loss:2.2378e+00 = 2.2364e+00 + alpha*1.3735e-02
  Perf: mse:2.2364e+00, IC:0.0034, RIC:0.0306, prec@10:0.4861, SR:1.1575

Epoch 88/100 ##########################################################
Train: loss:6.3861e-01 = 6.3821e-01 + alpha*3.9976e-03
Valid: loss:1.1487e+00 = 1.1479e+00 + alpha*7.3503e-03
  Perf: mse:1.1479e+00, IC:0.0157, RIC:0.1286, prec@10:0.4852, SR:3.0999
Test : loss:2.4830e+00 = 2.4815e+00 + alpha*1.4695e-02
  Perf: mse:2.4815e+00, IC:0.0034, RIC:0.0306, prec@10:0.4861, SR:1.1575

Epoch 89/100 ##########################################################
Train: loss:6.3758e-01 = 6.3718e-01 + alpha*3.9895e-03
Valid: loss:1.1081e+00 = 1.1074e+00 + alpha*6.9993e-03
  Perf: mse:1.1074e+00, IC:0.0157, RIC:0.1286, prec@10:0.4852, SR:3.0999
Test : loss:2.3505e+00 = 2.3491e+00 + alpha*1.4184e-02
  Perf: mse:2.3491e+00, IC:0.0034, RIC:0.0306, prec@10:0.4861, SR:1.1575

Epoch 90/100 ##########################################################
Train: loss:6.3771e-01 = 6.3730e-01 + alpha*4.0416e-03
Valid: loss:1.2020e+00 = 1.2012e+00 + alpha*7.7675e-03
  Perf: mse:1.2012e+00, IC:0.0157, RIC:0.1286, prec@10:0.4852, SR:3.0999
Test : loss:2.6483e+00 = 2.6468e+00 + alpha*1.5298e-02
  Perf: mse:2.6468e+00, IC:0.0034, RIC:0.0306, prec@10:0.4861, SR:1.1575

Epoch 91/100 ##########################################################
Train: loss:6.3816e-01 = 6.3776e-01 + alpha*4.0419e-03
Valid: loss:1.0895e+00 = 1.0888e+00 + alpha*6.8256e-03
  Perf: mse:1.0888e+00, IC:0.0157, RIC:0.1286, prec@10:0.4852, SR:3.0999
Test : loss:2.2834e+00 = 2.2820e+00 + alpha*1.3916e-02
  Perf: mse:2.2820e+00, IC:0.0034, RIC:0.0306, prec@10:0.4861, SR:1.1575

Epoch 92/100 ##########################################################
Train: loss:6.3819e-01 = 6.3779e-01 + alpha*3.9905e-03
Valid: loss:1.1105e+00 = 1.1098e+00 + alpha*7.0179e-03
  Perf: mse:1.1098e+00, IC:0.0157, RIC:0.1286, prec@10:0.4852, SR:3.0999
Test : loss:2.3544e+00 = 2.3530e+00 + alpha*1.4198e-02
  Perf: mse:2.3530e+00, IC:0.0034, RIC:0.0306, prec@10:0.4861, SR:1.1575

Epoch 93/100 ##########################################################
Train: loss:6.3783e-01 = 6.3743e-01 + alpha*4.0184e-03
Valid: loss:1.1288e+00 = 1.1281e+00 + alpha*7.1763e-03
  Perf: mse:1.1281e+00, IC:0.0157, RIC:0.1286, prec@10:0.4852, SR:3.0999
Test : loss:2.4142e+00 = 2.4128e+00 + alpha*1.4428e-02
  Perf: mse:2.4128e+00, IC:0.0034, RIC:0.0306, prec@10:0.4861, SR:1.1575

Epoch 94/100 ##########################################################
Train: loss:6.3775e-01 = 6.3734e-01 + alpha*4.0173e-03
Valid: loss:1.1504e+00 = 1.1497e+00 + alpha*7.3563e-03
  Perf: mse:1.1497e+00, IC:0.0157, RIC:0.1286, prec@10:0.4852, SR:3.0999
Test : loss:2.4850e+00 = 2.4835e+00 + alpha*1.4696e-02
  Perf: mse:2.4835e+00, IC:0.0034, RIC:0.0306, prec@10:0.4861, SR:1.1575

Epoch 95/100 ##########################################################
Train: loss:6.3857e-01 = 6.3816e-01 + alpha*4.0580e-03
Valid: loss:1.0015e+00 = 1.0009e+00 + alpha*5.8676e-03
  Perf: mse:1.0009e+00, IC:0.0157, RIC:0.1286, prec@10:0.4852, SR:3.0999
Test : loss:1.9580e+00 = 1.9568e+00 + alpha*1.2509e-02
  Perf: mse:1.9568e+00, IC:0.0034, RIC:0.0306, prec@10:0.4861, SR:1.1575

Epoch 96/100 ##########################################################
Train: loss:6.3808e-01 = 6.3768e-01 + alpha*4.0006e-03
Valid: loss:1.1376e+00 = 1.1369e+00 + alpha*7.2520e-03
  Perf: mse:1.1369e+00, IC:0.0157, RIC:0.1286, prec@10:0.4852, SR:3.0999
Test : loss:2.4372e+00 = 2.4357e+00 + alpha*1.4517e-02
  Perf: mse:2.4357e+00, IC:0.0034, RIC:0.0306, prec@10:0.4861, SR:1.1575

Epoch 97/100 ##########################################################
Train: loss:6.3742e-01 = 6.3702e-01 + alpha*4.0068e-03
Valid: loss:1.1510e+00 = 1.1502e+00 + alpha*7.3631e-03
  Perf: mse:1.1502e+00, IC:0.0157, RIC:0.1286, prec@10:0.4852, SR:3.0999
Test : loss:2.4785e+00 = 2.4770e+00 + alpha*1.4674e-02
  Perf: mse:2.4770e+00, IC:0.0034, RIC:0.0306, prec@10:0.4861, SR:1.1575

Epoch 98/100 ##########################################################
Train: loss:6.3757e-01 = 6.3717e-01 + alpha*4.0471e-03
Valid: loss:1.0480e+00 = 1.0474e+00 + alpha*6.4071e-03
  Perf: mse:1.0474e+00, IC:0.0157, RIC:0.1286, prec@10:0.4852, SR:3.0999
Test : loss:2.1291e+00 = 2.1278e+00 + alpha*1.3272e-02
  Perf: mse:2.1278e+00, IC:0.0034, RIC:0.0306, prec@10:0.4861, SR:1.1575

Epoch 99/100 ##########################################################
Train: loss:6.3891e-01 = 6.3851e-01 + alpha*3.9962e-03
Valid: loss:1.1866e+00 = 1.1858e+00 + alpha*7.6464e-03
  Perf: mse:1.1858e+00, IC:0.0157, RIC:0.1286, prec@10:0.4852, SR:3.0999
Test : loss:2.5877e+00 = 2.5861e+00 + alpha*1.5077e-02
  Perf: mse:2.5861e+00, IC:0.0034, RIC:0.0306, prec@10:0.4861, SR:1.1575

Epoch 100/100 ##########################################################
Train: loss:6.3932e-01 = 6.3892e-01 + alpha*4.0108e-03
Valid: loss:1.1820e+00 = 1.1813e+00 + alpha*7.6123e-03
  Perf: mse:1.1813e+00, IC:0.0157, RIC:0.1286, prec@10:0.4852, SR:3.0999
Test : loss:2.5720e+00 = 2.5705e+00 + alpha*1.5022e-02
  Perf: mse:2.5705e+00, IC:0.0034, RIC:0.0306, prec@10:0.4861, SR:1.1575

Training finished.

Training finished. Best validation performance was at epoch 28.
Best Validation Performance (based on lowest validation loss):
mse:9.9598e-01, IC:0.0157, RIC:0.1286, prec@10:0.4852, SR:3.0999
Corresponding Test Performance:
mse:1.8795e+00, IC:0.0034, RIC:0.0306, prec@10:0.4861, SR:1.1575
Results appended to ../training_results.xlsx
