2025-06-11 12:27:11,310 - INFO - 🎯 股票预测模型批量训练系统
2025-06-11 12:27:11,311 - INFO - ================================================================================
2025-06-11 12:27:11,311 - INFO - 📊 目标数据集: NASDAQ
2025-06-11 12:27:11,312 - INFO - 🔧 运行模式: parallel
2025-06-11 12:27:11,312 - INFO - 📝 要运行的模型: ['StockPredict', 'GCN', 'LSTM', 'LinearModel', 'STHAN-SR']
2025-06-11 12:27:11,312 - INFO - 📝 总模型数量: 5
2025-06-11 12:27:11,312 - INFO - 📁 工作目录: C:\Users\Administrator\Desktop\Stock\src
2025-06-11 12:27:11,313 - INFO - ================================================================================
2025-06-11 12:27:11,313 - INFO - 
🔍 步骤0: 环境检查
2025-06-11 12:27:11,313 - INFO - 🔍 检查运行环境...
2025-06-11 12:27:14,885 - INFO - ✅ 检测到 1 个GPU
2025-06-11 12:27:14,886 - INFO - ✅ 环境检查通过
2025-06-11 12:27:14,887 - INFO - 
📝 步骤1: 更新数据集设置
2025-06-11 12:27:14,887 - INFO - 🔄 开始更新脚本的数据集设置为: NASDAQ
2025-06-11 12:27:14,889 - INFO - 📁 已备份: train.py -> ../backup_original_files\train.py.backup_20250611_122714
2025-06-11 12:27:14,891 - INFO - 📁 已备份: gcn_train.py -> ../backup_original_files\gcn_train.py.backup_20250611_122714
2025-06-11 12:27:14,893 - INFO - 📁 已备份: lstm_train.py -> ../backup_original_files\lstm_train.py.backup_20250611_122714
2025-06-11 12:27:14,895 - INFO - 📁 已备份: linear_train.py -> ../backup_original_files\linear_train.py.backup_20250611_122714
2025-06-11 12:27:14,898 - INFO - 📁 已备份: sthan_sr_train.py -> ../backup_original_files\sthan_sr_train.py.backup_20250611_122714
2025-06-11 12:27:14,902 - INFO - ✅ 已更新 train.py 中的market_name为: NASDAQ
2025-06-11 12:27:14,903 - INFO - ✅ 已更新 gcn_train.py 中的market_name为: NASDAQ
2025-06-11 12:27:14,905 - INFO - ✅ 已更新 lstm_train.py 中的market_name为: NASDAQ
2025-06-11 12:27:14,907 - INFO - ✅ 已更新 linear_train.py 中的market_name为: NASDAQ
2025-06-11 12:27:14,908 - INFO - ✅ 已更新 sthan_sr_train.py 中的market_name为: NASDAQ
2025-06-11 12:27:14,908 - INFO - ✅ 成功更新 5/5 个脚本
2025-06-11 12:27:14,908 - INFO - 
🚀 步骤2: 开始parallel训练
2025-06-11 12:27:15,909 - INFO - 🚀 开始并行训练所有模型...
2025-06-11 12:27:15,909 - WARNING - ⚠️  并行模式可能需要大量GPU内存!
2025-06-11 12:27:15,913 - INFO - 🚀 启动 StockPredict 训练线程...
2025-06-11 12:27:15,914 - INFO - 🚀 开始训练 StockPredict...
2025-06-11 12:27:16,926 - INFO - 🚀 启动 GCN 训练线程...
2025-06-11 12:27:16,926 - INFO - 🚀 开始训练 GCN...
2025-06-11 12:27:17,929 - INFO - 🚀 启动 LSTM 训练线程...
2025-06-11 12:27:17,929 - INFO - 🚀 开始训练 LSTM...
2025-06-11 12:27:18,949 - INFO - 🚀 启动 LinearModel 训练线程...
2025-06-11 12:27:18,952 - INFO - 🚀 开始训练 LinearModel...
2025-06-11 12:27:19,953 - INFO - 🚀 启动 STHAN-SR 训练线程...
2025-06-11 12:27:19,954 - INFO - 🚀 开始训练 STHAN-SR...
2025-06-11 12:30:16,086 - INFO - ✅ LinearModel 训练完成! 耗时: 177.1秒
2025-06-11 12:30:16,089 - INFO - 📄 详细日志: ../logs\batch_training_NASDAQ_20250611_122711_LinearModel.log
2025-06-11 12:41:07,142 - INFO - ✅ GCN 训练完成! 耗时: 830.2秒
2025-06-11 12:41:07,143 - INFO - 📄 详细日志: ../logs\batch_training_NASDAQ_20250611_122711_GCN.log
2025-06-11 12:42:51,439 - INFO - ✅ STHAN-SR 训练完成! 耗时: 931.5秒
2025-06-11 12:42:51,440 - INFO - 📄 详细日志: ../logs\batch_training_NASDAQ_20250611_122711_STHAN-SR.log
2025-06-11 12:44:14,223 - INFO - ✅ LSTM 训练完成! 耗时: 1016.3秒
2025-06-11 12:44:14,223 - INFO - 📄 详细日志: ../logs\batch_training_NASDAQ_20250611_122711_LSTM.log
