原始SP500数据形状: (464, 1148, 5) (股票数: 464, 天数: 1148, 特征数: 5)
使用全部5年数据 (2020-2024)，数据形状: (464, 1148, 5)
市场为 SP500，实际加载股票数量更新为: 464
市场为 SP500，实际加载股票数量更新为: 464
总交易天数: 1148
根据 60%/20%/_ 分割比例 (已调整为满足最小数据集要求):
训练集天数 (0-indexed, up to valid_index-1): 688 (实际比例: 59.9%)
验证集天数 (valid_index to test_index-1): 230 (实际比例: 20.0%)
测试集天数 (test_index to end): 230 (实际比例: 20.0%)
验证集起始索引 (valid_index): 688
测试集起始索引 (test_index): 918
✅ 数据集分割检查通过
epoch1##########################################################
Train : loss:1.05e-02  =  1.04e-02 + alpha*4.72e-04
lstm_train.py:164: DeprecationWarning: __array__ implementation doesn't accept a copy keyword, so passing copy=False failed. __array__ must implement 'dtype' and 'copy' keyword arguments.
  cur_valid_pred[:, cur_offset - (start_index - lookback_length - steps + 1)] = cur_rr[:, 0].cpu()
lstm_train.py:165: DeprecationWarning: __array__ implementation doesn't accept a copy keyword, so passing copy=False failed. __array__ must implement 'dtype' and 'copy' keyword arguments.
  cur_valid_gt[:, cur_offset - (start_index - lookback_length - steps + 1)] = gt_batch[:, 0].cpu()
lstm_train.py:166: DeprecationWarning: __array__ implementation doesn't accept a copy keyword, so passing copy=False failed. __array__ must implement 'dtype' and 'copy' keyword arguments.
  cur_valid_mask[:, cur_offset - (start_index - lookback_length - steps + 1)] = mask_batch[:, 0].cpu()
Valid : loss:1.44e-03  =  1.41e-03 + alpha*2.61e-04
Test: loss:1.57e-03  =  1.54e-03 + alpha*2.80e-04
Valid performance:
 mse:1.41e-03, IC:1.07e-02, RIC:7.70e-02, prec@10:5.27e-01, SR:1.06e+00
Test performance:
 mse:1.54e-03, IC:2.98e-02, RIC:2.28e-01, prec@10:5.31e-01, SR:2.23e+00 


epoch2##########################################################
Train : loss:2.25e-03  =  2.22e-03 + alpha*3.11e-04
Valid : loss:2.38e-03  =  2.36e-03 + alpha*2.41e-04
Test: loss:2.39e-03  =  2.36e-03 + alpha*2.52e-04
Valid performance:
 mse:2.36e-03, IC:-3.14e-03, RIC:-2.55e-02, prec@10:5.33e-01, SR:9.09e-01
Test performance:
 mse:2.36e-03, IC:1.72e-02, RIC:1.49e-01, prec@10:5.44e-01, SR:2.14e+00 


epoch3##########################################################
Train : loss:2.01e-03  =  1.98e-03 + alpha*2.71e-04
Valid : loss:1.27e-03  =  1.25e-03 + alpha*2.00e-04
Test: loss:1.21e-03  =  1.19e-03 + alpha*2.18e-04
Valid performance:
 mse:1.25e-03, IC:8.88e-03, RIC:8.27e-02, prec@10:5.15e-01, SR:1.15e+00
Test performance:
 mse:1.19e-03, IC:2.82e-02, RIC:2.43e-01, prec@10:5.47e-01, SR:2.22e+00 


epoch4##########################################################
Train : loss:1.44e-03  =  1.41e-03 + alpha*2.36e-04
Valid : loss:1.00e-03  =  9.83e-04 + alpha*1.67e-04
Test: loss:1.17e-03  =  1.15e-03 + alpha*1.85e-04
Valid performance:
 mse:9.83e-04, IC:8.67e-03, RIC:8.29e-02, prec@10:5.17e-01, SR:4.40e-01
Test performance:
 mse:1.15e-03, IC:2.33e-02, RIC:2.07e-01, prec@10:5.28e-01, SR:1.45e+00 


epoch5##########################################################
Train : loss:1.30e-03  =  1.28e-03 + alpha*2.10e-04
Valid : loss:8.45e-04  =  8.30e-04 + alpha*1.52e-04
Test: loss:9.27e-04  =  9.10e-04 + alpha*1.66e-04
Valid performance:
 mse:8.30e-04, IC:-1.51e-03, RIC:-1.59e-02, prec@10:5.27e-01, SR:2.65e-01
Test performance:
 mse:9.10e-04, IC:1.54e-02, RIC:1.59e-01, prec@10:5.37e-01, SR:2.44e+00 


epoch6##########################################################
Train : loss:1.13e-03  =  1.11e-03 + alpha*1.84e-04
Valid : loss:8.47e-04  =  8.34e-04 + alpha*1.30e-04
Test: loss:1.06e-03  =  1.04e-03 + alpha*1.50e-04
Valid performance:
 mse:8.34e-04, IC:1.37e-02, RIC:1.41e-01, prec@10:5.31e-01, SR:1.13e+00
Test performance:
 mse:1.04e-03, IC:2.24e-02, RIC:2.03e-01, prec@10:5.25e-01, SR:2.10e+00 


epoch7##########################################################
Train : loss:1.05e-03  =  1.03e-03 + alpha*1.70e-04
Valid : loss:6.46e-04  =  6.33e-04 + alpha*1.25e-04
Test: loss:6.78e-04  =  6.64e-04 + alpha*1.37e-04
Valid performance:
 mse:6.33e-04, IC:-5.40e-03, RIC:-6.71e-02, prec@10:5.13e-01, SR:-6.37e-02
Test performance:
 mse:6.64e-04, IC:1.00e-02, RIC:1.13e-01, prec@10:5.25e-01, SR:1.71e+00 


epoch8##########################################################
Train : loss:1.02e-03  =  1.00e-03 + alpha*1.54e-04
Valid : loss:8.29e-04  =  8.17e-04 + alpha*1.14e-04
Test: loss:8.10e-04  =  7.97e-04 + alpha*1.31e-04
Valid performance:
 mse:8.17e-04, IC:5.19e-03, RIC:6.94e-02, prec@10:5.18e-01, SR:6.03e-01
Test performance:
 mse:7.97e-04, IC:1.55e-02, RIC:1.68e-01, prec@10:5.21e-01, SR:9.10e-01 


epoch9##########################################################
Train : loss:9.59e-04  =  9.44e-04 + alpha*1.45e-04
Valid : loss:1.07e-03  =  1.06e-03 + alpha*1.07e-04
Test: loss:1.35e-03  =  1.34e-03 + alpha*1.30e-04
Valid performance:
 mse:1.06e-03, IC:2.25e-02, RIC:2.41e-01, prec@10:5.35e-01, SR:2.07e+00
Test performance:
 mse:1.34e-03, IC:1.62e-02, RIC:1.45e-01, prec@10:5.15e-01, SR:1.28e+00 


epoch10##########################################################
Train : loss:8.86e-04  =  8.72e-04 + alpha*1.38e-04
Valid : loss:5.07e-04  =  4.96e-04 + alpha*1.11e-04
Test: loss:6.33e-04  =  6.20e-04 + alpha*1.33e-04
Valid performance:
 mse:4.96e-04, IC:2.20e-02, RIC:2.18e-01, prec@10:5.34e-01, SR:1.50e+00
Test performance:
 mse:6.20e-04, IC:2.47e-02, RIC:2.06e-01, prec@10:5.26e-01, SR:2.10e+00 


epoch11##########################################################
Train : loss:8.63e-04  =  8.50e-04 + alpha*1.33e-04
Valid : loss:1.67e-03  =  1.66e-03 + alpha*1.02e-04
Test: loss:1.73e-03  =  1.71e-03 + alpha*1.10e-04
Valid performance:
 mse:1.66e-03, IC:-1.06e-02, RIC:-1.48e-01, prec@10:5.15e-01, SR:-6.10e-01
Test performance:
 mse:1.71e-03, IC:1.00e-02, RIC:1.29e-01, prec@10:5.33e-01, SR:1.71e+00 


epoch12##########################################################
Train : loss:9.51e-04  =  9.37e-04 + alpha*1.37e-04
Valid : loss:5.09e-04  =  4.99e-04 + alpha*9.70e-05
Test: loss:6.06e-04  =  5.95e-04 + alpha*1.16e-04
Valid performance:
 mse:4.99e-04, IC:1.29e-02, RIC:1.71e-01, prec@10:5.28e-01, SR:3.31e+00
Test performance:
 mse:5.95e-04, IC:1.12e-02, RIC:1.22e-01, prec@10:5.13e-01, SR:1.00e+00 


epoch13##########################################################
Train : loss:8.65e-04  =  8.52e-04 + alpha*1.29e-04
Valid : loss:8.94e-04  =  8.84e-04 + alpha*9.83e-05
Test: loss:8.03e-04  =  7.92e-04 + alpha*1.16e-04
Valid performance:
 mse:8.84e-04, IC:1.09e-02, RIC:1.21e-01, prec@10:5.40e-01, SR:1.14e+00
Test performance:
 mse:7.92e-04, IC:2.56e-02, RIC:2.37e-01, prec@10:5.33e-01, SR:2.29e+00 


epoch14##########################################################
Train : loss:8.71e-04  =  8.58e-04 + alpha*1.25e-04
Valid : loss:4.80e-04  =  4.70e-04 + alpha*9.40e-05
Test: loss:5.28e-04  =  5.18e-04 + alpha*1.06e-04
Valid performance:
 mse:4.70e-04, IC:-4.66e-03, RIC:-6.67e-02, prec@10:5.19e-01, SR:-2.12e-01
Test performance:
 mse:5.18e-04, IC:1.20e-02, RIC:1.57e-01, prec@10:5.27e-01, SR:1.18e+00 


epoch15##########################################################
Train : loss:8.50e-04  =  8.37e-04 + alpha*1.27e-04
Valid : loss:9.85e-04  =  9.76e-04 + alpha*8.80e-05
Test: loss:1.09e-03  =  1.08e-03 + alpha*1.01e-04
Valid performance:
 mse:9.76e-04, IC:7.97e-03, RIC:1.23e-01, prec@10:5.34e-01, SR:2.35e+00
Test performance:
 mse:1.08e-03, IC:1.22e-02, RIC:1.55e-01, prec@10:5.31e-01, SR:1.83e+00 


epoch16##########################################################
Train : loss:8.35e-04  =  8.22e-04 + alpha*1.23e-04
Valid : loss:4.73e-04  =  4.64e-04 + alpha*9.02e-05
Test: loss:5.32e-04  =  5.21e-04 + alpha*1.05e-04
Valid performance:
 mse:4.64e-04, IC:3.80e-04, RIC:5.09e-03, prec@10:5.16e-01, SR:1.02e+00
Test performance:
 mse:5.21e-04, IC:7.23e-03, RIC:1.00e-01, prec@10:5.32e-01, SR:3.76e-01 


epoch17##########################################################
Train : loss:8.37e-04  =  8.25e-04 + alpha*1.21e-04
Valid : loss:6.16e-04  =  6.07e-04 + alpha*8.82e-05
Test: loss:6.11e-04  =  6.00e-04 + alpha*1.05e-04
Valid performance:
 mse:6.07e-04, IC:1.32e-02, RIC:1.79e-01, prec@10:5.23e-01, SR:1.06e+00
Test performance:
 mse:6.00e-04, IC:1.65e-02, RIC:1.66e-01, prec@10:5.22e-01, SR:1.27e+00 


epoch18##########################################################
Train : loss:8.81e-04  =  8.69e-04 + alpha*1.26e-04
Valid : loss:6.06e-04  =  5.97e-04 + alpha*8.77e-05
Test: loss:6.04e-04  =  5.93e-04 + alpha*1.05e-04
Valid performance:
 mse:5.97e-04, IC:1.02e-02, RIC:1.55e-01, prec@10:5.34e-01, SR:2.10e+00
Test performance:
 mse:5.93e-04, IC:2.03e-02, RIC:2.07e-01, prec@10:5.36e-01, SR:2.03e+00 


epoch19##########################################################
Train : loss:7.91e-04  =  7.79e-04 + alpha*1.17e-04
Valid : loss:7.59e-04  =  7.50e-04 + alpha*9.36e-05
Test: loss:9.97e-04  =  9.86e-04 + alpha*1.13e-04
Valid performance:
 mse:7.50e-04, IC:2.32e-02, RIC:2.19e-01, prec@10:5.27e-01, SR:2.03e+00
Test performance:
 mse:9.86e-04, IC:1.88e-02, RIC:1.55e-01, prec@10:5.04e-01, SR:6.64e-01 


epoch20##########################################################
Train : loss:8.26e-04  =  8.14e-04 + alpha*1.20e-04
Valid : loss:6.39e-04  =  6.28e-04 + alpha*1.11e-04
Test: loss:9.57e-04  =  9.43e-04 + alpha*1.39e-04
Valid performance:
 mse:6.28e-04, IC:2.96e-02, RIC:2.38e-01, prec@10:5.35e-01, SR:2.75e+00
Test performance:
 mse:9.43e-04, IC:2.45e-02, RIC:1.77e-01, prec@10:5.14e-01, SR:9.51e-01 


epoch21##########################################################
Train : loss:7.99e-04  =  7.87e-04 + alpha*1.17e-04
Valid : loss:9.95e-04  =  9.86e-04 + alpha*8.69e-05
Test: loss:9.86e-04  =  9.76e-04 + alpha*1.01e-04
Valid performance:
 mse:9.86e-04, IC:2.78e-03, RIC:3.07e-02, prec@10:5.40e-01, SR:5.52e-01
Test performance:
 mse:9.76e-04, IC:1.53e-02, RIC:1.73e-01, prec@10:5.27e-01, SR:8.22e-01 


epoch22##########################################################
Train : loss:8.11e-04  =  8.00e-04 + alpha*1.16e-04
Valid : loss:4.15e-04  =  4.07e-04 + alpha*8.35e-05
Test: loss:4.74e-04  =  4.64e-04 + alpha*9.94e-05
Valid performance:
 mse:4.07e-04, IC:9.00e-03, RIC:1.13e-01, prec@10:5.34e-01, SR:1.70e+00
Test performance:
 mse:4.64e-04, IC:2.23e-02, RIC:2.38e-01, prec@10:5.25e-01, SR:1.08e+00 


epoch23##########################################################
Train : loss:7.52e-04  =  7.41e-04 + alpha*1.11e-04
Valid : loss:6.70e-04  =  6.60e-04 + alpha*1.01e-04
Test: loss:9.40e-04  =  9.28e-04 + alpha*1.23e-04
Valid performance:
 mse:6.60e-04, IC:2.97e-02, RIC:2.66e-01, prec@10:5.30e-01, SR:2.84e+00
Test performance:
 mse:9.28e-04, IC:2.33e-02, RIC:1.80e-01, prec@10:5.10e-01, SR:2.85e-01 


epoch24##########################################################
Train : loss:8.15e-04  =  8.04e-04 + alpha*1.15e-04
Valid : loss:8.05e-04  =  7.97e-04 + alpha*8.21e-05
Test: loss:8.22e-04  =  8.12e-04 + alpha*9.40e-05
Valid performance:
 mse:7.97e-04, IC:-5.04e-03, RIC:-7.44e-02, prec@10:5.28e-01, SR:3.98e-01
Test performance:
 mse:8.12e-04, IC:6.17e-03, RIC:8.97e-02, prec@10:5.13e-01, SR:7.68e-01 


epoch25##########################################################
Train : loss:8.04e-04  =  7.93e-04 + alpha*1.11e-04
Valid : loss:4.39e-04  =  4.31e-04 + alpha*8.38e-05
Test: loss:5.51e-04  =  5.41e-04 + alpha*1.02e-04
Valid performance:
 mse:4.31e-04, IC:1.61e-02, RIC:1.66e-01, prec@10:5.13e-01, SR:1.14e+00
Test performance:
 mse:5.41e-04, IC:2.17e-02, RIC:1.98e-01, prec@10:5.27e-01, SR:1.76e+00 


epoch26##########################################################
Train : loss:7.31e-04  =  7.21e-04 + alpha*1.07e-04
Valid : loss:5.46e-04  =  5.38e-04 + alpha*7.71e-05
Test: loss:5.59e-04  =  5.50e-04 + alpha*9.07e-05
Valid performance:
 mse:5.38e-04, IC:7.35e-03, RIC:1.01e-01, prec@10:5.25e-01, SR:2.60e+00
Test performance:
 mse:5.50e-04, IC:1.60e-02, RIC:2.02e-01, prec@10:5.47e-01, SR:2.44e+00 


epoch27##########################################################
Train : loss:7.18e-04  =  7.07e-04 + alpha*1.09e-04
Valid : loss:4.20e-04  =  4.12e-04 + alpha*7.75e-05
Test: loss:4.71e-04  =  4.62e-04 + alpha*9.01e-05
Valid performance:
 mse:4.12e-04, IC:-3.15e-03, RIC:-5.22e-02, prec@10:5.12e-01, SR:9.86e-01
Test performance:
 mse:4.62e-04, IC:1.20e-02, RIC:1.62e-01, prec@10:5.33e-01, SR:1.73e+00 


epoch28##########################################################
Train : loss:7.31e-04  =  7.20e-04 + alpha*1.06e-04
Valid : loss:4.07e-04  =  4.00e-04 + alpha*7.47e-05
Test: loss:4.43e-04  =  4.34e-04 + alpha*8.96e-05
Valid performance:
 mse:4.00e-04, IC:1.44e-02, RIC:1.93e-01, prec@10:5.23e-01, SR:1.93e+00
Test performance:
 mse:4.34e-04, IC:2.05e-02, RIC:2.25e-01, prec@10:5.32e-01, SR:1.11e+00 


epoch29##########################################################
Train : loss:7.32e-04  =  7.21e-04 + alpha*1.08e-04
Valid : loss:5.47e-04  =  5.39e-04 + alpha*7.86e-05
Test: loss:5.65e-04  =  5.56e-04 + alpha*9.11e-05
Valid performance:
 mse:5.39e-04, IC:-1.40e-03, RIC:-2.27e-02, prec@10:5.04e-01, SR:9.88e-01
Test performance:
 mse:5.56e-04, IC:1.05e-02, RIC:1.50e-01, prec@10:5.20e-01, SR:7.67e-01 


epoch30##########################################################
Train : loss:6.89e-04  =  6.78e-04 + alpha*1.05e-04
Valid : loss:4.03e-04  =  3.95e-04 + alpha*7.55e-05
Test: loss:4.37e-04  =  4.28e-04 + alpha*8.59e-05
Valid performance:
 mse:3.95e-04, IC:-5.99e-03, RIC:-9.22e-02, prec@10:5.25e-01, SR:7.72e-01
Test performance:
 mse:4.28e-04, IC:9.19e-03, RIC:1.39e-01, prec@10:5.20e-01, SR:7.26e-01 


epoch31##########################################################
Train : loss:7.27e-04  =  7.16e-04 + alpha*1.06e-04
Valid : loss:5.37e-04  =  5.29e-04 + alpha*8.77e-05
Test: loss:6.21e-04  =  6.12e-04 + alpha*9.40e-05
Valid performance:
 mse:5.29e-04, IC:-1.71e-02, RIC:-1.78e-01, prec@10:4.95e-01, SR:-2.95e-01
Test performance:
 mse:6.12e-04, IC:2.89e-03, RIC:4.12e-02, prec@10:5.26e-01, SR:1.26e+00 


epoch32##########################################################
Train : loss:7.25e-04  =  7.14e-04 + alpha*1.05e-04
Valid : loss:4.09e-04  =  4.02e-04 + alpha*7.63e-05
Test: loss:4.48e-04  =  4.39e-04 + alpha*9.07e-05
Valid performance:
 mse:4.02e-04, IC:9.38e-03, RIC:1.20e-01, prec@10:5.13e-01, SR:1.49e+00
Test performance:
 mse:4.39e-04, IC:2.21e-02, RIC:2.29e-01, prec@10:5.32e-01, SR:1.40e+00 


epoch33##########################################################
Train : loss:6.91e-04  =  6.81e-04 + alpha*9.98e-05
Valid : loss:6.71e-04  =  6.63e-04 + alpha*7.64e-05
Test: loss:6.73e-04  =  6.65e-04 + alpha*8.48e-05
Valid performance:
 mse:6.63e-04, IC:-1.50e-02, RIC:-2.08e-01, prec@10:5.23e-01, SR:2.43e-01
Test performance:
 mse:6.65e-04, IC:7.80e-03, RIC:1.09e-01, prec@10:5.30e-01, SR:1.87e+00 


epoch34##########################################################
Train : loss:7.78e-04  =  7.67e-04 + alpha*1.06e-04
Valid : loss:4.34e-04  =  4.26e-04 + alpha*7.60e-05
Test: loss:5.14e-04  =  5.05e-04 + alpha*9.06e-05
Valid performance:
 mse:4.26e-04, IC:6.10e-03, RIC:7.67e-02, prec@10:5.17e-01, SR:8.92e-01
Test performance:
 mse:5.05e-04, IC:1.69e-02, RIC:1.79e-01, prec@10:5.27e-01, SR:2.02e+00 


epoch35##########################################################
Train : loss:6.77e-04  =  6.67e-04 + alpha*1.00e-04
Valid : loss:4.20e-04  =  4.13e-04 + alpha*7.14e-05
Test: loss:5.01e-04  =  4.93e-04 + alpha*8.59e-05
Valid performance:
 mse:4.13e-04, IC:1.32e-02, RIC:1.58e-01, prec@10:5.33e-01, SR:1.39e+00
Test performance:
 mse:4.93e-04, IC:1.98e-02, RIC:1.96e-01, prec@10:5.07e-01, SR:4.77e-01 


epoch36##########################################################
Train : loss:7.51e-04  =  7.41e-04 + alpha*1.05e-04
Valid : loss:4.70e-04  =  4.62e-04 + alpha*7.78e-05
Test: loss:5.14e-04  =  5.06e-04 + alpha*8.77e-05
Valid performance:
 mse:4.62e-04, IC:-1.10e-02, RIC:-1.61e-01, prec@10:5.16e-01, SR:6.16e-01
Test performance:
 mse:5.06e-04, IC:1.42e-02, RIC:1.83e-01, prec@10:5.18e-01, SR:1.18e+00 


epoch37##########################################################
Train : loss:6.93e-04  =  6.84e-04 + alpha*9.96e-05
Valid : loss:5.67e-04  =  5.60e-04 + alpha*7.03e-05
Test: loss:6.76e-04  =  6.68e-04 + alpha*8.59e-05
Valid performance:
 mse:5.60e-04, IC:1.39e-02, RIC:1.85e-01, prec@10:5.21e-01, SR:1.64e+00
Test performance:
 mse:6.68e-04, IC:1.81e-02, RIC:1.80e-01, prec@10:5.36e-01, SR:1.15e+00 


epoch38##########################################################
Train : loss:7.12e-04  =  7.02e-04 + alpha*9.89e-05
Valid : loss:4.44e-04  =  4.36e-04 + alpha*7.26e-05
Test: loss:4.72e-04  =  4.64e-04 + alpha*8.47e-05
Valid performance:
 mse:4.36e-04, IC:-2.20e-04, RIC:-3.39e-03, prec@10:5.14e-01, SR:-4.31e-01
Test performance:
 mse:4.64e-04, IC:1.25e-02, RIC:1.58e-01, prec@10:5.30e-01, SR:1.36e+00 


epoch39##########################################################
Train : loss:7.12e-04  =  7.02e-04 + alpha*9.92e-05
Valid : loss:4.39e-04  =  4.32e-04 + alpha*7.08e-05
Test: loss:4.79e-04  =  4.71e-04 + alpha*8.16e-05
Valid performance:
 mse:4.32e-04, IC:-4.62e-03, RIC:-6.93e-02, prec@10:5.10e-01, SR:6.76e-01
Test performance:
 mse:4.71e-04, IC:1.08e-02, RIC:1.42e-01, prec@10:5.30e-01, SR:1.62e+00 


epoch40##########################################################
Train : loss:6.99e-04  =  6.89e-04 + alpha*9.78e-05
Valid : loss:5.32e-04  =  5.25e-04 + alpha*7.41e-05
Test: loss:5.14e-04  =  5.05e-04 + alpha*8.67e-05
Valid performance:
 mse:5.25e-04, IC:1.72e-03, RIC:2.35e-02, prec@10:5.20e-01, SR:9.21e-01
Test performance:
 mse:5.05e-04, IC:2.51e-02, RIC:2.70e-01, prec@10:5.20e-01, SR:1.29e+00 


epoch41##########################################################
Train : loss:6.91e-04  =  6.81e-04 + alpha*9.88e-05
Valid : loss:4.06e-04  =  3.99e-04 + alpha*7.22e-05
Test: loss:4.64e-04  =  4.56e-04 + alpha*8.45e-05
Valid performance:
 mse:3.99e-04, IC:6.60e-04, RIC:8.69e-03, prec@10:5.01e-01, SR:5.04e-01
Test performance:
 mse:4.56e-04, IC:2.11e-02, RIC:2.49e-01, prec@10:5.39e-01, SR:1.30e+00 


epoch42##########################################################
Train : loss:7.17e-04  =  7.07e-04 + alpha*9.85e-05
Valid : loss:4.20e-04  =  4.13e-04 + alpha*6.62e-05
Test: loss:4.71e-04  =  4.64e-04 + alpha*7.79e-05
Valid performance:
 mse:4.13e-04, IC:1.46e-03, RIC:2.24e-02, prec@10:5.15e-01, SR:1.30e+00
Test performance:
 mse:4.64e-04, IC:1.50e-02, RIC:2.00e-01, prec@10:5.29e-01, SR:2.43e+00 


epoch43##########################################################
Train : loss:6.93e-04  =  6.83e-04 + alpha*9.72e-05
Valid : loss:4.05e-04  =  3.98e-04 + alpha*6.74e-05
Test: loss:4.63e-04  =  4.55e-04 + alpha*7.97e-05
Valid performance:
 mse:3.98e-04, IC:9.74e-03, RIC:1.51e-01, prec@10:5.30e-01, SR:1.69e+00
Test performance:
 mse:4.55e-04, IC:1.35e-02, RIC:1.55e-01, prec@10:5.18e-01, SR:8.46e-01 


epoch44##########################################################
Train : loss:6.98e-04  =  6.88e-04 + alpha*9.62e-05
Valid : loss:4.11e-04  =  4.03e-04 + alpha*7.86e-05
Test: loss:4.56e-04  =  4.47e-04 + alpha*9.51e-05
Valid performance:
 mse:4.03e-04, IC:2.17e-02, RIC:2.08e-01, prec@10:5.24e-01, SR:1.60e+00
Test performance:
 mse:4.47e-04, IC:2.69e-02, RIC:2.35e-01, prec@10:5.25e-01, SR:2.66e+00 


epoch45##########################################################
Train : loss:6.67e-04  =  6.58e-04 + alpha*9.21e-05
Valid : loss:5.67e-04  =  5.59e-04 + alpha*7.85e-05
Test: loss:6.31e-04  =  6.22e-04 + alpha*8.66e-05
Valid performance:
 mse:5.59e-04, IC:-1.86e-02, RIC:-2.13e-01, prec@10:5.20e-01, SR:8.29e-01
Test performance:
 mse:6.22e-04, IC:4.99e-03, RIC:6.71e-02, prec@10:5.31e-01, SR:1.07e-01 


epoch46##########################################################
Train : loss:7.03e-04  =  6.93e-04 + alpha*9.76e-05
Valid : loss:5.99e-04  =  5.91e-04 + alpha*8.32e-05
Test: loss:7.02e-04  =  6.93e-04 + alpha*9.03e-05
Valid performance:
 mse:5.91e-04, IC:-2.10e-02, RIC:-2.15e-01, prec@10:5.13e-01, SR:4.18e-01
Test performance:
 mse:6.93e-04, IC:3.95e-03, RIC:4.89e-02, prec@10:5.30e-01, SR:1.44e+00 


epoch47##########################################################
Train : loss:7.25e-04  =  7.15e-04 + alpha*9.65e-05
Valid : loss:5.52e-04  =  5.45e-04 + alpha*6.71e-05
Test: loss:6.44e-04  =  6.36e-04 + alpha*7.79e-05
Valid performance:
 mse:5.45e-04, IC:7.70e-03, RIC:1.01e-01, prec@10:5.32e-01, SR:2.33e-01
Test performance:
 mse:6.36e-04, IC:2.22e-02, RIC:2.54e-01, prec@10:5.27e-01, SR:1.81e+00 


epoch48##########################################################
Train : loss:6.55e-04  =  6.46e-04 + alpha*9.42e-05
Valid : loss:4.26e-04  =  4.19e-04 + alpha*6.64e-05
Test: loss:4.63e-04  =  4.55e-04 + alpha*7.49e-05
Valid performance:
 mse:4.19e-04, IC:-7.96e-03, RIC:-1.31e-01, prec@10:5.20e-01, SR:8.23e-01
Test performance:
 mse:4.55e-04, IC:1.09e-02, RIC:1.63e-01, prec@10:5.24e-01, SR:1.41e+00 


epoch49##########################################################
Train : loss:6.84e-04  =  6.74e-04 + alpha*9.51e-05
Valid : loss:4.31e-04  =  4.24e-04 + alpha*6.94e-05
Test: loss:5.42e-04  =  5.33e-04 + alpha*8.60e-05
Valid performance:
 mse:4.24e-04, IC:1.50e-02, RIC:1.83e-01, prec@10:5.14e-01, SR:1.18e+00
Test performance:
 mse:5.33e-04, IC:2.08e-02, RIC:1.82e-01, prec@10:5.10e-01, SR:1.14e+00 


epoch50##########################################################
Train : loss:6.58e-04  =  6.49e-04 + alpha*9.53e-05
Valid : loss:5.70e-04  =  5.64e-04 + alpha*6.83e-05
Test: loss:5.44e-04  =  5.35e-04 + alpha*8.27e-05
Valid performance:
 mse:5.64e-04, IC:1.09e-02, RIC:1.36e-01, prec@10:5.03e-01, SR:7.59e-01
Test performance:
 mse:5.35e-04, IC:2.23e-02, RIC:2.17e-01, prec@10:5.19e-01, SR:2.18e+00 


epoch51##########################################################
Train : loss:6.94e-04  =  6.85e-04 + alpha*9.45e-05
Valid : loss:4.70e-04  =  4.63e-04 + alpha*7.54e-05
Test: loss:4.67e-04  =  4.58e-04 + alpha*9.11e-05
Valid performance:
 mse:4.63e-04, IC:1.99e-02, RIC:1.99e-01, prec@10:5.20e-01, SR:7.70e-01
Test performance:
 mse:4.58e-04, IC:2.33e-02, RIC:1.98e-01, prec@10:5.26e-01, SR:1.85e+00 


epoch52##########################################################
Train : loss:7.07e-04  =  6.98e-04 + alpha*9.37e-05
Valid : loss:7.92e-04  =  7.84e-04 + alpha*7.85e-05
Test: loss:7.02e-04  =  6.93e-04 + alpha*9.74e-05
Valid performance:
 mse:7.84e-04, IC:2.15e-02, RIC:2.01e-01, prec@10:5.20e-01, SR:2.16e+00
Test performance:
 mse:6.93e-04, IC:2.70e-02, RIC:2.14e-01, prec@10:5.13e-01, SR:1.19e+00 


epoch53##########################################################
Train : loss:6.82e-04  =  6.73e-04 + alpha*9.41e-05
Valid : loss:4.17e-04  =  4.11e-04 + alpha*6.79e-05
Test: loss:4.61e-04  =  4.53e-04 + alpha*8.06e-05
Valid performance:
 mse:4.11e-04, IC:2.41e-04, RIC:3.66e-03, prec@10:5.13e-01, SR:2.21e+00
Test performance:
 mse:4.53e-04, IC:2.31e-03, RIC:2.86e-02, prec@10:5.17e-01, SR:2.59e-01 


epoch54##########################################################
Train : loss:6.51e-04  =  6.42e-04 + alpha*8.92e-05
Valid : loss:3.99e-04  =  3.92e-04 + alpha*6.96e-05
Test: loss:4.74e-04  =  4.65e-04 + alpha*8.30e-05
Valid performance:
 mse:3.92e-04, IC:1.92e-02, RIC:2.02e-01, prec@10:5.19e-01, SR:2.31e+00
Test performance:
 mse:4.65e-04, IC:1.80e-02, RIC:1.62e-01, prec@10:5.20e-01, SR:1.96e+00 


epoch55##########################################################
Train : loss:6.59e-04  =  6.50e-04 + alpha*9.07e-05
Valid : loss:3.88e-04  =  3.81e-04 + alpha*7.35e-05
Test: loss:4.72e-04  =  4.63e-04 + alpha*9.10e-05
Valid performance:
 mse:3.81e-04, IC:2.37e-02, RIC:2.24e-01, prec@10:5.24e-01, SR:1.95e+00
Test performance:
 mse:4.63e-04, IC:2.86e-02, RIC:2.39e-01, prec@10:5.16e-01, SR:1.42e+00 


epoch56##########################################################
Train : loss:6.44e-04  =  6.35e-04 + alpha*9.11e-05
Valid : loss:3.91e-04  =  3.84e-04 + alpha*6.94e-05
Test: loss:4.56e-04  =  4.48e-04 + alpha*8.11e-05
Valid performance:
 mse:3.84e-04, IC:1.51e-02, RIC:1.67e-01, prec@10:5.31e-01, SR:2.58e+00
Test performance:
 mse:4.48e-04, IC:1.66e-02, RIC:1.66e-01, prec@10:5.06e-01, SR:1.35e+00 


epoch57##########################################################
Train : loss:7.00e-04  =  6.91e-04 + alpha*9.32e-05
Valid : loss:3.99e-04  =  3.93e-04 + alpha*6.57e-05
Test: loss:4.27e-04  =  4.19e-04 + alpha*7.79e-05
Valid performance:
 mse:3.93e-04, IC:8.82e-04, RIC:1.35e-02, prec@10:5.14e-01, SR:8.00e-01
Test performance:
 mse:4.19e-04, IC:1.99e-02, RIC:2.56e-01, prec@10:5.37e-01, SR:1.60e+00 


epoch58##########################################################
Train : loss:6.85e-04  =  6.76e-04 + alpha*9.07e-05
Valid : loss:3.69e-04  =  3.63e-04 + alpha*6.40e-05
Test: loss:4.12e-04  =  4.05e-04 + alpha*7.50e-05
Valid performance:
 mse:3.63e-04, IC:1.02e-02, RIC:1.44e-01, prec@10:5.11e-01, SR:9.48e-01
Test performance:
 mse:4.05e-04, IC:1.94e-02, RIC:2.22e-01, prec@10:5.18e-01, SR:1.98e+00 


epoch59##########################################################
Train : loss:6.59e-04  =  6.50e-04 + alpha*9.03e-05
Valid : loss:3.75e-04  =  3.68e-04 + alpha*6.43e-05
Test: loss:4.10e-04  =  4.02e-04 + alpha*7.27e-05
Valid performance:
 mse:3.68e-04, IC:-5.96e-03, RIC:-8.58e-02, prec@10:5.37e-01, SR:1.93e+00
Test performance:
 mse:4.02e-04, IC:6.39e-03, RIC:9.06e-02, prec@10:5.35e-01, SR:2.39e+00 


epoch60##########################################################
Train : loss:6.62e-04  =  6.53e-04 + alpha*8.81e-05
Valid : loss:3.74e-04  =  3.67e-04 + alpha*6.43e-05
Test: loss:4.09e-04  =  4.02e-04 + alpha*7.42e-05
Valid performance:
 mse:3.67e-04, IC:2.48e-03, RIC:3.47e-02, prec@10:5.29e-01, SR:2.39e+00
Test performance:
 mse:4.02e-04, IC:5.16e-03, RIC:5.62e-02, prec@10:5.22e-01, SR:1.34e+00 


epoch61##########################################################
Train : loss:6.39e-04  =  6.31e-04 + alpha*8.65e-05
Valid : loss:3.95e-04  =  3.89e-04 + alpha*6.50e-05
Test: loss:4.63e-04  =  4.55e-04 + alpha*7.72e-05
Valid performance:
 mse:3.89e-04, IC:1.02e-02, RIC:1.41e-01, prec@10:5.13e-01, SR:2.59e+00
Test performance:
 mse:4.55e-04, IC:1.22e-02, RIC:1.35e-01, prec@10:5.12e-01, SR:4.29e-01 


epoch62##########################################################
Train : loss:6.99e-04  =  6.90e-04 + alpha*9.16e-05
Valid : loss:4.20e-04  =  4.13e-04 + alpha*6.20e-05
Test: loss:4.86e-04  =  4.79e-04 + alpha*7.32e-05
Valid performance:
 mse:4.13e-04, IC:1.47e-02, RIC:1.74e-01, prec@10:5.30e-01, SR:1.30e+00
Test performance:
 mse:4.79e-04, IC:2.07e-02, RIC:2.01e-01, prec@10:5.35e-01, SR:2.18e+00 


epoch63##########################################################
Train : loss:6.46e-04  =  6.37e-04 + alpha*8.68e-05
Valid : loss:3.77e-04  =  3.70e-04 + alpha*6.77e-05
Test: loss:4.19e-04  =  4.11e-04 + alpha*8.00e-05
Valid performance:
 mse:3.70e-04, IC:1.42e-02, RIC:1.49e-01, prec@10:5.23e-01, SR:1.83e+00
Test performance:
 mse:4.11e-04, IC:1.16e-02, RIC:9.95e-02, prec@10:5.02e-01, SR:2.28e-01 


epoch64##########################################################
Train : loss:6.66e-04  =  6.57e-04 + alpha*8.95e-05
Valid : loss:5.91e-04  =  5.84e-04 + alpha*6.49e-05
Test: loss:5.92e-04  =  5.84e-04 + alpha*7.43e-05
Valid performance:
 mse:5.84e-04, IC:-9.16e-03, RIC:-1.46e-01, prec@10:5.23e-01, SR:9.40e-01
Test performance:
 mse:5.84e-04, IC:1.71e-02, RIC:2.29e-01, prec@10:5.23e-01, SR:9.71e-01 


epoch65##########################################################
Train : loss:6.32e-04  =  6.23e-04 + alpha*8.65e-05
Valid : loss:3.94e-04  =  3.87e-04 + alpha*7.18e-05
Test: loss:4.42e-04  =  4.33e-04 + alpha*8.92e-05
Valid performance:
 mse:3.87e-04, IC:2.15e-02, RIC:2.05e-01, prec@10:5.24e-01, SR:1.94e+00
Test performance:
 mse:4.33e-04, IC:3.01e-02, RIC:2.34e-01, prec@10:5.20e-01, SR:1.21e+00 


epoch66##########################################################
Train : loss:6.60e-04  =  6.51e-04 + alpha*8.73e-05
Valid : loss:4.47e-04  =  4.41e-04 + alpha*6.00e-05
Test: loss:5.07e-04  =  5.00e-04 + alpha*7.04e-05
Valid performance:
 mse:4.41e-04, IC:9.42e-03, RIC:1.40e-01, prec@10:5.26e-01, SR:2.09e+00
Test performance:
 mse:5.00e-04, IC:1.89e-02, RIC:2.01e-01, prec@10:5.20e-01, SR:1.89e+00 


epoch67##########################################################
Train : loss:6.53e-04  =  6.45e-04 + alpha*8.56e-05
Valid : loss:4.38e-04  =  4.31e-04 + alpha*6.91e-05
Test: loss:5.06e-04  =  4.98e-04 + alpha*8.04e-05
Valid performance:
 mse:4.31e-04, IC:1.35e-02, RIC:1.46e-01, prec@10:5.14e-01, SR:1.38e+00
Test performance:
 mse:4.98e-04, IC:8.30e-03, RIC:8.45e-02, prec@10:5.15e-01, SR:8.29e-01 


epoch68##########################################################
Train : loss:6.51e-04  =  6.42e-04 + alpha*8.88e-05
Valid : loss:6.63e-04  =  6.57e-04 + alpha*6.28e-05
Test: loss:6.88e-04  =  6.81e-04 + alpha*7.07e-05
Valid performance:
 mse:6.57e-04, IC:-9.92e-03, RIC:-1.43e-01, prec@10:5.20e-01, SR:5.11e-01
Test performance:
 mse:6.81e-04, IC:1.64e-02, RIC:2.02e-01, prec@10:5.23e-01, SR:1.49e+00 


epoch69##########################################################
Train : loss:6.66e-04  =  6.57e-04 + alpha*8.58e-05
Valid : loss:4.64e-04  =  4.57e-04 + alpha*6.82e-05
Test: loss:4.56e-04  =  4.48e-04 + alpha*7.86e-05
Valid performance:
 mse:4.57e-04, IC:1.50e-02, RIC:1.57e-01, prec@10:5.21e-01, SR:2.68e+00
Test performance:
 mse:4.48e-04, IC:1.99e-02, RIC:1.95e-01, prec@10:5.24e-01, SR:1.47e+00 


epoch70##########################################################
Train : loss:6.27e-04  =  6.19e-04 + alpha*8.55e-05
Valid : loss:3.76e-04  =  3.69e-04 + alpha*6.39e-05
Test: loss:4.11e-04  =  4.03e-04 + alpha*7.45e-05
Valid performance:
 mse:3.69e-04, IC:-9.66e-03, RIC:-1.35e-01, prec@10:5.12e-01, SR:1.85e+00
Test performance:
 mse:4.03e-04, IC:-5.39e-03, RIC:-7.05e-02, prec@10:5.17e-01, SR:1.40e+00 


epoch71##########################################################
Train : loss:6.68e-04  =  6.59e-04 + alpha*8.77e-05
Valid : loss:4.00e-04  =  3.93e-04 + alpha*6.32e-05
Test: loss:4.39e-04  =  4.32e-04 + alpha*7.21e-05
Valid performance:
 mse:3.93e-04, IC:-1.08e-02, RIC:-1.59e-01, prec@10:5.03e-01, SR:6.63e-01
Test performance:
 mse:4.32e-04, IC:-1.44e-04, RIC:-2.22e-03, prec@10:5.23e-01, SR:1.65e+00 


epoch72##########################################################
Train : loss:6.49e-04  =  6.40e-04 + alpha*8.73e-05
Valid : loss:3.70e-04  =  3.63e-04 + alpha*6.47e-05
Test: loss:4.24e-04  =  4.16e-04 + alpha*7.81e-05
Valid performance:
 mse:3.63e-04, IC:1.52e-02, RIC:1.55e-01, prec@10:5.38e-01, SR:2.72e+00
Test performance:
 mse:4.16e-04, IC:2.10e-02, RIC:1.85e-01, prec@10:5.24e-01, SR:1.43e+00 


epoch73##########################################################
Train : loss:6.44e-04  =  6.36e-04 + alpha*8.50e-05
Valid : loss:3.73e-04  =  3.67e-04 + alpha*6.60e-05
Test: loss:4.13e-04  =  4.05e-04 + alpha*7.60e-05
Valid performance:
 mse:3.67e-04, IC:1.27e-02, RIC:1.48e-01, prec@10:5.16e-01, SR:2.40e+00
Test performance:
 mse:4.05e-04, IC:1.10e-02, RIC:1.18e-01, prec@10:5.07e-01, SR:1.26e+00 


epoch74##########################################################
Train : loss:6.66e-04  =  6.57e-04 + alpha*8.53e-05
Valid : loss:3.94e-04  =  3.87e-04 + alpha*7.00e-05
Test: loss:4.39e-04  =  4.31e-04 + alpha*8.24e-05
Valid performance:
 mse:3.87e-04, IC:1.56e-02, RIC:1.62e-01, prec@10:5.20e-01, SR:1.88e+00
Test performance:
 mse:4.31e-04, IC:1.58e-02, RIC:1.36e-01, prec@10:5.17e-01, SR:7.94e-01 


epoch75##########################################################
Train : loss:6.46e-04  =  6.37e-04 + alpha*8.81e-05
Valid : loss:3.93e-04  =  3.85e-04 + alpha*7.36e-05
Test: loss:4.18e-04  =  4.10e-04 + alpha*7.91e-05
Valid performance:
 mse:3.85e-04, IC:-2.57e-02, RIC:-2.48e-01, prec@10:4.95e-01, SR:-1.20e-01
Test performance:
 mse:4.10e-04, IC:-1.50e-03, RIC:-1.88e-02, prec@10:5.14e-01, SR:5.84e-01 


epoch76##########################################################
Train : loss:6.86e-04  =  6.77e-04 + alpha*8.75e-05
Valid : loss:3.89e-04  =  3.83e-04 + alpha*6.06e-05
Test: loss:4.24e-04  =  4.17e-04 + alpha*6.87e-05
Valid performance:
 mse:3.83e-04, IC:-1.28e-02, RIC:-2.05e-01, prec@10:5.16e-01, SR:1.53e+00
Test performance:
 mse:4.17e-04, IC:6.79e-03, RIC:9.80e-02, prec@10:5.08e-01, SR:1.30e+00 


epoch77##########################################################
Train : loss:6.24e-04  =  6.16e-04 + alpha*8.36e-05
Valid : loss:5.84e-04  =  5.78e-04 + alpha*5.94e-05
Test: loss:5.90e-04  =  5.83e-04 + alpha*6.92e-05
Valid performance:
 mse:5.78e-04, IC:2.74e-03, RIC:3.92e-02, prec@10:5.21e-01, SR:9.54e-01
Test performance:
 mse:5.83e-04, IC:1.35e-02, RIC:1.64e-01, prec@10:5.27e-01, SR:2.16e+00 


epoch78##########################################################
Train : loss:6.28e-04  =  6.19e-04 + alpha*8.20e-05
Valid : loss:5.05e-04  =  4.99e-04 + alpha*6.05e-05
Test: loss:5.71e-04  =  5.64e-04 + alpha*6.85e-05
Valid performance:
 mse:4.99e-04, IC:7.80e-03, RIC:1.03e-01, prec@10:5.12e-01, SR:1.22e+00
Test performance:
 mse:5.64e-04, IC:5.99e-03, RIC:7.22e-02, prec@10:5.17e-01, SR:1.27e+00 


epoch79##########################################################
Train : loss:6.35e-04  =  6.27e-04 + alpha*8.16e-05
Valid : loss:5.63e-04  =  5.57e-04 + alpha*6.21e-05
Test: loss:5.73e-04  =  5.65e-04 + alpha*7.31e-05
Valid performance:
 mse:5.57e-04, IC:-3.06e-03, RIC:-4.79e-02, prec@10:5.14e-01, SR:1.90e+00
Test performance:
 mse:5.65e-04, IC:1.76e-02, RIC:2.37e-01, prec@10:5.22e-01, SR:1.40e+00 


epoch80##########################################################
Train : loss:6.41e-04  =  6.33e-04 + alpha*8.40e-05
Valid : loss:4.64e-04  =  4.57e-04 + alpha*6.65e-05
Test: loss:4.71e-04  =  4.64e-04 + alpha*7.31e-05
Valid performance:
 mse:4.57e-04, IC:-1.53e-02, RIC:-1.93e-01, prec@10:5.05e-01, SR:4.35e-01
Test performance:
 mse:4.64e-04, IC:9.73e-04, RIC:1.48e-02, prec@10:5.17e-01, SR:7.28e-01 


epoch81##########################################################
Train : loss:6.55e-04  =  6.47e-04 + alpha*8.34e-05
Valid : loss:8.89e-04  =  8.82e-04 + alpha*7.00e-05
Test: loss:1.11e-03  =  1.11e-03 + alpha*8.41e-05
Valid performance:
 mse:8.82e-04, IC:2.57e-02, RIC:2.36e-01, prec@10:5.27e-01, SR:1.82e+00
Test performance:
 mse:1.11e-03, IC:2.03e-02, RIC:1.64e-01, prec@10:5.15e-01, SR:2.67e+00 


epoch82##########################################################
Train : loss:6.42e-04  =  6.33e-04 + alpha*8.38e-05
Valid : loss:5.88e-04  =  5.83e-04 + alpha*5.90e-05
Test: loss:6.91e-04  =  6.83e-04 + alpha*7.16e-05
Valid performance:
 mse:5.83e-04, IC:1.62e-02, RIC:2.17e-01, prec@10:5.31e-01, SR:2.74e+00
Test performance:
 mse:6.83e-04, IC:1.98e-02, RIC:2.07e-01, prec@10:5.14e-01, SR:1.33e+00 


epoch83##########################################################
Train : loss:6.25e-04  =  6.17e-04 + alpha*8.30e-05
Valid : loss:5.08e-04  =  5.02e-04 + alpha*5.73e-05
Test: loss:5.87e-04  =  5.80e-04 + alpha*6.77e-05
Valid performance:
 mse:5.02e-04, IC:5.98e-03, RIC:8.44e-02, prec@10:5.30e-01, SR:1.77e+00
Test performance:
 mse:5.80e-04, IC:2.21e-02, RIC:2.44e-01, prec@10:5.33e-01, SR:2.13e+00 


epoch84##########################################################
Train : loss:6.35e-04  =  6.26e-04 + alpha*8.28e-05
Valid : loss:4.90e-04  =  4.84e-04 + alpha*5.76e-05
Test: loss:5.08e-04  =  5.01e-04 + alpha*6.69e-05
Valid performance:
 mse:4.84e-04, IC:7.07e-03, RIC:8.92e-02, prec@10:5.26e-01, SR:2.07e+00
Test performance:
 mse:5.01e-04, IC:1.56e-02, RIC:1.79e-01, prec@10:5.26e-01, SR:1.64e+00 


epoch85##########################################################
Train : loss:6.14e-04  =  6.06e-04 + alpha*8.00e-05
Valid : loss:3.68e-04  =  3.62e-04 + alpha*6.15e-05
Test: loss:4.31e-04  =  4.24e-04 + alpha*7.32e-05
Valid performance:
 mse:3.62e-04, IC:1.31e-02, RIC:1.43e-01, prec@10:5.15e-01, SR:1.39e+00
Test performance:
 mse:4.24e-04, IC:2.24e-02, RIC:2.08e-01, prec@10:5.10e-01, SR:1.13e+00 


epoch86##########################################################
Train : loss:6.26e-04  =  6.17e-04 + alpha*8.45e-05
Valid : loss:4.12e-04  =  4.05e-04 + alpha*7.39e-05
Test: loss:4.20e-04  =  4.12e-04 + alpha*7.68e-05
Valid performance:
 mse:4.05e-04, IC:-2.53e-02, RIC:-2.35e-01, prec@10:5.13e-01, SR:-4.77e-01
Test performance:
 mse:4.12e-04, IC:2.66e-03, RIC:3.15e-02, prec@10:5.31e-01, SR:1.03e+00 


epoch87##########################################################
Train : loss:6.20e-04  =  6.12e-04 + alpha*8.30e-05
Valid : loss:4.07e-04  =  4.01e-04 + alpha*6.22e-05
Test: loss:4.28e-04  =  4.22e-04 + alpha*6.84e-05
Valid performance:
 mse:4.01e-04, IC:-1.54e-02, RIC:-2.28e-01, prec@10:5.11e-01, SR:4.81e-01
Test performance:
 mse:4.22e-04, IC:1.24e-02, RIC:1.63e-01, prec@10:5.21e-01, SR:1.70e+00 


epoch88##########################################################
Train : loss:6.25e-04  =  6.17e-04 + alpha*8.22e-05
Valid : loss:3.62e-04  =  3.56e-04 + alpha*5.83e-05
Test: loss:4.00e-04  =  3.93e-04 + alpha*6.73e-05
Valid performance:
 mse:3.56e-04, IC:1.18e-03, RIC:1.59e-02, prec@10:5.30e-01, SR:1.03e+00
Test performance:
 mse:3.93e-04, IC:9.53e-03, RIC:1.10e-01, prec@10:5.21e-01, SR:7.11e-01 


epoch89##########################################################
Train : loss:6.27e-04  =  6.19e-04 + alpha*7.95e-05
Valid : loss:3.74e-04  =  3.69e-04 + alpha*5.68e-05
Test: loss:4.17e-04  =  4.10e-04 + alpha*6.53e-05
Valid performance:
 mse:3.69e-04, IC:-1.94e-04, RIC:-2.36e-03, prec@10:5.41e-01, SR:1.65e+00
Test performance:
 mse:4.10e-04, IC:1.36e-02, RIC:1.53e-01, prec@10:5.28e-01, SR:5.00e-01 


epoch90##########################################################
Train : loss:6.37e-04  =  6.28e-04 + alpha*8.14e-05
Valid : loss:4.50e-04  =  4.45e-04 + alpha*5.79e-05
Test: loss:4.75e-04  =  4.68e-04 + alpha*6.66e-05
Valid performance:
 mse:4.45e-04, IC:-8.24e-04, RIC:-1.22e-02, prec@10:5.13e-01, SR:8.07e-01
Test performance:
 mse:4.68e-04, IC:1.18e-02, RIC:1.50e-01, prec@10:5.34e-01, SR:1.13e+00 


epoch91##########################################################
Train : loss:6.14e-04  =  6.06e-04 + alpha*8.16e-05
Valid : loss:5.03e-04  =  4.97e-04 + alpha*5.76e-05
Test: loss:4.92e-04  =  4.86e-04 + alpha*6.82e-05
Valid performance:
 mse:4.97e-04, IC:1.09e-02, RIC:1.47e-01, prec@10:5.30e-01, SR:1.84e+00
Test performance:
 mse:4.86e-04, IC:2.62e-02, RIC:2.63e-01, prec@10:5.32e-01, SR:1.38e+00 


epoch92##########################################################
Train : loss:6.48e-04  =  6.40e-04 + alpha*8.16e-05
Valid : loss:3.76e-04  =  3.70e-04 + alpha*6.08e-05
Test: loss:4.03e-04  =  3.96e-04 + alpha*6.77e-05
Valid performance:
 mse:3.70e-04, IC:-1.33e-02, RIC:-1.80e-01, prec@10:5.21e-01, SR:1.02e+00
Test performance:
 mse:3.96e-04, IC:7.38e-03, RIC:1.07e-01, prec@10:5.47e-01, SR:1.33e+00 


epoch93##########################################################
Train : loss:6.27e-04  =  6.19e-04 + alpha*8.02e-05
Valid : loss:3.79e-04  =  3.73e-04 + alpha*5.63e-05
Test: loss:4.36e-04  =  4.29e-04 + alpha*6.77e-05
Valid performance:
 mse:3.73e-04, IC:1.05e-02, RIC:1.58e-01, prec@10:5.33e-01, SR:2.85e+00
Test performance:
 mse:4.29e-04, IC:1.44e-02, RIC:1.60e-01, prec@10:5.17e-01, SR:9.30e-01 


epoch94##########################################################
Train : loss:6.15e-04  =  6.07e-04 + alpha*8.03e-05
Valid : loss:4.30e-04  =  4.24e-04 + alpha*6.05e-05
Test: loss:4.53e-04  =  4.47e-04 + alpha*6.55e-05
Valid performance:
 mse:4.24e-04, IC:-1.62e-02, RIC:-2.00e-01, prec@10:5.31e-01, SR:9.87e-01
Test performance:
 mse:4.47e-04, IC:1.41e-02, RIC:1.89e-01, prec@10:5.46e-01, SR:2.66e+00 


epoch95##########################################################
Train : loss:6.10e-04  =  6.02e-04 + alpha*8.01e-05
Valid : loss:3.72e-04  =  3.66e-04 + alpha*6.42e-05
Test: loss:4.06e-04  =  3.99e-04 + alpha*7.26e-05
Valid performance:
 mse:3.66e-04, IC:-2.30e-02, RIC:-2.71e-01, prec@10:5.01e-01, SR:-4.60e-01
Test performance:
 mse:3.99e-04, IC:-5.02e-03, RIC:-6.56e-02, prec@10:5.10e-01, SR:9.79e-01 


epoch96##########################################################
Train : loss:5.92e-04  =  5.85e-04 + alpha*7.83e-05
Valid : loss:3.63e-04  =  3.57e-04 + alpha*5.90e-05
Test: loss:3.92e-04  =  3.85e-04 + alpha*6.68e-05
Valid performance:
 mse:3.57e-04, IC:-4.99e-03, RIC:-6.33e-02, prec@10:5.22e-01, SR:1.43e+00
Test performance:
 mse:3.85e-04, IC:1.16e-02, RIC:1.54e-01, prec@10:5.21e-01, SR:1.13e+00 


epoch97##########################################################
Train : loss:6.08e-04  =  6.00e-04 + alpha*7.95e-05
Valid : loss:5.18e-04  =  5.12e-04 + alpha*5.51e-05
Test: loss:5.64e-04  =  5.57e-04 + alpha*6.26e-05
Valid performance:
 mse:5.12e-04, IC:-2.90e-03, RIC:-3.99e-02, prec@10:4.99e-01, SR:1.39e+00
Test performance:
 mse:5.57e-04, IC:1.10e-02, RIC:1.48e-01, prec@10:5.20e-01, SR:1.82e+00 


epoch98##########################################################
Train : loss:6.19e-04  =  6.11e-04 + alpha*7.93e-05
Valid : loss:4.37e-04  =  4.31e-04 + alpha*5.76e-05
Test: loss:4.80e-04  =  4.74e-04 + alpha*6.68e-05
Valid performance:
 mse:4.31e-04, IC:-4.85e-03, RIC:-7.19e-02, prec@10:5.16e-01, SR:2.38e+00
Test performance:
 mse:4.74e-04, IC:6.01e-03, RIC:8.39e-02, prec@10:5.21e-01, SR:1.30e+00 


epoch99##########################################################
Train : loss:6.44e-04  =  6.35e-04 + alpha*8.32e-05
Valid : loss:3.80e-04  =  3.74e-04 + alpha*6.11e-05
Test: loss:4.15e-04  =  4.07e-04 + alpha*7.38e-05
Valid performance:
 mse:3.74e-04, IC:7.74e-03, RIC:9.15e-02, prec@10:5.20e-01, SR:1.96e+00
Test performance:
 mse:4.07e-04, IC:2.29e-02, RIC:2.14e-01, prec@10:5.11e-01, SR:1.05e+00 


epoch100##########################################################
Train : loss:6.34e-04  =  6.26e-04 + alpha*8.04e-05
Valid : loss:3.84e-04  =  3.79e-04 + alpha*5.76e-05
Test: loss:4.21e-04  =  4.14e-04 + alpha*6.44e-05
Valid performance:
 mse:3.79e-04, IC:-5.51e-04, RIC:-7.29e-03, prec@10:5.19e-01, SR:1.88e+00
Test performance:
 mse:4.14e-04, IC:1.90e-02, RIC:2.05e-01, prec@10:5.18e-01, SR:1.84e+00 


Training finished.
Best Validation Performance (based on lowest validation loss):
mse:3.56e-04, IC:1.18e-03, RIC:1.59e-02, prec@10:5.30e-01, SR:1.03e+00
Corresponding Test Performance:
mse:3.93e-04, IC:9.53e-03, RIC:1.10e-01, prec@10:5.21e-01, SR:7.11e-01
Results appended to ../training_results.xlsx
