市场为 NASDAQ，实际加载股票数量更新为: 951
总交易天数: 1148
根据 60%/20%/_ 分割比例 (已调整为满足最小数据集要求):
训练集天数 (0-indexed, up to valid_index-1): 688 (实际比例: 59.9%)
验证集天数 (valid_index to test_index-1): 230 (实际比例: 20.0%)
测试集天数 (test_index to end): 230 (实际比例: 20.0%)
验证集起始索引 (valid_index): 688
测试集起始索引 (test_index): 918
✅ 数据集分割检查通过
epoch1##########################################################
Train : loss:9.89e+04  =  9.89e+04 + alpha*9.77e-02
lstm_train.py:164: DeprecationWarning: __array__ implementation doesn't accept a copy keyword, so passing copy=False failed. __array__ must implement 'dtype' and 'copy' keyword arguments.
  cur_valid_pred[:, cur_offset - (start_index - lookback_length - steps + 1)] = cur_rr[:, 0].cpu()
lstm_train.py:165: DeprecationWarning: __array__ implementation doesn't accept a copy keyword, so passing copy=False failed. __array__ must implement 'dtype' and 'copy' keyword arguments.
  cur_valid_gt[:, cur_offset - (start_index - lookback_length - steps + 1)] = gt_batch[:, 0].cpu()
lstm_train.py:166: DeprecationWarning: __array__ implementation doesn't accept a copy keyword, so passing copy=False failed. __array__ must implement 'dtype' and 'copy' keyword arguments.
  cur_valid_mask[:, cur_offset - (start_index - lookback_length - steps + 1)] = mask_batch[:, 0].cpu()
Valid : loss:1.09e+04  =  1.09e+04 + alpha*5.69e-02
Test: loss:1.16e+10  =  1.16e+10 + alpha*4.79e-02
Valid performance:
 mse:1.09e+04, IC:-2.24e-04, RIC:-3.15e-02, prec@10:8.90e-01, SR:8.78e-01
Test performance:
 mse:1.16e+10, IC:3.44e-03, RIC:5.05e-02, prec@10:8.33e-01, SR:1.05e+00 


epoch2##########################################################
Train : loss:2.03e+04  =  2.03e+04 + alpha*4.38e-02
Valid : loss:3.48e+04  =  3.48e+04 + alpha*1.17e-01
Test: loss:1.16e+10  =  1.16e+10 + alpha*8.90e-02
Valid performance:
 mse:3.48e+04, IC:2.70e-04, RIC:3.79e-02, prec@10:8.53e-01, SR:8.11e-01
Test performance:
 mse:1.16e+10, IC:4.97e-03, RIC:7.35e-02, prec@10:8.17e-01, SR:1.05e+00 


epoch3##########################################################
Train : loss:1.26e+04  =  1.26e+04 + alpha*3.92e-02
Valid : loss:3.73e+04  =  3.73e+04 + alpha*1.27e-01
Test: loss:1.16e+10  =  1.16e+10 + alpha*1.44e+06
Valid performance:
 mse:3.73e+04, IC:-2.52e-04, RIC:-3.55e-02, prec@10:7.70e-01, SR:8.48e-01
Test performance:
 mse:1.16e+10, IC:-5.52e-03, RIC:-8.10e-02, prec@10:7.42e-01, SR:-5.67e-02 


epoch4##########################################################
Train : loss:5.27e+03  =  5.27e+03 + alpha*2.60e-02
Valid : loss:3.40e+03  =  3.40e+03 + alpha*2.91e-02
Test: loss:1.16e+10  =  1.16e+10 + alpha*6.57e+05
Valid performance:
 mse:3.40e+03, IC:6.99e-04, RIC:9.86e-02, prec@10:7.40e-01, SR:1.11e+00
Test performance:
 mse:1.16e+10, IC:-4.80e-03, RIC:-7.02e-02, prec@10:7.20e-01, SR:9.40e-02 


epoch5##########################################################
Train : loss:7.37e+03  =  7.37e+03 + alpha*2.57e-02
Valid : loss:2.61e+03  =  2.61e+03 + alpha*2.81e-02
Test: loss:1.16e+10  =  1.16e+10 + alpha*2.44e-02
Valid performance:
 mse:2.61e+03, IC:9.40e-06, RIC:1.32e-03, prec@10:7.36e-01, SR:5.57e-01
Test performance:
 mse:1.16e+10, IC:3.52e-03, RIC:5.13e-02, prec@10:7.11e-01, SR:1.05e+00 


epoch6##########################################################
Train : loss:2.97e+03  =  2.97e+03 + alpha*1.82e-02
Valid : loss:1.42e+03  =  1.42e+03 + alpha*2.31e-02
Test: loss:1.16e+10  =  1.16e+10 + alpha*1.36e+05
Valid performance:
 mse:1.42e+03, IC:-2.86e-05, RIC:-4.03e-03, prec@10:7.38e-01, SR:7.41e-02
Test performance:
 mse:1.16e+10, IC:-4.65e-03, RIC:-6.78e-02, prec@10:7.14e-01, SR:1.36e+00 


epoch7##########################################################
Train : loss:6.95e+03  =  6.95e+03 + alpha*2.35e-02
Valid : loss:3.28e+03  =  3.28e+03 + alpha*3.37e-02
Test: loss:1.16e+10  =  1.16e+10 + alpha*2.00e-02
Valid performance:
 mse:3.28e+03, IC:-4.84e-04, RIC:-6.75e-02, prec@10:7.27e-01, SR:2.27e-01
Test performance:
 mse:1.16e+10, IC:3.73e-03, RIC:5.44e-02, prec@10:7.14e-01, SR:1.05e+00 


epoch8##########################################################
Train : loss:1.35e+03  =  1.35e+03 + alpha*1.36e-02
Valid : loss:1.69e+03  =  1.69e+03 + alpha*2.31e-02
Test: loss:1.16e+10  =  1.16e+10 + alpha*4.38e+05
Valid performance:
 mse:1.69e+03, IC:-1.19e-03, RIC:-1.46e-01, prec@10:7.20e-01, SR:-8.67e-01
Test performance:
 mse:1.16e+10, IC:-5.05e-03, RIC:-7.36e-02, prec@10:7.04e-01, SR:1.47e+00 


epoch9##########################################################
Train : loss:2.07e+03  =  2.07e+03 + alpha*1.39e-02
Valid : loss:1.04e+04  =  1.04e+04 + alpha*7.14e-02
Test: loss:1.16e+10  =  1.16e+10 + alpha*5.91e-02
Valid performance:
 mse:1.04e+04, IC:2.68e-04, RIC:3.77e-02, prec@10:7.44e-01, SR:-1.03e+00
Test performance:
 mse:1.16e+10, IC:4.20e-03, RIC:6.13e-02, prec@10:7.29e-01, SR:1.05e+00 


epoch10##########################################################
Train : loss:1.54e+03  =  1.54e+03 + alpha*1.06e-02
Valid : loss:2.78e+02  =  2.78e+02 + alpha*9.06e-03
Test: loss:1.16e+10  =  1.16e+10 + alpha*2.45e+05
Valid performance:
 mse:2.78e+02, IC:1.91e-04, RIC:2.62e-02, prec@10:7.13e-01, SR:-2.07e-01
Test performance:
 mse:1.16e+10, IC:-5.40e-03, RIC:-7.88e-02, prec@10:7.07e-01, SR:5.53e-01 


epoch11##########################################################
Train : loss:8.38e+02  =  8.38e+02 + alpha*9.49e-03
Valid : loss:1.08e+03  =  1.08e+03 + alpha*1.90e-02
Test: loss:1.16e+10  =  1.16e+10 + alpha*3.96e+05
Valid performance:
 mse:1.08e+03, IC:-1.68e-04, RIC:-2.38e-02, prec@10:6.91e-01, SR:-2.85e-01
Test performance:
 mse:1.16e+10, IC:-5.90e-03, RIC:-8.59e-02, prec@10:7.00e-01, SR:1.19e+00 


epoch12##########################################################
Train : loss:2.89e+03  =  2.89e+03 + alpha*1.83e-02
Valid : loss:2.94e+03  =  2.94e+03 + alpha*3.25e-02
Test: loss:1.16e+10  =  1.16e+10 + alpha*2.80e-02
Valid performance:
 mse:2.94e+03, IC:-2.77e-05, RIC:-3.88e-03, prec@10:7.03e-01, SR:-1.50e-03
Test performance:
 mse:1.16e+10, IC:4.21e-03, RIC:6.09e-02, prec@10:7.20e-01, SR:1.05e+00 


epoch13##########################################################
Train : loss:1.43e+03  =  1.43e+03 + alpha*1.21e-02
Valid : loss:2.40e+03  =  2.40e+03 + alpha*3.08e-02
Test: loss:1.16e+10  =  1.16e+10 + alpha*2.35e-02
Valid performance:
 mse:2.40e+03, IC:-5.22e-05, RIC:-7.31e-03, prec@10:6.90e-01, SR:1.88e-01
Test performance:
 mse:1.16e+10, IC:4.24e-03, RIC:6.10e-02, prec@10:7.13e-01, SR:1.05e+00 


epoch14##########################################################
Train : loss:6.20e+02  =  6.20e+02 + alpha*7.66e-03
Valid : loss:4.99e+02  =  4.99e+02 + alpha*1.31e-02
Test: loss:1.16e+10  =  1.16e+10 + alpha*1.50e+05
Valid performance:
 mse:4.99e+02, IC:9.73e-05, RIC:1.37e-02, prec@10:6.21e-01, SR:1.21e-02
Test performance:
 mse:1.16e+10, IC:-4.41e-03, RIC:-6.26e-02, prec@10:6.70e-01, SR:1.15e+00 


epoch15##########################################################
Train : loss:1.44e+03  =  1.44e+03 + alpha*1.10e-02
Valid : loss:1.86e+02  =  1.86e+02 + alpha*7.65e-03
Test: loss:1.16e+10  =  1.16e+10 + alpha*3.74e+05
Valid performance:
 mse:1.86e+02, IC:2.04e-04, RIC:2.78e-02, prec@10:6.61e-01, SR:-1.82e-02
Test performance:
 mse:1.16e+10, IC:-4.73e-03, RIC:-6.78e-02, prec@10:6.99e-01, SR:1.04e+00 


epoch16##########################################################
Train : loss:4.88e+02  =  4.88e+02 + alpha*5.64e-03
Valid : loss:1.90e+03  =  1.90e+03 + alpha*2.89e-02
Test: loss:1.16e+10  =  1.16e+10 + alpha*2.49e-02
Valid performance:
 mse:1.90e+03, IC:4.54e-04, RIC:6.41e-02, prec@10:6.68e-01, SR:8.34e-02
Test performance:
 mse:1.16e+10, IC:4.36e-03, RIC:6.28e-02, prec@10:7.11e-01, SR:1.05e+00 


epoch17##########################################################
Train : loss:1.35e+03  =  1.35e+03 + alpha*1.21e-02
Valid : loss:2.32e+02  =  2.32e+02 + alpha*7.98e-03
Test: loss:1.16e+10  =  1.16e+10 + alpha*1.90e+05
Valid performance:
 mse:2.32e+02, IC:2.22e-05, RIC:3.13e-03, prec@10:6.27e-01, SR:-1.73e+00
Test performance:
 mse:1.16e+10, IC:-4.56e-03, RIC:-6.54e-02, prec@10:6.73e-01, SR:1.13e+00 


epoch18##########################################################
Train : loss:3.67e+02  =  3.67e+02 + alpha*5.56e-03
Valid : loss:5.67e+03  =  5.67e+03 + alpha*5.15e-02
Test: loss:1.16e+10  =  1.16e+10 + alpha*4.36e-02
Valid performance:
 mse:5.67e+03, IC:2.69e-04, RIC:3.78e-02, prec@10:7.11e-01, SR:-3.15e-01
Test performance:
 mse:1.16e+10, IC:4.30e-03, RIC:6.28e-02, prec@10:7.20e-01, SR:1.05e+00 


epoch19##########################################################
Train : loss:6.48e+02  =  6.48e+02 + alpha*8.63e-03
Valid : loss:4.67e+02  =  4.67e+02 + alpha*1.32e-02
Test: loss:1.16e+10  =  1.16e+10 + alpha*5.88e+04
Valid performance:
 mse:4.67e+02, IC:-1.79e-04, RIC:-2.53e-02, prec@10:6.30e-01, SR:-7.68e-01
Test performance:
 mse:1.16e+10, IC:-5.20e-03, RIC:-7.42e-02, prec@10:6.69e-01, SR:5.08e-01 


epoch20##########################################################
Train : loss:5.42e+02  =  5.42e+02 + alpha*6.74e-03
Valid : loss:4.55e+03  =  4.55e+03 + alpha*4.67e-02
Test: loss:1.16e+10  =  1.16e+10 + alpha*8.37e+05
Valid performance:
 mse:4.55e+03, IC:-2.70e-04, RIC:-3.81e-02, prec@10:6.33e-01, SR:-1.11e+00
Test performance:
 mse:1.16e+10, IC:-5.78e-03, RIC:-8.23e-02, prec@10:6.80e-01, SR:1.80e+00 


epoch21##########################################################
Train : loss:2.56e+02  =  2.56e+02 + alpha*5.29e-03
Valid : loss:1.83e+02  =  1.83e+02 + alpha*8.71e-03
Test: loss:1.16e+10  =  1.16e+10 + alpha*6.40e-03
Valid performance:
 mse:1.83e+02, IC:1.99e-04, RIC:2.78e-02, prec@10:6.59e-01, SR:-1.21e+00
Test performance:
 mse:1.16e+10, IC:4.44e-03, RIC:6.34e-02, prec@10:7.04e-01, SR:1.05e+00 


epoch22##########################################################
Train : loss:1.65e+02  =  1.65e+02 + alpha*4.27e-03
Valid : loss:2.27e+02  =  2.27e+02 + alpha*8.72e-03
Test: loss:1.16e+10  =  1.16e+10 + alpha*8.10e-03
Valid performance:
 mse:2.27e+02, IC:4.50e-04, RIC:6.29e-02, prec@10:6.40e-01, SR:4.42e-01
Test performance:
 mse:1.16e+10, IC:4.53e-03, RIC:6.47e-02, prec@10:6.86e-01, SR:1.05e+00 


epoch23##########################################################
Train : loss:6.51e+02  =  6.51e+02 + alpha*4.06e-03
Valid : loss:2.69e+01  =  2.69e+01 + alpha*2.94e-03
Test: loss:1.16e+10  =  1.16e+10 + alpha*2.68e+04
Valid performance:
 mse:2.69e+01, IC:4.78e-04, RIC:6.74e-02, prec@10:6.54e-01, SR:-3.09e-01
Test performance:
 mse:1.16e+10, IC:-4.56e-03, RIC:-6.50e-02, prec@10:7.02e-01, SR:1.71e+00 


epoch24##########################################################
Train : loss:1.73e+02  =  1.73e+02 + alpha*4.42e-03
Valid : loss:1.28e+02  =  1.28e+02 + alpha*6.84e-03
Test: loss:1.16e+10  =  1.16e+10 + alpha*4.91e-03
Valid performance:
 mse:1.28e+02, IC:5.28e-05, RIC:7.24e-03, prec@10:6.45e-01, SR:-4.26e-02
Test performance:
 mse:1.16e+10, IC:4.49e-03, RIC:6.40e-02, prec@10:6.89e-01, SR:1.05e+00 


epoch25##########################################################
Train : loss:4.49e+01  =  4.49e+01 + alpha*2.24e-03
Valid : loss:3.83e+02  =  3.83e+02 + alpha*1.32e-02
Test: loss:1.16e+10  =  1.16e+10 + alpha*3.59e+05
Valid performance:
 mse:3.83e+02, IC:-2.71e-04, RIC:-3.83e-02, prec@10:6.02e-01, SR:4.68e-01
Test performance:
 mse:1.16e+10, IC:-4.98e-03, RIC:-7.10e-02, prec@10:6.50e-01, SR:1.50e+00 


epoch26##########################################################
Train : loss:1.39e+03  =  1.39e+03 + alpha*7.98e-03
Valid : loss:7.42e+01  =  7.42e+01 + alpha*4.05e-03
Test: loss:1.16e+10  =  1.16e+10 + alpha*6.44e+04
Valid performance:
 mse:7.42e+01, IC:-3.66e-04, RIC:-5.15e-02, prec@10:6.04e-01, SR:5.12e-01
Test performance:
 mse:1.16e+10, IC:-5.07e-03, RIC:-7.19e-02, prec@10:6.27e-01, SR:1.42e+00 


epoch27##########################################################
Train : loss:2.18e+01  =  2.18e+01 + alpha*1.41e-03
Valid : loss:2.28e+01  =  2.28e+01 + alpha*3.03e-03
Test: loss:1.16e+10  =  1.16e+10 + alpha*2.32e-03
Valid performance:
 mse:2.28e+01, IC:2.25e-04, RIC:3.15e-02, prec@10:6.15e-01, SR:8.28e-01
Test performance:
 mse:1.16e+10, IC:4.69e-03, RIC:6.66e-02, prec@10:6.40e-01, SR:1.05e+00 


epoch28##########################################################
Train : loss:2.34e+01  =  2.34e+01 + alpha*1.39e-03
Valid : loss:8.65e+00  =  8.65e+00 + alpha*1.83e-03
Test: loss:1.16e+10  =  1.16e+10 + alpha*1.68e-03
Valid performance:
 mse:8.65e+00, IC:-2.15e-04, RIC:-2.64e-02, prec@10:6.07e-01, SR:1.34e+00
Test performance:
 mse:1.16e+10, IC:5.05e-03, RIC:7.17e-02, prec@10:6.19e-01, SR:1.05e+00 


epoch29##########################################################
Train : loss:9.74e+00  =  9.74e+00 + alpha*9.55e-04
Valid : loss:1.61e+01  =  1.61e+01 + alpha*2.65e-03
Test: loss:1.16e+10  =  1.16e+10 + alpha*2.29e-03
Valid performance:
 mse:1.61e+01, IC:4.65e-04, RIC:6.30e-02, prec@10:6.20e-01, SR:1.33e+00
Test performance:
 mse:1.16e+10, IC:4.94e-03, RIC:7.02e-02, prec@10:6.22e-01, SR:1.05e+00 


epoch30##########################################################
Train : loss:5.80e+01  =  5.80e+01 + alpha*2.05e-03
Valid : loss:4.69e+01  =  4.69e+01 + alpha*4.34e-03
Test: loss:1.16e+10  =  1.16e+10 + alpha*3.37e-03
Valid performance:
 mse:4.69e+01, IC:4.61e-04, RIC:6.25e-02, prec@10:6.11e-01, SR:8.88e-01
Test performance:
 mse:1.16e+10, IC:4.91e-03, RIC:6.97e-02, prec@10:6.03e-01, SR:1.05e+00 


epoch31##########################################################
Train : loss:1.06e+02  =  1.06e+02 + alpha*2.67e-03
Valid : loss:2.29e+03  =  2.29e+03 + alpha*3.47e-02
Test: loss:1.16e+10  =  1.16e+10 + alpha*2.87e-02
Valid performance:
 mse:2.29e+03, IC:2.69e-04, RIC:3.78e-02, prec@10:6.18e-01, SR:1.50e+00
Test performance:
 mse:1.16e+10, IC:5.41e-03, RIC:7.70e-02, prec@10:6.10e-01, SR:1.05e+00 


epoch32##########################################################
Train : loss:2.33e+02  =  2.33e+02 + alpha*3.44e-03
Valid : loss:6.08e+01  =  6.08e+01 + alpha*5.29e-03
Test: loss:1.16e+10  =  1.16e+10 + alpha*9.01e+04
Valid performance:
 mse:6.08e+01, IC:-2.70e-04, RIC:-3.82e-02, prec@10:5.85e-01, SR:1.43e+00
Test performance:
 mse:1.16e+10, IC:-4.25e-03, RIC:-6.03e-02, prec@10:5.86e-01, SR:2.36e+00 


epoch33##########################################################
Train : loss:3.03e+02  =  3.03e+02 + alpha*3.33e-03
Valid : loss:5.83e+00  =  5.83e+00 + alpha*1.06e-03
Test: loss:1.16e+10  =  1.16e+10 + alpha*2.08e+04
Valid performance:
 mse:5.83e+00, IC:-5.94e-04, RIC:-7.23e-02, prec@10:6.03e-01, SR:1.82e+00
Test performance:
 mse:1.16e+10, IC:-4.47e-03, RIC:-6.31e-02, prec@10:5.89e-01, SR:2.48e+00 


epoch34##########################################################
Train : loss:1.33e+01  =  1.33e+01 + alpha*7.83e-04
Valid : loss:3.93e+00  =  3.93e+00 + alpha*1.14e-03
Test: loss:1.16e+10  =  1.16e+10 + alpha*1.78e+04
Valid performance:
 mse:3.93e+00, IC:-9.21e-05, RIC:-1.12e-02, prec@10:5.97e-01, SR:1.52e+00
Test performance:
 mse:1.16e+10, IC:-3.18e-03, RIC:-4.38e-02, prec@10:5.82e-01, SR:1.51e+00 


epoch35##########################################################
Train : loss:8.41e+00  =  8.41e+00 + alpha*7.43e-04
Valid : loss:1.75e+00  =  1.75e+00 + alpha*5.71e-04
Test: loss:1.16e+10  =  1.16e+10 + alpha*3.41e+03
Valid performance:
 mse:1.75e+00, IC:-5.47e-04, RIC:-7.33e-02, prec@10:5.96e-01, SR:1.59e+00
Test performance:
 mse:1.16e+10, IC:-3.50e-03, RIC:-4.94e-02, prec@10:5.80e-01, SR:1.83e+00 


epoch36##########################################################
Train : loss:1.13e+01  =  1.13e+01 + alpha*8.58e-04
Valid : loss:8.13e+01  =  8.13e+01 + alpha*6.49e-03
Test: loss:1.16e+10  =  1.16e+10 + alpha*5.25e-03
Valid performance:
 mse:8.13e+01, IC:2.68e-04, RIC:3.75e-02, prec@10:6.28e-01, SR:1.70e+00
Test performance:
 mse:1.16e+10, IC:5.00e-03, RIC:7.11e-02, prec@10:6.20e-01, SR:1.05e+00 


epoch37##########################################################
Train : loss:2.13e+02  =  2.13e+02 + alpha*3.51e-03
Valid : loss:3.59e+01  =  3.59e+01 + alpha*4.05e-03
Test: loss:1.16e+10  =  1.16e+10 + alpha*7.27e+04
Valid performance:
 mse:3.59e+01, IC:-2.76e-04, RIC:-3.92e-02, prec@10:5.81e-01, SR:2.89e-01
Test performance:
 mse:1.16e+10, IC:-5.14e-03, RIC:-7.32e-02, prec@10:6.33e-01, SR:1.10e+00 


epoch38##########################################################
Train : loss:3.46e+00  =  3.46e+00 + alpha*5.53e-04
Valid : loss:1.14e+01  =  1.14e+01 + alpha*2.42e-03
Test: loss:1.16e+10  =  1.16e+10 + alpha*4.57e+04
Valid performance:
 mse:1.14e+01, IC:-3.02e-04, RIC:-4.43e-02, prec@10:5.70e-01, SR:1.20e+00
Test performance:
 mse:1.16e+10, IC:-3.84e-03, RIC:-5.46e-02, prec@10:5.66e-01, SR:2.04e+00 


epoch39##########################################################
Train : loss:1.58e+02  =  1.58e+02 + alpha*2.66e-03
Valid : loss:3.84e+00  =  3.84e+00 + alpha*9.77e-04
Test: loss:1.16e+10  =  1.16e+10 + alpha*9.38e-04
Valid performance:
 mse:3.84e+00, IC:2.34e-04, RIC:3.25e-02, prec@10:7.52e-01, SR:-3.10e-01
Test performance:
 mse:1.16e+10, IC:4.09e-03, RIC:5.95e-02, prec@10:7.20e-01, SR:1.05e+00 


epoch40##########################################################
Train : loss:1.21e+01  =  1.21e+01 + alpha*9.52e-04
Valid : loss:5.40e+01  =  5.40e+01 + alpha*5.37e-03
Test: loss:1.16e+10  =  1.16e+10 + alpha*4.54e-03
Valid performance:
 mse:5.40e+01, IC:2.63e-04, RIC:3.67e-02, prec@10:6.80e-01, SR:1.01e+00
Test performance:
 mse:1.16e+10, IC:4.23e-03, RIC:6.04e-02, prec@10:6.86e-01, SR:1.05e+00 


epoch41##########################################################
Train : loss:4.27e+02  =  4.27e+02 + alpha*3.60e-03
Valid : loss:1.62e+00  =  1.62e+00 + alpha*6.30e-04
Test: loss:1.16e+10  =  1.16e+10 + alpha*5.28e-04
Valid performance:
 mse:1.62e+00, IC:2.63e-04, RIC:2.50e-02, prec@10:6.29e-01, SR:1.63e+00
Test performance:
 mse:1.16e+10, IC:4.45e-03, RIC:6.29e-02, prec@10:6.34e-01, SR:1.05e+00 


epoch42##########################################################
Train : loss:2.01e+00  =  2.01e+00 + alpha*3.18e-04
Valid : loss:1.61e+00  =  1.61e+00 + alpha*5.75e-04
Test: loss:1.16e+10  =  1.16e+10 + alpha*1.19e+04
Valid performance:
 mse:1.61e+00, IC:-4.81e-04, RIC:-6.55e-02, prec@10:6.20e-01, SR:1.74e-01
Test performance:
 mse:1.16e+10, IC:-4.46e-03, RIC:-6.36e-02, prec@10:6.31e-01, SR:9.63e-01 


epoch43##########################################################
Train : loss:1.04e+01  =  1.04e+01 + alpha*8.80e-04
Valid : loss:1.24e+00  =  1.24e+00 + alpha*4.84e-04
Test: loss:1.16e+10  =  1.16e+10 + alpha*3.72e+03
Valid performance:
 mse:1.24e+00, IC:6.22e-04, RIC:4.71e-02, prec@10:6.33e-01, SR:1.31e+00
Test performance:
 mse:1.16e+10, IC:-2.41e-03, RIC:-3.34e-02, prec@10:6.21e-01, SR:7.79e-01 


epoch44##########################################################
Train : loss:7.89e+02  =  7.89e+02 + alpha*5.01e-03
Valid : loss:2.42e+00  =  2.42e+00 + alpha*8.47e-04
Test: loss:1.16e+10  =  1.16e+10 + alpha*9.62e+03
Valid performance:
 mse:2.42e+00, IC:5.36e-04, RIC:4.84e-02, prec@10:6.34e-01, SR:1.51e+00
Test performance:
 mse:1.16e+10, IC:-3.54e-03, RIC:-4.87e-02, prec@10:6.15e-01, SR:1.53e+00 


epoch45##########################################################
Train : loss:2.00e+01  =  2.00e+01 + alpha*1.05e-03
Valid : loss:1.74e+00  =  1.74e+00 + alpha*5.15e-04
Test: loss:1.16e+10  =  1.16e+10 + alpha*4.25e-04
Valid performance:
 mse:1.74e+00, IC:-4.20e-04, RIC:-4.89e-02, prec@10:6.83e-01, SR:-5.04e-02
Test performance:
 mse:1.16e+10, IC:4.79e-03, RIC:6.93e-02, prec@10:6.97e-01, SR:1.05e+00 


epoch46##########################################################
Train : loss:2.53e+00  =  2.53e+00 + alpha*4.99e-04
Valid : loss:1.89e+00  =  1.89e+00 + alpha*6.74e-04
Test: loss:1.16e+10  =  1.16e+10 + alpha*7.31e+03
Valid performance:
 mse:1.89e+00, IC:-2.31e-04, RIC:-2.58e-02, prec@10:6.31e-01, SR:-4.80e-01
Test performance:
 mse:1.16e+10, IC:-4.32e-03, RIC:-6.10e-02, prec@10:6.79e-01, SR:1.26e+00 


epoch47##########################################################
Train : loss:1.00e+01  =  1.00e+01 + alpha*1.15e-03
Valid : loss:4.79e+01  =  4.79e+01 + alpha*5.24e-03
Test: loss:1.16e+10  =  1.16e+10 + alpha*4.43e-03
Valid performance:
 mse:4.79e+01, IC:2.52e-04, RIC:3.47e-02, prec@10:6.25e-01, SR:1.68e+00
Test performance:
 mse:1.16e+10, IC:4.66e-03, RIC:6.56e-02, prec@10:6.49e-01, SR:1.05e+00 


epoch48##########################################################
Train : loss:3.22e+01  =  3.22e+01 + alpha*1.17e-03
Valid : loss:1.01e+01  =  1.01e+01 + alpha*2.30e-03
Test: loss:1.16e+10  =  1.16e+10 + alpha*4.11e+04
Valid performance:
 mse:1.01e+01, IC:-2.98e-04, RIC:-4.25e-02, prec@10:5.76e-01, SR:4.54e-01
Test performance:
 mse:1.16e+10, IC:-4.05e-03, RIC:-5.77e-02, prec@10:5.94e-01, SR:7.27e-01 


epoch49##########################################################
Train : loss:1.85e+02  =  1.85e+02 + alpha*2.04e-03
Valid : loss:1.09e+00  =  1.09e+00 + alpha*2.98e-04
Test: loss:1.16e+10  =  1.16e+10 + alpha*3.00e+03
Valid performance:
 mse:1.09e+00, IC:-1.00e-03, RIC:-7.76e-02, prec@10:5.78e-01, SR:2.09e+00
Test performance:
 mse:1.16e+10, IC:-4.33e-03, RIC:-6.14e-02, prec@10:5.90e-01, SR:1.38e+00 


epoch50##########################################################
Train : loss:1.09e+01  =  1.09e+01 + alpha*9.92e-04
Valid : loss:1.38e+00  =  1.38e+00 + alpha*5.37e-04
Test: loss:1.16e+10  =  1.16e+10 + alpha*6.93e+03
Valid performance:
 mse:1.38e+00, IC:-1.89e-04, RIC:-2.55e-02, prec@10:5.89e-01, SR:2.06e+00
Test performance:
 mse:1.16e+10, IC:-3.82e-03, RIC:-5.44e-02, prec@10:5.70e-01, SR:1.87e+00 


epoch51##########################################################
Train : loss:6.83e+02  =  6.83e+02 + alpha*3.48e-03
Valid : loss:2.51e+01  =  2.51e+01 + alpha*3.71e-03
Test: loss:1.16e+10  =  1.16e+10 + alpha*3.12e-03
Valid performance:
 mse:2.51e+01, IC:2.62e-04, RIC:3.63e-02, prec@10:6.33e-01, SR:1.93e+00
Test performance:
 mse:1.16e+10, IC:4.88e-03, RIC:6.86e-02, prec@10:6.19e-01, SR:1.05e+00 


epoch52##########################################################
Train : loss:3.24e+00  =  3.24e+00 + alpha*3.44e-04
Valid : loss:1.08e+00  =  1.08e+00 + alpha*2.97e-04
Test: loss:1.16e+10  =  1.16e+10 + alpha*2.13e+03
Valid performance:
 mse:1.08e+00, IC:-7.66e-04, RIC:-4.09e-02, prec@10:6.17e-01, SR:2.20e+00
Test performance:
 mse:1.16e+10, IC:-3.95e-03, RIC:-5.46e-02, prec@10:5.88e-01, SR:1.20e+00 


epoch53##########################################################
Train : loss:1.51e+00  =  1.51e+00 + alpha*2.70e-04
Valid : loss:1.87e+00  =  1.87e+00 + alpha*7.11e-04
Test: loss:1.16e+10  =  1.16e+10 + alpha*6.29e-04
Valid performance:
 mse:1.87e+00, IC:5.03e-04, RIC:3.78e-02, prec@10:6.33e-01, SR:1.81e+00
Test performance:
 mse:1.16e+10, IC:5.08e-03, RIC:7.10e-02, prec@10:6.13e-01, SR:1.05e+00 


epoch54##########################################################
Train : loss:2.81e+00  =  2.81e+00 + alpha*5.22e-04
Valid : loss:4.86e+00  =  4.86e+00 + alpha*1.62e-03
Test: loss:1.16e+10  =  1.16e+10 + alpha*1.39e-03
Valid performance:
 mse:4.86e+00, IC:2.42e-04, RIC:3.20e-02, prec@10:6.27e-01, SR:6.96e-01
Test performance:
 mse:1.16e+10, IC:4.72e-03, RIC:6.68e-02, prec@10:6.10e-01, SR:1.05e+00 


epoch55##########################################################
Train : loss:3.03e+00  =  3.03e+00 + alpha*4.18e-04
Valid : loss:5.62e+01  =  5.62e+01 + alpha*5.37e-03
Test: loss:1.16e+10  =  1.16e+10 + alpha*1.03e+05
Valid performance:
 mse:5.62e+01, IC:-2.71e-04, RIC:-3.87e-02, prec@10:5.81e-01, SR:8.08e-01
Test performance:
 mse:1.16e+10, IC:-4.22e-03, RIC:-5.92e-02, prec@10:5.70e-01, SR:1.74e+00 


epoch56##########################################################
Train : loss:1.09e+03  =  1.09e+03 + alpha*6.46e-03
Valid : loss:7.22e+01  =  7.22e+01 + alpha*5.47e-03
Test: loss:1.16e+10  =  1.16e+10 + alpha*1.02e+05
Valid performance:
 mse:7.22e+01, IC:-5.98e-04, RIC:-6.26e-02, prec@10:6.13e-01, SR:1.06e+00
Test performance:
 mse:1.16e+10, IC:-4.61e-03, RIC:-6.51e-02, prec@10:6.08e-01, SR:1.19e+00 


epoch57##########################################################
Train : loss:6.82e+00  =  6.82e+00 + alpha*9.50e-04
Valid : loss:1.49e+01  =  1.49e+01 + alpha*2.97e-03
Test: loss:1.16e+10  =  1.16e+10 + alpha*2.60e-03
Valid performance:
 mse:1.49e+01, IC:2.74e-04, RIC:3.36e-02, prec@10:6.36e-01, SR:-3.55e-02
Test performance:
 mse:1.16e+10, IC:5.48e-03, RIC:7.74e-02, prec@10:6.00e-01, SR:1.05e+00 


epoch58##########################################################
Train : loss:1.13e+01  =  1.13e+01 + alpha*1.30e-03
Valid : loss:1.89e+01  =  1.89e+01 + alpha*2.89e-03
Test: loss:1.16e+10  =  1.16e+10 + alpha*3.64e+04
Valid performance:
 mse:1.89e+01, IC:-8.34e-05, RIC:-1.32e-02, prec@10:5.88e-01, SR:2.02e+00
Test performance:
 mse:1.16e+10, IC:-2.65e-03, RIC:-3.67e-02, prec@10:5.55e-01, SR:2.63e+00 


epoch59##########################################################
Train : loss:8.79e+00  =  8.79e+00 + alpha*1.14e-03
Valid : loss:1.11e+02  =  1.11e+02 + alpha*7.70e-03
Test: loss:1.16e+10  =  1.16e+10 + alpha*6.33e-03
Valid performance:
 mse:1.11e+02, IC:2.62e-04, RIC:3.58e-02, prec@10:6.37e-01, SR:2.97e-02
Test performance:
 mse:1.16e+10, IC:5.15e-03, RIC:7.29e-02, prec@10:6.06e-01, SR:1.05e+00 


epoch60##########################################################
Train : loss:1.99e+01  =  1.99e+01 + alpha*1.46e-03
Valid : loss:8.63e+00  =  8.63e+00 + alpha*2.84e-03
Test: loss:1.16e+10  =  1.16e+10 + alpha*2.54e-03
Valid performance:
 mse:8.63e+00, IC:3.27e-04, RIC:3.88e-02, prec@10:6.28e-01, SR:1.87e+00
Test performance:
 mse:1.16e+10, IC:5.91e-03, RIC:8.13e-02, prec@10:5.87e-01, SR:1.05e+00 


epoch61##########################################################
Train : loss:1.05e+03  =  1.05e+03 + alpha*5.64e-03
Valid : loss:8.51e+00  =  8.51e+00 + alpha*1.77e-03
Test: loss:1.16e+10  =  1.16e+10 + alpha*2.34e+03
Valid performance:
 mse:8.51e+00, IC:-4.10e-04, RIC:-2.86e-02, prec@10:5.87e-01, SR:1.11e+00
Test performance:
 mse:1.16e+10, IC:-3.09e-03, RIC:-4.50e-02, prec@10:5.70e-01, SR:1.98e+00 


epoch62##########################################################
Train : loss:9.69e+00  =  9.69e+00 + alpha*9.86e-04
Valid : loss:2.87e+01  =  2.87e+01 + alpha*1.26e-03
Test: loss:1.16e+10  =  1.16e+10 + alpha*1.07e-03
Valid performance:
 mse:2.87e+01, IC:2.16e-03, RIC:9.67e-02, prec@10:6.11e-01, SR:1.94e+00
Test performance:
 mse:1.16e+10, IC:7.34e-03, RIC:1.00e-01, prec@10:5.78e-01, SR:1.05e+00 


epoch63##########################################################
Train : loss:4.99e+01  =  4.99e+01 + alpha*1.95e-03
Valid : loss:8.53e+02  =  8.53e+02 + alpha*2.05e-02
Test: loss:1.16e+10  =  1.16e+10 + alpha*4.23e+05
Valid performance:
 mse:8.53e+02, IC:-2.74e-04, RIC:-3.88e-02, prec@10:6.20e-01, SR:1.07e+00
Test performance:
 mse:1.16e+10, IC:-4.27e-03, RIC:-6.02e-02, prec@10:5.94e-01, SR:9.77e-01 


epoch64##########################################################
Train : loss:2.93e+01  =  2.93e+01 + alpha*1.70e-03
Valid : loss:4.44e+01  =  4.44e+01 + alpha*5.00e-03
Test: loss:1.16e+10  =  1.16e+10 + alpha*9.96e+04
Valid performance:
 mse:4.44e+01, IC:-1.71e-04, RIC:-2.52e-02, prec@10:5.92e-01, SR:1.62e+00
Test performance:
 mse:1.16e+10, IC:-3.97e-03, RIC:-5.60e-02, prec@10:5.75e-01, SR:2.57e+00 


epoch65##########################################################
Train : loss:1.92e+02  =  1.92e+02 + alpha*2.78e-03
Valid : loss:2.67e+00  =  2.67e+00 + alpha*1.69e-03
Test: loss:1.16e+10  =  1.16e+10 + alpha*1.44e-03
Valid performance:
 mse:2.67e+00, IC:6.75e-04, RIC:4.93e-02, prec@10:6.30e-01, SR:4.88e-01
Test performance:
 mse:1.16e+10, IC:6.74e-03, RIC:9.44e-02, prec@10:5.96e-01, SR:1.05e+00 


epoch66##########################################################
Train : loss:6.54e+02  =  6.54e+02 + alpha*5.70e-03
Valid : loss:5.91e+01  =  5.91e+01 + alpha*2.76e-03
Test: loss:1.16e+10  =  1.16e+10 + alpha*3.82e+04
Valid performance:
 mse:5.91e+01, IC:3.33e-04, RIC:3.35e-02, prec@10:6.10e-01, SR:9.70e-01
Test performance:
 mse:1.16e+10, IC:-3.39e-03, RIC:-4.81e-02, prec@10:5.75e-01, SR:1.74e+00 


epoch67##########################################################
Train : loss:3.13e+01  =  3.13e+01 + alpha*1.44e-03
Valid : loss:5.46e+00  =  5.46e+00 + alpha*1.62e-03
Test: loss:1.16e+10  =  1.16e+10 + alpha*1.48e-03
Valid performance:
 mse:5.46e+00, IC:3.46e-04, RIC:3.69e-02, prec@10:6.22e-01, SR:8.66e-01
Test performance:
 mse:1.16e+10, IC:5.05e-03, RIC:7.11e-02, prec@10:5.85e-01, SR:1.05e+00 


epoch68##########################################################
Train : loss:3.48e+01  =  3.48e+01 + alpha*1.73e-03
Valid : loss:1.97e+02  =  1.97e+02 + alpha*1.01e-02
Test: loss:1.16e+10  =  1.16e+10 + alpha*2.14e+05
Valid performance:
 mse:1.97e+02, IC:-3.87e-04, RIC:-5.51e-02, prec@10:5.83e-01, SR:1.21e+00
Test performance:
 mse:1.16e+10, IC:-3.91e-03, RIC:-5.48e-02, prec@10:5.45e-01, SR:2.13e+00 


epoch69##########################################################
Train : loss:4.73e+01  =  4.73e+01 + alpha*2.05e-03
Valid : loss:3.60e+03  =  3.60e+03 + alpha*4.23e-02
Test: loss:1.16e+10  =  1.16e+10 + alpha*8.27e+05
Valid performance:
 mse:3.60e+03, IC:-2.67e-04, RIC:-3.78e-02, prec@10:5.87e-01, SR:8.79e-01
Test performance:
 mse:1.16e+10, IC:-3.86e-03, RIC:-5.44e-02, prec@10:5.61e-01, SR:2.56e+00 


epoch70##########################################################
Train : loss:2.17e+02  =  2.17e+02 + alpha*3.00e-03
Valid : loss:1.25e+00  =  1.25e+00 + alpha*8.57e-04
Test: loss:1.16e+10  =  1.16e+10 + alpha*4.62e+02
Valid performance:
 mse:1.25e+00, IC:3.44e-03, RIC:1.19e-01, prec@10:5.98e-01, SR:2.21e+00
Test performance:
 mse:1.16e+10, IC:4.55e-04, RIC:8.12e-03, prec@10:5.56e-01, SR:3.30e+00 


epoch71##########################################################
Train : loss:6.70e+01  =  6.70e+01 + alpha*1.84e-03
Valid : loss:1.20e+03  =  1.20e+03 + alpha*2.59e-02
Test: loss:1.16e+10  =  1.16e+10 + alpha*2.18e-02
Valid performance:
 mse:1.20e+03, IC:2.86e-04, RIC:4.00e-02, prec@10:6.38e-01, SR:2.62e+00
Test performance:
 mse:1.16e+10, IC:5.76e-03, RIC:7.89e-02, prec@10:5.80e-01, SR:1.05e+00 


epoch72##########################################################
Train : loss:1.32e+06  =  1.32e+06 + alpha*8.24e-02
Valid : loss:4.79e+03  =  4.79e+03 + alpha*3.87e-02
Test: loss:1.16e+10  =  1.16e+10 + alpha*3.03e-02
Valid performance:
 mse:4.79e+03, IC:4.53e-04, RIC:6.39e-02, prec@10:6.10e-01, SR:1.19e+00
Test performance:
 mse:1.16e+10, IC:5.25e-03, RIC:7.42e-02, prec@10:6.13e-01, SR:1.05e+00 


epoch73##########################################################
Train : loss:1.04e+03  =  1.04e+03 + alpha*7.70e-03
Valid : loss:7.56e+02  =  7.56e+02 + alpha*1.33e-02
Test: loss:1.16e+10  =  1.16e+10 + alpha*1.17e-02
Valid performance:
 mse:7.56e+02, IC:-1.66e-04, RIC:-2.23e-02, prec@10:6.03e-01, SR:1.94e+00
Test performance:
 mse:1.16e+10, IC:5.64e-03, RIC:7.97e-02, prec@10:6.12e-01, SR:1.05e+00 


epoch74##########################################################
Train : loss:1.83e+02  =  1.83e+02 + alpha*3.76e-03
Valid : loss:6.48e+02  =  6.48e+02 + alpha*9.78e-03
Test: loss:1.16e+10  =  1.16e+10 + alpha*9.44e-03
Valid performance:
 mse:6.48e+02, IC:-4.66e-04, RIC:-6.51e-02, prec@10:6.12e-01, SR:1.43e+00
Test performance:
 mse:1.16e+10, IC:5.70e-03, RIC:8.08e-02, prec@10:6.34e-01, SR:1.05e+00 


epoch75##########################################################
Train : loss:4.07e+02  =  4.07e+02 + alpha*5.11e-03
Valid : loss:6.42e+02  =  6.42e+02 + alpha*1.11e-02
Test: loss:1.16e+10  =  1.16e+10 + alpha*6.63e-03
Valid performance:
 mse:6.42e+02, IC:-1.75e-04, RIC:-2.44e-02, prec@10:6.15e-01, SR:1.11e+00
Test performance:
 mse:1.16e+10, IC:5.46e-03, RIC:7.74e-02, prec@10:6.26e-01, SR:1.05e+00 


epoch76##########################################################
Train : loss:3.18e+02  =  3.18e+02 + alpha*5.10e-03
Valid : loss:3.77e+02  =  3.77e+02 + alpha*9.45e-03
Test: loss:1.16e+10  =  1.16e+10 + alpha*6.63e-03
Valid performance:
 mse:3.77e+02, IC:-3.02e-04, RIC:-4.21e-02, prec@10:6.56e-01, SR:-2.83e-01
Test performance:
 mse:1.16e+10, IC:5.89e-03, RIC:8.29e-02, prec@10:6.48e-01, SR:1.05e+00 


epoch77##########################################################
Train : loss:1.11e+02  =  1.11e+02 + alpha*2.97e-03
Valid : loss:2.33e+02  =  2.33e+02 + alpha*6.62e-03
Test: loss:1.16e+10  =  1.16e+10 + alpha*2.10e+05
Valid performance:
 mse:2.33e+02, IC:-5.29e-04, RIC:-7.55e-02, prec@10:6.43e-01, SR:9.02e-01
Test performance:
 mse:1.16e+10, IC:-3.66e-03, RIC:-5.16e-02, prec@10:6.56e-01, SR:2.44e+00 


epoch78##########################################################
Train : loss:1.76e+02  =  1.76e+02 + alpha*3.63e-03
Valid : loss:3.16e+02  =  3.16e+02 + alpha*1.17e-02
Test: loss:1.16e+10  =  1.16e+10 + alpha*1.04e-02
Valid performance:
 mse:3.16e+02, IC:3.40e-04, RIC:4.18e-02, prec@10:6.45e-01, SR:9.97e-01
Test performance:
 mse:1.16e+10, IC:4.48e-03, RIC:6.38e-02, prec@10:6.60e-01, SR:1.05e+00 


epoch79##########################################################
Train : loss:1.28e+02  =  1.28e+02 + alpha*2.83e-03
Valid : loss:1.81e+02  =  1.81e+02 + alpha*4.79e-03
Test: loss:1.16e+10  =  1.16e+10 + alpha*1.20e+05
Valid performance:
 mse:1.81e+02, IC:4.75e-04, RIC:6.04e-02, prec@10:6.23e-01, SR:1.77e+00
Test performance:
 mse:1.16e+10, IC:-3.45e-03, RIC:-4.87e-02, prec@10:6.20e-01, SR:1.75e+00 


epoch80##########################################################
Train : loss:4.13e+02  =  4.13e+02 + alpha*5.30e-03
Valid : loss:6.94e+01  =  6.94e+01 + alpha*3.99e-03
Test: loss:1.16e+10  =  1.16e+10 + alpha*4.13e-03
Valid performance:
 mse:6.94e+01, IC:-1.39e-03, RIC:-1.21e-01, prec@10:6.45e-01, SR:9.58e-01
Test performance:
 mse:1.16e+10, IC:4.43e-03, RIC:6.37e-02, prec@10:6.40e-01, SR:1.05e+00 


epoch81##########################################################
Train : loss:3.43e+01  =  3.43e+01 + alpha*1.49e-03
Valid : loss:4.11e+01  =  4.11e+01 + alpha*3.58e-03
Test: loss:1.16e+10  =  1.16e+10 + alpha*8.89e+04
Valid performance:
 mse:4.11e+01, IC:7.88e-05, RIC:1.13e-02, prec@10:6.22e-01, SR:1.12e+00
Test performance:
 mse:1.16e+10, IC:-4.88e-03, RIC:-6.97e-02, prec@10:6.25e-01, SR:1.58e+00 


epoch82##########################################################
Train : loss:9.46e+00  =  9.46e+00 + alpha*9.07e-04
Valid : loss:1.87e+01  =  1.87e+01 + alpha*2.19e-03
Test: loss:1.16e+10  =  1.16e+10 + alpha*2.02e-03
Valid performance:
 mse:1.87e+01, IC:1.76e-04, RIC:2.22e-02, prec@10:6.56e-01, SR:1.24e+00
Test performance:
 mse:1.16e+10, IC:4.83e-03, RIC:6.89e-02, prec@10:6.50e-01, SR:1.05e+00 


epoch83##########################################################
Train : loss:2.66e+01  =  2.66e+01 + alpha*1.37e-03
Valid : loss:1.46e+02  =  1.46e+02 + alpha*8.34e-03
Test: loss:1.16e+10  =  1.16e+10 + alpha*1.79e+05
Valid performance:
 mse:1.46e+02, IC:-8.69e-05, RIC:-1.23e-02, prec@10:6.15e-01, SR:8.74e-01
Test performance:
 mse:1.16e+10, IC:-4.22e-03, RIC:-5.99e-02, prec@10:6.13e-01, SR:1.22e+00 


epoch84##########################################################
Train : loss:2.54e+01  =  2.54e+01 + alpha*1.81e-03
Valid : loss:1.79e+02  =  1.79e+02 + alpha*8.54e-03
Test: loss:1.16e+10  =  1.16e+10 + alpha*2.42e+05
Valid performance:
 mse:1.79e+02, IC:-2.73e-04, RIC:-3.90e-02, prec@10:5.94e-01, SR:8.95e-01
Test performance:
 mse:1.16e+10, IC:-3.98e-03, RIC:-5.62e-02, prec@10:5.93e-01, SR:1.90e+00 


epoch85##########################################################
Train : loss:2.10e+01  =  2.10e+01 + alpha*1.43e-03
Valid : loss:6.20e+00  =  6.20e+00 + alpha*1.34e-03
Test: loss:1.16e+10  =  1.16e+10 + alpha*1.43e+04
Valid performance:
 mse:6.20e+00, IC:-1.13e-03, RIC:-5.76e-02, prec@10:6.20e-01, SR:5.16e-01
Test performance:
 mse:1.16e+10, IC:-2.96e-03, RIC:-4.12e-02, prec@10:6.13e-01, SR:1.78e+00 


epoch86##########################################################
Train : loss:1.41e+02  =  1.41e+02 + alpha*3.35e-03
Valid : loss:5.13e+00  =  5.13e+00 + alpha*1.48e-03
Test: loss:1.16e+10  =  1.16e+10 + alpha*4.55e+04
Valid performance:
 mse:5.13e+00, IC:7.85e-04, RIC:6.88e-02, prec@10:5.93e-01, SR:4.44e-01
Test performance:
 mse:1.16e+10, IC:-4.34e-03, RIC:-6.07e-02, prec@10:5.87e-01, SR:2.19e+00 


epoch87##########################################################
Train : loss:2.19e+01  =  2.19e+01 + alpha*1.21e-03
Valid : loss:7.41e+00  =  7.41e+00 + alpha*2.06e-03
Test: loss:1.16e+10  =  1.16e+10 + alpha*4.36e+03
Valid performance:
 mse:7.41e+00, IC:-7.62e-04, RIC:-9.69e-02, prec@10:5.94e-01, SR:1.00e+00
Test performance:
 mse:1.16e+10, IC:-3.68e-03, RIC:-5.20e-02, prec@10:5.83e-01, SR:1.98e+00 


epoch88##########################################################
Train : loss:1.92e+02  =  1.92e+02 + alpha*3.66e-03
Valid : loss:1.01e+03  =  1.01e+03 + alpha*2.30e-02
Test: loss:1.16e+10  =  1.16e+10 + alpha*1.94e-02
Valid performance:
 mse:1.01e+03, IC:2.99e-04, RIC:4.19e-02, prec@10:6.28e-01, SR:1.10e+00
Test performance:
 mse:1.16e+10, IC:5.23e-03, RIC:7.30e-02, prec@10:6.05e-01, SR:1.05e+00 


epoch89##########################################################
Train : loss:2.08e+02  =  2.08e+02 + alpha*3.73e-03
Valid : loss:1.42e+02  =  1.42e+02 + alpha*8.58e-03
Test: loss:1.16e+10  =  1.16e+10 + alpha*7.20e-03
Valid performance:
 mse:1.42e+02, IC:6.47e-04, RIC:8.66e-02, prec@10:6.39e-01, SR:8.17e-01
Test performance:
 mse:1.16e+10, IC:5.07e-03, RIC:7.11e-02, prec@10:6.12e-01, SR:1.05e+00 


epoch90##########################################################
Train : loss:2.31e+01  =  2.31e+01 + alpha*1.44e-03
Valid : loss:2.51e+02  =  2.51e+02 + alpha*6.51e-03
Test: loss:1.16e+10  =  1.16e+10 + alpha*5.80e+04
Valid performance:
 mse:2.51e+02, IC:-2.79e-04, RIC:-4.10e-02, prec@10:5.89e-01, SR:1.31e+00
Test performance:
 mse:1.16e+10, IC:-3.92e-03, RIC:-5.50e-02, prec@10:5.77e-01, SR:2.81e+00 


epoch91##########################################################
Train : loss:3.31e+02  =  3.31e+02 + alpha*3.71e-03
Valid : loss:3.28e+01  =  3.28e+01 + alpha*2.50e-03
Test: loss:1.16e+10  =  1.16e+10 + alpha*5.28e+04
Valid performance:
 mse:3.28e+01, IC:-1.56e-04, RIC:-1.75e-02, prec@10:6.02e-01, SR:1.22e+00
Test performance:
 mse:1.16e+10, IC:-3.35e-03, RIC:-4.63e-02, prec@10:5.75e-01, SR:3.03e+00 


epoch92##########################################################
Train : loss:1.47e+01  =  1.47e+01 + alpha*1.32e-03
Valid : loss:1.12e+01  =  1.12e+01 + alpha*1.93e-03
Test: loss:1.16e+10  =  1.16e+10 + alpha*1.61e-03
Valid performance:
 mse:1.12e+01, IC:1.22e-04, RIC:1.25e-02, prec@10:6.43e-01, SR:8.09e-01
Test performance:
 mse:1.16e+10, IC:5.08e-03, RIC:7.11e-02, prec@10:6.05e-01, SR:1.05e+00 


epoch93##########################################################
Train : loss:4.21e+02  =  4.21e+02 + alpha*5.34e-03
Valid : loss:3.65e+02  =  3.65e+02 + alpha*1.31e-02
Test: loss:1.16e+10  =  1.16e+10 + alpha*1.07e-02
Valid performance:
 mse:3.65e+02, IC:2.72e-04, RIC:3.78e-02, prec@10:6.34e-01, SR:7.97e-01
Test performance:
 mse:1.16e+10, IC:5.49e-03, RIC:7.73e-02, prec@10:6.05e-01, SR:1.05e+00 


epoch94##########################################################
Train : loss:9.94e+00  =  9.94e+00 + alpha*9.66e-04
Valid : loss:3.65e+00  =  3.65e+00 + alpha*1.10e-03
Test: loss:1.16e+10  =  1.16e+10 + alpha*9.27e-04
Valid performance:
 mse:3.65e+00, IC:-8.61e-04, RIC:-3.74e-02, prec@10:6.31e-01, SR:6.23e-01
Test performance:
 mse:1.16e+10, IC:5.59e-03, RIC:7.60e-02, prec@10:5.99e-01, SR:1.05e+00 


epoch95##########################################################
Train : loss:3.79e+01  =  3.79e+01 + alpha*1.53e-03
Valid : loss:2.21e+00  =  2.21e+00 + alpha*9.01e-04
Test: loss:1.16e+10  =  1.16e+10 + alpha*9.65e-04
Valid performance:
 mse:2.21e+00, IC:1.82e-03, RIC:1.13e-01, prec@10:6.32e-01, SR:-2.79e-02
Test performance:
 mse:1.16e+10, IC:5.46e-03, RIC:7.61e-02, prec@10:6.03e-01, SR:1.05e+00 


epoch96##########################################################
Train : loss:1.62e+02  =  1.62e+02 + alpha*2.45e-03
Valid : loss:5.27e+00  =  5.27e+00 + alpha*1.82e-03
Test: loss:1.16e+10  =  1.16e+10 + alpha*3.03e+04
Valid performance:
 mse:5.27e+00, IC:-3.68e-04, RIC:-5.09e-02, prec@10:5.91e-01, SR:1.62e+00
Test performance:
 mse:1.16e+10, IC:-3.35e-03, RIC:-4.69e-02, prec@10:5.75e-01, SR:2.96e+00 


epoch97##########################################################
Train : loss:3.40e+00  =  3.40e+00 + alpha*5.81e-04
Valid : loss:2.91e+01  =  2.91e+01 + alpha*4.27e-03
Test: loss:1.16e+10  =  1.16e+10 + alpha*3.71e-03
Valid performance:
 mse:2.91e+01, IC:2.96e-04, RIC:4.00e-02, prec@10:6.38e-01, SR:6.39e-01
Test performance:
 mse:1.16e+10, IC:5.25e-03, RIC:7.35e-02, prec@10:6.04e-01, SR:1.05e+00 


epoch98##########################################################
Train : loss:1.06e+02  =  1.06e+02 + alpha*2.44e-03
Valid : loss:1.54e+00  =  1.54e+00 + alpha*8.59e-04
Test: loss:1.16e+10  =  1.16e+10 + alpha*9.47e+03
Valid performance:
 mse:1.54e+00, IC:8.82e-04, RIC:8.11e-02, prec@10:5.96e-01, SR:7.39e-01
Test performance:
 mse:1.16e+10, IC:-3.57e-03, RIC:-4.96e-02, prec@10:5.76e-01, SR:2.95e+00 


epoch99##########################################################
Train : loss:6.90e+00  =  6.90e+00 + alpha*8.40e-04
Valid : loss:6.07e+01  =  6.07e+01 + alpha*5.81e-03
Test: loss:1.16e+10  =  1.16e+10 + alpha*1.05e+05
Valid performance:
 mse:6.07e+01, IC:-2.60e-04, RIC:-3.76e-02, prec@10:5.91e-01, SR:1.51e+00
Test performance:
 mse:1.16e+10, IC:-3.37e-03, RIC:-4.76e-02, prec@10:5.72e-01, SR:2.49e+00 


epoch100##########################################################
Train : loss:1.25e+02  =  1.25e+02 + alpha*2.97e-03
Valid : loss:1.74e+02  =  1.74e+02 + alpha*7.41e-03
Test: loss:1.16e+10  =  1.16e+10 + alpha*1.37e+05
Valid performance:
 mse:1.74e+02, IC:-3.33e-04, RIC:-4.81e-02, prec@10:5.85e-01, SR:1.42e+00
Test performance:
 mse:1.16e+10, IC:-3.51e-03, RIC:-4.90e-02, prec@10:5.64e-01, SR:2.23e+00 


Training finished.
Best Validation Performance (based on lowest validation loss):
mse:1.08e+00, IC:-7.66e-04, RIC:-4.09e-02, prec@10:6.17e-01, SR:2.20e+00
Corresponding Test Performance:
mse:1.16e+10, IC:-3.95e-03, RIC:-5.46e-02, prec@10:5.88e-01, SR:1.20e+00
Results appended to ../training_results.xlsx
