2025-06-11 19:50:33,630 - INFO - 🎯 股票预测模型批量训练系统
2025-06-11 19:50:33,631 - INFO - ================================================================================
2025-06-11 19:50:33,631 - INFO - 📊 目标数据集: NASDAQ
2025-06-11 19:50:33,631 - INFO - 🔧 运行模式: parallel
2025-06-11 19:50:33,631 - INFO - 📝 要运行的模型: ['StockPredict', 'GCN', 'LSTM', 'LinearModel', 'STHAN-SR']
2025-06-11 19:50:33,632 - INFO - 📝 总模型数量: 5
2025-06-11 19:50:33,632 - INFO - 📁 工作目录: C:\Users\Administrator\Desktop\Stock\src
2025-06-11 19:50:33,633 - INFO - ================================================================================
2025-06-11 19:50:33,633 - INFO - 
🔍 步骤0: 环境检查
2025-06-11 19:50:33,633 - INFO - 🔍 检查运行环境...
2025-06-11 19:50:36,737 - INFO - ✅ 检测到 1 个GPU
2025-06-11 19:50:36,738 - INFO - ✅ 环境检查通过
2025-06-11 19:50:36,738 - INFO - 
📝 步骤1: 更新数据集设置
2025-06-11 19:50:36,738 - INFO - 🔄 开始更新脚本的数据集设置为: NASDAQ
2025-06-11 19:50:36,740 - INFO - 📁 已备份: train.py -> ../backup_original_files\train.py.backup_20250611_195036
2025-06-11 19:50:36,741 - INFO - 📁 已备份: gcn_train.py -> ../backup_original_files\gcn_train.py.backup_20250611_195036
2025-06-11 19:50:36,743 - INFO - 📁 已备份: lstm_train.py -> ../backup_original_files\lstm_train.py.backup_20250611_195036
2025-06-11 19:50:36,744 - INFO - 📁 已备份: linear_train.py -> ../backup_original_files\linear_train.py.backup_20250611_195036
2025-06-11 19:50:36,745 - INFO - 📁 已备份: sthan_sr_train.py -> ../backup_original_files\sthan_sr_train.py.backup_20250611_195036
2025-06-11 19:50:36,747 - INFO - ✅ 已更新 train.py 中的market_name为: NASDAQ
2025-06-11 19:50:36,749 - INFO - ✅ 已更新 gcn_train.py 中的market_name为: NASDAQ
2025-06-11 19:50:36,750 - INFO - ✅ 已更新 lstm_train.py 中的market_name为: NASDAQ
2025-06-11 19:50:36,751 - INFO - ✅ 已更新 linear_train.py 中的market_name为: NASDAQ
2025-06-11 19:50:36,753 - INFO - ✅ 已更新 sthan_sr_train.py 中的market_name为: NASDAQ
2025-06-11 19:50:36,753 - INFO - ✅ 成功更新 5/5 个脚本
2025-06-11 19:50:36,753 - INFO - 
🚀 步骤2: 开始parallel训练
2025-06-11 19:50:37,763 - INFO - 🚀 开始并行训练所有模型...
2025-06-11 19:50:37,763 - WARNING - ⚠️  并行模式可能需要大量GPU内存!
2025-06-11 19:50:37,765 - INFO - 🚀 启动 StockPredict 训练线程...
2025-06-11 19:50:37,766 - INFO - 🚀 开始训练 StockPredict...
2025-06-11 19:50:38,776 - INFO - 🚀 启动 GCN 训练线程...
2025-06-11 19:50:38,777 - INFO - 🚀 开始训练 GCN...
2025-06-11 19:50:39,783 - INFO - 🚀 启动 LSTM 训练线程...
2025-06-11 19:50:39,784 - INFO - 🚀 开始训练 LSTM...
2025-06-11 19:50:40,789 - INFO - 🚀 启动 LinearModel 训练线程...
2025-06-11 19:50:40,789 - INFO - 🚀 开始训练 LinearModel...
2025-06-11 19:50:41,791 - INFO - 🚀 启动 STHAN-SR 训练线程...
2025-06-11 19:50:41,792 - INFO - 🚀 开始训练 STHAN-SR...
2025-06-11 20:03:54,499 - INFO - ✅ LinearModel 训练完成! 耗时: 793.7秒
2025-06-11 20:03:54,500 - INFO - 📄 详细日志: ../logs\batch_training_NASDAQ_20250611_195033_LinearModel.log
2025-06-11 20:04:40,636 - INFO - ✅ GCN 训练完成! 耗时: 841.9秒
2025-06-11 20:04:40,636 - INFO - 📄 详细日志: ../logs\batch_training_NASDAQ_20250611_195033_GCN.log
2025-06-11 20:06:40,482 - INFO - ✅ STHAN-SR 训练完成! 耗时: 958.7秒
2025-06-11 20:06:40,482 - INFO - 📄 详细日志: ../logs\batch_training_NASDAQ_20250611_195033_STHAN-SR.log
2025-06-11 20:08:37,859 - INFO - ✅ LSTM 训练完成! 耗时: 1078.1秒
2025-06-11 20:08:37,859 - INFO - 📄 详细日志: ../logs\batch_training_NASDAQ_20250611_195033_LSTM.log
2025-06-11 21:18:52,170 - INFO - ✅ StockPredict 训练完成! 耗时: 5294.4秒
2025-06-11 21:18:52,171 - INFO - 📄 详细日志: ../logs\batch_training_NASDAQ_20250611_195033_StockPredict.log
2025-06-11 21:18:52,171 - INFO - 
🏁 所有模型训练完成! 总耗时: 5294.4秒
2025-06-11 21:18:52,171 - INFO - 
📊 步骤3: 汇总结果
2025-06-11 21:18:52,171 - INFO - 
================================================================================
2025-06-11 21:18:52,172 - INFO - 📊 训练结果汇总
2025-06-11 21:18:52,172 - INFO - ================================================================================
2025-06-11 21:18:52,172 - INFO - StockPredict   : ✅ 成功 (耗时: 5294.4s)
2025-06-11 21:18:52,172 - INFO - GCN            : ✅ 成功 (耗时: 841.9s)
2025-06-11 21:18:52,172 - INFO - LSTM           : ✅ 成功 (耗时: 1078.1s)
2025-06-11 21:18:52,173 - INFO - LinearModel    : ✅ 成功 (耗时: 793.7s)
2025-06-11 21:18:52,173 - INFO - STHAN-SR       : ✅ 成功 (耗时: 958.7s)
2025-06-11 21:18:52,173 - INFO - --------------------------------------------------------------------------------
2025-06-11 21:18:52,173 - INFO - 总计: 5/5 个模型训练成功
2025-06-11 21:18:52,173 - INFO - 🎉 所有模型训练完成！
2025-06-11 21:18:52,174 - INFO - 📈 结果文件: ../training_results.xlsx
2025-06-11 21:18:52,174 - INFO -    文件大小: 7253 bytes
2025-06-11 21:18:52,174 - INFO -    修改时间: 2025-06-11 21:18:51
2025-06-11 21:18:52,201 - INFO -    记录数量: 24 条
2025-06-11 21:18:52,202 - INFO -    最近结果:
2025-06-11 21:18:52,205 - INFO -      GCN: IC=0.0003
2025-06-11 21:18:52,205 - INFO -      STHAN-SR: IC=-0.0004
2025-06-11 21:18:52,205 - INFO -      LSTM: IC=-0.0008
2025-06-11 21:18:52,206 - INFO -      LinearModel: IC=-0.0049
2025-06-11 21:18:52,206 - INFO -      StockPredict: IC=0.0010
2025-06-11 21:18:52,206 - INFO - 
🎉 批量训练任务完成!
2025-06-11 21:18:52,206 - INFO - 📄 完整日志保存在: ../logs\batch_training_NASDAQ_20250611_195033.log
