Using device: cuda
Loading data from: ../dataset\NASDAQ
Warning: stock_num (1026) does not match eod_data.shape[0] (561) for market NASDAQ. Adjusting stock_num.
市场为 NASDAQ，实际加载股票数量更新为: 561
总交易天数: 1148
根据 60%/20%/_ 分割比例 (已调整为满足最小数据集要求):
训练集天数 (0-indexed, up to valid_index-1): 688 (实际比例: 59.9%)
验证集天数 (valid_index to test_index-1): 230 (实际比例: 20.0%)
测试集天数 (test_index to end): 230 (实际比例: 20.0%)
验证集起始索引 (valid_index): 688
测试集起始索引 (test_index): 918
✅ 数据集分割检查通过
Starting STHAN-SR training...
Epoch 1/100 ##########################################################
Train: loss:7.6955e-01 = 7.6914e-01 + alpha*4.0972e-03
Valid: loss:1.3140e+00 = 1.3131e+00 + alpha*8.9770e-03 | IC: 0.0157, RIC: 0.1286, Prec@10: 0.4852, SR: 3.0999
Test (at best valid): loss:1.9425e+00 = 1.9412e+00 + alpha*1.2938e-02 | IC: 0.0034, RIC: 0.0306, Prec@10: 0.4861, SR: 1.1575

Epoch 2/100 ##########################################################
Train: loss:6.6333e-01 = 6.6294e-01 + alpha*3.8912e-03
Valid: loss:1.2629e+00 = 1.2620e+00 + alpha*9.0359e-03 | IC: 0.0157, RIC: 0.1287, Prec@10: 0.4852, SR: 3.0616
Test (at best valid): loss:2.0932e+00 = 2.0918e+00 + alpha*1.3863e-02 | IC: 0.0035, RIC: 0.0315, Prec@10: 0.4857, SR: 1.1290

Epoch 3/100 ##########################################################
Train: loss:1.8472e-01 = 1.8435e-01 + alpha*3.7043e-03
Valid: loss:1.0711e-01 = 1.0670e-01 + alpha*4.0940e-03 | IC: -0.0059, RIC: -0.0450, Prec@10: 0.7400, SR: 0.3343
Test (at best valid): loss:2.0326e-01 = 2.0269e-01 + alpha*5.7115e-03 | IC: 0.0052, RIC: 0.0488, Prec@10: 0.5426, SR: 1.3703

Epoch 4/100 ##########################################################
Train: loss:7.1332e-02 = 7.1007e-02 + alpha*3.2523e-03
Valid: loss:1.0289e-01 = 1.0246e-01 + alpha*4.2443e-03 | IC: -0.0069, RIC: -0.0480, Prec@10: 0.7448, SR: -0.6039
Test (at best valid): loss:2.0125e-01 = 2.0067e-01 + alpha*5.8332e-03 | IC: 0.0040, RIC: 0.0344, Prec@10: 0.5517, SR: 1.5977

Epoch 5/100 ##########################################################
Train: loss:5.9274e-02 = 5.8977e-02 + alpha*2.9676e-03
Valid: loss:1.6932e-01 = 1.6874e-01 + alpha*5.7586e-03 | IC: -0.0121, RIC: -0.0830, Prec@10: 0.7352, SR: -0.3588

Epoch 6/100 ##########################################################
Train: loss:5.2824e-02 = 5.2540e-02 + alpha*2.8489e-03
Valid: loss:7.0684e-02 = 7.0296e-02 + alpha*3.8737e-03 | IC: -0.0059, RIC: -0.0422, Prec@10: 0.7043, SR: 0.4385
Test (at best valid): loss:1.3632e-01 = 1.3581e-01 + alpha*5.0580e-03 | IC: 0.0051, RIC: 0.0428, Prec@10: 0.5439, SR: 1.5618

Epoch 7/100 ##########################################################
Train: loss:4.4475e-02 = 4.4217e-02 + alpha*2.5853e-03
Valid: loss:1.1512e-01 = 1.1462e-01 + alpha*4.9843e-03 | IC: -0.0119, RIC: -0.0789, Prec@10: 0.7148, SR: -0.3755

Epoch 8/100 ##########################################################
Train: loss:3.2918e-02 = 3.2693e-02 + alpha*2.2531e-03
Valid: loss:8.7074e-02 = 8.6622e-02 + alpha*4.5117e-03 | IC: -0.0123, RIC: -0.0829, Prec@10: 0.7026, SR: -0.1149

Epoch 9/100 ##########################################################
Train: loss:2.2302e-02 = 2.2119e-02 + alpha*1.8332e-03
Valid: loss:3.0402e-02 = 3.0130e-02 + alpha*2.7251e-03 | IC: -0.0076, RIC: -0.0549, Prec@10: 0.7017, SR: 0.1785
Test (at best valid): loss:4.3925e-02 = 4.3606e-02 + alpha*3.1859e-03 | IC: 0.0077, RIC: 0.0699, Prec@10: 0.5426, SR: 1.8118

Epoch 10/100 ##########################################################
Train: loss:1.7599e-02 = 1.7436e-02 + alpha*1.6288e-03
Valid: loss:3.4335e-02 = 3.4095e-02 + alpha*2.4037e-03 | IC: -0.0086, RIC: -0.0591, Prec@10: 0.7448, SR: 0.4146

Epoch 11/100 ##########################################################
Train: loss:1.5584e-02 = 1.5433e-02 + alpha*1.5143e-03
Valid: loss:1.9562e-02 = 1.9364e-02 + alpha*1.9790e-03 | IC: -0.0021, RIC: -0.0164, Prec@10: 0.6935, SR: 1.0443
Test (at best valid): loss:2.5872e-02 = 2.5637e-02 + alpha*2.3592e-03 | IC: 0.0090, RIC: 0.0880, Prec@10: 0.5396, SR: 1.6536

Epoch 12/100 ##########################################################
Train: loss:1.3253e-02 = 1.3114e-02 + alpha*1.3905e-03
Valid: loss:1.7931e-02 = 1.7771e-02 + alpha*1.6023e-03 | IC: 0.0094, RIC: 0.0932, Prec@10: 0.5548, SR: 1.7279
Test (at best valid): loss:2.5314e-02 = 2.5092e-02 + alpha*2.2158e-03 | IC: 0.0114, RIC: 0.1187, Prec@10: 0.5026, SR: 1.6874

Epoch 13/100 ##########################################################
Train: loss:1.2322e-02 = 1.2191e-02 + alpha*1.3159e-03
Valid: loss:2.8927e-02 = 2.8711e-02 + alpha*2.1642e-03 | IC: -0.0090, RIC: -0.0648, Prec@10: 0.8052, SR: 0.7273

Epoch 14/100 ##########################################################
Train: loss:1.0208e-02 = 1.0086e-02 + alpha*1.2284e-03
Valid: loss:2.1172e-02 = 2.0985e-02 + alpha*1.8699e-03 | IC: -0.0074, RIC: -0.0548, Prec@10: 0.7843, SR: 1.0699

Epoch 15/100 ##########################################################
Train: loss:9.6775e-03 = 9.5579e-03 + alpha*1.1956e-03
Valid: loss:2.1047e-02 = 2.0859e-02 + alpha*1.8748e-03 | IC: -0.0081, RIC: -0.0596, Prec@10: 0.8070, SR: 1.1830

Epoch 16/100 ##########################################################
Train: loss:9.0606e-03 = 8.9441e-03 + alpha*1.1647e-03
Valid: loss:2.6283e-02 = 2.6083e-02 + alpha*1.9942e-03 | IC: -0.0095, RIC: -0.0675, Prec@10: 0.8517, SR: 1.0365

Epoch 17/100 ##########################################################
Train: loss:8.5971e-03 = 8.4828e-03 + alpha*1.1425e-03
Valid: loss:1.5487e-02 = 1.5313e-02 + alpha*1.7382e-03 | IC: -0.0058, RIC: -0.0438, Prec@10: 0.7826, SR: 0.8306
Test (at best valid): loss:2.4116e-02 = 2.3901e-02 + alpha*2.1499e-03 | IC: 0.0062, RIC: 0.0608, Prec@10: 0.5796, SR: 1.2169

Epoch 18/100 ##########################################################
Train: loss:8.4396e-03 = 8.3282e-03 + alpha*1.1142e-03
Valid: loss:1.2170e-02 = 1.2025e-02 + alpha*1.4522e-03 | IC: -0.0020, RIC: -0.0165, Prec@10: 0.7217, SR: 1.6838
Test (at best valid): loss:1.8221e-02 = 1.8036e-02 + alpha*1.8442e-03 | IC: 0.0084, RIC: 0.0874, Prec@10: 0.5535, SR: 1.3173

Epoch 19/100 ##########################################################
Train: loss:8.8257e-03 = 8.7150e-03 + alpha*1.1068e-03
Valid: loss:1.2442e-02 = 1.2286e-02 + alpha*1.5584e-03 | IC: -0.0037, RIC: -0.0296, Prec@10: 0.7391, SR: 1.0254

Epoch 20/100 ##########################################################
Train: loss:9.4270e-03 = 9.3140e-03 + alpha*1.1305e-03
Valid: loss:3.0319e-02 = 3.0122e-02 + alpha*1.9715e-03 | IC: -0.0095, RIC: -0.0672, Prec@10: 0.8439, SR: -0.2326

Epoch 21/100 ##########################################################
Train: loss:8.5723e-03 = 8.4645e-03 + alpha*1.0782e-03
Valid: loss:1.0224e-02 = 1.0093e-02 + alpha*1.3065e-03 | IC: 0.0027, RIC: 0.0247, Prec@10: 0.6000, SR: 1.0745
Test (at best valid): loss:1.3353e-02 = 1.3183e-02 + alpha*1.7009e-03 | IC: 0.0129, RIC: 0.1440, Prec@10: 0.5117, SR: 1.3830

Epoch 22/100 ##########################################################
Train: loss:8.2985e-03 = 8.1921e-03 + alpha*1.0643e-03
Valid: loss:1.6552e-02 = 1.6412e-02 + alpha*1.4025e-03 | IC: -0.0031, RIC: -0.0255, Prec@10: 0.7178, SR: 0.7488

Epoch 23/100 ##########################################################
Train: loss:7.4611e-03 = 7.3579e-03 + alpha*1.0321e-03
Valid: loss:3.6346e-02 = 3.6125e-02 + alpha*2.2135e-03 | IC: -0.0117, RIC: -0.0812, Prec@10: 0.8683, SR: -1.1641

Epoch 24/100 ##########################################################
Train: loss:7.6137e-03 = 7.5094e-03 + alpha*1.0422e-03
Valid: loss:1.1474e-02 = 1.1344e-02 + alpha*1.2927e-03 | IC: -0.0014, RIC: -0.0121, Prec@10: 0.6704, SR: 0.8295

Epoch 25/100 ##########################################################
Train: loss:7.3818e-03 = 7.2795e-03 + alpha*1.0234e-03
Valid: loss:2.5147e-02 = 2.4948e-02 + alpha*1.9917e-03 | IC: -0.0106, RIC: -0.0788, Prec@10: 0.8248, SR: -1.0071

Epoch 26/100 ##########################################################
Train: loss:7.3470e-03 = 7.2449e-03 + alpha*1.0215e-03
Valid: loss:1.0449e-02 = 1.0318e-02 + alpha*1.3172e-03 | IC: -0.0017, RIC: -0.0152, Prec@10: 0.6557, SR: 0.6827

Epoch 27/100 ##########################################################
Train: loss:7.4378e-03 = 7.3353e-03 + alpha*1.0244e-03
Valid: loss:1.1957e-02 = 1.1824e-02 + alpha*1.3253e-03 | IC: -0.0024, RIC: -0.0203, Prec@10: 0.6904, SR: 0.3435

Epoch 28/100 ##########################################################
Train: loss:7.5283e-03 = 7.4267e-03 + alpha*1.0156e-03
Valid: loss:2.7099e-02 = 2.6919e-02 + alpha*1.8063e-03 | IC: -0.0101, RIC: -0.0732, Prec@10: 0.8313, SR: -0.9526

Epoch 29/100 ##########################################################
Train: loss:6.9435e-03 = 6.8465e-03 + alpha*9.7034e-04
Valid: loss:1.1045e-02 = 1.0908e-02 + alpha*1.3689e-03 | IC: -0.0028, RIC: -0.0233, Prec@10: 0.7339, SR: -0.1871

Epoch 30/100 ##########################################################
Train: loss:7.6406e-03 = 7.5419e-03 + alpha*9.8722e-04
Valid: loss:3.6933e-02 = 3.6704e-02 + alpha*2.2928e-03 | IC: -0.0120, RIC: -0.0830, Prec@10: 0.8578, SR: -1.0233

Epoch 31/100 ##########################################################
Train: loss:7.1695e-03 = 7.0700e-03 + alpha*9.9433e-04
Valid: loss:2.0232e-02 = 2.0048e-02 + alpha*1.8436e-03 | IC: -0.0089, RIC: -0.0622, Prec@10: 0.8383, SR: -0.2986

Epoch 32/100 ##########################################################
Train: loss:7.1253e-03 = 7.0294e-03 + alpha*9.5974e-04
Valid: loss:1.2077e-02 = 1.1943e-02 + alpha*1.3385e-03 | IC: -0.0036, RIC: -0.0295, Prec@10: 0.7409, SR: -0.1477

Epoch 33/100 ##########################################################
Train: loss:6.6595e-03 = 6.5655e-03 + alpha*9.4061e-04
Valid: loss:1.2291e-02 = 1.2165e-02 + alpha*1.2622e-03 | IC: -0.0033, RIC: -0.0274, Prec@10: 0.7257, SR: -0.1127

Epoch 34/100 ##########################################################
Train: loss:7.1163e-03 = 7.0227e-03 + alpha*9.3615e-04
Valid: loss:9.6051e-03 = 9.4777e-03 + alpha*1.2734e-03 | IC: -0.0020, RIC: -0.0168, Prec@10: 0.7157, SR: 0.5145
Test (at best valid): loss:1.7791e-02 = 1.7617e-02 + alpha*1.7318e-03 | IC: 0.0088, RIC: 0.0912, Prec@10: 0.5617, SR: 1.5650

Epoch 35/100 ##########################################################
Train: loss:6.5986e-03 = 6.5063e-03 + alpha*9.2297e-04
Valid: loss:1.2593e-02 = 1.2443e-02 + alpha*1.4985e-03 | IC: -0.0061, RIC: -0.0467, Prec@10: 0.7687, SR: 0.0907

Epoch 36/100 ##########################################################
Train: loss:7.0025e-03 = 6.9106e-03 + alpha*9.1853e-04
Valid: loss:2.0041e-02 = 1.9880e-02 + alpha*1.6063e-03 | IC: -0.0080, RIC: -0.0574, Prec@10: 0.8117, SR: -0.2197

Epoch 37/100 ##########################################################
Train: loss:5.9795e-03 = 5.8929e-03 + alpha*8.6614e-04
Valid: loss:9.9655e-03 = 9.8392e-03 + alpha*1.2629e-03 | IC: -0.0036, RIC: -0.0292, Prec@10: 0.7252, SR: 0.4583

Epoch 38/100 ##########################################################
Train: loss:5.8902e-03 = 5.8025e-03 + alpha*8.7755e-04
Valid: loss:1.7610e-02 = 1.7462e-02 + alpha*1.4806e-03 | IC: -0.0077, RIC: -0.0555, Prec@10: 0.8022, SR: 0.4721

Epoch 39/100 ##########################################################
Train: loss:5.5295e-03 = 5.4456e-03 + alpha*8.3944e-04
Valid: loss:9.1176e-03 = 8.9981e-03 + alpha*1.1948e-03 | IC: -0.0018, RIC: -0.0143, Prec@10: 0.7352, SR: 0.9586
Test (at best valid): loss:1.8072e-02 = 1.7904e-02 + alpha*1.6828e-03 | IC: 0.0077, RIC: 0.0757, Prec@10: 0.5957, SR: 1.5549

Epoch 40/100 ##########################################################
Train: loss:5.4177e-03 = 5.3352e-03 + alpha*8.2457e-04
Valid: loss:7.7660e-03 = 7.6676e-03 + alpha*9.8462e-04 | IC: 0.0036, RIC: 0.0333, Prec@10: 0.6117, SR: 1.1554
Test (at best valid): loss:1.0961e-02 = 1.0822e-02 + alpha*1.3835e-03 | IC: 0.0122, RIC: 0.1288, Prec@10: 0.5343, SR: 1.7712

Epoch 41/100 ##########################################################
Train: loss:5.7493e-03 = 5.6655e-03 + alpha*8.3812e-04
Valid: loss:2.4075e-02 = 2.3889e-02 + alpha*1.8600e-03 | IC: -0.0102, RIC: -0.0676, Prec@10: 0.8148, SR: 0.3131

Epoch 42/100 ##########################################################
Train: loss:5.8071e-03 = 5.7224e-03 + alpha*8.4730e-04
Valid: loss:8.8361e-03 = 8.7237e-03 + alpha*1.1246e-03 | IC: 0.0007, RIC: 0.0055, Prec@10: 0.7261, SR: 1.9629

Epoch 43/100 ##########################################################
Train: loss:5.3345e-03 = 5.2532e-03 + alpha*8.1241e-04
Valid: loss:1.2744e-02 = 1.2612e-02 + alpha*1.3170e-03 | IC: -0.0047, RIC: -0.0352, Prec@10: 0.7378, SR: 0.9362

Epoch 44/100 ##########################################################
Train: loss:5.4010e-03 = 5.3232e-03 + alpha*7.7823e-04
Valid: loss:1.0730e-02 = 1.0612e-02 + alpha*1.1868e-03 | IC: -0.0015, RIC: -0.0117, Prec@10: 0.7274, SR: 1.2855

Epoch 45/100 ##########################################################
Train: loss:6.0387e-03 = 5.9581e-03 + alpha*8.0577e-04
Valid: loss:1.3568e-02 = 1.3437e-02 + alpha*1.3082e-03 | IC: -0.0042, RIC: -0.0306, Prec@10: 0.7530, SR: 1.1981

Epoch 46/100 ##########################################################
Train: loss:5.1755e-03 = 5.0979e-03 + alpha*7.7570e-04
Valid: loss:7.6366e-03 = 7.5213e-03 + alpha*1.1528e-03 | IC: -0.0006, RIC: -0.0052, Prec@10: 0.6965, SR: 1.7888
Test (at best valid): loss:1.6186e-02 = 1.6020e-02 + alpha*1.6632e-03 | IC: 0.0071, RIC: 0.0695, Prec@10: 0.5861, SR: 1.5534

Epoch 47/100 ##########################################################
Train: loss:5.2306e-03 = 5.1531e-03 + alpha*7.7490e-04
Valid: loss:7.8093e-03 = 7.6923e-03 + alpha*1.1704e-03 | IC: -0.0007, RIC: -0.0054, Prec@10: 0.6852, SR: 1.6157

Epoch 48/100 ##########################################################
Train: loss:5.3393e-03 = 5.2615e-03 + alpha*7.7751e-04
Valid: loss:9.1592e-03 = 9.0405e-03 + alpha*1.1866e-03 | IC: -0.0027, RIC: -0.0204, Prec@10: 0.6957, SR: 1.6515

Epoch 49/100 ##########################################################
Train: loss:5.0635e-03 = 4.9893e-03 + alpha*7.4287e-04
Valid: loss:7.1924e-03 = 7.0811e-03 + alpha*1.1128e-03 | IC: 0.0006, RIC: 0.0045, Prec@10: 0.6743, SR: 1.8299
Test (at best valid): loss:1.4473e-02 = 1.4313e-02 + alpha*1.5952e-03 | IC: 0.0072, RIC: 0.0704, Prec@10: 0.5800, SR: 1.5133

Epoch 50/100 ##########################################################
Train: loss:4.7173e-03 = 4.6448e-03 + alpha*7.2514e-04
Valid: loss:7.6104e-03 = 7.5126e-03 + alpha*9.7757e-04 | IC: 0.0018, RIC: 0.0153, Prec@10: 0.6583, SR: 1.9730

Epoch 51/100 ##########################################################
Train: loss:4.3280e-03 = 4.2597e-03 + alpha*6.8319e-04
Valid: loss:1.4649e-02 = 1.4506e-02 + alpha*1.4272e-03 | IC: -0.0061, RIC: -0.0416, Prec@10: 0.6987, SR: 0.6048

Epoch 52/100 ##########################################################
Train: loss:4.3700e-03 = 4.3002e-03 + alpha*6.9721e-04
Valid: loss:6.4285e-03 = 6.3420e-03 + alpha*8.6533e-04 | IC: 0.0052, RIC: 0.0466, Prec@10: 0.5674, SR: 1.1931
Test (at best valid): loss:1.1265e-02 = 1.1137e-02 + alpha*1.2760e-03 | IC: 0.0092, RIC: 0.0949, Prec@10: 0.5452, SR: 1.8759

Epoch 53/100 ##########################################################
Train: loss:4.4602e-03 = 4.3923e-03 + alpha*6.7972e-04
Valid: loss:6.4994e-03 = 6.4017e-03 + alpha*9.7747e-04 | IC: 0.0037, RIC: 0.0299, Prec@10: 0.6383, SR: 2.2212

Epoch 54/100 ##########################################################
Train: loss:4.4990e-03 = 4.4311e-03 + alpha*6.7880e-04
Valid: loss:1.7208e-02 = 1.7049e-02 + alpha*1.5908e-03 | IC: -0.0085, RIC: -0.0608, Prec@10: 0.6878, SR: 1.3810

Epoch 55/100 ##########################################################
Train: loss:4.1501e-03 = 4.0812e-03 + alpha*6.8948e-04
Valid: loss:7.7187e-03 = 7.6103e-03 + alpha*1.0843e-03 | IC: 0.0001, RIC: 0.0010, Prec@10: 0.6617, SR: 2.1389

Epoch 56/100 ##########################################################
Train: loss:3.9969e-03 = 3.9318e-03 + alpha*6.5027e-04
Valid: loss:5.6866e-03 = 5.5971e-03 + alpha*8.9494e-04 | IC: 0.0046, RIC: 0.0394, Prec@10: 0.5857, SR: 2.2134
Test (at best valid): loss:9.8138e-03 = 9.6861e-03 + alpha*1.2772e-03 | IC: 0.0090, RIC: 0.0869, Prec@10: 0.5513, SR: 1.6641

Epoch 57/100 ##########################################################
Train: loss:4.3065e-03 = 4.2407e-03 + alpha*6.5774e-04
Valid: loss:6.8053e-03 = 6.7203e-03 + alpha*8.5034e-04 | IC: 0.0056, RIC: 0.0518, Prec@10: 0.5222, SR: 1.6511

Epoch 58/100 ##########################################################
Train: loss:4.1711e-03 = 4.1058e-03 + alpha*6.5299e-04
Valid: loss:5.8595e-03 = 5.7757e-03 + alpha*8.3830e-04 | IC: 0.0075, RIC: 0.0694, Prec@10: 0.5096, SR: 1.8460

Epoch 59/100 ##########################################################
Train: loss:4.1316e-03 = 4.0682e-03 + alpha*6.3409e-04
Valid: loss:6.0856e-03 = 5.9843e-03 + alpha*1.0131e-03 | IC: 0.0023, RIC: 0.0185, Prec@10: 0.5978, SR: 2.1822

Epoch 60/100 ##########################################################
Train: loss:3.9673e-03 = 3.9049e-03 + alpha*6.2381e-04
Valid: loss:7.1676e-03 = 7.0707e-03 + alpha*9.6958e-04 | IC: 0.0028, RIC: 0.0219, Prec@10: 0.5935, SR: 1.8354

Epoch 61/100 ##########################################################
Train: loss:3.8155e-03 = 3.7550e-03 + alpha*6.0508e-04
Valid: loss:1.0057e-02 = 9.9452e-03 + alpha*1.1156e-03 | IC: -0.0015, RIC: -0.0104, Prec@10: 0.6583, SR: 1.6759

Epoch 62/100 ##########################################################
Train: loss:4.3074e-03 = 4.2421e-03 + alpha*6.5299e-04
Valid: loss:1.2236e-02 = 1.2098e-02 + alpha*1.3799e-03 | IC: -0.0052, RIC: -0.0357, Prec@10: 0.6604, SR: 1.3221

Epoch 63/100 ##########################################################
Train: loss:3.7849e-03 = 3.7238e-03 + alpha*6.1042e-04
Valid: loss:6.3203e-03 = 6.2215e-03 + alpha*9.8828e-04 | IC: 0.0015, RIC: 0.0117, Prec@10: 0.5796, SR: 2.2078

Epoch 64/100 ##########################################################
Train: loss:3.7432e-03 = 3.6838e-03 + alpha*5.9463e-04
Valid: loss:5.1887e-03 = 5.1047e-03 + alpha*8.3942e-04 | IC: 0.0062, RIC: 0.0534, Prec@10: 0.5678, SR: 2.0605
Test (at best valid): loss:8.2314e-03 = 8.1140e-03 + alpha*1.1740e-03 | IC: 0.0105, RIC: 0.1011, Prec@10: 0.5561, SR: 1.8942

Epoch 65/100 ##########################################################
Train: loss:4.1660e-03 = 4.1038e-03 + alpha*6.2151e-04
Valid: loss:2.0481e-02 = 2.0303e-02 + alpha*1.7863e-03 | IC: -0.0096, RIC: -0.0680, Prec@10: 0.6757, SR: 1.4951

Epoch 66/100 ##########################################################
Train: loss:4.7270e-03 = 4.6610e-03 + alpha*6.6042e-04
Valid: loss:8.6468e-03 = 8.5663e-03 + alpha*8.0550e-04 | IC: 0.0104, RIC: 0.1036, Prec@10: 0.5057, SR: 1.7623

Epoch 67/100 ##########################################################
Train: loss:4.3881e-03 = 4.3236e-03 + alpha*6.4452e-04
Valid: loss:1.0829e-02 = 1.0702e-02 + alpha*1.2683e-03 | IC: -0.0035, RIC: -0.0231, Prec@10: 0.6809, SR: 1.1707

Epoch 68/100 ##########################################################
Train: loss:3.9011e-03 = 3.8412e-03 + alpha*5.9927e-04
Valid: loss:6.1778e-03 = 6.0969e-03 + alpha*8.0881e-04 | IC: 0.0081, RIC: 0.0771, Prec@10: 0.5126, SR: 1.5090

Epoch 69/100 ##########################################################
Train: loss:4.0023e-03 = 3.9435e-03 + alpha*5.8872e-04
Valid: loss:5.2625e-03 = 5.1755e-03 + alpha*8.7025e-04 | IC: 0.0055, RIC: 0.0488, Prec@10: 0.5083, SR: 2.1160

Epoch 70/100 ##########################################################
Train: loss:4.3690e-03 = 4.3076e-03 + alpha*6.1353e-04
Valid: loss:7.9912e-03 = 7.8917e-03 + alpha*9.9522e-04 | IC: 0.0002, RIC: 0.0015, Prec@10: 0.6370, SR: 1.7634

Epoch 71/100 ##########################################################
Train: loss:3.4514e-03 = 3.3952e-03 + alpha*5.6272e-04
Valid: loss:7.3613e-03 = 7.2714e-03 + alpha*8.9910e-04 | IC: 0.0036, RIC: 0.0275, Prec@10: 0.6257, SR: 1.8598

Epoch 72/100 ##########################################################
Train: loss:3.7892e-03 = 3.7324e-03 + alpha*5.6840e-04
Valid: loss:6.1784e-03 = 6.0832e-03 + alpha*9.5181e-04 | IC: 0.0014, RIC: 0.0105, Prec@10: 0.6161, SR: 1.8388

Epoch 73/100 ##########################################################
Train: loss:3.8561e-03 = 3.7986e-03 + alpha*5.7530e-04
Valid: loss:9.5455e-03 = 9.4321e-03 + alpha*1.1333e-03 | IC: -0.0019, RIC: -0.0127, Prec@10: 0.6587, SR: 1.1886

Epoch 74/100 ##########################################################
Train: loss:3.7640e-03 = 3.7067e-03 + alpha*5.7362e-04
Valid: loss:5.9985e-03 = 5.9183e-03 + alpha*8.0208e-04 | IC: 0.0056, RIC: 0.0472, Prec@10: 0.5752, SR: 1.9832

Epoch 75/100 ##########################################################
Train: loss:3.2400e-03 = 3.1866e-03 + alpha*5.3315e-04
Valid: loss:4.7278e-03 = 4.6528e-03 + alpha*7.5020e-04 | IC: 0.0076, RIC: 0.0676, Prec@10: 0.5148, SR: 2.5524
Test (at best valid): loss:7.9970e-03 = 7.8923e-03 + alpha*1.0465e-03 | IC: 0.0123, RIC: 0.1309, Prec@10: 0.5257, SR: 2.0349

Epoch 76/100 ##########################################################
Train: loss:3.6804e-03 = 3.6245e-03 + alpha*5.5935e-04
Valid: loss:4.7660e-03 = 4.6795e-03 + alpha*8.6523e-04 | IC: 0.0040, RIC: 0.0314, Prec@10: 0.5543, SR: 1.9476

Epoch 77/100 ##########################################################
Train: loss:3.4657e-03 = 3.4125e-03 + alpha*5.3197e-04
Valid: loss:1.2771e-02 = 1.2675e-02 + alpha*9.5948e-04 | IC: 0.0048, RIC: 0.0375, Prec@10: 0.6517, SR: 1.7029

Epoch 78/100 ##########################################################
Train: loss:4.0517e-03 = 3.9948e-03 + alpha*5.6899e-04
Valid: loss:5.8621e-03 = 5.7678e-03 + alpha*9.4326e-04 | IC: 0.0021, RIC: 0.0156, Prec@10: 0.5891, SR: 1.7515

Epoch 79/100 ##########################################################
Train: loss:3.3132e-03 = 3.2596e-03 + alpha*5.3656e-04
Valid: loss:5.4147e-03 = 5.3409e-03 + alpha*7.3733e-04 | IC: 0.0080, RIC: 0.0732, Prec@10: 0.5378, SR: 2.1883

Epoch 80/100 ##########################################################
Train: loss:3.4659e-03 = 3.4117e-03 + alpha*5.4187e-04
Valid: loss:1.4493e-02 = 1.4355e-02 + alpha*1.3777e-03 | IC: -0.0063, RIC: -0.0388, Prec@10: 0.7096, SR: -0.2557

Epoch 81/100 ##########################################################
Train: loss:3.5394e-03 = 3.4850e-03 + alpha*5.4353e-04
Valid: loss:5.3582e-03 = 5.2772e-03 + alpha*8.1026e-04 | IC: 0.0049, RIC: 0.0386, Prec@10: 0.6026, SR: 2.1885

Epoch 82/100 ##########################################################
Train: loss:3.3113e-03 = 3.2577e-03 + alpha*5.3554e-04
Valid: loss:8.1550e-03 = 8.0631e-03 + alpha*9.1891e-04 | IC: 0.0024, RIC: 0.0164, Prec@10: 0.6296, SR: 1.5278

Epoch 83/100 ##########################################################
Train: loss:3.1829e-03 = 3.1315e-03 + alpha*5.1357e-04
Valid: loss:8.9158e-03 = 8.8006e-03 + alpha*1.1517e-03 | IC: -0.0019, RIC: -0.0121, Prec@10: 0.6817, SR: -0.0676

Epoch 84/100 ##########################################################
Train: loss:3.3439e-03 = 3.2925e-03 + alpha*5.1391e-04
Valid: loss:5.3892e-03 = 5.2994e-03 + alpha*8.9820e-04 | IC: 0.0014, RIC: 0.0103, Prec@10: 0.5687, SR: 1.4280

Epoch 85/100 ##########################################################
Train: loss:3.1884e-03 = 3.1383e-03 + alpha*5.0069e-04
Valid: loss:6.4104e-03 = 6.3121e-03 + alpha*9.8367e-04 | IC: -0.0004, RIC: -0.0031, Prec@10: 0.5748, SR: 1.9963

Epoch 86/100 ##########################################################
Train: loss:3.1644e-03 = 3.1121e-03 + alpha*5.2326e-04
Valid: loss:5.9098e-03 = 5.8316e-03 + alpha*7.8222e-04 | IC: 0.0054, RIC: 0.0414, Prec@10: 0.5978, SR: 2.2005

Epoch 87/100 ##########################################################
Train: loss:3.0037e-03 = 2.9543e-03 + alpha*4.9355e-04
Valid: loss:5.3979e-03 = 5.3126e-03 + alpha*8.5281e-04 | IC: 0.0016, RIC: 0.0121, Prec@10: 0.5709, SR: 1.4650

Epoch 88/100 ##########################################################
Train: loss:3.0655e-03 = 3.0163e-03 + alpha*4.9183e-04
Valid: loss:4.0550e-03 = 3.9853e-03 + alpha*6.9766e-04 | IC: 0.0068, RIC: 0.0578, Prec@10: 0.5578, SR: 2.2642
Test (at best valid): loss:7.2539e-03 = 7.1532e-03 + alpha*1.0067e-03 | IC: 0.0111, RIC: 0.1043, Prec@10: 0.5565, SR: 2.2465

Epoch 89/100 ##########################################################
Train: loss:3.3679e-03 = 3.3171e-03 + alpha*5.0776e-04
Valid: loss:5.0782e-03 = 5.0075e-03 + alpha*7.0689e-04 | IC: 0.0114, RIC: 0.1094, Prec@10: 0.5061, SR: 2.4409

Epoch 90/100 ##########################################################
Train: loss:3.2038e-03 = 3.1543e-03 + alpha*4.9536e-04
Valid: loss:6.6791e-03 = 6.5991e-03 + alpha*7.9959e-04 | IC: 0.0067, RIC: 0.0526, Prec@10: 0.6035, SR: 1.9307

Epoch 91/100 ##########################################################
Train: loss:3.0997e-03 = 3.0497e-03 + alpha*4.9928e-04
Valid: loss:6.3654e-03 = 6.2742e-03 + alpha*9.1193e-04 | IC: 0.0020, RIC: 0.0135, Prec@10: 0.6309, SR: 0.6646

Epoch 92/100 ##########################################################
Train: loss:2.8824e-03 = 2.8345e-03 + alpha*4.7900e-04
Valid: loss:7.8539e-03 = 7.7434e-03 + alpha*1.1054e-03 | IC: -0.0028, RIC: -0.0180, Prec@10: 0.6530, SR: 0.1971

Epoch 93/100 ##########################################################
Train: loss:3.0792e-03 = 3.0311e-03 + alpha*4.8036e-04
Valid: loss:5.2859e-03 = 5.2160e-03 + alpha*6.9925e-04 | IC: 0.0110, RIC: 0.1056, Prec@10: 0.5291, SR: 1.6035

Epoch 94/100 ##########################################################
Train: loss:2.9379e-03 = 2.8906e-03 + alpha*4.7294e-04
Valid: loss:4.1151e-03 = 4.0477e-03 + alpha*6.7454e-04 | IC: 0.0096, RIC: 0.0872, Prec@10: 0.5400, SR: 2.4859

Epoch 95/100 ##########################################################
Train: loss:3.1411e-03 = 3.0922e-03 + alpha*4.8890e-04
Valid: loss:7.1982e-03 = 7.1247e-03 + alpha*7.3531e-04 | IC: 0.0132, RIC: 0.1329, Prec@10: 0.4974, SR: 1.9469

Epoch 96/100 ##########################################################
Train: loss:3.0107e-03 = 2.9630e-03 + alpha*4.7651e-04
Valid: loss:6.9085e-03 = 6.8113e-03 + alpha*9.7223e-04 | IC: -0.0012, RIC: -0.0080, Prec@10: 0.6722, SR: 0.3620

Epoch 97/100 ##########################################################
Train: loss:3.3392e-03 = 3.2892e-03 + alpha*4.9981e-04
Valid: loss:1.2086e-02 = 1.1993e-02 + alpha*9.3334e-04 | IC: 0.0161, RIC: 0.1447, Prec@10: 0.4943, SR: 2.4125

Epoch 98/100 ##########################################################
Train: loss:3.4306e-03 = 3.3794e-03 + alpha*5.1268e-04
Valid: loss:4.1624e-03 = 4.0882e-03 + alpha*7.4190e-04 | IC: 0.0057, RIC: 0.0445, Prec@10: 0.5861, SR: 2.0564

Epoch 99/100 ##########################################################
Train: loss:2.8903e-03 = 2.8441e-03 + alpha*4.6183e-04
Valid: loss:7.5469e-03 = 7.4601e-03 + alpha*8.6781e-04 | IC: 0.0041, RIC: 0.0279, Prec@10: 0.6813, SR: 1.7935

Epoch 100/100 ##########################################################
Train: loss:2.8899e-03 = 2.8422e-03 + alpha*4.7644e-04
Valid: loss:6.3265e-03 = 6.2391e-03 + alpha*8.7396e-04 | IC: 0.0037, RIC: 0.0246, Prec@10: 0.6452, SR: 1.4526


STHAN-SR Training Finished.
Best Epoch: 88
Best Valid Loss: 4.0550e-03
Best Valid Performance: IC: 0.0068, RIC: 0.0578, Prec@10: 0.5578, SR: 2.2642
 Corresponding Test Performance: IC: 0.0111, RIC: 0.1043, Prec@10: 0.5565, SR: 2.2465
Results appended to ../training_results.xlsx
