Using device: cuda
Loading data from: ../dataset\NASDAQ
Warning: stock_num (1026) does not match eod_data.shape[0] (951) for market NASDAQ. Adjusting stock_num.
市场为 NASDAQ，实际加载股票数量更新为: 951
总交易天数: 1148
根据 60%/20%/_ 分割比例 (已调整为满足最小数据集要求):
训练集天数 (0-indexed, up to valid_index-1): 688 (实际比例: 59.9%)
验证集天数 (valid_index to test_index-1): 230 (实际比例: 20.0%)
测试集天数 (test_index to end): 230 (实际比例: 20.0%)
验证集起始索引 (valid_index): 688
测试集起始索引 (test_index): 918
✅ 数据集分割检查通过
Starting STHAN-SR training...
Epoch 1/100 ##########################################################
Train: loss:4.8409e+05 = 4.8409e+05 + alpha*1.8602e-01
Valid: loss:7.2455e+04 = 7.2455e+04 + alpha*1.9542e-01 | IC: 0.0003, RIC: 0.0380, Prec@10: 0.6448, SR: 1.4584
Test (at best valid): loss:1.1562e+10 = 1.1562e+10 + alpha*2.0256e-01 | IC: 0.0124, RIC: 0.1598, Prec@10: 0.5696, SR: 1.0487

Epoch 2/100 ##########################################################
Train: loss:6.4612e+03 = 6.4612e+03 + alpha*2.5511e-02
Valid: loss:1.6545e+04 = 1.6545e+04 + alpha*9.3337e-02 | IC: 0.0003, RIC: 0.0380, Prec@10: 0.6443, SR: 1.4652
Test (at best valid): loss:1.1564e+10 = 1.1564e+10 + alpha*1.1239e-01 | IC: 0.0124, RIC: 0.1598, Prec@10: 0.5696, SR: 1.0487

Epoch 3/100 ##########################################################
Train: loss:2.0223e+03 = 2.0223e+03 + alpha*1.4021e-02
Valid: loss:3.5049e+02 = 3.5049e+02 + alpha*1.1797e-02 | IC: -0.0002, RIC: -0.0324, Prec@10: 0.8552, SR: 1.0781
Test (at best valid): loss:1.1566e+10 = 1.1566e+10 + alpha*3.3254e-02 | IC: 0.0124, RIC: 0.1598, Prec@10: 0.5704, SR: 1.0487

Epoch 4/100 ##########################################################
Train: loss:1.6020e+03 = 1.6020e+03 + alpha*1.4166e-02
Valid: loss:7.9752e+02 = 7.9752e+02 + alpha*1.7853e-02 | IC: 0.0005, RIC: 0.0657, Prec@10: 0.6709, SR: 1.4324

Epoch 5/100 ##########################################################
Train: loss:4.1676e+03 = 4.1676e+03 + alpha*2.1679e-02
Valid: loss:1.0697e+03 = 1.0697e+03 + alpha*2.2009e-02 | IC: 0.0003, RIC: 0.0434, Prec@10: 0.6526, SR: 1.4408

Epoch 6/100 ##########################################################
Train: loss:2.1932e+03 = 2.1932e+03 + alpha*1.4779e-02
Valid: loss:1.4760e+04 = 1.4760e+04 + alpha*8.8195e-02 | IC: 0.0003, RIC: 0.0380, Prec@10: 0.6439, SR: 1.4604

Epoch 7/100 ##########################################################
Train: loss:2.8216e+03 = 2.8216e+03 + alpha*1.6809e-02
Valid: loss:2.8921e+04 = 2.8921e+04 + alpha*1.2342e-01 | IC: 0.0003, RIC: 0.0380, Prec@10: 0.6435, SR: 1.4667

Epoch 8/100 ##########################################################
Train: loss:3.7894e+03 = 3.7894e+03 + alpha*1.9262e-02
Valid: loss:2.4777e+03 = 2.4777e+03 + alpha*3.5625e-02 | IC: 0.0003, RIC: 0.0380, Prec@10: 0.6443, SR: 1.4604

Epoch 9/100 ##########################################################
Train: loss:2.3135e+03 = 2.3135e+03 + alpha*1.6026e-02
Valid: loss:6.3259e+03 = 6.3259e+03 + alpha*5.4181e-02 | IC: -0.0003, RIC: -0.0380, Prec@10: 0.5587, SR: -0.7829

Epoch 10/100 ##########################################################
Train: loss:3.1239e+03 = 3.1239e+03 + alpha*1.8236e-02
Valid: loss:6.1820e+04 = 6.1820e+04 + alpha*1.8018e-01 | IC: 0.0003, RIC: 0.0380, Prec@10: 0.6439, SR: 1.4619

Epoch 11/100 ##########################################################
Train: loss:2.2124e+04 = 2.2124e+04 + alpha*5.0221e-02
Valid: loss:6.2063e+03 = 6.2063e+03 + alpha*5.6993e-02 | IC: 0.0003, RIC: 0.0380, Prec@10: 0.6461, SR: 1.4559

Epoch 12/100 ##########################################################
Train: loss:2.7035e+03 = 2.7035e+03 + alpha*1.8084e-02
Valid: loss:1.6603e+03 = 1.6603e+03 + alpha*2.6570e-02 | IC: -0.0003, RIC: -0.0380, Prec@10: 0.8443, SR: -1.2951

Epoch 13/100 ##########################################################
Train: loss:3.1163e+03 = 3.1163e+03 + alpha*1.9673e-02
Valid: loss:7.9650e+03 = 7.9650e+03 + alpha*6.4706e-02 | IC: 0.0003, RIC: 0.0380, Prec@10: 0.6452, SR: 1.4635

Epoch 14/100 ##########################################################
Train: loss:5.7363e+03 = 5.7363e+03 + alpha*2.5145e-02
Valid: loss:3.5781e+03 = 3.5781e+03 + alpha*4.3114e-02 | IC: 0.0003, RIC: 0.0380, Prec@10: 0.6443, SR: 1.4584

Epoch 15/100 ##########################################################
Train: loss:1.8296e+04 = 1.8296e+04 + alpha*4.8074e-02
Valid: loss:4.6654e+03 = 4.6654e+03 + alpha*4.9232e-02 | IC: 0.0003, RIC: 0.0380, Prec@10: 0.6448, SR: 1.4589

Epoch 16/100 ##########################################################
Train: loss:1.8220e+03 = 1.8220e+03 + alpha*1.3378e-02
Valid: loss:8.3461e+02 = 8.3461e+02 + alpha*1.9393e-02 | IC: 0.0003, RIC: 0.0434, Prec@10: 0.6500, SR: 1.4506

Epoch 17/100 ##########################################################
Train: loss:3.6259e+03 = 3.6259e+03 + alpha*2.1168e-02
Valid: loss:2.2929e+02 = 2.2928e+02 + alpha*9.3064e-03 | IC: -0.0006, RIC: -0.0779, Prec@10: 0.8743, SR: 1.0626
Test (at best valid): loss:1.1566e+10 = 1.1566e+10 + alpha*1.5945e-02 | IC: 0.0125, RIC: 0.1619, Prec@10: 0.5765, SR: 1.0487

Epoch 18/100 ##########################################################
Train: loss:4.0469e+03 = 4.0469e+03 + alpha*2.0561e-02
Valid: loss:2.6305e+04 = 2.6305e+04 + alpha*1.1769e-01 | IC: 0.0003, RIC: 0.0380, Prec@10: 0.6439, SR: 1.4599

Epoch 19/100 ##########################################################
Train: loss:4.5524e+03 = 4.5524e+03 + alpha*2.2927e-02
Valid: loss:5.7661e+02 = 5.7661e+02 + alpha*1.6020e-02 | IC: 0.0003, RIC: 0.0434, Prec@10: 0.6509, SR: 1.4498

Epoch 20/100 ##########################################################
Train: loss:1.4464e+04 = 1.4464e+04 + alpha*3.6278e-02
Valid: loss:4.3560e+05 = 4.3560e+05 + alpha*4.7705e-01 | IC: 0.0003, RIC: 0.0380, Prec@10: 0.6435, SR: 1.4618

Epoch 21/100 ##########################################################
Train: loss:5.9414e+04 = 5.9414e+04 + alpha*8.3032e-02
Valid: loss:4.3012e+05 = 4.3012e+05 + alpha*4.5596e-01 | IC: -0.0003, RIC: -0.0380, Prec@10: 0.5000, SR: -0.9269

Epoch 22/100 ##########################################################
Train: loss:6.4198e+04 = 6.4198e+04 + alpha*7.2117e-02
Valid: loss:4.8834e+03 = 4.8834e+03 + alpha*4.7383e-02 | IC: -0.0003, RIC: -0.0380, Prec@10: 0.6700, SR: 0.3411

Epoch 23/100 ##########################################################
Train: loss:1.9168e+03 = 1.9168e+03 + alpha*1.5513e-02
Valid: loss:4.6102e+03 = 4.6102e+03 + alpha*4.6099e-02 | IC: -0.0003, RIC: -0.0380, Prec@10: 0.5474, SR: -1.0465

Epoch 24/100 ##########################################################
Train: loss:1.7825e+03 = 1.7825e+03 + alpha*1.5481e-02
Valid: loss:8.2620e+02 = 8.2620e+02 + alpha*1.9237e-02 | IC: 0.0001, RIC: 0.0132, Prec@10: 0.6509, SR: 1.4520

Epoch 25/100 ##########################################################
Train: loss:1.8191e+03 = 1.8190e+03 + alpha*1.5767e-02
Valid: loss:8.1451e+02 = 8.1451e+02 + alpha*1.7487e-02 | IC: 0.0000, RIC: 0.0015, Prec@10: 0.8652, SR: 1.1871

Epoch 26/100 ##########################################################
Train: loss:1.1496e+03 = 1.1496e+03 + alpha*1.1355e-02
Valid: loss:2.2331e+03 = 2.2331e+03 + alpha*3.1464e-02 | IC: -0.0003, RIC: -0.0380, Prec@10: 0.6748, SR: -0.8279

Epoch 27/100 ##########################################################
Train: loss:7.6511e+02 = 7.6511e+02 + alpha*9.8498e-03
Valid: loss:9.3822e+02 = 9.3822e+02 + alpha*2.1016e-02 | IC: 0.0002, RIC: 0.0224, Prec@10: 0.6452, SR: 1.4591

Epoch 28/100 ##########################################################
Train: loss:7.1436e+02 = 7.1436e+02 + alpha*8.7314e-03
Valid: loss:6.6903e+02 = 6.6903e+02 + alpha*1.5959e-02 | IC: 0.0000, RIC: 0.0017, Prec@10: 0.8174, SR: -1.0715

Epoch 29/100 ##########################################################
Train: loss:9.1202e+02 = 9.1202e+02 + alpha*9.2565e-03
Valid: loss:1.3157e+02 = 1.3157e+02 + alpha*6.6097e-03 | IC: -0.0005, RIC: -0.0689, Prec@10: 0.7474, SR: 1.0991
Test (at best valid): loss:1.1567e+10 = 1.1567e+10 + alpha*1.3860e-02 | IC: 0.0124, RIC: 0.1601, Prec@10: 0.5696, SR: 1.0487

Epoch 30/100 ##########################################################
Train: loss:6.2097e+02 = 6.2096e+02 + alpha*8.1392e-03
Valid: loss:1.7007e+03 = 1.7007e+03 + alpha*2.9244e-02 | IC: 0.0003, RIC: 0.0380, Prec@10: 0.6439, SR: 1.4635

Epoch 31/100 ##########################################################
Train: loss:8.6661e+02 = 8.6661e+02 + alpha*9.9241e-03
Valid: loss:5.1993e+02 = 5.1993e+02 + alpha*1.5360e-02 | IC: 0.0001, RIC: 0.0182, Prec@10: 0.6526, SR: 1.4586

Epoch 32/100 ##########################################################
Train: loss:3.8519e+03 = 3.8519e+03 + alpha*1.9473e-02
Valid: loss:3.9078e+02 = 3.9078e+02 + alpha*1.2649e-02 | IC: -0.0000, RIC: -0.0035, Prec@10: 0.6613, SR: 1.4568

Epoch 33/100 ##########################################################
Train: loss:6.9297e+02 = 6.9297e+02 + alpha*8.9120e-03
Valid: loss:8.7598e+02 = 8.7598e+02 + alpha*1.8605e-02 | IC: -0.0001, RIC: -0.0095, Prec@10: 0.8630, SR: 1.3565

Epoch 34/100 ##########################################################
Train: loss:7.0182e+02 = 7.0182e+02 + alpha*7.5229e-03
Valid: loss:1.5749e+02 = 1.5748e+02 + alpha*7.4196e-03 | IC: -0.0003, RIC: -0.0429, Prec@10: 0.7830, SR: 1.1007

Epoch 35/100 ##########################################################
Train: loss:5.5322e+02 = 5.5322e+02 + alpha*6.9581e-03
Valid: loss:2.3040e+03 = 2.3040e+03 + alpha*3.4325e-02 | IC: 0.0003, RIC: 0.0380, Prec@10: 0.6426, SR: 1.4657

Epoch 36/100 ##########################################################
Train: loss:8.2461e+02 = 8.2461e+02 + alpha*8.5072e-03
Valid: loss:5.0598e+03 = 5.0598e+03 + alpha*5.1404e-02 | IC: 0.0003, RIC: 0.0380, Prec@10: 0.6422, SR: 1.4674

Epoch 37/100 ##########################################################
Train: loss:8.6454e+02 = 8.6454e+02 + alpha*9.7755e-03
Valid: loss:4.1014e+02 = 4.1014e+02 + alpha*1.3412e-02 | IC: 0.0002, RIC: 0.0213, Prec@10: 0.6513, SR: 1.4547

Epoch 38/100 ##########################################################
Train: loss:4.3806e+02 = 4.3806e+02 + alpha*7.2121e-03
Valid: loss:2.2445e+02 = 2.2445e+02 + alpha*8.7635e-03 | IC: 0.0000, RIC: 0.0039, Prec@10: 0.8217, SR: 0.6352

Epoch 39/100 ##########################################################
Train: loss:4.3973e+02 = 4.3973e+02 + alpha*6.1162e-03
Valid: loss:2.4033e+02 = 2.4033e+02 + alpha*1.0036e-02 | IC: 0.0002, RIC: 0.0237, Prec@10: 0.6513, SR: 1.4621

Epoch 40/100 ##########################################################
Train: loss:4.7329e+02 = 4.7329e+02 + alpha*7.6606e-03
Valid: loss:2.9253e+03 = 2.9253e+03 + alpha*3.6967e-02 | IC: -0.0003, RIC: -0.0380, Prec@10: 0.5083, SR: -1.1462

Epoch 41/100 ##########################################################
Train: loss:6.3368e+02 = 6.3368e+02 + alpha*8.3702e-03
Valid: loss:3.0459e+02 = 3.0459e+02 + alpha*1.0650e-02 | IC: -0.0002, RIC: -0.0227, Prec@10: 0.7809, SR: -0.2782

Epoch 42/100 ##########################################################
Train: loss:4.6367e+02 = 4.6366e+02 + alpha*6.7825e-03
Valid: loss:7.8069e+02 = 7.8069e+02 + alpha*1.9740e-02 | IC: 0.0003, RIC: 0.0380, Prec@10: 0.6430, SR: 1.4602

Epoch 43/100 ##########################################################
Train: loss:1.4300e+03 = 1.4300e+03 + alpha*1.1569e-02
Valid: loss:5.5842e+04 = 5.5842e+04 + alpha*1.7083e-01 | IC: 0.0003, RIC: 0.0380, Prec@10: 0.6435, SR: 1.4603

Epoch 44/100 ##########################################################
Train: loss:1.2599e+04 = 1.2599e+04 + alpha*4.0804e-02
Valid: loss:1.5361e+04 = 1.5361e+04 + alpha*8.9580e-02 | IC: 0.0003, RIC: 0.0380, Prec@10: 0.6439, SR: 1.4599

Epoch 45/100 ##########################################################
Train: loss:7.0128e+03 = 7.0128e+03 + alpha*2.4182e-02
Valid: loss:1.8185e+02 = 1.8185e+02 + alpha*8.0854e-03 | IC: -0.0005, RIC: -0.0641, Prec@10: 0.7513, SR: 1.1068

Epoch 46/100 ##########################################################
Train: loss:7.9482e+02 = 7.9482e+02 + alpha*9.3460e-03
Valid: loss:2.2503e+02 = 2.2503e+02 + alpha*9.0910e-03 | IC: -0.0005, RIC: -0.0635, Prec@10: 0.8400, SR: 1.0935

Epoch 47/100 ##########################################################
Train: loss:7.3203e+02 = 7.3203e+02 + alpha*8.9817e-03
Valid: loss:1.2255e+04 = 1.2255e+04 + alpha*7.6379e-02 | IC: -0.0003, RIC: -0.0380, Prec@10: 0.4943, SR: -1.0670

Epoch 48/100 ##########################################################
Train: loss:9.2674e+02 = 9.2674e+02 + alpha*1.0105e-02
Valid: loss:1.1405e+02 = 1.1405e+02 + alpha*6.3777e-03 | IC: -0.0004, RIC: -0.0572, Prec@10: 0.8048, SR: 1.1007
Test (at best valid): loss:1.1567e+10 = 1.1567e+10 + alpha*1.5105e-02 | IC: 0.0124, RIC: 0.1598, Prec@10: 0.5691, SR: 1.0487

Epoch 49/100 ##########################################################
Train: loss:8.1536e+02 = 8.1536e+02 + alpha*9.5056e-03
Valid: loss:1.3583e+02 = 1.3583e+02 + alpha*6.9196e-03 | IC: -0.0005, RIC: -0.0670, Prec@10: 0.8357, SR: 1.0821

Epoch 50/100 ##########################################################
Train: loss:3.5701e+02 = 3.5701e+02 + alpha*5.9479e-03
Valid: loss:1.1731e+02 = 1.1731e+02 + alpha*6.5761e-03 | IC: -0.0006, RIC: -0.0895, Prec@10: 0.7174, SR: 1.4260

Epoch 51/100 ##########################################################
Train: loss:3.8165e+02 = 3.8165e+02 + alpha*6.4904e-03
Valid: loss:5.7771e+02 = 5.7771e+02 + alpha*1.6820e-02 | IC: 0.0003, RIC: 0.0380, Prec@10: 0.6396, SR: 1.4638

Epoch 52/100 ##########################################################
Train: loss:5.9525e+02 = 5.9525e+02 + alpha*8.4397e-03
Valid: loss:8.4360e+01 = 8.4359e+01 + alpha*5.2794e-03 | IC: -0.0003, RIC: -0.0394, Prec@10: 0.8035, SR: 0.9320
Test (at best valid): loss:1.1567e+10 = 1.1567e+10 + alpha*7.4205e-03 | IC: 0.0127, RIC: 0.1640, Prec@10: 0.5761, SR: 1.0487

Epoch 53/100 ##########################################################
Train: loss:5.2047e+02 = 5.2047e+02 + alpha*6.4590e-03
Valid: loss:1.2044e+03 = 1.2044e+03 + alpha*2.4678e-02 | IC: 0.0003, RIC: 0.0380, Prec@10: 0.6426, SR: 1.4651

Epoch 54/100 ##########################################################
Train: loss:4.2232e+02 = 4.2232e+02 + alpha*6.6960e-03
Valid: loss:1.5642e+03 = 1.5642e+03 + alpha*2.8507e-02 | IC: 0.0003, RIC: 0.0380, Prec@10: 0.6435, SR: 1.4640

Epoch 55/100 ##########################################################
Train: loss:4.6422e+02 = 4.6422e+02 + alpha*7.0307e-03
Valid: loss:6.5418e+01 = 6.5418e+01 + alpha*4.9770e-03 | IC: -0.0003, RIC: -0.0377, Prec@10: 0.7022, SR: 1.4312
Test (at best valid): loss:1.1567e+10 = 1.1567e+10 + alpha*1.0832e-02 | IC: 0.0124, RIC: 0.1598, Prec@10: 0.5691, SR: 1.0487

Epoch 56/100 ##########################################################
Train: loss:3.8010e+02 = 3.8010e+02 + alpha*6.7270e-03
Valid: loss:1.0889e+02 = 1.0889e+02 + alpha*6.1113e-03 | IC: -0.0008, RIC: -0.1143, Prec@10: 0.8522, SR: 1.4913

Epoch 57/100 ##########################################################
Train: loss:3.0409e+02 = 3.0409e+02 + alpha*5.6545e-03
Valid: loss:1.1584e+03 = 1.1584e+03 + alpha*2.4457e-02 | IC: 0.0003, RIC: 0.0380, Prec@10: 0.6430, SR: 1.4583

Epoch 58/100 ##########################################################
Train: loss:6.9631e+02 = 6.9631e+02 + alpha*8.3862e-03
Valid: loss:3.4060e+02 = 3.4060e+02 + alpha*1.1938e-02 | IC: 0.0002, RIC: 0.0229, Prec@10: 0.6683, SR: 1.4608

Epoch 59/100 ##########################################################
Train: loss:1.0874e+03 = 1.0874e+03 + alpha*1.1509e-02
Valid: loss:2.9224e+03 = 2.9224e+03 + alpha*3.9186e-02 | IC: 0.0003, RIC: 0.0380, Prec@10: 0.6439, SR: 1.4598

Epoch 60/100 ##########################################################
Train: loss:1.3627e+03 = 1.3627e+03 + alpha*1.2191e-02
Valid: loss:8.0331e+01 = 8.0331e+01 + alpha*5.3903e-03 | IC: -0.0004, RIC: -0.0535, Prec@10: 0.7900, SR: 1.4056

Epoch 61/100 ##########################################################
Train: loss:2.8357e+02 = 2.8357e+02 + alpha*5.7095e-03
Valid: loss:4.3021e+01 = 4.3021e+01 + alpha*3.8049e-03 | IC: -0.0005, RIC: -0.0734, Prec@10: 0.8048, SR: 1.3979
Test (at best valid): loss:1.1567e+10 = 1.1567e+10 + alpha*6.2360e-03 | IC: 0.0125, RIC: 0.1622, Prec@10: 0.5791, SR: 1.0487

Epoch 62/100 ##########################################################
Train: loss:6.4546e+02 = 6.4546e+02 + alpha*8.2111e-03
Valid: loss:7.3972e+02 = 7.3972e+02 + alpha*1.9488e-02 | IC: 0.0003, RIC: 0.0380, Prec@10: 0.6422, SR: 1.4686

Epoch 63/100 ##########################################################
Train: loss:2.4211e+02 = 2.4211e+02 + alpha*5.2800e-03
Valid: loss:5.2915e+02 = 5.2915e+02 + alpha*1.6216e-02 | IC: 0.0003, RIC: 0.0380, Prec@10: 0.6422, SR: 1.4590

Epoch 64/100 ##########################################################
Train: loss:8.4672e+02 = 8.4672e+02 + alpha*1.0026e-02
Valid: loss:2.8721e+02 = 2.8720e+02 + alpha*1.1587e-02 | IC: 0.0002, RIC: 0.0259, Prec@10: 0.6461, SR: 1.4562

Epoch 65/100 ##########################################################
Train: loss:3.6329e+02 = 3.6329e+02 + alpha*6.4157e-03
Valid: loss:4.0016e+01 = 4.0016e+01 + alpha*3.7129e-03 | IC: -0.0004, RIC: -0.0537, Prec@10: 0.7961, SR: 1.6657
Test (at best valid): loss:1.1567e+10 = 1.1567e+10 + alpha*7.1944e-03 | IC: 0.0124, RIC: 0.1605, Prec@10: 0.5713, SR: 1.0487

Epoch 66/100 ##########################################################
Train: loss:5.3064e+02 = 5.3064e+02 + alpha*7.7748e-03
Valid: loss:7.4948e+01 = 7.4948e+01 + alpha*5.4233e-03 | IC: -0.0002, RIC: -0.0234, Prec@10: 0.6630, SR: 1.4352

Epoch 67/100 ##########################################################
Train: loss:3.8516e+02 = 3.8516e+02 + alpha*6.7435e-03
Valid: loss:1.5127e+02 = 1.5127e+02 + alpha*8.1561e-03 | IC: 0.0001, RIC: 0.0186, Prec@10: 0.6548, SR: 1.4557

Epoch 68/100 ##########################################################
Train: loss:3.5724e+02 = 3.5724e+02 + alpha*6.1126e-03
Valid: loss:2.1835e+02 = 2.1834e+02 + alpha*9.2056e-03 | IC: -0.0002, RIC: -0.0342, Prec@10: 0.8983, SR: 1.4334

Epoch 69/100 ##########################################################
Train: loss:4.6232e+02 = 4.6232e+02 + alpha*7.2143e-03
Valid: loss:1.5791e+02 = 1.5791e+02 + alpha*7.4294e-03 | IC: -0.0005, RIC: -0.0665, Prec@10: 0.8935, SR: 2.1965

Epoch 70/100 ##########################################################
Train: loss:5.8827e+02 = 5.8827e+02 + alpha*8.0156e-03
Valid: loss:4.4348e+02 = 4.4348e+02 + alpha*1.4390e-02 | IC: 0.0003, RIC: 0.0380, Prec@10: 0.6426, SR: 1.4582

Epoch 71/100 ##########################################################
Train: loss:5.0898e+02 = 5.0898e+02 + alpha*7.6049e-03
Valid: loss:4.3938e+03 = 4.3938e+03 + alpha*4.8150e-02 | IC: 0.0003, RIC: 0.0380, Prec@10: 0.6426, SR: 1.4606

Epoch 72/100 ##########################################################
Train: loss:5.0183e+02 = 5.0183e+02 + alpha*7.4603e-03
Valid: loss:5.3005e+02 = 5.3005e+02 + alpha*1.4750e-02 | IC: -0.0003, RIC: -0.0380, Prec@10: 0.9243, SR: 1.2037

Epoch 73/100 ##########################################################
Train: loss:1.1562e+03 = 1.1562e+03 + alpha*1.1171e-02
Valid: loss:1.5017e+03 = 1.5017e+03 + alpha*2.5940e-02 | IC: -0.0003, RIC: -0.0380, Prec@10: 0.9300, SR: 1.1419

Epoch 74/100 ##########################################################
Train: loss:4.4707e+03 = 4.4707e+03 + alpha*2.0864e-02
Valid: loss:7.0592e+04 = 7.0592e+04 + alpha*1.9247e-01 | IC: 0.0003, RIC: 0.0380, Prec@10: 0.6439, SR: 1.4651

Epoch 75/100 ##########################################################
Train: loss:4.0672e+03 = 4.0672e+03 + alpha*2.3278e-02
Valid: loss:1.8516e+04 = 1.8516e+04 + alpha*9.8753e-02 | IC: 0.0003, RIC: 0.0380, Prec@10: 0.6430, SR: 1.4614

Epoch 76/100 ##########################################################
Train: loss:1.6676e+03 = 1.6676e+03 + alpha*1.4326e-02
Valid: loss:4.4492e+02 = 4.4492e+02 + alpha*1.3683e-02 | IC: -0.0003, RIC: -0.0380, Prec@10: 0.9213, SR: 0.4165

Epoch 77/100 ##########################################################
Train: loss:4.5240e+02 = 4.5239e+02 + alpha*6.9802e-03
Valid: loss:7.4926e+02 = 7.4926e+02 + alpha*1.9715e-02 | IC: 0.0003, RIC: 0.0380, Prec@10: 0.6448, SR: 1.4646

Epoch 78/100 ##########################################################
Train: loss:9.2000e+02 = 9.2000e+02 + alpha*1.0852e-02
Valid: loss:8.2984e+02 = 8.2984e+02 + alpha*1.8924e-02 | IC: -0.0003, RIC: -0.0380, Prec@10: 0.9257, SR: 0.2386

Epoch 79/100 ##########################################################
Train: loss:4.6325e+02 = 4.6325e+02 + alpha*6.1175e-03
Valid: loss:5.5596e+02 = 5.5595e+02 + alpha*1.5314e-02 | IC: -0.0003, RIC: -0.0380, Prec@10: 0.9270, SR: 0.1101

Epoch 80/100 ##########################################################
Train: loss:4.0187e+02 = 4.0187e+02 + alpha*6.5701e-03
Valid: loss:4.2545e+03 = 4.2545e+03 + alpha*4.7390e-02 | IC: 0.0003, RIC: 0.0380, Prec@10: 0.6443, SR: 1.4598

Epoch 81/100 ##########################################################
Train: loss:7.3543e+02 = 7.3543e+02 + alpha*8.7305e-03
Valid: loss:1.4234e+04 = 1.4234e+04 + alpha*8.6648e-02 | IC: 0.0003, RIC: 0.0380, Prec@10: 0.6435, SR: 1.4604

Epoch 82/100 ##########################################################
Train: loss:2.3670e+03 = 2.3670e+03 + alpha*1.6118e-02
Valid: loss:2.6935e+03 = 2.6935e+03 + alpha*3.7563e-02 | IC: 0.0003, RIC: 0.0380, Prec@10: 0.6448, SR: 1.4631

Epoch 83/100 ##########################################################
Train: loss:9.7091e+02 = 9.7091e+02 + alpha*1.0370e-02
Valid: loss:4.1210e+02 = 4.1210e+02 + alpha*1.4427e-02 | IC: 0.0003, RIC: 0.0380, Prec@10: 0.6465, SR: 1.4605

Epoch 84/100 ##########################################################
Train: loss:8.2012e+02 = 8.2012e+02 + alpha*9.9000e-03
Valid: loss:1.3391e+04 = 1.3391e+04 + alpha*8.0369e-02 | IC: -0.0003, RIC: -0.0380, Prec@10: 0.5013, SR: -1.0369

Epoch 85/100 ##########################################################
Train: loss:1.1355e+03 = 1.1355e+03 + alpha*1.1567e-02
Valid: loss:5.2865e+01 = 5.2864e+01 + alpha*4.1981e-03 | IC: -0.0005, RIC: -0.0697, Prec@10: 0.8870, SR: 1.1964

Epoch 86/100 ##########################################################
Train: loss:1.8000e+02 = 1.8000e+02 + alpha*4.3450e-03
Valid: loss:1.1611e+03 = 1.1611e+03 + alpha*2.4411e-02 | IC: 0.0003, RIC: 0.0380, Prec@10: 0.6457, SR: 1.4584

Epoch 87/100 ##########################################################
Train: loss:4.4993e+02 = 4.4993e+02 + alpha*6.9310e-03
Valid: loss:1.2717e+02 = 1.2717e+02 + alpha*6.5014e-03 | IC: 0.0008, RIC: 0.1103, Prec@10: 0.7596, SR: 1.4017

Epoch 88/100 ##########################################################
Train: loss:2.6687e+02 = 2.6687e+02 + alpha*4.5444e-03
Valid: loss:1.1174e+03 = 1.1174e+03 + alpha*2.4163e-02 | IC: 0.0003, RIC: 0.0380, Prec@10: 0.6448, SR: 1.4583

Epoch 89/100 ##########################################################
Train: loss:4.2980e+02 = 4.2980e+02 + alpha*7.1074e-03
Valid: loss:5.8738e+01 = 5.8738e+01 + alpha*4.9974e-03 | IC: -0.0007, RIC: -0.0954, Prec@10: 0.8439, SR: 1.0861

Epoch 90/100 ##########################################################
Train: loss:2.7722e+02 = 2.7722e+02 + alpha*5.2547e-03
Valid: loss:2.4548e+02 = 2.4548e+02 + alpha*9.3559e-03 | IC: 0.0003, RIC: 0.0490, Prec@10: 0.7861, SR: 1.4130

Epoch 91/100 ##########################################################
Train: loss:3.0234e+02 = 3.0233e+02 + alpha*5.3635e-03
Valid: loss:5.5151e+02 = 5.5151e+02 + alpha*1.6859e-02 | IC: 0.0003, RIC: 0.0380, Prec@10: 0.6461, SR: 1.4591

Epoch 92/100 ##########################################################
Train: loss:4.1482e+02 = 4.1482e+02 + alpha*6.8298e-03
Valid: loss:2.8299e+03 = 2.8299e+03 + alpha*3.8402e-02 | IC: 0.0003, RIC: 0.0380, Prec@10: 0.6448, SR: 1.4603

Epoch 93/100 ##########################################################
Train: loss:1.7170e+03 = 1.7170e+03 + alpha*1.3678e-02
Valid: loss:3.3783e+03 = 3.3783e+03 + alpha*4.2172e-02 | IC: 0.0003, RIC: 0.0380, Prec@10: 0.6443, SR: 1.4636

Epoch 94/100 ##########################################################
Train: loss:4.9663e+02 = 4.9663e+02 + alpha*7.3231e-03
Valid: loss:3.2708e+03 = 3.2708e+03 + alpha*4.1551e-02 | IC: 0.0003, RIC: 0.0380, Prec@10: 0.6439, SR: 1.4618

Epoch 95/100 ##########################################################
Train: loss:2.3702e+02 = 2.3702e+02 + alpha*5.4490e-03
Valid: loss:1.8752e+02 = 1.8752e+02 + alpha*9.4670e-03 | IC: 0.0003, RIC: 0.0380, Prec@10: 0.6470, SR: 1.4587

Epoch 96/100 ##########################################################
Train: loss:2.0498e+02 = 2.0498e+02 + alpha*4.3917e-03
Valid: loss:2.9502e+02 = 2.9502e+02 + alpha*1.1026e-02 | IC: -0.0003, RIC: -0.0380, Prec@10: 0.9170, SR: 0.1106

Epoch 97/100 ##########################################################
Train: loss:1.9806e+02 = 1.9805e+02 + alpha*4.6851e-03
Valid: loss:5.1120e+01 = 5.1119e+01 + alpha*4.2546e-03 | IC: 0.0004, RIC: 0.0595, Prec@10: 0.7830, SR: 1.4050

Epoch 98/100 ##########################################################
Train: loss:2.0029e+02 = 2.0029e+02 + alpha*4.3548e-03
Valid: loss:7.9172e+01 = 7.9172e+01 + alpha*5.7622e-03 | IC: -0.0002, RIC: -0.0312, Prec@10: 0.8348, SR: 1.3919

Epoch 99/100 ##########################################################
Train: loss:2.0185e+02 = 2.0185e+02 + alpha*4.6665e-03
Valid: loss:3.6449e+03 = 3.6449e+03 + alpha*4.3810e-02 | IC: 0.0003, RIC: 0.0380, Prec@10: 0.6443, SR: 1.4583

Epoch 100/100 ##########################################################
Train: loss:4.8147e+02 = 4.8147e+02 + alpha*6.3706e-03
Valid: loss:1.3202e+02 = 1.3202e+02 + alpha*7.0716e-03 | IC: 0.0003, RIC: 0.0425, Prec@10: 0.7943, SR: 1.4218


STHAN-SR Training Finished.
Best Epoch: 65
Best Valid Loss: 4.0016e+01
Best Valid Performance: IC: -0.0004, RIC: -0.0537, Prec@10: 0.7961, SR: 1.6657
 Corresponding Test Performance: IC: 0.0124, RIC: 0.1605, Prec@10: 0.5713, SR: 1.0487
Results appended to ../training_results.xlsx
